###############################################################################
#                                                                             #
# IAR ELF Linker V6.10.2.52244/W32 for ARM              24/Jan/2011  14:34:24 #
# Copyright 2007-2010 IAR Systems AB.                                         #
#                                                                             #
#    Output file  =  C:\Users\Arko\Documents\IAR Embedded                     #
#                    Workbench\arm\examples\TexasInstruments\Stellaris\boards #
#                    \dk-lm3s9b96\quad_dk\ewarm\Exe\quad_dk.out               #
#    Map file     =  C:\Users\Arko\Documents\IAR Embedded                     #
#                    Workbench\arm\examples\TexasInstruments\Stellaris\boards #
#                    \dk-lm3s9b96\quad_dk\ewarm\List\quad_dk.map              #
#    Command line =  "C:\Users\Arko\Documents\IAR Embedded                    #
#                    Workbench\arm\examples\TexasInstruments\Stellaris\boards #
#                    \dk-lm3s9b96\quad_dk\ewarm\Obj\display.o"                #
#                    "C:\Users\Arko\Documents\IAR Embedded                    #
#                    Workbench\arm\examples\TexasInstruments\Stellaris\boards #
#                    \dk-lm3s9b96\quad_dk\ewarm\Obj\imu.o"                    #
#                    "C:\Users\Arko\Documents\IAR Embedded                    #
#                    Workbench\arm\examples\TexasInstruments\Stellaris\boards #
#                    \dk-lm3s9b96\quad_dk\ewarm\Obj\init.o"                   #
#                    "C:\Users\Arko\Documents\IAR Embedded                    #
#                    Workbench\arm\examples\TexasInstruments\Stellaris\boards #
#                    \dk-lm3s9b96\quad_dk\ewarm\Obj\quad_dk.o"                #
#                    "C:\Users\Arko\Documents\IAR Embedded                    #
#                    Workbench\arm\examples\TexasInstruments\Stellaris\boards #
#                    \dk-lm3s9b96\quad_dk\ewarm\Obj\set_pinout.o"             #
#                    "C:\Users\Arko\Documents\IAR Embedded                    #
#                    Workbench\arm\examples\TexasInstruments\Stellaris\boards #
#                    \dk-lm3s9b96\quad_dk\ewarm\Obj\startup.o"                #
#                    "C:\Users\Arko\Documents\IAR Embedded                    #
#                    Workbench\arm\examples\TexasInstruments\Stellaris\driver #
#                    lib\ewarm\Exe\driverlib.a" "C:\Users\Arko\Documents\IAR  #
#                    Embedded Workbench\arm\examples\TexasInstruments\Stellar #
#                    is\grlib\ewarm\Exe\grlib.a" --redirect                   #
#                    _Printf=_PrintfTiny --redirect _Scanf=_ScanfSmall -o     #
#                    "C:\Users\Arko\Documents\IAR Embedded                    #
#                    Workbench\arm\examples\TexasInstruments\Stellaris\boards #
#                    \dk-lm3s9b96\quad_dk\ewarm\Exe\quad_dk.out" --map        #
#                    "C:\Users\Arko\Documents\IAR Embedded                    #
#                    Workbench\arm\examples\TexasInstruments\Stellaris\boards #
#                    \dk-lm3s9b96\quad_dk\ewarm\List\quad_dk.map" --config    #
#                    "C:\Users\Arko\Documents\IAR Embedded                    #
#                    Workbench\arm\examples\TexasInstruments\Stellaris\boards #
#                    \dk-lm3s9b96\quad_dk\quad_dk.icf" --semihosting --entry  #
#                    __iar_program_start                                      #
#                                                                             #
#                                                                             #
###############################################################################

*******************************************************************************
*** RUNTIME MODEL ATTRIBUTES
***

CppFlavor       = *
__SystemLibrary = DLib


*******************************************************************************
*** PLACEMENT SUMMARY
***

"A1":  place at start of [0x00000000-0x0003ffff] { ro section .intvec };
"P1":  place in [from 0x00000000 to 0x0003ffff] { ro };
"P2":  place in [from 0x20000000 to 0x20017fff] { rw, block HEAP };

  Section  Kind        Address   Size  Object
  -------  ----        -------   ----  ------
"A1":                           0x11c
  .intvec  const    0x00000000  0x11c  startup.o [1]
                  - 0x0000011c  0x11c

"P1":                           0x450
  .text    ro code  0x0000011c  0x164  sysctl.o [4]
  .text    ro code  0x00000280   0xde  gpio.o [4]
  .text    ro code  0x0000035e    0x6  startup.o [1]
  .text    ro code  0x00000364   0xc4  adc.o [4]
  .text    ro code  0x00000428   0x8c  quad_dk.o [1]
  .text    ro code  0x000004b4   0x68  init.o [1]
  .text    ro code  0x0000051c   0x16  cmain.o [7]
  .text    ro code  0x00000532    0x4  low_level_init.o [3]
  .text    ro code  0x00000536    0x8  exit.o [3]
  .text    ro code  0x00000540    0xa  cexit.o [7]
  .text    ro code  0x0000054c   0x14  exit.o [8]
  .text    ro code  0x00000560    0xc  cstartup_M.o [7]
                  - 0x0000056c  0x450

"P2":                           0x100
  .noinit  uninit   0x20000000  0x100  startup.o [1]
                  - 0x20000100  0x100


*******************************************************************************
*** MODULE SUMMARY
***

    Module            ro code  ro data  rw data
    ------            -------  -------  -------
C:\Users\Arko\Documents\IAR Embedded Workbench\arm\examples\TexasInstruments\Stellaris\boards\dk-lm3s9b96\quad_dk\ewarm\Obj: [1]
    init.o                104
    quad_dk.o             140
    startup.o               6      284      256
    -------------------------------------------
    Total:                250      284      256

command line: [2]
    -------------------------------------------
    Total:

dl7M_tln.a: [3]
    exit.o                  8
    low_level_init.o        4
    -------------------------------------------
    Total:                 12

driverlib.a: [4]
    adc.o                 196
    gpio.o                222
    sysctl.o              356
    -------------------------------------------
    Total:                774

grlib.a: [5]
    -------------------------------------------
    Total:

m7M_tl.a: [6]
    -------------------------------------------
    Total:

rt7M_tl.a: [7]
    cexit.o                10
    cmain.o                22
    cstartup_M.o           12
    -------------------------------------------
    Total:                 44

shb_l.a: [8]
    exit.o                 20
    -------------------------------------------
    Total:                 20

    Gaps                    4
-----------------------------------------------
    Grand Total:        1 104      284      256


*******************************************************************************
*** ENTRY LIST
***

Entry                      Address   Size  Type      Object
-----                      -------   ----  ----      ------
?main                   0x0000051d         Code  Gb  cmain.o [7]
ADCIntClear             0x00000377    0xa  Code  Gb  adc.o [4]
ADCIntStatus            0x00000365   0x12  Code  Gb  adc.o [4]
ADCProcessorTrigger     0x0000041f    0xa  Code  Gb  adc.o [4]
ADCSequenceConfigure    0x0000039f   0x30  Code  Gb  adc.o [4]
ADCSequenceDataGet      0x00000401   0x1e  Code  Gb  adc.o [4]
ADCSequenceDisable      0x0000038f    0x2  Code  Gb  adc.o [4]
ADCSequenceEnable       0x00000381    0x8  Code  Gb  adc.o [4]
ADCSequenceStepConfigure
                        0x000003cf   0x32  Code  Gb  adc.o [4]
FaultISR                0x00000361    0x2  Code  Lc  startup.o [1]
GPIODirModeSet          0x00000281   0x28  Code  Gb  gpio.o [4]
GPIOPadConfigSet        0x000002a9   0x98  Code  Gb  gpio.o [4]
GPIOPinTypeADC          0x00000341    0x4  Code  Gb  gpio.o [4]
InitADC                 0x000004b5   0x68  Code  Gb  init.o [1]
IntDefaultHandler       0x00000363    0x2  Code  Lc  startup.o [1]
NmiSR                   0x0000035f    0x2  Code  Lc  startup.o [1]
Region$$Table$$Base     0x00000000          --   Gb  - Linker created -
Region$$Table$$Limit    0x00000000          --   Gb  - Linker created -
SysCtlClockSet          0x00000145  0x10e  Code  Gb  sysctl.o [4]
SysCtlDelay             0x0000013d    0x8  Code  Gb  sysctl.o [4]
SysCtlPeripheralEnable  0x0000011d    0x8  Code  Gb  sysctl.o [4]
__cmain                 0x0000051d         Code  Gb  cmain.o [7]
__exit                  0x0000054d   0x14  Code  Gb  exit.o [8]
__iar_program_start     0x00000561         Code  Gb  cstartup_M.o [7]
__low_level_init        0x00000533    0x4  Code  Gb  low_level_init.o [3]
__vector_table          0x00000000  0x11c  Data  Gb  startup.o [1]
_call_main              0x00000529         Code  Gb  cmain.o [7]
_exit                   0x00000541         Code  Gb  cexit.o [7]
_main                   0x0000052f         Code  Gb  cmain.o [7]
exit                    0x00000537    0x8  Code  Gb  exit.o [3]
g_pulRCGCRegs           0x00000274    0xc  Data  Lc  sysctl.o [4]
main                    0x00000429   0x8c  Code  Gb  quad_dk.o [1]
pulStack                0x20000000  0x100  Data  Lc  startup.o [1]


[1] = C:\Users\Arko\Documents\IAR Embedded Workbench\arm\examples\TexasInstruments\Stellaris\boards\dk-lm3s9b96\quad_dk\ewarm\Obj
[2] = command line
[3] = dl7M_tln.a
[4] = driverlib.a
[5] = grlib.a
[6] = m7M_tl.a
[7] = rt7M_tl.a
[8] = shb_l.a

  1 104 bytes of readonly  code memory
    284 bytes of readonly  data memory
    256 bytes of readwrite data memory

Errors: none
Warnings: none
