###############################################################################
#                                                                             #
# IAR ELF Linker V6.20.3.52642/W32 for ARM              16/Jul/2011  00:54:30 #
# Copyright 2007-2011 IAR Systems AB.                                         #
#                                                                             #
#    Output file  =  C:\Users\Arko\Documents\IAR Embedded                     #
#                    Workbench\arm\examples\TexasInstruments\Stellaris\boards #
#                    \dk-lm3s9b96\quad_drone\ewarm\Exe\quad_drone.out         #
#    Map file     =  C:\Users\Arko\Documents\IAR Embedded                     #
#                    Workbench\arm\examples\TexasInstruments\Stellaris\boards #
#                    \dk-lm3s9b96\quad_drone\ewarm\List\quad_drone.map        #
#    Command line =  "C:\Users\Arko\Documents\IAR Embedded                    #
#                    Workbench\arm\examples\TexasInstruments\Stellaris\boards #
#                    \dk-lm3s9b96\quad_drone\ewarm\Obj\control.o"             #
#                    "C:\Users\Arko\Documents\IAR Embedded                    #
#                    Workbench\arm\examples\TexasInstruments\Stellaris\boards #
#                    \dk-lm3s9b96\quad_drone\ewarm\Obj\fixedmath.o"           #
#                    "C:\Users\Arko\Documents\IAR Embedded                    #
#                    Workbench\arm\examples\TexasInstruments\Stellaris\boards #
#                    \dk-lm3s9b96\quad_drone\ewarm\Obj\imu.o"                 #
#                    "C:\Users\Arko\Documents\IAR Embedded                    #
#                    Workbench\arm\examples\TexasInstruments\Stellaris\boards #
#                    \dk-lm3s9b96\quad_drone\ewarm\Obj\init.o"                #
#                    "C:\Users\Arko\Documents\IAR Embedded                    #
#                    Workbench\arm\examples\TexasInstruments\Stellaris\boards #
#                    \dk-lm3s9b96\quad_drone\ewarm\Obj\quad_drone.o"          #
#                    "C:\Users\Arko\Documents\IAR Embedded                    #
#                    Workbench\arm\examples\TexasInstruments\Stellaris\boards #
#                    \dk-lm3s9b96\quad_drone\ewarm\Obj\set_pinout.o"          #
#                    "C:\Users\Arko\Documents\IAR Embedded                    #
#                    Workbench\arm\examples\TexasInstruments\Stellaris\boards #
#                    \dk-lm3s9b96\quad_drone\ewarm\Obj\startup.o"             #
#                    "C:\Users\Arko\Documents\IAR Embedded                    #
#                    Workbench\arm\examples\TexasInstruments\Stellaris\boards #
#                    \dk-lm3s9b96\quad_drone\ewarm\Obj\xbee.o"                #
#                    "C:\Users\Arko\Documents\IAR Embedded                    #
#                    Workbench\arm\examples\TexasInstruments\Stellaris\driver #
#                    lib\ewarm\Exe\driverlib.a" "C:\Users\Arko\Documents\IAR  #
#                    Embedded Workbench\arm\examples\TexasInstruments\Stellar #
#                    is\grlib\ewarm\Exe\grlib.a" --redirect                   #
#                    _Printf=_PrintfTiny --redirect _Scanf=_ScanfSmall -o     #
#                    "C:\Users\Arko\Documents\IAR Embedded                    #
#                    Workbench\arm\examples\TexasInstruments\Stellaris\boards #
#                    \dk-lm3s9b96\quad_drone\ewarm\Exe\quad_drone.out" --map  #
#                    "C:\Users\Arko\Documents\IAR Embedded                    #
#                    Workbench\arm\examples\TexasInstruments\Stellaris\boards #
#                    \dk-lm3s9b96\quad_drone\ewarm\List\quad_drone.map"       #
#                    --config "C:\Users\Arko\Documents\IAR Embedded           #
#                    Workbench\arm\examples\TexasInstruments\Stellaris\boards #
#                    \dk-lm3s9b96\quad_drone\quad_drone.icf" --semihosting    #
#                    --entry __iar_program_start --vfe                        #
#                                                                             #
#                                                                             #
###############################################################################

*******************************************************************************
*** RUNTIME MODEL ATTRIBUTES
***

CppFlavor       = *
__SystemLibrary = DLib


*******************************************************************************
*** PLACEMENT SUMMARY
***

"A1":  place at start of [0x00000000-0x0003ffff] { ro section .intvec };
"P1":  place in [from 0x00000000 to 0x0003ffff] { ro };
"P2":  place in [from 0x20000000 to 0x20017fff] { rw, block HEAP };

  Section            Kind        Address    Size  Object
  -------            ----        -------    ----  ------
"A1":                                      0x11c
  .intvec            const    0x00000000   0x11c  startup.o [1]
                            - 0x0000011c   0x11c

"P1":                                     0x4a88
  .text              ro code  0x0000011c  0x158c  fixedmath.o [1]
  .text              ro code  0x000016a8    0x2e  DblCmpGe.o [5]
  .text              ro code  0x000016d6    0x22  zero_init3.o [6]
  .text              ro code  0x000016f8    0x2e  DblCmpLe.o [5]
  .text              ro code  0x00001726     0xa  xsprout.o [3]
  .text              ro code  0x00001730   0x1a2  DblMul.o [5]
  .text              ro code  0x000018d2     0x6  startup.o [1]
  .text              ro code  0x000018d8    0xe6  DblAdd.o [5]
  .text              ro code  0x000019c0    0x56  DblToI32.o [5]
  .text              ro code  0x00001a18    0x2e  I32ToDbl.o [5]
  .text              ro code  0x00001a48   0x12e  I64DivMod.o [6]
  .text              ro code  0x00001b78   0x17e  DblSub.o [5]
  .text              ro code  0x00001cf8     0x2  I64DivZer.o [6]
  .text              ro code  0x00001cfc   0xdaa  imu.o [1]
  .text              ro code  0x00002aa8    0x72  timer.o [4]
  .text              ro code  0x00002b1c   0x34c  sysctl.o [4]
  .text              ro code  0x00002e68    0x30  I32ToFlt.o [5]
  .text              ro code  0x00002e98    0xfc  FltDiv.o [5]
  .text              ro code  0x00002f94    0x24  FltCmpGe.o [5]
  .text              ro code  0x00002fb8    0xd8  FltMul.o [5]
  .text              ro code  0x00003090    0x4e  FltToDbl.o [5]
  .text              ro code  0x000030e0    0xf0  sqrt.o [5]
  .text              ro code  0x000031d0   0x246  DblDiv.o [5]
  .text              ro code  0x00003418    0x9c  atan.o [5]
  .text              ro code  0x000034b4    0x90  DblToFlt.o [5]
  .text              ro code  0x00003544    0x82  FltAdd.o [5]
  .text              ro code  0x000035c8    0xe2  FltSub.o [5]
  .text              ro code  0x000036ac    0x80  interrupt.o [4]
  .text              ro code  0x0000372c    0xd2  adc.o [4]
  .text              ro code  0x00003800    0x5c  i2c.o [4]
  .text              ro code  0x0000385c   0x198  gpio.o [4]
  .text              ro code  0x000039f4     0xc  iarEdom.o [6]
  .text              ro code  0x00003a00   0x1f8  xatan.o [5]
  .text              ro code  0x00003bf8    0x10  cpu.o [4]
  .text              ro code  0x00003c08     0xc  errno.o [3]
  .text              ro code  0x00003c14     0x2  xtls.o [3]
  .text              ro code  0x00003c18   0x3fc  init.o [1]
  .text              ro code  0x00004014    0x80  pwm.o [4]
  .text              ro code  0x00004094    0xe0  uart.o [4]
  .text              ro code  0x00004174   0x2dc  control.o [1]
  .text              ro code  0x00004450    0x24  FltToU32.o [5]
  .text              ro code  0x00004474   0x2a4  xbee.o [1]
  .text              ro code  0x00004718    0x44  FltToS32.o [5]
  .text              ro code  0x0000475c    0x34  sprintf.o [3]
  .text              ro code  0x00004790    0x24  FltCmpLe.o [5]
  .text              ro code  0x000047b4   0x11a  xprintftiny.o [3]
  .text              ro code  0x000048d0    0x36  strlen.o [6]
  .text              ro code  0x00004908   0x120  quad_drone.o [1]
  .text              ro code  0x00004a28    0xa2  packbits_init3.o [6]
  .text              ro code  0x00004acc    0x2c  data_init3.o [6]
  .iar.init_table    const    0x00004af8    0x2c  - Linker created -
  .text              ro code  0x00004b24    0x16  cmain.o [6]
  .text              ro code  0x00004b3a     0x4  low_level_init.o [3]
  .text              ro code  0x00004b3e     0x8  exit.o [3]
  .text              ro code  0x00004b48     0xa  cexit.o [6]
  .text              ro code  0x00004b54    0x14  exit.o [7]
  .text              ro code  0x00004b68     0xc  cstartup_M.o [6]
  .rodata            const    0x00004b74     0x0  bwt_init3c.o [6]
  Initializer bytes  ro data  0x00004b74    0x2f  <for P2 s0>
                            - 0x00004ba3  0x4a87

"P2", part 1 of 3:                         0x194
  P2 s0                       0x20000000   0x194  <Init block>
    .data            inited   0x20000000    0xdc  imu.o [1]
    .data            inited   0x200000dc    0x68  imu.o [1]
    .data            inited   0x20000144    0x50  quad_drone.o [1]
                            - 0x20000194   0x194

"P2", part 2 of 3:                          0xc8
  .bss               zero     0x20000194    0x68  control.o [1]
  .bss               zero     0x200001fc    0x34  imu.o [1]
  .bss               zero     0x20000230    0x10  imu.o [1]
  .bss               zero     0x20000240     0x8  imu.o [1]
  .bss               zero     0x20000248     0x8  imu.o [1]
  .bss               zero     0x20000250     0x4  xbee.o [1]
  .bss               zero     0x20000254     0x4  xbee.o [1]
  __DLIB_PERTHREAD   zero     0x20000258     0x4  errno.o [3]
                            - 0x2000025c    0xc8

"P2", part 3 of 3:                         0x100
  .noinit            uninit   0x2000025c   0x100  startup.o [1]
                            - 0x2000035c   0x100


*******************************************************************************
*** INIT TABLE
***

          Address     Size
          -------     ----
Zero (__iar_zero_init3)
    1 destination range, total size 0xc8:
          0x20000194   0xc8

Copy/packbits (__iar_packbits_init3)
    1 source range, total size 0x2f (11% of destination):
          0x00004b74   0x2f
    1 destination range, total size 0x194:
          0x20000000  0x194


*******************************************************************************
*** MODULE SUMMARY
***

    Module            ro code  ro data  rw data
    ------            -------  -------  -------
C:\Users\Arko\Documents\IAR Embedded Workbench\arm\examples\TexasInstruments\Stellaris\boards\dk-lm3s9b96\quad_drone\ewarm\Obj: [1]
    control.o             732               104
    fixedmath.o         5 516
    imu.o               3 498       37      408
    init.o              1 020
    quad_drone.o          288       10       80
    startup.o               6      284      256
    xbee.o                676                 8
    -------------------------------------------
    Total:             11 736      331      856

command line: [2]
    -------------------------------------------
    Total:

dl7M_tlf.a: [3]
    errno.o                12                 4
    exit.o                  8
    low_level_init.o        4
    sprintf.o              52
    xprintftiny.o         282
    xsprout.o              10
    xtls.o                  2
    -------------------------------------------
    Total:                370                 4

driverlib.a: [4]
    adc.o                 210
    cpu.o                  16
    gpio.o                408
    i2c.o                  92
    interrupt.o           128
    pwm.o                 128
    sysctl.o              844
    timer.o               114
    uart.o                224
    -------------------------------------------
    Total:              2 164

m7M_tl.a: [5]
    DblAdd.o              230
    DblCmpGe.o             46
    DblCmpLe.o             46
    DblDiv.o              582
    DblMul.o              418
    DblSub.o              382
    DblToFlt.o            144
    DblToI32.o             86
    FltAdd.o              130
    FltCmpGe.o             36
    FltCmpLe.o             36
    FltDiv.o              252
    FltMul.o              216
    FltSub.o              226
    FltToDbl.o             78
    FltToS32.o             68
    FltToU32.o             36
    I32ToDbl.o             46
    I32ToFlt.o             48
    atan.o                156
    sqrt.o                240
    xatan.o               504
    -------------------------------------------
    Total:              4 006

rt7M_tl.a: [6]
    I64DivMod.o           302
    I64DivZer.o             2
    bwt_init3c.o
    cexit.o                10
    cmain.o                22
    cstartup_M.o           12
    data_init3.o           44
    iarEdom.o              12
    packbits_init3.o      162
    strlen.o               54
    zero_init3.o           34
    -------------------------------------------
    Total:                654

shb_l.a: [7]
    exit.o                 20
    -------------------------------------------
    Total:                 20

    Gaps                   38
    Linker created                  44
-----------------------------------------------
    Grand Total:       18 988      375      860


*******************************************************************************
*** ENTRY LIST
***

Entry                      Address   Size  Type      Object
-----                      -------   ----  ----      ------
?main                   0x00004b25         Code  Gb  cmain.o [6]
ADCIntClear             0x0000374d    0xa  Code  Gb  adc.o [4]
ADCIntEnable            0x0000372d    0xe  Code  Gb  adc.o [4]
ADCIntStatus            0x0000373b   0x12  Code  Gb  adc.o [4]
ADCProcessorTrigger     0x000037f5    0xa  Code  Gb  adc.o [4]
ADCSequenceConfigure    0x00003775   0x30  Code  Gb  adc.o [4]
ADCSequenceDataGet      0x000037d7   0x1e  Code  Gb  adc.o [4]
ADCSequenceDisable      0x00003765    0x2  Code  Gb  adc.o [4]
ADCSequenceEnable       0x00003757    0x8  Code  Gb  adc.o [4]
ADCSequenceStepConfigure
                        0x000037a5   0x32  Code  Gb  adc.o [4]
CPUcpsid                0x00003bf9    0x8  Code  Gb  cpu.o [4]
CPUcpsie                0x00003c01    0x8  Code  Gb  cpu.o [4]
ControlLoopTimerInt     0x0000498d   0x4c  Code  Gb  quad_drone.o [1]
FaultISR                0x000018d5    0x2  Code  Lc  startup.o [1]
GPIODirModeSet          0x0000385d   0x28  Code  Gb  gpio.o [4]
GPIOPadConfigSet        0x00003885   0x98  Code  Gb  gpio.o [4]
GPIOPinConfigure        0x00003967   0x40  Code  Gb  gpio.o [4]
GPIOPinTypeADC          0x00003923    0x4  Code  Gb  gpio.o [4]
GPIOPinTypeI2C          0x00003941    0xa  Code  Gb  gpio.o [4]
GPIOPinTypePWM          0x0000394b    0xa  Code  Gb  gpio.o [4]
GPIOPinTypeUART         0x0000395d    0xa  Code  Gb  gpio.o [4]
GPIOPinWrite            0x0000391d    0x6  Code  Gb  gpio.o [4]
I2CMasterBusy           0x00003845    0xc  Code  Gb  i2c.o [4]
I2CMasterControl        0x00003851    0x4  Code  Gb  i2c.o [4]
I2CMasterDataGet        0x00003859    0x4  Code  Gb  i2c.o [4]
I2CMasterDataPut        0x00003855    0x4  Code  Gb  i2c.o [4]
I2CMasterEnable         0x00003827    0xc  Code  Gb  i2c.o [4]
I2CMasterInitExpClk     0x00003801   0x26  Code  Gb  i2c.o [4]
I2CMasterSlaveAddrSet   0x0000383d    0x8  Code  Gb  i2c.o [4]
InitADC                 0x00003c19   0x84  Code  Gb  init.o [1]
InitI2C                 0x00003dd1   0xf2  Code  Gb  init.o [1]
InitPWM                 0x00003cb3  0x102  Code  Gb  init.o [1]
InitTIMER               0x00003f13   0x80  Code  Gb  init.o [1]
InitUART                0x00003ed7   0x3c  Code  Gb  init.o [1]
IntDefaultHandler       0x000018d7    0x2  Code  Lc  startup.o [1]
IntEnable               0x000036c1   0x4e  Code  Gb  interrupt.o [4]
IntMasterDisable        0x000036b7    0xa  Code  Gb  interrupt.o [4]
IntMasterEnable         0x000036ad    0xa  Code  Gb  interrupt.o [4]
NmiSR                   0x000018d3    0x2  Code  Lc  startup.o [1]
PIDTune                 0x0000444f    0x2  Code  Gb  control.o [1]
PWMGenConfigure         0x00004015   0x2c  Code  Gb  pwm.o [4]
PWMGenEnable            0x00004059    0x6  Code  Gb  pwm.o [4]
PWMGenPeriodSet         0x00004045   0x14  Code  Gb  pwm.o [4]
PWMOutputState          0x00004083   0x12  Code  Gb  pwm.o [4]
PWMPulseWidthSet        0x0000405f   0x1c  Code  Gb  pwm.o [4]
Region$$Table$$Base     0x00004af8          --   Gb  - Linker created -
Region$$Table$$Limit    0x00004b24          --   Gb  - Linker created -
SB                      0x00004b74         Data  Gb  bwt_init3c.o [6]
SysCtlClockGet          0x00002c53  0x15c  Code  Gb  sysctl.o [4]
SysCtlClockSet          0x00002b45  0x10e  Code  Gb  sysctl.o [4]
SysCtlDelay             0x00002b3d    0x8  Code  Gb  sysctl.o [4]
SysCtlPWMClockSet       0x00002daf    0xa  Code  Gb  sysctl.o [4]
SysCtlPeripheralEnable  0x00002b1d    0x8  Code  Gb  sysctl.o [4]
TimerConfigure          0x00002ab5   0x1e  Code  Gb  timer.o [4]
TimerControlStall       0x00002ad3   0x18  Code  Gb  timer.o [4]
TimerEnable             0x00002aa9    0xc  Code  Gb  timer.o [4]
TimerIntClear           0x00002b17    0x4  Code  Gb  timer.o [4]
TimerIntEnable          0x00002b0d    0x4  Code  Gb  timer.o [4]
TimerLoadSet            0x00002aeb   0x12  Code  Gb  timer.o [4]
TimerValueGet           0x00002afd    0xa  Code  Gb  timer.o [4]
UARTBusy                0x0000414f    0xc  Code  Gb  uart.o [4]
UARTCharGetNonBlocking  0x00004131    0xe  Code  Gb  uart.o [4]
UARTCharPutNonBlocking  0x0000413f   0x10  Code  Gb  uart.o [4]
UARTCharsAvail          0x0000411f    0x8  Code  Gb  uart.o [4]
UARTConfigSetExpClk     0x00004095   0x4c  Code  Gb  uart.o [4]
UARTDisable             0x000040fb   0x1e  Code  Gb  uart.o [4]
UARTEnable              0x000040e1   0x1a  Code  Gb  uart.o [4]
UARTIntClear            0x00004171    0x4  Code  Gb  uart.o [4]
UARTIntEnable           0x00004161    0x6  Code  Gb  uart.o [4]
UARTIntHandler          0x000049d9   0x2e  Code  Gb  quad_drone.o [1]
UARTIntStatus           0x00004167    0xa  Code  Gb  uart.o [4]
UARTSend                0x00004475   0x26  Code  Gb  xbee.o [1]
_PrintfTiny             0x000047b5  0x11a  Code  Gb  xprintftiny.o [3]
_SProut                 0x00001727    0xa  Code  Gb  xsprout.o [3]
__aeabi_cdcmple         0x000016f9         Code  Gb  DblCmpLe.o [5]
__aeabi_cdrcmple        0x000016a9         Code  Gb  DblCmpGe.o [5]
__aeabi_cfcmple         0x00004791         Code  Gb  FltCmpLe.o [5]
__aeabi_cfrcmple        0x00002f95         Code  Gb  FltCmpGe.o [5]
__aeabi_d2f             0x000034b5         Code  Gb  DblToFlt.o [5]
__aeabi_d2iz            0x000019c1         Code  Gb  DblToI32.o [5]
__aeabi_d2uiz           0x000019ed         Code  Gb  DblToI32.o [5]
__aeabi_dadd            0x000018d9         Code  Gb  DblAdd.o [5]
__aeabi_ddiv            0x000031d1         Code  Gb  DblDiv.o [5]
__aeabi_dmul            0x00001731         Code  Gb  DblMul.o [5]
__aeabi_dsub            0x00001b79         Code  Gb  DblSub.o [5]
__aeabi_errno_addr      0x00003c09    0x6  Code  Gb  errno.o [3]
__aeabi_f2d             0x00003091         Code  Gb  FltToDbl.o [5]
__aeabi_f2iz            0x00004719         Code  Gb  FltToS32.o [5]
__aeabi_f2uiz           0x00004451         Code  Gb  FltToU32.o [5]
__aeabi_fadd            0x00003545         Code  Gb  FltAdd.o [5]
__aeabi_fdiv            0x00002e99         Code  Gb  FltDiv.o [5]
__aeabi_fmul            0x00002fb9         Code  Gb  FltMul.o [5]
__aeabi_fsub            0x000035c9         Code  Gb  FltSub.o [5]
__aeabi_i2d             0x00001a19         Code  Gb  I32ToDbl.o [5]
__aeabi_i2f             0x00002e69         Code  Gb  I32ToFlt.o [5]
__aeabi_ldiv0           0x00001cf9         Code  Gb  I64DivZer.o [6]
__aeabi_ldivmod         0x00001a49         Code  Gb  I64DivMod.o [6]
__aeabi_ui2d            0x00001a2d         Code  Gb  I32ToDbl.o [5]
__aeabi_ui2f            0x00002e7d         Code  Gb  I32ToFlt.o [5]
__aeabi_uldivmod        0x00001a5d         Code  Gb  I64DivMod.o [6]
__cmain                 0x00004b25         Code  Gb  cmain.o [6]
__exit                  0x00004b55   0x14  Code  Gb  exit.o [7]
__iar_Atan              0x00003a01  0x15e  Code  Gb  xatan.o [5]
__iar_Errno             0x20000258    0x4  Data  Gb  errno.o [3]
__iar_d2uiz             0x000019f7         Code  Gb  DblToI32.o [5]
__iar_dadd              0x000018eb         Code  Gb  DblAdd.o [5]
__iar_data_init3        0x00004acd   0x2c  Code  Gb  data_init3.o [6]
__iar_default_requirements$$_Printf<unknown>sprintf {Abs}
                        0x00000000          --   Gb  sprintf.o [3]
__iar_dlib_perthread_access
                        0x00003c15    0x2  Code  Gb  xtls.o [3]
__iar_dsub              0x00001b8b         Code  Gb  DblSub.o [5]
__iar_dsubStart         0x00001b9d         Code  Gb  DblSub.o [5]
__iar_edom              0x000039f5         Code  Gb  iarEdom.o [6]
__iar_fadd              0x00003553         Code  Gb  FltAdd.o [5]
__iar_fsub              0x000035d7         Code  Gb  FltSub.o [5]
__iar_fsubStart         0x000035e5         Code  Gb  FltSub.o [5]
__iar_packbits_init3    0x00004a29   0xa2  Code  Gb  packbits_init3.o [6]
__iar_program_start     0x00004b69         Code  Gb  cstartup_M.o [6]
__iar_provide$$_Printf<int_specials>_PrintfTiny {Abs}
                        0x00000000          --   Gb  xprintftiny.o [3]
__iar_sqrt              0x000030e1         Code  Gb  sqrt.o [5]
__iar_ui2d              0x00001a2f         Code  Gb  I32ToDbl.o [5]
__iar_ui2f              0x00002e7f         Code  Gb  I32ToFlt.o [5]
__iar_zero_init3        0x000016d7   0x22  Code  Gb  zero_init3.o [6]
__low_level_init        0x00004b3b    0x4  Code  Gb  low_level_init.o [3]
__vector_table          0x00000000  0x11c  Data  Gb  startup.o [1]
_acos_tbl               0x00000ea4  0x804  Data  Gb  fixedmath.o [1]
_call_main              0x00004b31         Code  Gb  cmain.o [6]
_cos_tbl                0x000002a4  0x800  Data  Gb  fixedmath.o [1]
_exit                   0x00004b49         Code  Gb  cexit.o [6]
_main                   0x00004b37         Code  Gb  cmain.o [6]
_tan_tbl                0x00000aa4  0x400  Data  Gb  fixedmath.o [1]
a                       0x00003bb8   0x40  Data  Lc  xatan.o [5]
acc_offset              0x20000118    0xc  Data  Gb  imu.o [1]
acc_rad                 0x2000006c    0xc  Data  Gb  imu.o [1]
acc_raw                 0x2000010c    0xc  Data  Gb  imu.o [1]
accel                   0x20000060    0xc  Data  Gb  imu.o [1]
adc_values              0x20000230   0x10  Data  Gb  imu.o [1]
angle                   0x20000078    0xc  Data  Gb  imu.o [1]
atan                    0x00003419   0x9c  Code  Gb  atan.o [5]
bias                    0x20000084    0xc  Data  Gb  imu.o [1]
comp_raw                0x20000090    0xc  Data  Gb  imu.o [1]
compass_values          0x20000248    0x8  Data  Gb  imu.o [1]
control                 0x00004175  0x21c  Code  Gb  control.o [1]
controlDelay            0x20000254    0x4  Data  Lc  xbee.o [1]
control_telemetry       0x20000148   0x10  Data  Gb  quad_drone.o [1]
currentTimer            0x200000b8    0x4  Data  Gb  imu.o [1]
dt                      0x20000158    0x4  Data  Gb  quad_drone.o [1]
euler_angle             0x20000224    0xc  Data  Gb  imu.o [1]
euler_trig              0x200001fc   0x18  Data  Gb  imu.o [1]
exit                    0x00004b3f    0x8  Code  Gb  exit.o [3]
fixadd                  0x0000011d   0x1c  Code  Gb  fixedmath.o [1]
fixasin                 0x00000185   0x24  Code  Gb  fixedmath.o [1]
fixatan                 0x00000203   0x40  Code  Gb  fixedmath.o [1]
fixatan2                0x00000243   0x40  Code  Gb  fixedmath.o [1]
fixcos                  0x0000016b    0x6  Code  Gb  fixedmath.o [1]
fixmul                  0x0000015f    0xc  Code  Gb  fixedmath.o [1]
fixsin                  0x00000171    0x4  Code  Gb  fixedmath.o [1]
fixsub                  0x00000139   0x1c  Code  Gb  fixedmath.o [1]
fixtof                  0x000001f1   0x12  Code  Gb  fixedmath.o [1]
ftofix                  0x000001a9   0x28  Code  Gb  fixedmath.o [1]
g_pulGPIOBaseAddrs      0x000039ac   0x48  Data  Lc  gpio.o [4]
g_pulRCGCRegs           0x00002e00    0xc  Data  Lc  sysctl.o [4]
g_pulXtals              0x00002e0c   0x5c  Data  Lc  sysctl.o [4]
gyro_offset             0x20000130    0xc  Data  Gb  imu.o [1]
gyro_raw                0x20000124    0xc  Data  Gb  imu.o [1]
gyro_scale              0x2000013c    0x4  Data  Gb  imu.o [1]
gyro_values             0x20000240    0x8  Data  Gb  imu.o [1]
imu                     0x2000015c   0x38  Data  Gb  quad_drone.o [1]
imuStartup              0x00002845    0x2  Code  Gb  imu.o [1]
imu_st_cal              0x200000dc   0x30  Data  Gb  imu.o [1]
main                    0x00004909   0x84  Code  Gb  quad_drone.o [1]
measuredDt              0x200000c0    0x4  Data  Gb  imu.o [1]
motorSpinup             0x000043a1   0x6c  Code  Gb  control.o [1]
motor_dutycycle         0x20000194   0x10  Data  Gb  control.o [1]
previousTimer           0x200000b4    0x4  Data  Gb  imu.o [1]
pulStack                0x2000025c  0x100  Data  Lc  startup.o [1]
q                       0x20000214   0x10  Data  Gb  imu.o [1]
readAccel               0x0000262b   0x5a  Code  Gb  imu.o [1]
readCompass             0x00002751   0xc6  Code  Gb  imu.o [1]
readGyro                0x00002685   0xc4  Code  Gb  imu.o [1]
readIMU                 0x00001cfd  0x638  Code  Gb  imu.o [1]
sendControlTelemetry    0x00004579   0xe0  Code  Gb  xbee.o [1]
sendDataTelemetry       0x0000449d   0xdc  Code  Gb  xbee.o [1]
sensorsSelfTest         0x00002847  0x182  Code  Gb  imu.o [1]
sprintf                 0x0000475d   0x34  Code  Gb  sprintf.o [3]
sqrt                    0x000030e1         Code  Gb  sqrt.o [5]
sqrtl                   0x000030e1         Code  Gb  sqrt.o [5]
startFlag               0x200000bc    0x4  Data  Gb  imu.o [1]
strlen                  0x000048d1         Code  Gb  strlen.o [6]
temp_raw                0x20000140    0x4  Data  Gb  imu.o [1]
toggle                  0x20000144    0x1  Data  Gb  quad_drone.o [1]
uartDelay               0x20000250    0x4  Data  Lc  xbee.o [1]
updateState             0x00002335  0x23e  Code  Gb  imu.o [1]
xK                      0x2000009c    0x8  Data  Gb  imu.o [1]
xP                      0x20000030   0x10  Data  Gb  imu.o [1]
xS                      0x200000c8    0x4  Data  Gb  imu.o [1]
x_Dterm                 0x200001ac    0x4  Data  Gb  control.o [1]
x_Dterm_1               0x200001b4    0x4  Data  Gb  control.o [1]
x_Dterm_2               0x200001b8    0x4  Data  Gb  control.o [1]
x_Dterm_3               0x200001bc    0x4  Data  Gb  control.o [1]
x_Iterm                 0x200001a8    0x4  Data  Gb  control.o [1]
x_Pterm                 0x200001a4    0x4  Data  Gb  control.o [1]
x_angle_error           0x200001c0    0x4  Data  Gb  control.o [1]
x_angle_vel_term        0x200001b0    0x4  Data  Gb  control.o [1]
x_cmd_angle             0x200001c4    0x4  Data  Gb  control.o [1]
x_gyro_rad_sec          0x20000000   0x10  Data  Gb  imu.o [1]
x_old_angle             0x200001c8    0x4  Data  Gb  control.o [1]
x_torque                0x200001cc    0x4  Data  Gb  control.o [1]
x_y                     0x200000c4    0x4  Data  Gb  imu.o [1]
yK                      0x200000a4    0x8  Data  Gb  imu.o [1]
yP                      0x20000040   0x10  Data  Gb  imu.o [1]
yS                      0x200000d0    0x4  Data  Gb  imu.o [1]
y_Dterm                 0x200001d8    0x4  Data  Gb  control.o [1]
y_Dterm_1               0x200001e0    0x4  Data  Gb  control.o [1]
y_Dterm_2               0x200001e4    0x4  Data  Gb  control.o [1]
y_Dterm_3               0x200001e8    0x4  Data  Gb  control.o [1]
y_Iterm                 0x200001d4    0x4  Data  Gb  control.o [1]
y_Pterm                 0x200001d0    0x4  Data  Gb  control.o [1]
y_angle_error           0x200001ec    0x4  Data  Gb  control.o [1]
y_angle_vel_term        0x200001dc    0x4  Data  Gb  control.o [1]
y_cmd_angle             0x200001f0    0x4  Data  Gb  control.o [1]
y_gyro_rad_sec          0x20000010   0x10  Data  Gb  imu.o [1]
y_old_angle             0x200001f4    0x4  Data  Gb  control.o [1]
y_torque                0x200001f8    0x4  Data  Gb  control.o [1]
y_y                     0x200000cc    0x4  Data  Gb  imu.o [1]
zK                      0x200000ac    0x8  Data  Gb  imu.o [1]
zP                      0x20000050   0x10  Data  Gb  imu.o [1]
zS                      0x200000d8    0x4  Data  Gb  imu.o [1]
z_gyro_rad_sec          0x20000020   0x10  Data  Gb  imu.o [1]
z_y                     0x200000d4    0x4  Data  Gb  imu.o [1]


[1] = C:\Users\Arko\Documents\IAR Embedded Workbench\arm\examples\TexasInstruments\Stellaris\boards\dk-lm3s9b96\quad_drone\ewarm\Obj
[2] = command line
[3] = dl7M_tlf.a
[4] = driverlib.a
[5] = m7M_tl.a
[6] = rt7M_tl.a
[7] = shb_l.a

  18 988 bytes of readonly  code memory
     375 bytes of readonly  data memory
     860 bytes of readwrite data memory

Errors: none
Warnings: none
