###############################################################################
#                                                                             #
# IAR ELF Linker V6.10.2.52244/W32 for ARM              27/Jun/2011  22:08:14 #
# Copyright 2007-2010 IAR Systems AB.                                         #
#                                                                             #
#    Output file  =  C:\Users\Arko\Documents\IAR Embedded                     #
#                    Workbench\arm\examples\TexasInstruments\Stellaris\boards #
#                    \dk-lm3s9b96\quad_drone\ewarm\Exe\quad_drone.out         #
#    Map file     =  C:\Users\Arko\Documents\IAR Embedded                     #
#                    Workbench\arm\examples\TexasInstruments\Stellaris\boards #
#                    \dk-lm3s9b96\quad_drone\ewarm\List\quad_drone.map        #
#    Command line =  "C:\Users\Arko\Documents\IAR Embedded                    #
#                    Workbench\arm\examples\TexasInstruments\Stellaris\boards #
#                    \dk-lm3s9b96\quad_drone\ewarm\Obj\control.o"             #
#                    "C:\Users\Arko\Documents\IAR Embedded                    #
#                    Workbench\arm\examples\TexasInstruments\Stellaris\boards #
#                    \dk-lm3s9b96\quad_drone\ewarm\Obj\fixedmath.o"           #
#                    "C:\Users\Arko\Documents\IAR Embedded                    #
#                    Workbench\arm\examples\TexasInstruments\Stellaris\boards #
#                    \dk-lm3s9b96\quad_drone\ewarm\Obj\imu.o"                 #
#                    "C:\Users\Arko\Documents\IAR Embedded                    #
#                    Workbench\arm\examples\TexasInstruments\Stellaris\boards #
#                    \dk-lm3s9b96\quad_drone\ewarm\Obj\init.o"                #
#                    "C:\Users\Arko\Documents\IAR Embedded                    #
#                    Workbench\arm\examples\TexasInstruments\Stellaris\boards #
#                    \dk-lm3s9b96\quad_drone\ewarm\Obj\quad_drone.o"          #
#                    "C:\Users\Arko\Documents\IAR Embedded                    #
#                    Workbench\arm\examples\TexasInstruments\Stellaris\boards #
#                    \dk-lm3s9b96\quad_drone\ewarm\Obj\set_pinout.o"          #
#                    "C:\Users\Arko\Documents\IAR Embedded                    #
#                    Workbench\arm\examples\TexasInstruments\Stellaris\boards #
#                    \dk-lm3s9b96\quad_drone\ewarm\Obj\startup.o"             #
#                    "C:\Users\Arko\Documents\IAR Embedded                    #
#                    Workbench\arm\examples\TexasInstruments\Stellaris\boards #
#                    \dk-lm3s9b96\quad_drone\ewarm\Obj\xbee.o"                #
#                    "C:\Users\Arko\Documents\IAR Embedded                    #
#                    Workbench\arm\examples\TexasInstruments\Stellaris\driver #
#                    lib\ewarm\Exe\driverlib.a" "C:\Users\Arko\Documents\IAR  #
#                    Embedded Workbench\arm\examples\TexasInstruments\Stellar #
#                    is\grlib\ewarm\Exe\grlib.a" --redirect                   #
#                    _Printf=_PrintfTiny --redirect _Scanf=_ScanfSmall -o     #
#                    "C:\Users\Arko\Documents\IAR Embedded                    #
#                    Workbench\arm\examples\TexasInstruments\Stellaris\boards #
#                    \dk-lm3s9b96\quad_drone\ewarm\Exe\quad_drone.out" --map  #
#                    "C:\Users\Arko\Documents\IAR Embedded                    #
#                    Workbench\arm\examples\TexasInstruments\Stellaris\boards #
#                    \dk-lm3s9b96\quad_drone\ewarm\List\quad_drone.map"       #
#                    --config "C:\Users\Arko\Documents\IAR Embedded           #
#                    Workbench\arm\examples\TexasInstruments\Stellaris\boards #
#                    \dk-lm3s9b96\quad_drone\quad_drone.icf" --semihosting    #
#                    --entry __iar_program_start                              #
#                                                                             #
#                                                                             #
###############################################################################

*******************************************************************************
*** RUNTIME MODEL ATTRIBUTES
***

CppFlavor       = *
__SystemLibrary = DLib


*******************************************************************************
*** PLACEMENT SUMMARY
***

"A1":  place at start of [0x00000000-0x0003ffff] { ro section .intvec };
"P1":  place in [from 0x00000000 to 0x0003ffff] { ro };
"P2":  place in [from 0x20000000 to 0x20017fff] { rw, block HEAP };

  Section            Kind        Address    Size  Object
  -------            ----        -------    ----  ------
"A1":                                      0x11c
  .intvec            const    0x00000000   0x11c  startup.o [1]
                            - 0x0000011c   0x11c

"P1":                                     0x57b4
  .text              ro code  0x0000011c  0x1714  imu.o [1]
  .text              ro code  0x00001830    0x56  timer.o [4]
  .text              ro code  0x00001886    0x2e  copy_init3.o [6]
  .text              ro code  0x000018b4   0x34c  sysctl.o [4]
  .text              ro code  0x00001c00    0x30  I32ToFlt.o [5]
  .text              ro code  0x00001c30    0xfc  FltDiv.o [5]
  .text              ro code  0x00001d2c    0x24  FltCmpGe.o [5]
  .text              ro code  0x00001d50    0xd8  FltMul.o [5]
  .text              ro code  0x00001e28    0xe2  FltSub.o [5]
  .text              ro code  0x00001f0a    0x22  zero_init3.o [6]
  .text              ro code  0x00001f2c    0x82  FltAdd.o [5]
  .text              ro code  0x00001fae     0xa  xsprout.o [3]
  .text              ro code  0x00001fb8    0x4e  FltToDbl.o [5]
  .text              ro code  0x00002006     0x6  startup.o [1]
  .text              ro code  0x0000200c    0xf0  sqrt.o [5]
  .text              ro code  0x000020fc   0x246  DblDiv.o [5]
  .text              ro code  0x00002344    0x9c  atan.o [5]
  .text              ro code  0x000023e0    0x90  DblToFlt.o [5]
  .text              ro code  0x00002470   0x34c  xbee.o [1]
  .text              ro code  0x000027bc  0x1600  fixedmath.o [1]
  .text              ro code  0x00003dbc   0x1a2  DblMul.o [5]
  .text              ro code  0x00003f60    0xd2  adc.o [4]
  .text              ro code  0x00004034    0x5c  i2c.o [4]
  .text              ro code  0x00004090   0x198  gpio.o [4]
  .text              ro code  0x00004228     0xc  iarEdom.o [6]
  .text              ro code  0x00004234    0x2e  DblCmpLe.o [5]
  .text              ro code  0x00004264    0x2e  DblCmpGe.o [5]
  .text              ro code  0x00004298   0x1f8  xatan.o [5]
  .text              ro code  0x00004490    0xe0  uart.o [4]
  .text              ro code  0x00004570    0x44  FltToS32.o [5]
  .text              ro code  0x000045b4    0x34  sprintf.o [3]
  .text              ro code  0x000045e8    0x24  FltCmpLe.o [5]
  .text              ro code  0x0000460c   0x12e  I64DivMod.o [6]
  .text              ro code  0x0000473c    0xe6  DblAdd.o [5]
  .text              ro code  0x00004824    0x56  DblToI32.o [5]
  .text              ro code  0x0000487c    0x2e  I32ToDbl.o [5]
  .text              ro code  0x000048ac     0xc  errno.o [3]
  .text              ro code  0x000048b8   0x11a  xprintftiny.o [3]
  .text              ro code  0x000049d4     0x2  I64DivZer.o [6]
  .text              ro code  0x000049d8   0x17e  DblSub.o [5]
  .text              ro code  0x00004b56     0x2  xtls.o [3]
  .text              ro code  0x00004b58    0x36  strlen.o [6]
  .text              ro code  0x00004b90   0x628  control.o [1]
  .text              ro code  0x000051b8    0x24  FltToU32.o [5]
  .text              ro code  0x000051dc    0x80  pwm.o [4]
  .text              ro code  0x0000525c   0x3fc  init.o [1]
  .text              ro code  0x00005658    0x78  interrupt.o [4]
  .text              ro code  0x000056d0     0x8  cpu.o [4]
  .text              ro code  0x000056d8    0xd4  quad_drone.o [1]
  .rodata            const    0x000057ac    0x38  imu.o [1]
  .text              ro code  0x000057e4    0x2c  data_init3.o [6]
  .iar.init_table    const    0x00005810    0x24  - Linker created -
  .text              ro code  0x00005834    0x16  cmain.o [6]
  .text              ro code  0x0000584a     0x4  low_level_init.o [3]
  .text              ro code  0x0000584e     0x8  exit.o [3]
  .text              ro code  0x00005858     0xa  cexit.o [6]
  .text              ro code  0x00005864    0x14  exit.o [7]
  .text              ro code  0x00005878     0xc  cstartup_M.o [6]
  Initializer bytes  ro data  0x00005884    0x4c  <for P2 s0>
                            - 0x000058d0  0x57b4

"P2", part 1 of 3:                          0x4c
  P2 s0                       0x20000000    0x4c  <Init block>
    .data            inited   0x20000000    0x10  control.o [1]
    .data            inited   0x20000010     0xc  imu.o [1]
    .data            inited   0x2000001c     0xc  imu.o [1]
    .data            inited   0x20000028     0x4  control.o [1]
    .data            inited   0x2000002c     0x4  control.o [1]
    .data            inited   0x20000030     0x4  control.o [1]
    .data            inited   0x20000034     0x4  control.o [1]
    .data            inited   0x20000038     0x4  control.o [1]
    .data            inited   0x2000003c     0x4  control.o [1]
    .data            inited   0x20000040     0x4  control.o [1]
    .data            inited   0x20000044     0x4  imu.o [1]
    .data            inited   0x20000048     0x4  imu.o [1]
                            - 0x2000004c    0x4c

"P2", part 2 of 3:                         0x204
  .bss               zero     0x2000004c    0x30  imu.o [1]
  .bss               zero     0x2000007c    0x18  imu.o [1]
  .bss               zero     0x20000094    0x10  control.o [1]
  .bss               zero     0x200000a4    0x10  imu.o [1]
  .bss               zero     0x200000b4    0x10  imu.o [1]
  .bss               zero     0x200000c4    0x10  imu.o [1]
  .bss               zero     0x200000d4    0x10  imu.o [1]
  .bss               zero     0x200000e4    0x10  imu.o [1]
  .bss               zero     0x200000f4    0x10  imu.o [1]
  .bss               zero     0x20000104    0x10  imu.o [1]
  .bss               zero     0x20000114    0x10  imu.o [1]
  .bss               zero     0x20000124     0xc  imu.o [1]
  .bss               zero     0x20000130     0xc  imu.o [1]
  .bss               zero     0x2000013c     0xc  imu.o [1]
  .bss               zero     0x20000148     0xc  imu.o [1]
  .bss               zero     0x20000154     0xc  imu.o [1]
  .bss               zero     0x20000160     0xc  imu.o [1]
  .bss               zero     0x2000016c     0xc  imu.o [1]
  .bss               zero     0x20000178     0xc  imu.o [1]
  .bss               zero     0x20000184     0x8  imu.o [1]
  .bss               zero     0x2000018c     0x8  imu.o [1]
  .bss               zero     0x20000194     0x8  imu.o [1]
  .bss               zero     0x2000019c     0x8  imu.o [1]
  .bss               zero     0x200001a4     0x8  imu.o [1]
  .bss               zero     0x200001ac     0x4  control.o [1]
  .bss               zero     0x200001b0     0x4  control.o [1]
  .bss               zero     0x200001b4     0x4  control.o [1]
  .bss               zero     0x200001b8     0x4  control.o [1]
  .bss               zero     0x200001bc     0x4  control.o [1]
  .bss               zero     0x200001c0     0x4  control.o [1]
  .bss               zero     0x200001c4     0x4  control.o [1]
  .bss               zero     0x200001c8     0x4  control.o [1]
  .bss               zero     0x200001cc     0x4  control.o [1]
  .bss               zero     0x200001d0     0x4  control.o [1]
  .bss               zero     0x200001d4     0x4  control.o [1]
  .bss               zero     0x200001d8     0x4  control.o [1]
  .bss               zero     0x200001dc     0x4  control.o [1]
  .bss               zero     0x200001e0     0x4  control.o [1]
  .bss               zero     0x200001e4     0x4  control.o [1]
  .bss               zero     0x200001e8     0x4  control.o [1]
  .bss               zero     0x200001ec     0x4  control.o [1]
  .bss               zero     0x200001f0     0x4  control.o [1]
  .bss               zero     0x200001f4     0x4  control.o [1]
  .bss               zero     0x200001f8     0x4  control.o [1]
  .bss               zero     0x200001fc     0x4  control.o [1]
  .bss               zero     0x20000200     0x4  control.o [1]
  .bss               zero     0x20000204     0x4  control.o [1]
  .bss               zero     0x20000208     0x4  control.o [1]
  .bss               zero     0x2000020c     0x4  control.o [1]
  .bss               zero     0x20000210     0x4  control.o [1]
  .bss               zero     0x20000214     0x4  control.o [1]
  .bss               zero     0x20000218     0x4  imu.o [1]
  .bss               zero     0x2000021c     0x4  imu.o [1]
  .bss               zero     0x20000220     0x4  imu.o [1]
  .bss               zero     0x20000224     0x4  imu.o [1]
  .bss               zero     0x20000228     0x4  imu.o [1]
  .bss               zero     0x2000022c     0x4  imu.o [1]
  .bss               zero     0x20000230     0x4  imu.o [1]
  .bss               zero     0x20000234     0x4  imu.o [1]
  .bss               zero     0x20000238     0x4  imu.o [1]
  .bss               zero     0x2000023c     0x4  imu.o [1]
  .bss               zero     0x20000240     0x4  imu.o [1]
  .bss               zero     0x20000244     0x4  xbee.o [1]
  .bss               zero     0x20000248     0x4  xbee.o [1]
  __DLIB_PERTHREAD   zero     0x2000024c     0x4  errno.o [3]
                            - 0x20000250   0x204

"P2", part 3 of 3:                         0x100
  .noinit            uninit   0x20000250   0x100  startup.o [1]
                            - 0x20000350   0x100


*******************************************************************************
*** INIT TABLE
***

          Address     Size
          -------     ----
Zero (__iar_zero_init3)
    1 destination range, total size 0x204:
          0x2000004c  0x204

Copy (__iar_copy_init3)
    1 source range, total size 0x4c:
          0x00005884   0x4c
    1 destination range, total size 0x4c:
          0x20000000   0x4c


*******************************************************************************
*** MODULE SUMMARY
***

    Module            ro code  ro data  rw data
    ------            -------  -------  -------
C:\Users\Arko\Documents\IAR Embedded Workbench\arm\examples\TexasInstruments\Stellaris\boards\dk-lm3s9b96\quad_drone\ewarm\Obj: [1]
    control.o           1 576       44      168
    fixedmath.o         5 632
    imu.o               5 908       88      412
    init.o              1 020
    quad_drone.o          212
    startup.o               6      284      256
    xbee.o                844                 8
    -------------------------------------------
    Total:             15 198      416      844

command line: [2]
    -------------------------------------------
    Total:

dl7M_tlf.a: [3]
    errno.o                12                 4
    exit.o                  8
    low_level_init.o        4
    sprintf.o              52
    xprintftiny.o         282
    xsprout.o              10
    xtls.o                  2
    -------------------------------------------
    Total:                370                 4

driverlib.a: [4]
    adc.o                 210
    cpu.o                   8
    gpio.o                408
    i2c.o                  92
    interrupt.o           120
    pwm.o                 128
    sysctl.o              844
    timer.o                86
    uart.o                224
    -------------------------------------------
    Total:              2 120

m7M_tl.a: [5]
    DblAdd.o              230
    DblCmpGe.o             46
    DblCmpLe.o             46
    DblDiv.o              582
    DblMul.o              418
    DblSub.o              382
    DblToFlt.o            144
    DblToI32.o             86
    FltAdd.o              130
    FltCmpGe.o             36
    FltCmpLe.o             36
    FltDiv.o              252
    FltMul.o              216
    FltSub.o              226
    FltToDbl.o             78
    FltToS32.o             68
    FltToU32.o             36
    I32ToDbl.o             46
    I32ToFlt.o             48
    atan.o                156
    sqrt.o                240
    xatan.o               504
    -------------------------------------------
    Total:              4 006

rt7M_tl.a: [6]
    I64DivMod.o           302
    I64DivZer.o             2
    cexit.o                10
    cmain.o                22
    copy_init3.o           46
    cstartup_M.o           12
    data_init3.o           44
    iarEdom.o              12
    strlen.o               54
    zero_init3.o           34
    -------------------------------------------
    Total:                538

shb_l.a: [7]
    exit.o                 20
    -------------------------------------------
    Total:                 20

    Gaps                   32
    Linker created                  36
-----------------------------------------------
    Grand Total:       22 284      452      848


*******************************************************************************
*** ENTRY LIST
***

Entry                      Address   Size  Type      Object
-----                      -------   ----  ----      ------
?main                   0x00005835         Code  Gb  cmain.o [6]
ADCIntClear             0x00003f81    0xa  Code  Gb  adc.o [4]
ADCIntEnable            0x00003f61    0xe  Code  Gb  adc.o [4]
ADCIntStatus            0x00003f6f   0x12  Code  Gb  adc.o [4]
ADCProcessorTrigger     0x00004029    0xa  Code  Gb  adc.o [4]
ADCSequenceConfigure    0x00003fa9   0x30  Code  Gb  adc.o [4]
ADCSequenceDataGet      0x0000400b   0x1e  Code  Gb  adc.o [4]
ADCSequenceDisable      0x00003f99    0x2  Code  Gb  adc.o [4]
ADCSequenceEnable       0x00003f8b    0x8  Code  Gb  adc.o [4]
ADCSequenceStepConfigure
                        0x00003fd9   0x32  Code  Gb  adc.o [4]
CPUcpsie                0x000056d1    0x8  Code  Gb  cpu.o [4]
FaultISR                0x00002009    0x2  Code  Lc  startup.o [1]
GPIODirModeSet          0x00004091   0x28  Code  Gb  gpio.o [4]
GPIOPadConfigSet        0x000040b9   0x98  Code  Gb  gpio.o [4]
GPIOPinConfigure        0x0000419b   0x40  Code  Gb  gpio.o [4]
GPIOPinTypeADC          0x00004157    0x4  Code  Gb  gpio.o [4]
GPIOPinTypeI2C          0x00004175    0xa  Code  Gb  gpio.o [4]
GPIOPinTypePWM          0x0000417f    0xa  Code  Gb  gpio.o [4]
GPIOPinTypeUART         0x00004191    0xa  Code  Gb  gpio.o [4]
GPIOPinWrite            0x00004151    0x6  Code  Gb  gpio.o [4]
I2CMasterBusy           0x00004079    0xc  Code  Gb  i2c.o [4]
I2CMasterControl        0x00004085    0x4  Code  Gb  i2c.o [4]
I2CMasterDataGet        0x0000408d    0x4  Code  Gb  i2c.o [4]
I2CMasterDataPut        0x00004089    0x4  Code  Gb  i2c.o [4]
I2CMasterEnable         0x0000405b    0xc  Code  Gb  i2c.o [4]
I2CMasterInitExpClk     0x00004035   0x26  Code  Gb  i2c.o [4]
I2CMasterSlaveAddrSet   0x00004071    0x8  Code  Gb  i2c.o [4]
InitADC                 0x0000525d   0xb2  Code  Gb  init.o [1]
InitI2C                 0x0000543b  0x110  Code  Gb  init.o [1]
InitPWM                 0x0000530f  0x12c  Code  Gb  init.o [1]
InitTIMER               0x00005583   0x78  Code  Gb  init.o [1]
InitUART                0x0000554b   0x38  Code  Gb  init.o [1]
IntDefaultHandler       0x0000200b    0x2  Code  Lc  startup.o [1]
IntEnable               0x00005663   0x4e  Code  Gb  interrupt.o [4]
IntMasterEnable         0x00005659    0xa  Code  Gb  interrupt.o [4]
NmiSR                   0x00002007    0x2  Code  Lc  startup.o [1]
PIDTune                 0x00005063   0xa8  Code  Gb  control.o [1]
PWMGenConfigure         0x000051dd   0x2c  Code  Gb  pwm.o [4]
PWMGenEnable            0x00005221    0x6  Code  Gb  pwm.o [4]
PWMGenPeriodSet         0x0000520d   0x14  Code  Gb  pwm.o [4]
PWMOutputState          0x0000524b   0x12  Code  Gb  pwm.o [4]
PWMPulseWidthSet        0x00005227   0x1c  Code  Gb  pwm.o [4]
Q_angle                 0x000057d8    0x4  Data  Gb  imu.o [1]
Q_gyro                  0x000057dc    0x4  Data  Gb  imu.o [1]
R_angle                 0x000057e0    0x4  Data  Gb  imu.o [1]
Region$$Table$$Base     0x00005810          --   Gb  - Linker created -
Region$$Table$$Limit    0x00005834          --   Gb  - Linker created -
SysCtlClockGet          0x000019eb  0x15c  Code  Gb  sysctl.o [4]
SysCtlClockSet          0x000018dd  0x10e  Code  Gb  sysctl.o [4]
SysCtlDelay             0x000018d5    0x8  Code  Gb  sysctl.o [4]
SysCtlPWMClockSet       0x00001b47    0xa  Code  Gb  sysctl.o [4]
SysCtlPeripheralEnable  0x000018b5    0x8  Code  Gb  sysctl.o [4]
TimerConfigure          0x0000183d   0x1e  Code  Gb  timer.o [4]
TimerControlStall       0x0000185b   0x18  Code  Gb  timer.o [4]
TimerEnable             0x00001831    0xc  Code  Gb  timer.o [4]
TimerValueGet           0x00001873    0xa  Code  Gb  timer.o [4]
UARTBusy                0x0000454b    0xc  Code  Gb  uart.o [4]
UARTCharGetNonBlocking  0x0000452d    0xe  Code  Gb  uart.o [4]
UARTCharPutNonBlocking  0x0000453b   0x10  Code  Gb  uart.o [4]
UARTCharsAvail          0x0000451b    0x8  Code  Gb  uart.o [4]
UARTConfigSetExpClk     0x00004491   0x4c  Code  Gb  uart.o [4]
UARTDisable             0x000044f7   0x1e  Code  Gb  uart.o [4]
UARTEnable              0x000044dd   0x1a  Code  Gb  uart.o [4]
UARTIntClear            0x0000456d    0x4  Code  Gb  uart.o [4]
UARTIntEnable           0x0000455d    0x6  Code  Gb  uart.o [4]
UARTIntHandler          0x00005761   0x32  Code  Gb  quad_drone.o [1]
UARTIntStatus           0x00004563    0xa  Code  Gb  uart.o [4]
UARTSend                0x00002471   0x28  Code  Gb  xbee.o [1]
_PrintfTiny             0x000048b9  0x11a  Code  Gb  xprintftiny.o [3]
_SProut                 0x00001faf    0xa  Code  Gb  xsprout.o [3]
__aeabi_cdcmple         0x00004235         Code  Gb  DblCmpLe.o [5]
__aeabi_cdrcmple        0x00004265         Code  Gb  DblCmpGe.o [5]
__aeabi_cfcmple         0x000045e9         Code  Gb  FltCmpLe.o [5]
__aeabi_cfrcmple        0x00001d2d         Code  Gb  FltCmpGe.o [5]
__aeabi_d2f             0x000023e1         Code  Gb  DblToFlt.o [5]
__aeabi_d2iz            0x00004825         Code  Gb  DblToI32.o [5]
__aeabi_d2uiz           0x00004851         Code  Gb  DblToI32.o [5]
__aeabi_dadd            0x0000473d         Code  Gb  DblAdd.o [5]
__aeabi_ddiv            0x000020fd         Code  Gb  DblDiv.o [5]
__aeabi_dmul            0x00003dbd         Code  Gb  DblMul.o [5]
__aeabi_dsub            0x000049d9         Code  Gb  DblSub.o [5]
__aeabi_errno_addr      0x000048ad    0x6  Code  Gb  errno.o [3]
__aeabi_f2d             0x00001fb9         Code  Gb  FltToDbl.o [5]
__aeabi_f2iz            0x00004571         Code  Gb  FltToS32.o [5]
__aeabi_f2uiz           0x000051b9         Code  Gb  FltToU32.o [5]
__aeabi_fadd            0x00001f2d         Code  Gb  FltAdd.o [5]
__aeabi_fdiv            0x00001c31         Code  Gb  FltDiv.o [5]
__aeabi_fmul            0x00001d51         Code  Gb  FltMul.o [5]
__aeabi_fsub            0x00001e29         Code  Gb  FltSub.o [5]
__aeabi_i2d             0x0000487d         Code  Gb  I32ToDbl.o [5]
__aeabi_i2f             0x00001c01         Code  Gb  I32ToFlt.o [5]
__aeabi_ldiv0           0x000049d5         Code  Gb  I64DivZer.o [6]
__aeabi_ldivmod         0x0000460d         Code  Gb  I64DivMod.o [6]
__aeabi_ui2d            0x00004891         Code  Gb  I32ToDbl.o [5]
__aeabi_ui2f            0x00001c15         Code  Gb  I32ToFlt.o [5]
__aeabi_uldivmod        0x00004621         Code  Gb  I64DivMod.o [6]
__cmain                 0x00005835         Code  Gb  cmain.o [6]
__exit                  0x00005865   0x14  Code  Gb  exit.o [7]
__iar_Atan              0x00004299  0x15e  Code  Gb  xatan.o [5]
__iar_Errno             0x2000024c    0x4  Data  Gb  errno.o [3]
__iar_copy_init3        0x00001887   0x2e  Code  Gb  copy_init3.o [6]
__iar_d2uiz             0x0000485b         Code  Gb  DblToI32.o [5]
__iar_dadd              0x0000474f         Code  Gb  DblAdd.o [5]
__iar_data_init3        0x000057e5   0x2c  Code  Gb  data_init3.o [6]
__iar_dlib_perthread_access
                        0x00004b57    0x2  Code  Gb  xtls.o [3]
__iar_dsub              0x000049eb         Code  Gb  DblSub.o [5]
__iar_dsubStart         0x000049fd         Code  Gb  DblSub.o [5]
__iar_edom              0x00004229         Code  Gb  iarEdom.o [6]
__iar_fadd              0x00001f3b         Code  Gb  FltAdd.o [5]
__iar_fsub              0x00001e37         Code  Gb  FltSub.o [5]
__iar_fsubStart         0x00001e45         Code  Gb  FltSub.o [5]
__iar_program_start     0x00005879         Code  Gb  cstartup_M.o [6]
__iar_sqrt              0x0000200d         Code  Gb  sqrt.o [5]
__iar_ui2d              0x00004893         Code  Gb  I32ToDbl.o [5]
__iar_ui2f              0x00001c17         Code  Gb  I32ToFlt.o [5]
__iar_zero_init3        0x00001f0b   0x22  Code  Gb  zero_init3.o [6]
__low_level_init        0x0000584b    0x4  Code  Gb  low_level_init.o [3]
__vector_table          0x00000000  0x11c  Data  Gb  startup.o [1]
_acos_tbl               0x000035b8  0x804  Data  Gb  fixedmath.o [1]
_call_main              0x00005841         Code  Gb  cmain.o [6]
_cos_tbl                0x000029b8  0x800  Data  Gb  fixedmath.o [1]
_exit                   0x00005859         Code  Gb  cexit.o [6]
_main                   0x00005847         Code  Gb  cmain.o [6]
_tan_tbl                0x000031b8  0x400  Data  Gb  fixedmath.o [1]
a                       0x00004450   0x40  Data  Lc  xatan.o [5]
acc_g_convert           0x000057b0    0x4  Data  Gb  imu.o [1]
acc_offset              0x20000130    0xc  Data  Gb  imu.o [1]
acc_rad                 0x20000148    0xc  Data  Gb  imu.o [1]
acc_raw                 0x20000124    0xc  Data  Gb  imu.o [1]
acc_shift               0x000057cc    0xc  Data  Gb  imu.o [1]
acc_v_convert           0x000057ac    0x4  Data  Gb  imu.o [1]
accel                   0x2000013c    0xc  Data  Gb  imu.o [1]
adc_values              0x20000114   0x10  Data  Gb  imu.o [1]
angle                   0x20000154    0xc  Data  Gb  imu.o [1]
angle_offset            0x000057c0    0xc  Data  Gb  imu.o [1]
angle_scale             0x000057b4    0xc  Data  Gb  imu.o [1]
atan                    0x00002345   0x9c  Code  Gb  atan.o [5]
bias                    0x20000010    0xc  Data  Gb  imu.o [1]
comp_raw                0x20000178    0xc  Data  Gb  imu.o [1]
compass_values          0x200001a4    0x8  Data  Gb  imu.o [1]
control                 0x00004b91  0x42a  Code  Gb  control.o [1]
controlDelay            0x20000248    0x4  Data  Gb  xbee.o [1]
convert_180_Pi          0x000011a4    0x4  Data  Gb  imu.o [1]
convert_Pi_180          0x000011a0    0x4  Data  Gb  imu.o [1]
currentTimer            0x2000021c    0x4  Data  Gb  imu.o [1]
dt                      0x20000214    0x4  Data  Lc  control.o [1]
dt                      0x20000048    0x4  Data  Gb  imu.o [1]
euler_angle             0x2000016c    0xc  Data  Gb  imu.o [1]
euler_trig              0x2000007c   0x18  Data  Gb  imu.o [1]
exit                    0x0000584f    0x8  Code  Gb  exit.o [3]
fixadd                  0x000027bd   0x2a  Code  Gb  fixedmath.o [1]
fixasin                 0x0000285d   0x28  Code  Gb  fixedmath.o [1]
fixatan                 0x000028f3   0x58  Code  Gb  fixedmath.o [1]
fixatan2                0x0000294b   0x4a  Code  Gb  fixedmath.o [1]
fixcos                  0x00002835   0x14  Code  Gb  fixedmath.o [1]
fixdiv                  0x0000281f   0x16  Code  Gb  fixedmath.o [1]
fixmul                  0x00002811    0xe  Code  Gb  fixedmath.o [1]
fixsin                  0x00002849   0x14  Code  Gb  fixedmath.o [1]
fixsub                  0x000027e7   0x2a  Code  Gb  fixedmath.o [1]
fixtof                  0x000028e3   0x10  Code  Gb  fixedmath.o [1]
ftofix                  0x00002885   0x5e  Code  Gb  fixedmath.o [1]
g_pulGPIOBaseAddrs      0x000041e0   0x48  Data  Lc  gpio.o [4]
g_pulRCGCRegs           0x00001b98    0xc  Data  Lc  sysctl.o [4]
g_pulXtals              0x00001ba4   0x5c  Data  Lc  sysctl.o [4]
gyro_offset             0x2000001c    0xc  Data  Gb  imu.o [1]
gyro_raw                0x20000160    0xc  Data  Gb  imu.o [1]
gyro_scale              0x20000044    0x4  Data  Gb  imu.o [1]
gyro_values             0x2000019c    0x8  Data  Gb  imu.o [1]
imuStartup              0x000014a1    0x8  Code  Gb  imu.o [1]
imu_st_cal              0x2000004c   0x30  Data  Gb  imu.o [1]
main                    0x000056d9   0x88  Code  Gb  quad_drone.o [1]
measuredDt              0x20000224    0x4  Data  Gb  imu.o [1]
motorSpinup             0x00004fbb   0xa8  Code  Gb  control.o [1]
motor_dutycycle         0x20000094   0x10  Data  Gb  control.o [1]
motor_lowerbound        0x20000040    0x4  Data  Gb  control.o [1]
motor_scale             0x20000000   0x10  Data  Gb  control.o [1]
motor_upperbound        0x2000003c    0x4  Data  Gb  control.o [1]
previousTimer           0x20000218    0x4  Data  Gb  imu.o [1]
pulStack                0x20000250  0x100  Data  Lc  startup.o [1]
q                       0x200000d4   0x10  Data  Gb  imu.o [1]
rad_byte                0x000014a8    0x4  Data  Gb  imu.o [1]
readAccel               0x00001127   0x5e  Code  Gb  imu.o [1]
readCompass             0x00001315  0x15c  Code  Gb  imu.o [1]
readGyro                0x000011a9  0x15c  Code  Gb  imu.o [1]
readIMU                 0x0000011d  0xb98  Code  Gb  imu.o [1]
sendControlTelemetry    0x000025b7  0x150  Code  Gb  xbee.o [1]
sendDataTelemetry       0x00002499  0x11e  Code  Gb  xbee.o [1]
sensorsSelfTest         0x000014ad  0x312  Code  Gb  imu.o [1]
sprintf                 0x000045b5   0x34  Code  Gb  sprintf.o [3]
sqrt                    0x0000200d         Code  Gb  sqrt.o [5]
sqrtl                   0x0000200d         Code  Gb  sqrt.o [5]
startFlag               0x20000220    0x4  Data  Gb  imu.o [1]
strlen                  0x00004b59         Code  Gb  strlen.o [6]
temp_raw                0x20000240    0x4  Data  Gb  imu.o [1]
uartDelay               0x20000244    0x4  Data  Gb  xbee.o [1]
updateState             0x00000d19  0x40e  Code  Gb  imu.o [1]
xK                      0x20000184    0x8  Data  Gb  imu.o [1]
xP                      0x200000e4   0x10  Data  Gb  imu.o [1]
xS                      0x2000022c    0x4  Data  Gb  imu.o [1]
x_Dgain                 0x200001c0    0x4  Data  Gb  control.o [1]
x_Dterm                 0x200001b4    0x4  Data  Gb  control.o [1]
x_Dterm_1               0x200001c8    0x4  Data  Gb  control.o [1]
x_Dterm_2               0x200001cc    0x4  Data  Gb  control.o [1]
x_Dterm_3               0x200001d0    0x4  Data  Gb  control.o [1]
x_Fgain                 0x200001c4    0x4  Data  Gb  control.o [1]
x_Igain                 0x200001bc    0x4  Data  Gb  control.o [1]
x_Iterm                 0x200001b0    0x4  Data  Gb  control.o [1]
x_Pgain                 0x20000028    0x4  Data  Gb  control.o [1]
x_Pterm                 0x200001ac    0x4  Data  Gb  control.o [1]
x_angle_error           0x200001d4    0x4  Data  Gb  control.o [1]
x_angle_vel_term        0x200001b8    0x4  Data  Gb  control.o [1]
x_cmd_angle             0x200001d8    0x4  Data  Gb  control.o [1]
x_gyro_rad_sec          0x200000a4   0x10  Data  Gb  imu.o [1]
x_old_angle             0x200001dc    0x4  Data  Gb  control.o [1]
x_torque                0x200001e0    0x4  Data  Gb  control.o [1]
x_y                     0x20000228    0x4  Data  Gb  imu.o [1]
yK                      0x2000018c    0x8  Data  Gb  imu.o [1]
yP                      0x200000f4   0x10  Data  Gb  imu.o [1]
yS                      0x20000234    0x4  Data  Gb  imu.o [1]
y_Dgain                 0x20000034    0x4  Data  Gb  control.o [1]
y_Dterm                 0x200001ec    0x4  Data  Gb  control.o [1]
y_Dterm_1               0x200001f8    0x4  Data  Gb  control.o [1]
y_Dterm_2               0x200001fc    0x4  Data  Gb  control.o [1]
y_Dterm_3               0x20000200    0x4  Data  Gb  control.o [1]
y_Fgain                 0x200001f4    0x4  Data  Gb  control.o [1]
y_Igain                 0x20000030    0x4  Data  Gb  control.o [1]
y_Iterm                 0x200001e8    0x4  Data  Gb  control.o [1]
y_Pgain                 0x2000002c    0x4  Data  Gb  control.o [1]
y_Pterm                 0x200001e4    0x4  Data  Gb  control.o [1]
y_angle_error           0x20000204    0x4  Data  Gb  control.o [1]
y_angle_vel_term        0x200001f0    0x4  Data  Gb  control.o [1]
y_cmd_angle             0x20000208    0x4  Data  Gb  control.o [1]
y_gyro_rad_sec          0x200000b4   0x10  Data  Gb  imu.o [1]
y_old_angle             0x2000020c    0x4  Data  Gb  control.o [1]
y_torque                0x20000210    0x4  Data  Gb  control.o [1]
y_y                     0x20000230    0x4  Data  Gb  imu.o [1]
zK                      0x20000194    0x8  Data  Gb  imu.o [1]
zP                      0x20000104   0x10  Data  Gb  imu.o [1]
zS                      0x2000023c    0x4  Data  Gb  imu.o [1]
z_gyro_rad_sec          0x200000c4   0x10  Data  Gb  imu.o [1]
z_thrust                0x20000038    0x4  Data  Gb  control.o [1]
z_y                     0x20000238    0x4  Data  Gb  imu.o [1]


[1] = C:\Users\Arko\Documents\IAR Embedded Workbench\arm\examples\TexasInstruments\Stellaris\boards\dk-lm3s9b96\quad_drone\ewarm\Obj
[2] = command line
[3] = dl7M_tlf.a
[4] = driverlib.a
[5] = m7M_tl.a
[6] = rt7M_tl.a
[7] = shb_l.a

  22 284 bytes of readonly  code memory
     452 bytes of readonly  data memory
     848 bytes of readwrite data memory

Errors: none
Warnings: none
