###############################################################################
#                                                                             #
# IAR ELF Linker V6.10.2.52244/W32 for ARM              18/Mar/2011  00:03:47 #
# Copyright 2007-2010 IAR Systems AB.                                         #
#                                                                             #
#    Output file  =  C:\Users\Arko\Documents\IAR Embedded                     #
#                    Workbench\arm\examples\TexasInstruments\Stellaris\boards #
#                    \dk-lm3s9b96\quad_drone\ewarm\Exe\quad_drone.out         #
#    Map file     =  C:\Users\Arko\Documents\IAR Embedded                     #
#                    Workbench\arm\examples\TexasInstruments\Stellaris\boards #
#                    \dk-lm3s9b96\quad_drone\ewarm\List\quad_drone.map        #
#    Command line =  "C:\Users\Arko\Documents\IAR Embedded                    #
#                    Workbench\arm\examples\TexasInstruments\Stellaris\boards #
#                    \dk-lm3s9b96\quad_drone\ewarm\Obj\control.o"             #
#                    "C:\Users\Arko\Documents\IAR Embedded                    #
#                    Workbench\arm\examples\TexasInstruments\Stellaris\boards #
#                    \dk-lm3s9b96\quad_drone\ewarm\Obj\imu.o"                 #
#                    "C:\Users\Arko\Documents\IAR Embedded                    #
#                    Workbench\arm\examples\TexasInstruments\Stellaris\boards #
#                    \dk-lm3s9b96\quad_drone\ewarm\Obj\init.o"                #
#                    "C:\Users\Arko\Documents\IAR Embedded                    #
#                    Workbench\arm\examples\TexasInstruments\Stellaris\boards #
#                    \dk-lm3s9b96\quad_drone\ewarm\Obj\quad_drone.o"          #
#                    "C:\Users\Arko\Documents\IAR Embedded                    #
#                    Workbench\arm\examples\TexasInstruments\Stellaris\boards #
#                    \dk-lm3s9b96\quad_drone\ewarm\Obj\set_pinout.o"          #
#                    "C:\Users\Arko\Documents\IAR Embedded                    #
#                    Workbench\arm\examples\TexasInstruments\Stellaris\boards #
#                    \dk-lm3s9b96\quad_drone\ewarm\Obj\startup.o"             #
#                    "C:\Users\Arko\Documents\IAR Embedded                    #
#                    Workbench\arm\examples\TexasInstruments\Stellaris\boards #
#                    \dk-lm3s9b96\quad_drone\ewarm\Obj\xbee.o"                #
#                    "C:\Users\Arko\Documents\IAR Embedded                    #
#                    Workbench\arm\examples\TexasInstruments\Stellaris\driver #
#                    lib\ewarm\Exe\driverlib.a" "C:\Users\Arko\Documents\IAR  #
#                    Embedded Workbench\arm\examples\TexasInstruments\Stellar #
#                    is\grlib\ewarm\Exe\grlib.a" --redirect                   #
#                    _Printf=_PrintfTiny --redirect _Scanf=_ScanfSmall -o     #
#                    "C:\Users\Arko\Documents\IAR Embedded                    #
#                    Workbench\arm\examples\TexasInstruments\Stellaris\boards #
#                    \dk-lm3s9b96\quad_drone\ewarm\Exe\quad_drone.out" --map  #
#                    "C:\Users\Arko\Documents\IAR Embedded                    #
#                    Workbench\arm\examples\TexasInstruments\Stellaris\boards #
#                    \dk-lm3s9b96\quad_drone\ewarm\List\quad_drone.map"       #
#                    --config "C:\Users\Arko\Documents\IAR Embedded           #
#                    Workbench\arm\examples\TexasInstruments\Stellaris\boards #
#                    \dk-lm3s9b96\quad_drone\quad_drone.icf" --semihosting    #
#                    --entry __iar_program_start                              #
#                                                                             #
#                                                                             #
###############################################################################

*******************************************************************************
*** RUNTIME MODEL ATTRIBUTES
***

CppFlavor       = *
__SystemLibrary = DLib


*******************************************************************************
*** PLACEMENT SUMMARY
***

"A1":  place at start of [0x00000000-0x0003ffff] { ro section .intvec };
"P1":  place in [from 0x00000000 to 0x0003ffff] { ro };
"P2":  place in [from 0x20000000 to 0x20017fff] { rw, block HEAP };

  Section            Kind        Address    Size  Object
  -------            ----        -------    ----  ------
"A1":                                      0x11c
  .intvec            const    0x00000000   0x11c  startup.o [1]
                            - 0x0000011c   0x11c

"P1":                                     0x2fe8
  .text              ro code  0x0000011c   0xab6  imu.o [1]
  .text              ro code  0x00000bd2    0x22  zero_init3.o [6]
  .text              ro code  0x00000bf4    0x56  timer.o [4]
  .text              ro code  0x00000c4a     0xa  xsprout.o [3]
  .text              ro code  0x00000c54   0x34c  sysctl.o [4]
  .text              ro code  0x00000fa0    0x30  I32ToFlt.o [5]
  .text              ro code  0x00000fd0    0xfc  FltDiv.o [5]
  .text              ro code  0x000010cc    0x24  FltCmpGe.o [5]
  .text              ro code  0x000010f0    0xd8  FltMul.o [5]
  .text              ro code  0x000011c8    0x4e  FltToDbl.o [5]
  .text              ro code  0x00001216     0x6  startup.o [1]
  .text              ro code  0x0000121c    0xf0  sqrt.o [5]
  .text              ro code  0x0000130c   0x246  DblDiv.o [5]
  .text              ro code  0x00001554    0x9c  atan.o [5]
  .text              ro code  0x000015f0    0x90  DblToFlt.o [5]
  .text              ro code  0x00001680    0x82  FltAdd.o [5]
  .text              ro code  0x00001704    0xe2  FltSub.o [5]
  .text              ro code  0x000017e8   0x29c  xbee.o [1]
  .text              ro code  0x00001a84    0xd2  adc.o [4]
  .text              ro code  0x00001b58    0x5c  i2c.o [4]
  .text              ro code  0x00001bb4   0x198  gpio.o [4]
  .text              ro code  0x00001d4c     0xc  iarEdom.o [6]
  .text              ro code  0x00001d58    0x2e  DblCmpLe.o [5]
  .text              ro code  0x00001d88    0x2e  DblCmpGe.o [5]
  .text              ro code  0x00001db8   0x1f8  xatan.o [5]
  .text              ro code  0x00001fb0    0xe0  uart.o [4]
  .text              ro code  0x00002090    0x44  FltToS32.o [5]
  .text              ro code  0x000020d4    0x34  sprintf.o [3]
  .text              ro code  0x00002108    0x24  FltCmpLe.o [5]
  .text              ro code  0x0000212c     0xc  errno.o [3]
  .text              ro code  0x00002138   0x1a2  DblMul.o [5]
  .text              ro code  0x000022dc    0xe6  DblAdd.o [5]
  .text              ro code  0x000023c2   0x11a  xprintftiny.o [3]
  .text              ro code  0x000024dc     0x2  xtls.o [3]
  .text              ro code  0x000024e0   0x17e  DblSub.o [5]
  .text              ro code  0x00002660    0x36  strlen.o [6]
  .text              ro code  0x00002698   0x3b8  init.o [1]
  .text              ro code  0x00002a50    0x80  pwm.o [4]
  .text              ro code  0x00002ad0    0x78  interrupt.o [4]
  .text              ro code  0x00002b48     0x8  cpu.o [4]
  .text              ro code  0x00002b50   0x31e  control.o [1]
  .text              ro code  0x00002e70    0x24  FltToU32.o [5]
  .text              ro code  0x00002e94    0xb8  quad_drone.o [1]
  .text              ro code  0x00002f4c    0xa8  packbits_init3.o [6]
  .text              ro code  0x00002ff4    0x2c  data_init3.o [6]
  .iar.init_table    const    0x00003020    0x2c  - Linker created -
  .text              ro code  0x0000304c    0x16  cmain.o [6]
  .text              ro code  0x00003062     0x4  low_level_init.o [3]
  .text              ro code  0x00003066     0x8  exit.o [3]
  .text              ro code  0x00003070     0xa  cexit.o [6]
  .text              ro code  0x0000307c    0x14  exit.o [7]
  .text              ro code  0x00003090     0xc  cstartup_M.o [6]
  Initializer bytes  ro data  0x0000309c    0x68  <for P2 s0>
                            - 0x00003104  0x2fe8

"P2", part 1 of 3:                         0x1d8
  P2 s0                       0x20000000   0x1d8  <Init block>
    .data            inited   0x20000000    0xf0  imu.o [1]
    .data            inited   0x200000f0    0x78  control.o [1]
    .data            inited   0x20000168    0x70  imu.o [1]
                            - 0x200001d8   0x1d8

"P2", part 2 of 3:                          0x2c
  .bss               zero     0x200001d8    0x10  imu.o [1]
  .bss               zero     0x200001e8     0x8  imu.o [1]
  .bss               zero     0x200001f0     0x8  imu.o [1]
  .bss               zero     0x200001f8     0x4  xbee.o [1]
  .bss               zero     0x200001fc     0x4  xbee.o [1]
  __DLIB_PERTHREAD   zero     0x20000200     0x4  errno.o [3]
                            - 0x20000204    0x2c

"P2", part 3 of 3:                         0x100
  .noinit            uninit   0x20000204   0x100  startup.o [1]
                            - 0x20000304   0x100


*******************************************************************************
*** INIT TABLE
***

          Address     Size
          -------     ----
Zero (__iar_zero_init3)
    1 destination range, total size 0x2c:
          0x200001d8   0x2c

Copy/packbits (__iar_packbits_init3)
    1 source range, total size 0x68 (22% of destination):
          0x0000309c   0x68
    1 destination range, total size 0x1d8:
          0x20000000  0x1d8


*******************************************************************************
*** MODULE SUMMARY
***

    Module            ro code  ro data  rw data
    ------            -------  -------  -------
C:\Users\Arko\Documents\IAR Embedded Workbench\arm\examples\TexasInstruments\Stellaris\boards\dk-lm3s9b96\quad_drone\ewarm\Obj: [1]
    control.o             798       27      120
    imu.o               2 742       77      384
    init.o                952
    quad_drone.o          184
    startup.o               6      284      256
    xbee.o                668                 8
    -------------------------------------------
    Total:              5 350      388      768

command line: [2]
    -------------------------------------------
    Total:

dl7M_tlf.a: [3]
    errno.o                12                 4
    exit.o                  8
    low_level_init.o        4
    sprintf.o              52
    xprintftiny.o         282
    xsprout.o              10
    xtls.o                  2
    -------------------------------------------
    Total:                370                 4

driverlib.a: [4]
    adc.o                 210
    cpu.o                   8
    gpio.o                408
    i2c.o                  92
    interrupt.o           120
    pwm.o                 128
    sysctl.o              844
    timer.o                86
    uart.o                224
    -------------------------------------------
    Total:              2 120

m7M_tl.a: [5]
    DblAdd.o              230
    DblCmpGe.o             46
    DblCmpLe.o             46
    DblDiv.o              582
    DblMul.o              418
    DblSub.o              382
    DblToFlt.o            144
    FltAdd.o              130
    FltCmpGe.o             36
    FltCmpLe.o             36
    FltDiv.o              252
    FltMul.o              216
    FltSub.o              226
    FltToDbl.o             78
    FltToS32.o             68
    FltToU32.o             36
    I32ToFlt.o             48
    atan.o                156
    sqrt.o                240
    xatan.o               504
    -------------------------------------------
    Total:              3 874

rt7M_tl.a: [6]
    cexit.o                10
    cmain.o                22
    cstartup_M.o           12
    data_init3.o           44
    iarEdom.o              12
    packbits_init3.o      168
    strlen.o               54
    zero_init3.o           34
    -------------------------------------------
    Total:                356

shb_l.a: [7]
    exit.o                 20
    -------------------------------------------
    Total:                 20

    Gaps                   26
    Linker created                  44
-----------------------------------------------
    Grand Total:       12 116      432      772


*******************************************************************************
*** ENTRY LIST
***

Entry                      Address   Size  Type      Object
-----                      -------   ----  ----      ------
?main                   0x0000304d         Code  Gb  cmain.o [6]
ADCIntClear             0x00001aa5    0xa  Code  Gb  adc.o [4]
ADCIntEnable            0x00001a85    0xe  Code  Gb  adc.o [4]
ADCIntStatus            0x00001a93   0x12  Code  Gb  adc.o [4]
ADCProcessorTrigger     0x00001b4d    0xa  Code  Gb  adc.o [4]
ADCSequenceConfigure    0x00001acd   0x30  Code  Gb  adc.o [4]
ADCSequenceDataGet      0x00001b2f   0x1e  Code  Gb  adc.o [4]
ADCSequenceDisable      0x00001abd    0x2  Code  Gb  adc.o [4]
ADCSequenceEnable       0x00001aaf    0x8  Code  Gb  adc.o [4]
ADCSequenceStepConfigure
                        0x00001afd   0x32  Code  Gb  adc.o [4]
CPUcpsie                0x00002b49    0x8  Code  Gb  cpu.o [4]
Control                 0x00002b51  0x246  Code  Gb  control.o [1]
FaultISR                0x00001219    0x2  Code  Lc  startup.o [1]
GPIODirModeSet          0x00001bb5   0x28  Code  Gb  gpio.o [4]
GPIOPadConfigSet        0x00001bdd   0x98  Code  Gb  gpio.o [4]
GPIOPinConfigure        0x00001cbf   0x40  Code  Gb  gpio.o [4]
GPIOPinTypeADC          0x00001c7b    0x4  Code  Gb  gpio.o [4]
GPIOPinTypeI2C          0x00001c99    0xa  Code  Gb  gpio.o [4]
GPIOPinTypePWM          0x00001ca3    0xa  Code  Gb  gpio.o [4]
GPIOPinTypeUART         0x00001cb5    0xa  Code  Gb  gpio.o [4]
GPIOPinWrite            0x00001c75    0x6  Code  Gb  gpio.o [4]
I2CMasterBusy           0x00001b9d    0xc  Code  Gb  i2c.o [4]
I2CMasterControl        0x00001ba9    0x4  Code  Gb  i2c.o [4]
I2CMasterDataGet        0x00001bb1    0x4  Code  Gb  i2c.o [4]
I2CMasterDataPut        0x00001bad    0x4  Code  Gb  i2c.o [4]
I2CMasterEnable         0x00001b7f    0xc  Code  Gb  i2c.o [4]
I2CMasterInitExpClk     0x00001b59   0x26  Code  Gb  i2c.o [4]
I2CMasterSlaveAddrSet   0x00001b95    0x8  Code  Gb  i2c.o [4]
InitADC                 0x00002699   0x86  Code  Gb  init.o [1]
InitI2C                 0x00002857   0xf2  Code  Gb  init.o [1]
InitPWM                 0x00002735  0x106  Code  Gb  init.o [1]
InitTIMER               0x00002999   0x46  Code  Gb  init.o [1]
InitUART                0x0000295d   0x3c  Code  Gb  init.o [1]
IntDefaultHandler       0x0000121b    0x2  Code  Lc  startup.o [1]
IntEnable               0x00002adb   0x4e  Code  Gb  interrupt.o [4]
IntMasterEnable         0x00002ad1    0xa  Code  Gb  interrupt.o [4]
NmiSR                   0x00001217    0x2  Code  Lc  startup.o [1]
PWMGenConfigure         0x00002a51   0x2c  Code  Gb  pwm.o [4]
PWMGenEnable            0x00002a95    0x6  Code  Gb  pwm.o [4]
PWMGenPeriodSet         0x00002a81   0x14  Code  Gb  pwm.o [4]
PWMOutputState          0x00002abf   0x12  Code  Gb  pwm.o [4]
PWMPulseWidthSet        0x00002a9b   0x1c  Code  Gb  pwm.o [4]
Region$$Table$$Base     0x00003020          --   Gb  - Linker created -
Region$$Table$$Limit    0x0000304c          --   Gb  - Linker created -
SysCtlClockGet          0x00000d8b  0x15c  Code  Gb  sysctl.o [4]
SysCtlClockSet          0x00000c7d  0x10e  Code  Gb  sysctl.o [4]
SysCtlDelay             0x00000c75    0x8  Code  Gb  sysctl.o [4]
SysCtlPWMClockSet       0x00000ee7    0xa  Code  Gb  sysctl.o [4]
SysCtlPeripheralEnable  0x00000c55    0x8  Code  Gb  sysctl.o [4]
TimerConfigure          0x00000c01   0x1e  Code  Gb  timer.o [4]
TimerControlStall       0x00000c1f   0x18  Code  Gb  timer.o [4]
TimerEnable             0x00000bf5    0xc  Code  Gb  timer.o [4]
TimerValueGet           0x00000c37    0xa  Code  Gb  timer.o [4]
UARTBusy                0x0000206b    0xc  Code  Gb  uart.o [4]
UARTCharGetNonBlocking  0x0000204d    0xe  Code  Gb  uart.o [4]
UARTCharPutNonBlocking  0x0000205b   0x10  Code  Gb  uart.o [4]
UARTCharsAvail          0x0000203b    0x8  Code  Gb  uart.o [4]
UARTConfigSetExpClk     0x00001fb1   0x4c  Code  Gb  uart.o [4]
UARTDisable             0x00002017   0x1e  Code  Gb  uart.o [4]
UARTEnable              0x00001ffd   0x1a  Code  Gb  uart.o [4]
UARTIntClear            0x0000208d    0x4  Code  Gb  uart.o [4]
UARTIntEnable           0x0000207d    0x6  Code  Gb  uart.o [4]
UARTIntHandler          0x00002f07   0x30  Code  Gb  quad_drone.o [1]
UARTIntStatus           0x00002083    0xa  Code  Gb  uart.o [4]
UARTSend                0x000017e9   0x26  Code  Gb  xbee.o [1]
_PrintfTiny             0x000023c3  0x11a  Code  Gb  xprintftiny.o [3]
_SProut                 0x00000c4b    0xa  Code  Gb  xsprout.o [3]
__aeabi_cdcmple         0x00001d59         Code  Gb  DblCmpLe.o [5]
__aeabi_cdrcmple        0x00001d89         Code  Gb  DblCmpGe.o [5]
__aeabi_cfcmple         0x00002109         Code  Gb  FltCmpLe.o [5]
__aeabi_cfrcmple        0x000010cd         Code  Gb  FltCmpGe.o [5]
__aeabi_d2f             0x000015f1         Code  Gb  DblToFlt.o [5]
__aeabi_dadd            0x000022dd         Code  Gb  DblAdd.o [5]
__aeabi_ddiv            0x0000130d         Code  Gb  DblDiv.o [5]
__aeabi_dmul            0x00002139         Code  Gb  DblMul.o [5]
__aeabi_dsub            0x000024e1         Code  Gb  DblSub.o [5]
__aeabi_errno_addr      0x0000212d    0x6  Code  Gb  errno.o [3]
__aeabi_f2d             0x000011c9         Code  Gb  FltToDbl.o [5]
__aeabi_f2iz            0x00002091         Code  Gb  FltToS32.o [5]
__aeabi_f2uiz           0x00002e71         Code  Gb  FltToU32.o [5]
__aeabi_fadd            0x00001681         Code  Gb  FltAdd.o [5]
__aeabi_fdiv            0x00000fd1         Code  Gb  FltDiv.o [5]
__aeabi_fmul            0x000010f1         Code  Gb  FltMul.o [5]
__aeabi_fsub            0x00001705         Code  Gb  FltSub.o [5]
__aeabi_i2f             0x00000fa1         Code  Gb  I32ToFlt.o [5]
__aeabi_ui2f            0x00000fb5         Code  Gb  I32ToFlt.o [5]
__cmain                 0x0000304d         Code  Gb  cmain.o [6]
__exit                  0x0000307d   0x14  Code  Gb  exit.o [7]
__iar_Atan              0x00001db9  0x15e  Code  Gb  xatan.o [5]
__iar_Errno             0x20000200    0x4  Data  Gb  errno.o [3]
__iar_dadd              0x000022ef         Code  Gb  DblAdd.o [5]
__iar_data_init3        0x00002ff5   0x2c  Code  Gb  data_init3.o [6]
__iar_dlib_perthread_access
                        0x000024dd    0x2  Code  Gb  xtls.o [3]
__iar_dsub              0x000024f3         Code  Gb  DblSub.o [5]
__iar_dsubStart         0x00002505         Code  Gb  DblSub.o [5]
__iar_edom              0x00001d4d         Code  Gb  iarEdom.o [6]
__iar_fadd              0x0000168f         Code  Gb  FltAdd.o [5]
__iar_fsub              0x00001713         Code  Gb  FltSub.o [5]
__iar_fsubStart         0x00001721         Code  Gb  FltSub.o [5]
__iar_packbits_init3    0x00002f4d   0xa8  Code  Gb  packbits_init3.o [6]
__iar_program_start     0x00003091         Code  Gb  cstartup_M.o [6]
__iar_sqrt              0x0000121d         Code  Gb  sqrt.o [5]
__iar_ui2f              0x00000fb7         Code  Gb  I32ToFlt.o [5]
__iar_zero_init3        0x00000bd3   0x22  Code  Gb  zero_init3.o [6]
__low_level_init        0x00003063    0x4  Code  Gb  low_level_init.o [3]
__vector_table          0x00000000  0x11c  Data  Gb  startup.o [1]
_call_main              0x00003059         Code  Gb  cmain.o [6]
_exit                   0x00003071         Code  Gb  cexit.o [6]
_main                   0x0000305f         Code  Gb  cmain.o [6]
a                       0x00001f70   0x40  Data  Lc  xatan.o [5]
adc_values              0x200001d8   0x10  Data  Gb  imu.o [1]
atan                    0x00001555   0x9c  Code  Gb  atan.o [5]
compass_values          0x200001f0    0x8  Data  Gb  imu.o [1]
controlDelay            0x200001fc    0x4  Data  Gb  xbee.o [1]
currentTimer            0x20000074    0x4  Data  Gb  imu.o [1]
dt                      0x20000080    0x4  Data  Gb  imu.o [1]
exit                    0x00003067    0x8  Code  Gb  exit.o [3]
g_pulGPIOBaseAddrs      0x00001d04   0x48  Data  Lc  gpio.o [4]
g_pulRCGCRegs           0x00000f38    0xc  Data  Lc  sysctl.o [4]
g_pulXtals              0x00000f44   0x5c  Data  Lc  sysctl.o [4]
gyro_values             0x200001e8    0x8  Data  Gb  imu.o [1]
imuStartup              0x00000955    0x2  Code  Gb  imu.o [1]
imu_st_cal              0x20000168   0x30  Data  Gb  imu.o [1]
m1_scale                0x20000158    0x4  Data  Gb  control.o [1]
m2_scale                0x2000015c    0x4  Data  Gb  control.o [1]
m3_scale                0x20000160    0x4  Data  Gb  control.o [1]
m4_scale                0x20000164    0x4  Data  Gb  control.o [1]
main                    0x00002e95   0x72  Code  Gb  quad_drone.o [1]
measuredDt              0x2000007c    0x4  Data  Gb  imu.o [1]
motorSpinup             0x00002db1   0x80  Code  Gb  control.o [1]
previousTimer           0x20000070    0x4  Data  Gb  imu.o [1]
pulStack                0x20000204  0x100  Data  Lc  startup.o [1]
readAccel               0x0000074d   0x52  Code  Gb  imu.o [1]
readCompass             0x0000086d   0xc8  Code  Gb  imu.o [1]
readGyro                0x0000079f   0xc6  Code  Gb  imu.o [1]
readIMU                 0x0000011d  0x5b0  Code  Gb  imu.o [1]
sendControlTelemetry    0x000018ef   0xe0  Code  Gb  xbee.o [1]
sendDataTelemetry       0x00001811   0xde  Code  Gb  xbee.o [1]
sensorsSelfTest         0x00000957  0x1b8  Code  Gb  imu.o [1]
sprintf                 0x000020d5   0x34  Code  Gb  sprintf.o [3]
sqrt                    0x0000121d         Code  Gb  sqrt.o [5]
sqrtl                   0x0000121d         Code  Gb  sqrt.o [5]
startFlag               0x20000078    0x4  Data  Gb  imu.o [1]
strlen                  0x00002661         Code  Gb  strlen.o [6]
temp_raw                0x200001d4    0x4  Data  Gb  imu.o [1]
uartDelay               0x200001f8    0x4  Data  Gb  xbee.o [1]
xK_0                    0x2000008c    0x4  Data  Gb  imu.o [1]
xK_1                    0x20000090    0x4  Data  Gb  imu.o [1]
xP_00                   0x20000094    0x4  Data  Gb  imu.o [1]
xP_01                   0x20000098    0x4  Data  Gb  imu.o [1]
xP_10                   0x2000009c    0x4  Data  Gb  imu.o [1]
xP_11                   0x200000a0    0x4  Data  Gb  imu.o [1]
xS                      0x20000088    0x4  Data  Gb  imu.o [1]
x_Dterm                 0x200000f8    0x4  Data  Gb  control.o [1]
x_Dterm_1               0x20000100    0x4  Data  Gb  control.o [1]
x_Dterm_2               0x20000104    0x4  Data  Gb  control.o [1]
x_Dterm_3               0x20000108    0x4  Data  Gb  control.o [1]
x_Iterm                 0x200000f4    0x4  Data  Gb  control.o [1]
x_Pterm                 0x200000f0    0x4  Data  Gb  control.o [1]
x_acc_offset            0x200001a4    0x4  Data  Gb  imu.o [1]
x_acc_rad               0x2000001c    0x4  Data  Gb  imu.o [1]
x_acc_raw               0x20000198    0x4  Data  Gb  imu.o [1]
x_accel                 0x20000010    0x4  Data  Gb  imu.o [1]
x_angle                 0x20000028    0x4  Data  Gb  imu.o [1]
x_angle_error           0x2000010c    0x4  Data  Gb  control.o [1]
x_angle_offset          0x20000000    0x4  Data  Gb  imu.o [1]
x_angle_scale           0x20000008    0x4  Data  Gb  imu.o [1]
x_angle_vel_term        0x200000fc    0x4  Data  Gb  control.o [1]
x_bias                  0x20000034    0x4  Data  Gb  imu.o [1]
x_cmd_angle             0x20000110    0x4  Data  Gb  control.o [1]
x_comp_raw              0x200000e4    0x4  Data  Gb  imu.o [1]
x_gyro_offset           0x200001bc    0x4  Data  Gb  imu.o [1]
x_gyro_rad_sec          0x20000040    0x4  Data  Gb  imu.o [1]
x_gyro_rad_sec_1        0x20000044    0x4  Data  Gb  imu.o [1]
x_gyro_rad_sec_2        0x20000048    0x4  Data  Gb  imu.o [1]
x_gyro_rad_sec_3        0x2000004c    0x4  Data  Gb  imu.o [1]
x_gyro_raw              0x200001b0    0x4  Data  Gb  imu.o [1]
x_gyro_scale            0x200001c8    0x4  Data  Gb  imu.o [1]
x_motor_dutycycle_m3    0x20000150    0x4  Data  Gb  control.o [1]
x_motor_dutycycle_m4    0x20000154    0x4  Data  Gb  control.o [1]
x_old_angle             0x20000114    0x4  Data  Gb  control.o [1]
x_torque                0x20000118    0x4  Data  Gb  control.o [1]
x_y                     0x20000084    0x4  Data  Gb  imu.o [1]
yK_0                    0x200000ac    0x4  Data  Gb  imu.o [1]
yK_1                    0x200000b0    0x4  Data  Gb  imu.o [1]
yP_00                   0x200000b4    0x4  Data  Gb  imu.o [1]
yP_01                   0x200000b8    0x4  Data  Gb  imu.o [1]
yP_10                   0x200000bc    0x4  Data  Gb  imu.o [1]
yP_11                   0x200000c0    0x4  Data  Gb  imu.o [1]
yS                      0x200000a8    0x4  Data  Gb  imu.o [1]
y_Dterm                 0x20000124    0x4  Data  Gb  control.o [1]
y_Dterm_1               0x2000012c    0x4  Data  Gb  control.o [1]
y_Dterm_2               0x20000130    0x4  Data  Gb  control.o [1]
y_Dterm_3               0x20000134    0x4  Data  Gb  control.o [1]
y_Iterm                 0x20000120    0x4  Data  Gb  control.o [1]
y_Pterm                 0x2000011c    0x4  Data  Gb  control.o [1]
y_acc_offset            0x200001a8    0x4  Data  Gb  imu.o [1]
y_acc_rad               0x20000020    0x4  Data  Gb  imu.o [1]
y_acc_raw               0x2000019c    0x4  Data  Gb  imu.o [1]
y_accel                 0x20000014    0x4  Data  Gb  imu.o [1]
y_angle                 0x2000002c    0x4  Data  Gb  imu.o [1]
y_angle_error           0x20000138    0x4  Data  Gb  control.o [1]
y_angle_offset          0x20000004    0x4  Data  Gb  imu.o [1]
y_angle_scale           0x2000000c    0x4  Data  Gb  imu.o [1]
y_angle_vel_term        0x20000128    0x4  Data  Gb  control.o [1]
y_bias                  0x20000038    0x4  Data  Gb  imu.o [1]
y_cmd_angle             0x2000013c    0x4  Data  Gb  control.o [1]
y_comp_raw              0x200000e8    0x4  Data  Gb  imu.o [1]
y_gyro_offset           0x200001c0    0x4  Data  Gb  imu.o [1]
y_gyro_rad_sec          0x20000050    0x4  Data  Gb  imu.o [1]
y_gyro_rad_sec_1        0x20000054    0x4  Data  Gb  imu.o [1]
y_gyro_rad_sec_2        0x20000058    0x4  Data  Gb  imu.o [1]
y_gyro_rad_sec_3        0x2000005c    0x4  Data  Gb  imu.o [1]
y_gyro_raw              0x200001b4    0x4  Data  Gb  imu.o [1]
y_gyro_scale            0x200001cc    0x4  Data  Gb  imu.o [1]
y_motor_dutycycle_m1    0x20000148    0x4  Data  Gb  control.o [1]
y_motor_dutycycle_m2    0x2000014c    0x4  Data  Gb  control.o [1]
y_old_angle             0x20000140    0x4  Data  Gb  control.o [1]
y_torque                0x20000144    0x4  Data  Gb  control.o [1]
y_y                     0x200000a4    0x4  Data  Gb  imu.o [1]
zK_0                    0x200000cc    0x4  Data  Gb  imu.o [1]
zK_1                    0x200000d0    0x4  Data  Gb  imu.o [1]
zP_00                   0x200000d4    0x4  Data  Gb  imu.o [1]
zP_01                   0x200000d8    0x4  Data  Gb  imu.o [1]
zP_10                   0x200000dc    0x4  Data  Gb  imu.o [1]
zP_11                   0x200000e0    0x4  Data  Gb  imu.o [1]
zS                      0x200000c8    0x4  Data  Gb  imu.o [1]
z_acc_offset            0x200001ac    0x4  Data  Gb  imu.o [1]
z_acc_rad               0x20000024    0x4  Data  Gb  imu.o [1]
z_acc_raw               0x200001a0    0x4  Data  Gb  imu.o [1]
z_accel                 0x20000018    0x4  Data  Gb  imu.o [1]
z_angle                 0x20000030    0x4  Data  Gb  imu.o [1]
z_bias                  0x2000003c    0x4  Data  Gb  imu.o [1]
z_comp_raw              0x200000ec    0x4  Data  Gb  imu.o [1]
z_gyro_offset           0x200001c4    0x4  Data  Gb  imu.o [1]
z_gyro_rad_sec          0x20000060    0x4  Data  Gb  imu.o [1]
z_gyro_rad_sec_1        0x20000064    0x4  Data  Gb  imu.o [1]
z_gyro_rad_sec_2        0x20000068    0x4  Data  Gb  imu.o [1]
z_gyro_rad_sec_3        0x2000006c    0x4  Data  Gb  imu.o [1]
z_gyro_raw              0x200001b8    0x4  Data  Gb  imu.o [1]
z_gyro_scale            0x200001d0    0x4  Data  Gb  imu.o [1]
z_y                     0x200000c4    0x4  Data  Gb  imu.o [1]


[1] = C:\Users\Arko\Documents\IAR Embedded Workbench\arm\examples\TexasInstruments\Stellaris\boards\dk-lm3s9b96\quad_drone\ewarm\Obj
[2] = command line
[3] = dl7M_tlf.a
[4] = driverlib.a
[5] = m7M_tl.a
[6] = rt7M_tl.a
[7] = shb_l.a

  12 116 bytes of readonly  code memory
     432 bytes of readonly  data memory
     772 bytes of readwrite data memory

Errors: none
Warnings: none
