###############################################################################
#                                                                             #
# IAR ELF Linker V6.10.2.52244/W32 for ARM              21/Jun/2011  23:50:38 #
# Copyright 2007-2010 IAR Systems AB.                                         #
#                                                                             #
#    Output file  =  C:\Users\Arko\Documents\IAR Embedded                     #
#                    Workbench\arm\examples\TexasInstruments\Stellaris\boards #
#                    \dk-lm3s9b96\quad_drone\ewarm\Exe\quad_drone.out         #
#    Map file     =  C:\Users\Arko\Documents\IAR Embedded                     #
#                    Workbench\arm\examples\TexasInstruments\Stellaris\boards #
#                    \dk-lm3s9b96\quad_drone\ewarm\List\quad_drone.map        #
#    Command line =  "C:\Users\Arko\Documents\IAR Embedded                    #
#                    Workbench\arm\examples\TexasInstruments\Stellaris\boards #
#                    \dk-lm3s9b96\quad_drone\ewarm\Obj\control.o"             #
#                    "C:\Users\Arko\Documents\IAR Embedded                    #
#                    Workbench\arm\examples\TexasInstruments\Stellaris\boards #
#                    \dk-lm3s9b96\quad_drone\ewarm\Obj\fixedmath.o"           #
#                    "C:\Users\Arko\Documents\IAR Embedded                    #
#                    Workbench\arm\examples\TexasInstruments\Stellaris\boards #
#                    \dk-lm3s9b96\quad_drone\ewarm\Obj\imu.o"                 #
#                    "C:\Users\Arko\Documents\IAR Embedded                    #
#                    Workbench\arm\examples\TexasInstruments\Stellaris\boards #
#                    \dk-lm3s9b96\quad_drone\ewarm\Obj\init.o"                #
#                    "C:\Users\Arko\Documents\IAR Embedded                    #
#                    Workbench\arm\examples\TexasInstruments\Stellaris\boards #
#                    \dk-lm3s9b96\quad_drone\ewarm\Obj\quad_drone.o"          #
#                    "C:\Users\Arko\Documents\IAR Embedded                    #
#                    Workbench\arm\examples\TexasInstruments\Stellaris\boards #
#                    \dk-lm3s9b96\quad_drone\ewarm\Obj\set_pinout.o"          #
#                    "C:\Users\Arko\Documents\IAR Embedded                    #
#                    Workbench\arm\examples\TexasInstruments\Stellaris\boards #
#                    \dk-lm3s9b96\quad_drone\ewarm\Obj\startup.o"             #
#                    "C:\Users\Arko\Documents\IAR Embedded                    #
#                    Workbench\arm\examples\TexasInstruments\Stellaris\boards #
#                    \dk-lm3s9b96\quad_drone\ewarm\Obj\xbee.o"                #
#                    "C:\Users\Arko\Documents\IAR Embedded                    #
#                    Workbench\arm\examples\TexasInstruments\Stellaris\driver #
#                    lib\ewarm\Exe\driverlib.a" "C:\Users\Arko\Documents\IAR  #
#                    Embedded Workbench\arm\examples\TexasInstruments\Stellar #
#                    is\grlib\ewarm\Exe\grlib.a" --redirect                   #
#                    _Printf=_PrintfTiny --redirect _Scanf=_ScanfSmall -o     #
#                    "C:\Users\Arko\Documents\IAR Embedded                    #
#                    Workbench\arm\examples\TexasInstruments\Stellaris\boards #
#                    \dk-lm3s9b96\quad_drone\ewarm\Exe\quad_drone.out" --map  #
#                    "C:\Users\Arko\Documents\IAR Embedded                    #
#                    Workbench\arm\examples\TexasInstruments\Stellaris\boards #
#                    \dk-lm3s9b96\quad_drone\ewarm\List\quad_drone.map"       #
#                    --config "C:\Users\Arko\Documents\IAR Embedded           #
#                    Workbench\arm\examples\TexasInstruments\Stellaris\boards #
#                    \dk-lm3s9b96\quad_drone\quad_drone.icf" --semihosting    #
#                    --entry __iar_program_start                              #
#                                                                             #
#                                                                             #
###############################################################################

*******************************************************************************
*** RUNTIME MODEL ATTRIBUTES
***

CppFlavor       = *
__SystemLibrary = DLib


*******************************************************************************
*** PLACEMENT SUMMARY
***

"A1":  place at start of [0x00000000-0x0003ffff] { ro section .intvec };
"P1":  place in [from 0x00000000 to 0x0003ffff] { ro };
"P2":  place in [from 0x20000000 to 0x20017fff] { rw, block HEAP };

  Section            Kind        Address    Size  Object
  -------            ----        -------    ----  ------
"A1":                                      0x11c
  .intvec            const    0x00000000   0x11c  startup.o [1]
                            - 0x0000011c   0x11c

"P1":                                     0x58c8
  .text              ro code  0x0000011c  0x17d0  imu.o [1]
  .text              ro code  0x000018ec    0x56  timer.o [4]
  .text              ro code  0x00001942    0x2e  copy_init3.o [6]
  .text              ro code  0x00001970   0x34c  sysctl.o [4]
  .text              ro code  0x00001cbc    0x30  I32ToFlt.o [5]
  .text              ro code  0x00001cec    0xfc  FltDiv.o [5]
  .text              ro code  0x00001de8    0x24  FltCmpGe.o [5]
  .text              ro code  0x00001e0c    0xd8  FltMul.o [5]
  .text              ro code  0x00001ee4    0xe2  FltSub.o [5]
  .text              ro code  0x00001fc6    0x22  zero_init3.o [6]
  .text              ro code  0x00001fe8    0x82  FltAdd.o [5]
  .text              ro code  0x0000206a     0xa  xsprout.o [3]
  .text              ro code  0x00002074    0x4e  FltToDbl.o [5]
  .text              ro code  0x000020c2     0x6  startup.o [1]
  .text              ro code  0x000020c8    0xf0  sqrt.o [5]
  .text              ro code  0x000021b8   0x246  DblDiv.o [5]
  .text              ro code  0x00002400    0x9c  atan.o [5]
  .text              ro code  0x0000249c    0x90  DblToFlt.o [5]
  .text              ro code  0x0000252c   0x34c  xbee.o [1]
  .text              ro code  0x00002878  0x15fc  fixedmath.o [1]
  .text              ro code  0x00003e74   0x1a2  DblMul.o [5]
  .text              ro code  0x00004018    0xd2  adc.o [4]
  .text              ro code  0x000040ec    0x5c  i2c.o [4]
  .text              ro code  0x00004148   0x198  gpio.o [4]
  .text              ro code  0x000042e0     0xc  iarEdom.o [6]
  .text              ro code  0x000042ec    0x2e  DblCmpLe.o [5]
  .text              ro code  0x0000431c    0x2e  DblCmpGe.o [5]
  .text              ro code  0x00004350   0x1f8  xatan.o [5]
  .text              ro code  0x00004548    0xe0  uart.o [4]
  .text              ro code  0x00004628    0x44  FltToS32.o [5]
  .text              ro code  0x0000466c    0x34  sprintf.o [3]
  .text              ro code  0x000046a0    0x24  FltCmpLe.o [5]
  .text              ro code  0x000046c4   0x12e  I64DivMod.o [6]
  .text              ro code  0x000047f4    0xe6  DblAdd.o [5]
  .text              ro code  0x000048dc    0x56  DblToI32.o [5]
  .text              ro code  0x00004934    0x2e  I32ToDbl.o [5]
  .text              ro code  0x00004964     0xc  errno.o [3]
  .text              ro code  0x00004970   0x11a  xprintftiny.o [3]
  .text              ro code  0x00004a8c     0x2  I64DivZer.o [6]
  .text              ro code  0x00004a90   0x17e  DblSub.o [5]
  .text              ro code  0x00004c0e     0x2  xtls.o [3]
  .text              ro code  0x00004c10    0x36  strlen.o [6]
  .text              ro code  0x00004c48   0x674  control.o [1]
  .text              ro code  0x000052bc    0x24  FltToU32.o [5]
  .text              ro code  0x000052e0    0x80  pwm.o [4]
  .text              ro code  0x00005360   0x3fc  init.o [1]
  .text              ro code  0x0000575c    0x78  interrupt.o [4]
  .text              ro code  0x000057d4     0x8  cpu.o [4]
  .text              ro code  0x000057dc    0xd4  quad_drone.o [1]
  .rodata            const    0x000058b0    0x30  imu.o [1]
  .text              ro code  0x000058e0    0x2c  data_init3.o [6]
  .iar.init_table    const    0x0000590c    0x24  - Linker created -
  .text              ro code  0x00005930    0x16  cmain.o [6]
  .text              ro code  0x00005946     0x4  low_level_init.o [3]
  .text              ro code  0x0000594a     0x8  exit.o [3]
  .text              ro code  0x00005954     0xa  cexit.o [6]
  .text              ro code  0x00005960    0x14  exit.o [7]
  .text              ro code  0x00005974     0xc  cstartup_M.o [6]
  Initializer bytes  ro data  0x00005980    0x64  <for P2 s0>
                            - 0x000059e4  0x58c8

"P2", part 1 of 3:                          0x64
  P2 s0                       0x20000000    0x64  <Init block>
    .data            inited   0x20000000     0x4  control.o [1]
    .data            inited   0x20000004     0x4  control.o [1]
    .data            inited   0x20000008     0x4  control.o [1]
    .data            inited   0x2000000c     0x4  control.o [1]
    .data            inited   0x20000010     0x4  control.o [1]
    .data            inited   0x20000014     0x4  control.o [1]
    .data            inited   0x20000018     0x4  control.o [1]
    .data            inited   0x2000001c     0x4  control.o [1]
    .data            inited   0x20000020     0x4  control.o [1]
    .data            inited   0x20000024     0x4  control.o [1]
    .data            inited   0x20000028     0x4  control.o [1]
    .data            inited   0x2000002c     0x4  imu.o [1]
    .data            inited   0x20000030     0x4  imu.o [1]
    .data            inited   0x20000034     0x4  imu.o [1]
    .data            inited   0x20000038     0x4  imu.o [1]
    .data            inited   0x2000003c     0x4  imu.o [1]
    .data            inited   0x20000040     0x4  imu.o [1]
    .data            inited   0x20000044     0x4  imu.o [1]
    .data            inited   0x20000048     0x4  imu.o [1]
    .data            inited   0x2000004c     0x4  imu.o [1]
    .data            inited   0x20000050     0x4  imu.o [1]
    .data            inited   0x20000054     0x4  imu.o [1]
    .data            inited   0x20000058     0x4  imu.o [1]
    .data            inited   0x2000005c     0x4  imu.o [1]
    .data            inited   0x20000060     0x4  imu.o [1]
                            - 0x20000064    0x64

"P2", part 2 of 3:                         0x214
  .bss               zero     0x20000064    0x30  imu.o [1]
  .bss               zero     0x20000094    0x10  imu.o [1]
  .bss               zero     0x200000a4     0x8  imu.o [1]
  .bss               zero     0x200000ac     0x8  imu.o [1]
  .bss               zero     0x200000b4     0x4  control.o [1]
  .bss               zero     0x200000b8     0x4  control.o [1]
  .bss               zero     0x200000bc     0x4  control.o [1]
  .bss               zero     0x200000c0     0x4  control.o [1]
  .bss               zero     0x200000c4     0x4  control.o [1]
  .bss               zero     0x200000c8     0x4  control.o [1]
  .bss               zero     0x200000cc     0x4  control.o [1]
  .bss               zero     0x200000d0     0x4  control.o [1]
  .bss               zero     0x200000d4     0x4  control.o [1]
  .bss               zero     0x200000d8     0x4  control.o [1]
  .bss               zero     0x200000dc     0x4  control.o [1]
  .bss               zero     0x200000e0     0x4  control.o [1]
  .bss               zero     0x200000e4     0x4  control.o [1]
  .bss               zero     0x200000e8     0x4  control.o [1]
  .bss               zero     0x200000ec     0x4  control.o [1]
  .bss               zero     0x200000f0     0x4  control.o [1]
  .bss               zero     0x200000f4     0x4  control.o [1]
  .bss               zero     0x200000f8     0x4  control.o [1]
  .bss               zero     0x200000fc     0x4  control.o [1]
  .bss               zero     0x20000100     0x4  control.o [1]
  .bss               zero     0x20000104     0x4  control.o [1]
  .bss               zero     0x20000108     0x4  control.o [1]
  .bss               zero     0x2000010c     0x4  control.o [1]
  .bss               zero     0x20000110     0x4  control.o [1]
  .bss               zero     0x20000114     0x4  control.o [1]
  .bss               zero     0x20000118     0x4  control.o [1]
  .bss               zero     0x2000011c     0x4  control.o [1]
  .bss               zero     0x20000120     0x4  control.o [1]
  .bss               zero     0x20000124     0x4  control.o [1]
  .bss               zero     0x20000128     0x4  control.o [1]
  .bss               zero     0x2000012c     0x4  control.o [1]
  .bss               zero     0x20000130     0x4  control.o [1]
  .bss               zero     0x20000134     0x4  control.o [1]
  .bss               zero     0x20000138     0x4  control.o [1]
  .bss               zero     0x2000013c     0x4  control.o [1]
  .bss               zero     0x20000140     0x4  imu.o [1]
  .bss               zero     0x20000144     0x4  imu.o [1]
  .bss               zero     0x20000148     0x4  imu.o [1]
  .bss               zero     0x2000014c     0x4  imu.o [1]
  .bss               zero     0x20000150     0x4  imu.o [1]
  .bss               zero     0x20000154     0x4  imu.o [1]
  .bss               zero     0x20000158     0x4  imu.o [1]
  .bss               zero     0x2000015c     0x4  imu.o [1]
  .bss               zero     0x20000160     0x4  imu.o [1]
  .bss               zero     0x20000164     0x4  imu.o [1]
  .bss               zero     0x20000168     0x4  imu.o [1]
  .bss               zero     0x2000016c     0x4  imu.o [1]
  .bss               zero     0x20000170     0x4  imu.o [1]
  .bss               zero     0x20000174     0x4  imu.o [1]
  .bss               zero     0x20000178     0x4  imu.o [1]
  .bss               zero     0x2000017c     0x4  imu.o [1]
  .bss               zero     0x20000180     0x4  imu.o [1]
  .bss               zero     0x20000184     0x4  imu.o [1]
  .bss               zero     0x20000188     0x4  imu.o [1]
  .bss               zero     0x2000018c     0x4  imu.o [1]
  .bss               zero     0x20000190     0x4  imu.o [1]
  .bss               zero     0x20000194     0x4  imu.o [1]
  .bss               zero     0x20000198     0x4  imu.o [1]
  .bss               zero     0x2000019c     0x4  imu.o [1]
  .bss               zero     0x200001a0     0x4  imu.o [1]
  .bss               zero     0x200001a4     0x4  imu.o [1]
  .bss               zero     0x200001a8     0x4  imu.o [1]
  .bss               zero     0x200001ac     0x4  imu.o [1]
  .bss               zero     0x200001b0     0x4  imu.o [1]
  .bss               zero     0x200001b4     0x4  imu.o [1]
  .bss               zero     0x200001b8     0x4  imu.o [1]
  .bss               zero     0x200001bc     0x4  imu.o [1]
  .bss               zero     0x200001c0     0x4  imu.o [1]
  .bss               zero     0x200001c4     0x4  imu.o [1]
  .bss               zero     0x200001c8     0x4  imu.o [1]
  .bss               zero     0x200001cc     0x4  imu.o [1]
  .bss               zero     0x200001d0     0x4  imu.o [1]
  .bss               zero     0x200001d4     0x4  imu.o [1]
  .bss               zero     0x200001d8     0x4  imu.o [1]
  .bss               zero     0x200001dc     0x4  imu.o [1]
  .bss               zero     0x200001e0     0x4  imu.o [1]
  .bss               zero     0x200001e4     0x4  imu.o [1]
  .bss               zero     0x200001e8     0x4  imu.o [1]
  .bss               zero     0x200001ec     0x4  imu.o [1]
  .bss               zero     0x200001f0     0x4  imu.o [1]
  .bss               zero     0x200001f4     0x4  imu.o [1]
  .bss               zero     0x200001f8     0x4  imu.o [1]
  .bss               zero     0x200001fc     0x4  imu.o [1]
  .bss               zero     0x20000200     0x4  imu.o [1]
  .bss               zero     0x20000204     0x4  imu.o [1]
  .bss               zero     0x20000208     0x4  imu.o [1]
  .bss               zero     0x2000020c     0x4  imu.o [1]
  .bss               zero     0x20000210     0x4  imu.o [1]
  .bss               zero     0x20000214     0x4  imu.o [1]
  .bss               zero     0x20000218     0x4  imu.o [1]
  .bss               zero     0x2000021c     0x4  imu.o [1]
  .bss               zero     0x20000220     0x4  imu.o [1]
  .bss               zero     0x20000224     0x4  imu.o [1]
  .bss               zero     0x20000228     0x4  imu.o [1]
  .bss               zero     0x2000022c     0x4  imu.o [1]
  .bss               zero     0x20000230     0x4  imu.o [1]
  .bss               zero     0x20000234     0x4  imu.o [1]
  .bss               zero     0x20000238     0x4  imu.o [1]
  .bss               zero     0x2000023c     0x4  imu.o [1]
  .bss               zero     0x20000240     0x4  imu.o [1]
  .bss               zero     0x20000244     0x4  imu.o [1]
  .bss               zero     0x20000248     0x4  imu.o [1]
  .bss               zero     0x2000024c     0x4  imu.o [1]
  .bss               zero     0x20000250     0x4  imu.o [1]
  .bss               zero     0x20000254     0x4  imu.o [1]
  .bss               zero     0x20000258     0x4  imu.o [1]
  .bss               zero     0x2000025c     0x4  imu.o [1]
  .bss               zero     0x20000260     0x4  imu.o [1]
  .bss               zero     0x20000264     0x4  imu.o [1]
  .bss               zero     0x20000268     0x4  imu.o [1]
  .bss               zero     0x2000026c     0x4  xbee.o [1]
  .bss               zero     0x20000270     0x4  xbee.o [1]
  __DLIB_PERTHREAD   zero     0x20000274     0x4  errno.o [3]
                            - 0x20000278   0x214

"P2", part 3 of 3:                         0x100
  .noinit            uninit   0x20000278   0x100  startup.o [1]
                            - 0x20000378   0x100


*******************************************************************************
*** INIT TABLE
***

          Address     Size
          -------     ----
Zero (__iar_zero_init3)
    1 destination range, total size 0x214:
          0x20000064  0x214

Copy (__iar_copy_init3)
    1 source range, total size 0x64:
          0x00005980   0x64
    1 destination range, total size 0x64:
          0x20000000   0x64


*******************************************************************************
*** MODULE SUMMARY
***

    Module            ro code  ro data  rw data
    ------            -------  -------  -------
C:\Users\Arko\Documents\IAR Embedded Workbench\arm\examples\TexasInstruments\Stellaris\boards\dk-lm3s9b96\quad_drone\ewarm\Obj: [1]
    control.o           1 652       44      184
    fixedmath.o         5 628
    imu.o               6 096      104      436
    init.o              1 020
    quad_drone.o          212
    startup.o               6      284      256
    xbee.o                844                 8
    -------------------------------------------
    Total:             15 458      432      884

command line: [2]
    -------------------------------------------
    Total:

dl7M_tlf.a: [3]
    errno.o                12                 4
    exit.o                  8
    low_level_init.o        4
    sprintf.o              52
    xprintftiny.o         282
    xsprout.o              10
    xtls.o                  2
    -------------------------------------------
    Total:                370                 4

driverlib.a: [4]
    adc.o                 210
    cpu.o                   8
    gpio.o                408
    i2c.o                  92
    interrupt.o           120
    pwm.o                 128
    sysctl.o              844
    timer.o                86
    uart.o                224
    -------------------------------------------
    Total:              2 120

m7M_tl.a: [5]
    DblAdd.o              230
    DblCmpGe.o             46
    DblCmpLe.o             46
    DblDiv.o              582
    DblMul.o              418
    DblSub.o              382
    DblToFlt.o            144
    DblToI32.o             86
    FltAdd.o              130
    FltCmpGe.o             36
    FltCmpLe.o             36
    FltDiv.o              252
    FltMul.o              216
    FltSub.o              226
    FltToDbl.o             78
    FltToS32.o             68
    FltToU32.o             36
    I32ToDbl.o             46
    I32ToFlt.o             48
    atan.o                156
    sqrt.o                240
    xatan.o               504
    -------------------------------------------
    Total:              4 006

rt7M_tl.a: [6]
    I64DivMod.o           302
    I64DivZer.o             2
    cexit.o                10
    cmain.o                22
    copy_init3.o           46
    cstartup_M.o           12
    data_init3.o           44
    iarEdom.o              12
    strlen.o               54
    zero_init3.o           34
    -------------------------------------------
    Total:                538

shb_l.a: [7]
    exit.o                 20
    -------------------------------------------
    Total:                 20

    Gaps                   32
    Linker created                  36
-----------------------------------------------
    Grand Total:       22 544      468      888


*******************************************************************************
*** ENTRY LIST
***

Entry                      Address   Size  Type      Object
-----                      -------   ----  ----      ------
?main                   0x00005931         Code  Gb  cmain.o [6]
ADCIntClear             0x00004039    0xa  Code  Gb  adc.o [4]
ADCIntEnable            0x00004019    0xe  Code  Gb  adc.o [4]
ADCIntStatus            0x00004027   0x12  Code  Gb  adc.o [4]
ADCProcessorTrigger     0x000040e1    0xa  Code  Gb  adc.o [4]
ADCSequenceConfigure    0x00004061   0x30  Code  Gb  adc.o [4]
ADCSequenceDataGet      0x000040c3   0x1e  Code  Gb  adc.o [4]
ADCSequenceDisable      0x00004051    0x2  Code  Gb  adc.o [4]
ADCSequenceEnable       0x00004043    0x8  Code  Gb  adc.o [4]
ADCSequenceStepConfigure
                        0x00004091   0x32  Code  Gb  adc.o [4]
CPUcpsie                0x000057d5    0x8  Code  Gb  cpu.o [4]
FaultISR                0x000020c5    0x2  Code  Lc  startup.o [1]
GPIODirModeSet          0x00004149   0x28  Code  Gb  gpio.o [4]
GPIOPadConfigSet        0x00004171   0x98  Code  Gb  gpio.o [4]
GPIOPinConfigure        0x00004253   0x40  Code  Gb  gpio.o [4]
GPIOPinTypeADC          0x0000420f    0x4  Code  Gb  gpio.o [4]
GPIOPinTypeI2C          0x0000422d    0xa  Code  Gb  gpio.o [4]
GPIOPinTypePWM          0x00004237    0xa  Code  Gb  gpio.o [4]
GPIOPinTypeUART         0x00004249    0xa  Code  Gb  gpio.o [4]
GPIOPinWrite            0x00004209    0x6  Code  Gb  gpio.o [4]
I2CMasterBusy           0x00004131    0xc  Code  Gb  i2c.o [4]
I2CMasterControl        0x0000413d    0x4  Code  Gb  i2c.o [4]
I2CMasterDataGet        0x00004145    0x4  Code  Gb  i2c.o [4]
I2CMasterDataPut        0x00004141    0x4  Code  Gb  i2c.o [4]
I2CMasterEnable         0x00004113    0xc  Code  Gb  i2c.o [4]
I2CMasterInitExpClk     0x000040ed   0x26  Code  Gb  i2c.o [4]
I2CMasterSlaveAddrSet   0x00004129    0x8  Code  Gb  i2c.o [4]
InitADC                 0x00005361   0xb2  Code  Gb  init.o [1]
InitI2C                 0x0000553f  0x110  Code  Gb  init.o [1]
InitPWM                 0x00005413  0x12c  Code  Gb  init.o [1]
InitTIMER               0x00005687   0x78  Code  Gb  init.o [1]
InitUART                0x0000564f   0x38  Code  Gb  init.o [1]
IntDefaultHandler       0x000020c7    0x2  Code  Lc  startup.o [1]
IntEnable               0x00005767   0x4e  Code  Gb  interrupt.o [4]
IntMasterEnable         0x0000575d    0xa  Code  Gb  interrupt.o [4]
NmiSR                   0x000020c3    0x2  Code  Lc  startup.o [1]
PIDTune                 0x00005141   0xa8  Code  Gb  control.o [1]
PWMGenConfigure         0x000052e1   0x2c  Code  Gb  pwm.o [4]
PWMGenEnable            0x00005325    0x6  Code  Gb  pwm.o [4]
PWMGenPeriodSet         0x00005311   0x14  Code  Gb  pwm.o [4]
PWMOutputState          0x0000534f   0x12  Code  Gb  pwm.o [4]
PWMPulseWidthSet        0x0000532b   0x1c  Code  Gb  pwm.o [4]
Q_angle                 0x000058d4    0x4  Data  Gb  imu.o [1]
Q_gyro                  0x000058d8    0x4  Data  Gb  imu.o [1]
R_angle                 0x000058dc    0x4  Data  Gb  imu.o [1]
Region$$Table$$Base     0x0000590c          --   Gb  - Linker created -
Region$$Table$$Limit    0x00005930          --   Gb  - Linker created -
SysCtlClockGet          0x00001aa7  0x15c  Code  Gb  sysctl.o [4]
SysCtlClockSet          0x00001999  0x10e  Code  Gb  sysctl.o [4]
SysCtlDelay             0x00001991    0x8  Code  Gb  sysctl.o [4]
SysCtlPWMClockSet       0x00001c03    0xa  Code  Gb  sysctl.o [4]
SysCtlPeripheralEnable  0x00001971    0x8  Code  Gb  sysctl.o [4]
TimerConfigure          0x000018f9   0x1e  Code  Gb  timer.o [4]
TimerControlStall       0x00001917   0x18  Code  Gb  timer.o [4]
TimerEnable             0x000018ed    0xc  Code  Gb  timer.o [4]
TimerValueGet           0x0000192f    0xa  Code  Gb  timer.o [4]
UARTBusy                0x00004603    0xc  Code  Gb  uart.o [4]
UARTCharGetNonBlocking  0x000045e5    0xe  Code  Gb  uart.o [4]
UARTCharPutNonBlocking  0x000045f3   0x10  Code  Gb  uart.o [4]
UARTCharsAvail          0x000045d3    0x8  Code  Gb  uart.o [4]
UARTConfigSetExpClk     0x00004549   0x4c  Code  Gb  uart.o [4]
UARTDisable             0x000045af   0x1e  Code  Gb  uart.o [4]
UARTEnable              0x00004595   0x1a  Code  Gb  uart.o [4]
UARTIntClear            0x00004625    0x4  Code  Gb  uart.o [4]
UARTIntEnable           0x00004615    0x6  Code  Gb  uart.o [4]
UARTIntHandler          0x00005865   0x32  Code  Gb  quad_drone.o [1]
UARTIntStatus           0x0000461b    0xa  Code  Gb  uart.o [4]
UARTSend                0x0000252d   0x28  Code  Gb  xbee.o [1]
_PrintfTiny             0x00004971  0x11a  Code  Gb  xprintftiny.o [3]
_SProut                 0x0000206b    0xa  Code  Gb  xsprout.o [3]
__aeabi_cdcmple         0x000042ed         Code  Gb  DblCmpLe.o [5]
__aeabi_cdrcmple        0x0000431d         Code  Gb  DblCmpGe.o [5]
__aeabi_cfcmple         0x000046a1         Code  Gb  FltCmpLe.o [5]
__aeabi_cfrcmple        0x00001de9         Code  Gb  FltCmpGe.o [5]
__aeabi_d2f             0x0000249d         Code  Gb  DblToFlt.o [5]
__aeabi_d2iz            0x000048dd         Code  Gb  DblToI32.o [5]
__aeabi_d2uiz           0x00004909         Code  Gb  DblToI32.o [5]
__aeabi_dadd            0x000047f5         Code  Gb  DblAdd.o [5]
__aeabi_ddiv            0x000021b9         Code  Gb  DblDiv.o [5]
__aeabi_dmul            0x00003e75         Code  Gb  DblMul.o [5]
__aeabi_dsub            0x00004a91         Code  Gb  DblSub.o [5]
__aeabi_errno_addr      0x00004965    0x6  Code  Gb  errno.o [3]
__aeabi_f2d             0x00002075         Code  Gb  FltToDbl.o [5]
__aeabi_f2iz            0x00004629         Code  Gb  FltToS32.o [5]
__aeabi_f2uiz           0x000052bd         Code  Gb  FltToU32.o [5]
__aeabi_fadd            0x00001fe9         Code  Gb  FltAdd.o [5]
__aeabi_fdiv            0x00001ced         Code  Gb  FltDiv.o [5]
__aeabi_fmul            0x00001e0d         Code  Gb  FltMul.o [5]
__aeabi_fsub            0x00001ee5         Code  Gb  FltSub.o [5]
__aeabi_i2d             0x00004935         Code  Gb  I32ToDbl.o [5]
__aeabi_i2f             0x00001cbd         Code  Gb  I32ToFlt.o [5]
__aeabi_ldiv0           0x00004a8d         Code  Gb  I64DivZer.o [6]
__aeabi_ldivmod         0x000046c5         Code  Gb  I64DivMod.o [6]
__aeabi_ui2d            0x00004949         Code  Gb  I32ToDbl.o [5]
__aeabi_ui2f            0x00001cd1         Code  Gb  I32ToFlt.o [5]
__aeabi_uldivmod        0x000046d9         Code  Gb  I64DivMod.o [6]
__cmain                 0x00005931         Code  Gb  cmain.o [6]
__exit                  0x00005961   0x14  Code  Gb  exit.o [7]
__iar_Atan              0x00004351  0x15e  Code  Gb  xatan.o [5]
__iar_Errno             0x20000274    0x4  Data  Gb  errno.o [3]
__iar_copy_init3        0x00001943   0x2e  Code  Gb  copy_init3.o [6]
__iar_d2uiz             0x00004913         Code  Gb  DblToI32.o [5]
__iar_dadd              0x00004807         Code  Gb  DblAdd.o [5]
__iar_data_init3        0x000058e1   0x2c  Code  Gb  data_init3.o [6]
__iar_dlib_perthread_access
                        0x00004c0f    0x2  Code  Gb  xtls.o [3]
__iar_dsub              0x00004aa3         Code  Gb  DblSub.o [5]
__iar_dsubStart         0x00004ab5         Code  Gb  DblSub.o [5]
__iar_edom              0x000042e1         Code  Gb  iarEdom.o [6]
__iar_fadd              0x00001ff7         Code  Gb  FltAdd.o [5]
__iar_fsub              0x00001ef3         Code  Gb  FltSub.o [5]
__iar_fsubStart         0x00001f01         Code  Gb  FltSub.o [5]
__iar_program_start     0x00005975         Code  Gb  cstartup_M.o [6]
__iar_sqrt              0x000020c9         Code  Gb  sqrt.o [5]
__iar_ui2d              0x0000494b         Code  Gb  I32ToDbl.o [5]
__iar_ui2f              0x00001cd3         Code  Gb  I32ToFlt.o [5]
__iar_zero_init3        0x00001fc7   0x22  Code  Gb  zero_init3.o [6]
__low_level_init        0x00005947    0x4  Code  Gb  low_level_init.o [3]
__vector_table          0x00000000  0x11c  Data  Gb  startup.o [1]
_acos_tbl               0x00003670  0x804  Data  Gb  fixedmath.o [1]
_call_main              0x0000593d         Code  Gb  cmain.o [6]
_cos_tbl                0x00002a70  0x800  Data  Gb  fixedmath.o [1]
_exit                   0x00005955         Code  Gb  cexit.o [6]
_main                   0x00005943         Code  Gb  cmain.o [6]
_tan_tbl                0x00003270  0x400  Data  Gb  fixedmath.o [1]
a                       0x00004508   0x40  Data  Lc  xatan.o [5]
adc_values              0x20000094   0x10  Data  Gb  imu.o [1]
atan                    0x00002401   0x9c  Code  Gb  atan.o [5]
compass_values          0x200000ac    0x8  Data  Gb  imu.o [1]
control                 0x00004c49  0x450  Code  Gb  control.o [1]
controlDelay            0x20000270    0x4  Data  Gb  xbee.o [1]
convert_180_Pi          0x00001378    0x4  Data  Gb  imu.o [1]
convert_Pi_180          0x00001374    0x4  Data  Gb  imu.o [1]
cos_phi                 0x200001d4    0x4  Data  Gb  imu.o [1]
cos_psi                 0x200001dc    0x4  Data  Gb  imu.o [1]
cos_theta               0x200001d8    0x4  Data  Gb  imu.o [1]
currentTimer            0x200001f0    0x4  Data  Gb  imu.o [1]
dt                      0x2000012c    0x4  Data  Lc  control.o [1]
dt                      0x20000060    0x4  Data  Gb  imu.o [1]
exit                    0x0000594b    0x8  Code  Gb  exit.o [3]
fixadd                  0x00002879   0x2a  Code  Gb  fixedmath.o [1]
fixasin                 0x00002919   0x28  Code  Gb  fixedmath.o [1]
fixatan                 0x000029af   0x58  Code  Gb  fixedmath.o [1]
fixatan2                0x00002a07   0x4a  Code  Gb  fixedmath.o [1]
fixcos                  0x000028f1   0x14  Code  Gb  fixedmath.o [1]
fixdiv                  0x000028db   0x16  Code  Gb  fixedmath.o [1]
fixmul                  0x000028cd    0xe  Code  Gb  fixedmath.o [1]
fixsin                  0x00002905   0x14  Code  Gb  fixedmath.o [1]
fixsub                  0x000028a3   0x2a  Code  Gb  fixedmath.o [1]
fixtof                  0x0000299f   0x10  Code  Gb  fixedmath.o [1]
ftofix                  0x00002941   0x5e  Code  Gb  fixedmath.o [1]
g_pulGPIOBaseAddrs      0x00004298   0x48  Data  Lc  gpio.o [4]
g_pulRCGCRegs           0x00001c54    0xc  Data  Lc  sysctl.o [4]
g_pulXtals              0x00001c60   0x5c  Data  Lc  sysctl.o [4]
gyro_values             0x200000a4    0x8  Data  Gb  imu.o [1]
imuStartup              0x00001519    0x8  Code  Gb  imu.o [1]
imu_st_cal              0x20000064   0x30  Data  Gb  imu.o [1]
m1_scale                0x2000001c    0x4  Data  Gb  control.o [1]
m2_scale                0x20000020    0x4  Data  Gb  control.o [1]
m3_scale                0x20000024    0x4  Data  Gb  control.o [1]
m4_scale                0x20000028    0x4  Data  Gb  control.o [1]
main                    0x000057dd   0x88  Code  Gb  quad_drone.o [1]
measuredDt              0x200001f8    0x4  Data  Gb  imu.o [1]
motorSpinup             0x00005099   0xa8  Code  Gb  control.o [1]
motor_lowerbound        0x20000018    0x4  Data  Gb  control.o [1]
motor_upperbound        0x20000014    0x4  Data  Gb  control.o [1]
phi                     0x200001c8    0x4  Data  Gb  imu.o [1]
previousTimer           0x200001ec    0x4  Data  Gb  imu.o [1]
psi                     0x200001d0    0x4  Data  Gb  imu.o [1]
pulStack                0x20000278  0x100  Data  Lc  startup.o [1]
q0                      0x200001b8    0x4  Data  Gb  imu.o [1]
q1                      0x200001bc    0x4  Data  Gb  imu.o [1]
q2                      0x200001c0    0x4  Data  Gb  imu.o [1]
q3                      0x200001c4    0x4  Data  Gb  imu.o [1]
rad_byte                0x00001520    0x4  Data  Gb  imu.o [1]
readAccel               0x0000115d   0x5e  Code  Gb  imu.o [1]
readCompass             0x0000137d  0x15c  Code  Gb  imu.o [1]
readGyro                0x000011d9  0x15c  Code  Gb  imu.o [1]
readIMU                 0x0000011d  0xb5c  Code  Gb  imu.o [1]
sendControlTelemetry    0x00002673  0x150  Code  Gb  xbee.o [1]
sendDataTelemetry       0x00002555  0x11e  Code  Gb  xbee.o [1]
sensorsSelfTest         0x00001525  0x31c  Code  Gb  imu.o [1]
sin_phi                 0x200001e0    0x4  Data  Gb  imu.o [1]
sin_psi                 0x200001e8    0x4  Data  Gb  imu.o [1]
sin_theta               0x200001e4    0x4  Data  Gb  imu.o [1]
sprintf                 0x0000466d   0x34  Code  Gb  sprintf.o [3]
sqrt                    0x000020c9         Code  Gb  sqrt.o [5]
sqrtl                   0x000020c9         Code  Gb  sqrt.o [5]
startFlag               0x200001f4    0x4  Data  Gb  imu.o [1]
strlen                  0x00004c11         Code  Gb  strlen.o [6]
temp_raw                0x20000268    0x4  Data  Gb  imu.o [1]
theta                   0x200001cc    0x4  Data  Gb  imu.o [1]
uartDelay               0x2000026c    0x4  Data  Gb  xbee.o [1]
updateState             0x00000d35  0x40e  Code  Gb  imu.o [1]
xK_0                    0x20000204    0x4  Data  Gb  imu.o [1]
xK_1                    0x20000208    0x4  Data  Gb  imu.o [1]
xP_00                   0x2000020c    0x4  Data  Gb  imu.o [1]
xP_01                   0x20000210    0x4  Data  Gb  imu.o [1]
xP_10                   0x20000214    0x4  Data  Gb  imu.o [1]
xP_11                   0x20000218    0x4  Data  Gb  imu.o [1]
xS                      0x20000200    0x4  Data  Gb  imu.o [1]
x_Dgain                 0x200000c8    0x4  Data  Gb  control.o [1]
x_Dterm                 0x200000bc    0x4  Data  Gb  control.o [1]
x_Dterm_1               0x200000d0    0x4  Data  Gb  control.o [1]
x_Dterm_2               0x200000d4    0x4  Data  Gb  control.o [1]
x_Dterm_3               0x200000d8    0x4  Data  Gb  control.o [1]
x_Fgain                 0x200000cc    0x4  Data  Gb  control.o [1]
x_Igain                 0x200000c4    0x4  Data  Gb  control.o [1]
x_Iterm                 0x200000b8    0x4  Data  Gb  control.o [1]
x_Pgain                 0x20000000    0x4  Data  Gb  control.o [1]
x_Pterm                 0x200000b4    0x4  Data  Gb  control.o [1]
x_acc_g_convert         0x000058c8    0x4  Data  Gb  imu.o [1]
x_acc_offset            0x2000014c    0x4  Data  Gb  imu.o [1]
x_acc_rad               0x20000164    0x4  Data  Gb  imu.o [1]
x_acc_raw               0x20000140    0x4  Data  Gb  imu.o [1]
x_acc_shift             0x000058b0    0x4  Data  Gb  imu.o [1]
x_acc_v_convert         0x000058bc    0x4  Data  Gb  imu.o [1]
x_accel                 0x20000158    0x4  Data  Gb  imu.o [1]
x_ang_vel               0x20000120    0x4  Data  Lc  control.o [1]
x_angle                 0x2000011c    0x4  Data  Lc  control.o [1]
x_angle                 0x20000170    0x4  Data  Gb  imu.o [1]
x_angle_error           0x200000dc    0x4  Data  Gb  control.o [1]
x_angle_offset          0x2000002c    0x4  Data  Gb  imu.o [1]
x_angle_scale           0x20000034    0x4  Data  Gb  imu.o [1]
x_angle_vel_term        0x200000c0    0x4  Data  Gb  control.o [1]
x_bias                  0x2000003c    0x4  Data  Gb  imu.o [1]
x_cmd_angle             0x200000e0    0x4  Data  Gb  control.o [1]
x_comp_raw              0x2000025c    0x4  Data  Gb  imu.o [1]
x_gyro_offset           0x20000048    0x4  Data  Gb  imu.o [1]
x_gyro_rad_sec          0x20000188    0x4  Data  Gb  imu.o [1]
x_gyro_rad_sec_1        0x2000018c    0x4  Data  Gb  imu.o [1]
x_gyro_rad_sec_2        0x20000190    0x4  Data  Gb  imu.o [1]
x_gyro_rad_sec_3        0x20000194    0x4  Data  Gb  imu.o [1]
x_gyro_raw              0x2000017c    0x4  Data  Gb  imu.o [1]
x_gyro_scale            0x20000054    0x4  Data  Gb  imu.o [1]
x_motor_dutycycle_m3    0x20000138    0x4  Data  Gb  control.o [1]
x_motor_dutycycle_m4    0x2000013c    0x4  Data  Gb  control.o [1]
x_old_angle             0x200000e4    0x4  Data  Gb  control.o [1]
x_torque                0x200000e8    0x4  Data  Gb  control.o [1]
x_y                     0x200001fc    0x4  Data  Gb  imu.o [1]
yK_0                    0x20000224    0x4  Data  Gb  imu.o [1]
yK_1                    0x20000228    0x4  Data  Gb  imu.o [1]
yP_00                   0x2000022c    0x4  Data  Gb  imu.o [1]
yP_01                   0x20000230    0x4  Data  Gb  imu.o [1]
yP_10                   0x20000234    0x4  Data  Gb  imu.o [1]
yP_11                   0x20000238    0x4  Data  Gb  imu.o [1]
yS                      0x20000220    0x4  Data  Gb  imu.o [1]
y_Dgain                 0x2000000c    0x4  Data  Gb  control.o [1]
y_Dterm                 0x200000f4    0x4  Data  Gb  control.o [1]
y_Dterm_1               0x20000100    0x4  Data  Gb  control.o [1]
y_Dterm_2               0x20000104    0x4  Data  Gb  control.o [1]
y_Dterm_3               0x20000108    0x4  Data  Gb  control.o [1]
y_Fgain                 0x200000fc    0x4  Data  Gb  control.o [1]
y_Igain                 0x20000008    0x4  Data  Gb  control.o [1]
y_Iterm                 0x200000f0    0x4  Data  Gb  control.o [1]
y_Pgain                 0x20000004    0x4  Data  Gb  control.o [1]
y_Pterm                 0x200000ec    0x4  Data  Gb  control.o [1]
y_acc_g_convert         0x000058cc    0x4  Data  Gb  imu.o [1]
y_acc_offset            0x20000150    0x4  Data  Gb  imu.o [1]
y_acc_rad               0x20000168    0x4  Data  Gb  imu.o [1]
y_acc_raw               0x20000144    0x4  Data  Gb  imu.o [1]
y_acc_shift             0x000058b4    0x4  Data  Gb  imu.o [1]
y_acc_v_convert         0x000058c0    0x4  Data  Gb  imu.o [1]
y_accel                 0x2000015c    0x4  Data  Gb  imu.o [1]
y_ang_vel               0x20000128    0x4  Data  Lc  control.o [1]
y_angle                 0x20000124    0x4  Data  Lc  control.o [1]
y_angle                 0x20000174    0x4  Data  Gb  imu.o [1]
y_angle_error           0x2000010c    0x4  Data  Gb  control.o [1]
y_angle_offset          0x20000030    0x4  Data  Gb  imu.o [1]
y_angle_scale           0x20000038    0x4  Data  Gb  imu.o [1]
y_angle_vel_term        0x200000f8    0x4  Data  Gb  control.o [1]
y_bias                  0x20000040    0x4  Data  Gb  imu.o [1]
y_cmd_angle             0x20000110    0x4  Data  Gb  control.o [1]
y_comp_raw              0x20000260    0x4  Data  Gb  imu.o [1]
y_gyro_offset           0x2000004c    0x4  Data  Gb  imu.o [1]
y_gyro_rad_sec          0x20000198    0x4  Data  Gb  imu.o [1]
y_gyro_rad_sec_1        0x2000019c    0x4  Data  Gb  imu.o [1]
y_gyro_rad_sec_2        0x200001a0    0x4  Data  Gb  imu.o [1]
y_gyro_rad_sec_3        0x200001a4    0x4  Data  Gb  imu.o [1]
y_gyro_raw              0x20000180    0x4  Data  Gb  imu.o [1]
y_gyro_scale            0x20000058    0x4  Data  Gb  imu.o [1]
y_motor_dutycycle_m1    0x20000130    0x4  Data  Gb  control.o [1]
y_motor_dutycycle_m2    0x20000134    0x4  Data  Gb  control.o [1]
y_old_angle             0x20000114    0x4  Data  Gb  control.o [1]
y_torque                0x20000118    0x4  Data  Gb  control.o [1]
y_y                     0x2000021c    0x4  Data  Gb  imu.o [1]
zK_0                    0x20000244    0x4  Data  Gb  imu.o [1]
zK_1                    0x20000248    0x4  Data  Gb  imu.o [1]
zP_00                   0x2000024c    0x4  Data  Gb  imu.o [1]
zP_01                   0x20000250    0x4  Data  Gb  imu.o [1]
zP_10                   0x20000254    0x4  Data  Gb  imu.o [1]
zP_11                   0x20000258    0x4  Data  Gb  imu.o [1]
zS                      0x20000240    0x4  Data  Gb  imu.o [1]
z_acc_g_convert         0x000058d0    0x4  Data  Gb  imu.o [1]
z_acc_offset            0x20000154    0x4  Data  Gb  imu.o [1]
z_acc_rad               0x2000016c    0x4  Data  Gb  imu.o [1]
z_acc_raw               0x20000148    0x4  Data  Gb  imu.o [1]
z_acc_shift             0x000058b8    0x4  Data  Gb  imu.o [1]
z_acc_v_convert         0x000058c4    0x4  Data  Gb  imu.o [1]
z_accel                 0x20000160    0x4  Data  Gb  imu.o [1]
z_angle                 0x20000178    0x4  Data  Gb  imu.o [1]
z_bias                  0x20000044    0x4  Data  Gb  imu.o [1]
z_comp_raw              0x20000264    0x4  Data  Gb  imu.o [1]
z_gyro_offset           0x20000050    0x4  Data  Gb  imu.o [1]
z_gyro_rad_sec          0x200001a8    0x4  Data  Gb  imu.o [1]
z_gyro_rad_sec_1        0x200001ac    0x4  Data  Gb  imu.o [1]
z_gyro_rad_sec_2        0x200001b0    0x4  Data  Gb  imu.o [1]
z_gyro_rad_sec_3        0x200001b4    0x4  Data  Gb  imu.o [1]
z_gyro_raw              0x20000184    0x4  Data  Gb  imu.o [1]
z_gyro_scale            0x2000005c    0x4  Data  Gb  imu.o [1]
z_thrust                0x20000010    0x4  Data  Gb  control.o [1]
z_y                     0x2000023c    0x4  Data  Gb  imu.o [1]


[1] = C:\Users\Arko\Documents\IAR Embedded Workbench\arm\examples\TexasInstruments\Stellaris\boards\dk-lm3s9b96\quad_drone\ewarm\Obj
[2] = command line
[3] = dl7M_tlf.a
[4] = driverlib.a
[5] = m7M_tl.a
[6] = rt7M_tl.a
[7] = shb_l.a

  22 544 bytes of readonly  code memory
     468 bytes of readonly  data memory
     888 bytes of readwrite data memory

Errors: none
Warnings: none
