###############################################################################
#                                                                             #
# IAR ELF Linker V6.10.2.52244/W32 for ARM              09/Mar/2011  02:09:29 #
# Copyright 2007-2010 IAR Systems AB.                                         #
#                                                                             #
#    Output file  =  C:\Users\Arko\Documents\IAR Embedded                     #
#                    Workbench\arm\examples\TexasInstruments\Stellaris\boards #
#                    \dk-lm3s9b96\quad_drone\ewarm\Exe\quad_drone.out         #
#    Map file     =  C:\Users\Arko\Documents\IAR Embedded                     #
#                    Workbench\arm\examples\TexasInstruments\Stellaris\boards #
#                    \dk-lm3s9b96\quad_drone\ewarm\List\quad_drone.map        #
#    Command line =  "C:\Users\Arko\Documents\IAR Embedded                    #
#                    Workbench\arm\examples\TexasInstruments\Stellaris\boards #
#                    \dk-lm3s9b96\quad_drone\ewarm\Obj\control.o"             #
#                    "C:\Users\Arko\Documents\IAR Embedded                    #
#                    Workbench\arm\examples\TexasInstruments\Stellaris\boards #
#                    \dk-lm3s9b96\quad_drone\ewarm\Obj\imu.o"                 #
#                    "C:\Users\Arko\Documents\IAR Embedded                    #
#                    Workbench\arm\examples\TexasInstruments\Stellaris\boards #
#                    \dk-lm3s9b96\quad_drone\ewarm\Obj\init.o"                #
#                    "C:\Users\Arko\Documents\IAR Embedded                    #
#                    Workbench\arm\examples\TexasInstruments\Stellaris\boards #
#                    \dk-lm3s9b96\quad_drone\ewarm\Obj\quad_drone.o"          #
#                    "C:\Users\Arko\Documents\IAR Embedded                    #
#                    Workbench\arm\examples\TexasInstruments\Stellaris\boards #
#                    \dk-lm3s9b96\quad_drone\ewarm\Obj\set_pinout.o"          #
#                    "C:\Users\Arko\Documents\IAR Embedded                    #
#                    Workbench\arm\examples\TexasInstruments\Stellaris\boards #
#                    \dk-lm3s9b96\quad_drone\ewarm\Obj\startup.o"             #
#                    "C:\Users\Arko\Documents\IAR Embedded                    #
#                    Workbench\arm\examples\TexasInstruments\Stellaris\boards #
#                    \dk-lm3s9b96\quad_drone\ewarm\Obj\xbee.o"                #
#                    "C:\Users\Arko\Documents\IAR Embedded                    #
#                    Workbench\arm\examples\TexasInstruments\Stellaris\driver #
#                    lib\ewarm\Exe\driverlib.a" "C:\Users\Arko\Documents\IAR  #
#                    Embedded Workbench\arm\examples\TexasInstruments\Stellar #
#                    is\grlib\ewarm\Exe\grlib.a" --redirect                   #
#                    _Printf=_PrintfTiny --redirect _Scanf=_ScanfSmall -o     #
#                    "C:\Users\Arko\Documents\IAR Embedded                    #
#                    Workbench\arm\examples\TexasInstruments\Stellaris\boards #
#                    \dk-lm3s9b96\quad_drone\ewarm\Exe\quad_drone.out" --map  #
#                    "C:\Users\Arko\Documents\IAR Embedded                    #
#                    Workbench\arm\examples\TexasInstruments\Stellaris\boards #
#                    \dk-lm3s9b96\quad_drone\ewarm\List\quad_drone.map"       #
#                    --config "C:\Users\Arko\Documents\IAR Embedded           #
#                    Workbench\arm\examples\TexasInstruments\Stellaris\boards #
#                    \dk-lm3s9b96\quad_drone\quad_drone.icf" --semihosting    #
#                    --entry __iar_program_start                              #
#                                                                             #
#                                                                             #
###############################################################################

*******************************************************************************
*** RUNTIME MODEL ATTRIBUTES
***

CppFlavor       = *
__SystemLibrary = DLib


*******************************************************************************
*** PLACEMENT SUMMARY
***

"A1":  place at start of [0x00000000-0x0003ffff] { ro section .intvec };
"P1":  place in [from 0x00000000 to 0x0003ffff] { ro };
"P2":  place in [from 0x20000000 to 0x20017fff] { rw, block HEAP };

  Section            Kind        Address    Size  Object
  -------            ----        -------    ----  ------
"A1":                                      0x11c
  .intvec            const    0x00000000   0x11c  startup.o [1]
                            - 0x0000011c   0x11c

"P1":                                     0x2c38
  .text              ro code  0x0000011c   0xd4c  imu.o [1]
  .text              ro code  0x00000e68    0x56  timer.o [4]
  .text              ro code  0x00000ebe    0x2e  copy_init3.o [6]
  .text              ro code  0x00000eec   0x34c  sysctl.o [4]
  .text              ro code  0x00001238    0x30  I32ToFlt.o [5]
  .text              ro code  0x00001268    0xfc  FltDiv.o [5]
  .text              ro code  0x00001364    0x24  FltCmpGe.o [5]
  .text              ro code  0x00001388    0xd8  FltMul.o [5]
  .text              ro code  0x00001460    0xe2  FltSub.o [5]
  .text              ro code  0x00001542    0x22  zero_init3.o [6]
  .text              ro code  0x00001564    0x82  FltAdd.o [5]
  .text              ro code  0x000015e6     0x6  startup.o [1]
  .text              ro code  0x000015ec    0x4e  FltToDbl.o [5]
  .text              ro code  0x0000163c    0xf0  sqrt.o [5]
  .text              ro code  0x0000172c   0x246  DblDiv.o [5]
  .text              ro code  0x00001974    0x9c  atan.o [5]
  .text              ro code  0x00001a10    0x90  DblToFlt.o [5]
  .text              ro code  0x00001aa0   0x1a2  DblMul.o [5]
  .text              ro code  0x00001c44    0xe6  DblAdd.o [5]
  .text              ro code  0x00001d2c    0x20  xbee.o [1]
  .text              ro code  0x00001d4c    0xd2  adc.o [4]
  .text              ro code  0x00001e20    0x5c  i2c.o [4]
  .text              ro code  0x00001e7c   0x198  gpio.o [4]
  .text              ro code  0x00002014     0xc  iarEdom.o [6]
  .text              ro code  0x00002020    0x2e  DblCmpLe.o [5]
  .text              ro code  0x00002050    0x2e  DblCmpGe.o [5]
  .text              ro code  0x00002080   0x1f8  xatan.o [5]
  .text              ro code  0x00002278   0x17e  DblSub.o [5]
  .text              ro code  0x000023f8    0xd4  uart.o [4]
  .text              ro code  0x000024cc     0xc  errno.o [3]
  .text              ro code  0x000024d8     0x2  xtls.o [3]
  .text              ro code  0x000024dc   0x400  init.o [1]
  .text              ro code  0x000028dc    0x80  pwm.o [4]
  .text              ro code  0x0000295c    0x78  interrupt.o [4]
  .text              ro code  0x000029d4     0x8  cpu.o [4]
  .text              ro code  0x000029dc   0x1a0  control.o [1]
  .text              ro code  0x00002b7c    0x24  FltToU32.o [5]
  .text              ro code  0x00002ba0    0xd4  quad_drone.o [1]
  .text              ro code  0x00002c74    0x2c  data_init3.o [6]
  .iar.init_table    const    0x00002ca0    0x24  - Linker created -
  .text              ro code  0x00002cc4    0x16  cmain.o [6]
  .text              ro code  0x00002cda     0x4  low_level_init.o [3]
  .text              ro code  0x00002cde     0x8  exit.o [3]
  .text              ro code  0x00002ce8     0xa  cexit.o [6]
  .text              ro code  0x00002cf4    0x14  exit.o [7]
  .text              ro code  0x00002d08     0xc  cstartup_M.o [6]
  Initializer bytes  ro data  0x00002d14    0x40  <for P2 s0>
                            - 0x00002d54  0x2c38

"P2", part 1 of 3:                          0x40
  P2 s0                       0x20000000    0x40  <Init block>
    .data            inited   0x20000000     0x4  control.o [1]
    .data            inited   0x20000004     0x4  control.o [1]
    .data            inited   0x20000008     0x4  imu.o [1]
    .data            inited   0x2000000c     0x4  imu.o [1]
    .data            inited   0x20000010     0x4  imu.o [1]
    .data            inited   0x20000014     0x4  imu.o [1]
    .data            inited   0x20000018     0x4  imu.o [1]
    .data            inited   0x2000001c     0x4  imu.o [1]
    .data            inited   0x20000020     0x4  imu.o [1]
    .data            inited   0x20000024     0x4  imu.o [1]
    .data            inited   0x20000028     0x4  imu.o [1]
    .data            inited   0x2000002c     0x4  imu.o [1]
    .data            inited   0x20000030     0x4  imu.o [1]
    .data            inited   0x20000034     0x4  imu.o [1]
    .data            inited   0x20000038     0x4  imu.o [1]
    .data            inited   0x2000003c     0x4  imu.o [1]
                            - 0x20000040    0x40

"P2", part 2 of 3:                         0x114
  .bss               zero     0x20000040    0x30  imu.o [1]
  .bss               zero     0x20000070    0x10  imu.o [1]
  .bss               zero     0x20000080     0x8  imu.o [1]
  .bss               zero     0x20000088     0x8  imu.o [1]
  .bss               zero     0x20000090     0x4  control.o [1]
  .bss               zero     0x20000094     0x4  control.o [1]
  .bss               zero     0x20000098     0x4  control.o [1]
  .bss               zero     0x2000009c     0x4  control.o [1]
  .bss               zero     0x200000a0     0x4  control.o [1]
  .bss               zero     0x200000a4     0x4  control.o [1]
  .bss               zero     0x200000a8     0x4  control.o [1]
  .bss               zero     0x200000ac     0x4  control.o [1]
  .bss               zero     0x200000b0     0x4  imu.o [1]
  .bss               zero     0x200000b4     0x4  imu.o [1]
  .bss               zero     0x200000b8     0x4  imu.o [1]
  .bss               zero     0x200000bc     0x4  imu.o [1]
  .bss               zero     0x200000c0     0x4  imu.o [1]
  .bss               zero     0x200000c4     0x4  imu.o [1]
  .bss               zero     0x200000c8     0x4  imu.o [1]
  .bss               zero     0x200000cc     0x4  imu.o [1]
  .bss               zero     0x200000d0     0x4  imu.o [1]
  .bss               zero     0x200000d4     0x4  imu.o [1]
  .bss               zero     0x200000d8     0x4  imu.o [1]
  .bss               zero     0x200000dc     0x4  imu.o [1]
  .bss               zero     0x200000e0     0x4  imu.o [1]
  .bss               zero     0x200000e4     0x4  imu.o [1]
  .bss               zero     0x200000e8     0x4  imu.o [1]
  .bss               zero     0x200000ec     0x4  imu.o [1]
  .bss               zero     0x200000f0     0x4  imu.o [1]
  .bss               zero     0x200000f4     0x4  imu.o [1]
  .bss               zero     0x200000f8     0x4  imu.o [1]
  .bss               zero     0x200000fc     0x4  imu.o [1]
  .bss               zero     0x20000100     0x4  imu.o [1]
  .bss               zero     0x20000104     0x4  imu.o [1]
  .bss               zero     0x20000108     0x4  imu.o [1]
  .bss               zero     0x2000010c     0x4  imu.o [1]
  .bss               zero     0x20000110     0x4  imu.o [1]
  .bss               zero     0x20000114     0x4  imu.o [1]
  .bss               zero     0x20000118     0x4  imu.o [1]
  .bss               zero     0x2000011c     0x4  imu.o [1]
  .bss               zero     0x20000120     0x4  imu.o [1]
  .bss               zero     0x20000124     0x4  imu.o [1]
  .bss               zero     0x20000128     0x4  imu.o [1]
  .bss               zero     0x2000012c     0x4  imu.o [1]
  .bss               zero     0x20000130     0x4  imu.o [1]
  .bss               zero     0x20000134     0x4  imu.o [1]
  .bss               zero     0x20000138     0x4  imu.o [1]
  .bss               zero     0x2000013c     0x4  imu.o [1]
  .bss               zero     0x20000140     0x4  imu.o [1]
  .bss               zero     0x20000144     0x4  imu.o [1]
  .bss               zero     0x20000148     0x4  imu.o [1]
  .bss               zero     0x2000014c     0x4  imu.o [1]
  __DLIB_PERTHREAD   zero     0x20000150     0x4  errno.o [3]
                            - 0x20000154   0x114

"P2", part 3 of 3:                         0x100
  .noinit            uninit   0x20000154   0x100  startup.o [1]
                            - 0x20000254   0x100


*******************************************************************************
*** INIT TABLE
***

          Address     Size
          -------     ----
Zero (__iar_zero_init3)
    1 destination range, total size 0x114:
          0x20000040  0x114

Copy (__iar_copy_init3)
    1 source range, total size 0x40:
          0x00002d14   0x40
    1 destination range, total size 0x40:
          0x20000000   0x40


*******************************************************************************
*** MODULE SUMMARY
***

    Module            ro code  ro data  rw data
    ------            -------  -------  -------
C:\Users\Arko\Documents\IAR Embedded Workbench\arm\examples\TexasInstruments\Stellaris\boards\dk-lm3s9b96\quad_drone\ewarm\Obj: [1]
    control.o             416        8       40
    imu.o               3 404       56      296
    init.o              1 024
    quad_drone.o          212
    startup.o               6      284      256
    xbee.o                 32
    -------------------------------------------
    Total:              5 094      348      592

command line: [2]
    -------------------------------------------
    Total:

dl7M_tln.a: [3]
    errno.o                12                 4
    exit.o                  8
    low_level_init.o        4
    xtls.o                  2
    -------------------------------------------
    Total:                 26                 4

driverlib.a: [4]
    adc.o                 210
    cpu.o                   8
    gpio.o                408
    i2c.o                  92
    interrupt.o           120
    pwm.o                 128
    sysctl.o              844
    timer.o                86
    uart.o                212
    -------------------------------------------
    Total:              2 108

m7M_tl.a: [5]
    DblAdd.o              230
    DblCmpGe.o             46
    DblCmpLe.o             46
    DblDiv.o              582
    DblMul.o              418
    DblSub.o              382
    DblToFlt.o            144
    FltAdd.o              130
    FltCmpGe.o             36
    FltDiv.o              252
    FltMul.o              216
    FltSub.o              226
    FltToDbl.o             78
    FltToU32.o             36
    I32ToFlt.o             48
    atan.o                156
    sqrt.o                240
    xatan.o               504
    -------------------------------------------
    Total:              3 770

rt7M_tl.a: [6]
    cexit.o                10
    cmain.o                22
    copy_init3.o           46
    cstartup_M.o           12
    data_init3.o           44
    iarEdom.o              12
    zero_init3.o           34
    -------------------------------------------
    Total:                180

shb_l.a: [7]
    exit.o                 20
    -------------------------------------------
    Total:                 20

    Gaps                   22
    Linker created                  36
-----------------------------------------------
    Grand Total:       11 220      384      596


*******************************************************************************
*** ENTRY LIST
***

Entry                      Address   Size  Type      Object
-----                      -------   ----  ----      ------
?main                   0x00002cc5         Code  Gb  cmain.o [6]
ADCIntClear             0x00001d6d    0xa  Code  Gb  adc.o [4]
ADCIntEnable            0x00001d4d    0xe  Code  Gb  adc.o [4]
ADCIntStatus            0x00001d5b   0x12  Code  Gb  adc.o [4]
ADCProcessorTrigger     0x00001e15    0xa  Code  Gb  adc.o [4]
ADCSequenceConfigure    0x00001d95   0x30  Code  Gb  adc.o [4]
ADCSequenceDataGet      0x00001df7   0x1e  Code  Gb  adc.o [4]
ADCSequenceDisable      0x00001d85    0x2  Code  Gb  adc.o [4]
ADCSequenceEnable       0x00001d77    0x8  Code  Gb  adc.o [4]
ADCSequenceStepConfigure
                        0x00001dc5   0x32  Code  Gb  adc.o [4]
CPUcpsie                0x000029d5    0x8  Code  Gb  cpu.o [4]
Control                 0x000029dd  0x108  Code  Gb  control.o [1]
FaultISR                0x000015e9    0x2  Code  Lc  startup.o [1]
GPIODirModeSet          0x00001e7d   0x28  Code  Gb  gpio.o [4]
GPIOPadConfigSet        0x00001ea5   0x98  Code  Gb  gpio.o [4]
GPIOPinConfigure        0x00001f87   0x40  Code  Gb  gpio.o [4]
GPIOPinTypeADC          0x00001f43    0x4  Code  Gb  gpio.o [4]
GPIOPinTypeI2C          0x00001f61    0xa  Code  Gb  gpio.o [4]
GPIOPinTypePWM          0x00001f6b    0xa  Code  Gb  gpio.o [4]
GPIOPinTypeUART         0x00001f7d    0xa  Code  Gb  gpio.o [4]
GPIOPinWrite            0x00001f3d    0x6  Code  Gb  gpio.o [4]
I2CMasterBusy           0x00001e65    0xc  Code  Gb  i2c.o [4]
I2CMasterControl        0x00001e71    0x4  Code  Gb  i2c.o [4]
I2CMasterDataGet        0x00001e79    0x4  Code  Gb  i2c.o [4]
I2CMasterDataPut        0x00001e75    0x4  Code  Gb  i2c.o [4]
I2CMasterEnable         0x00001e47    0xc  Code  Gb  i2c.o [4]
I2CMasterInitExpClk     0x00001e21   0x26  Code  Gb  i2c.o [4]
I2CMasterSlaveAddrSet   0x00001e5d    0x8  Code  Gb  i2c.o [4]
InitADC                 0x000024dd   0xb2  Code  Gb  init.o [1]
InitI2C                 0x000026c5  0x110  Code  Gb  init.o [1]
InitPWM                 0x0000258f  0x136  Code  Gb  init.o [1]
InitTIMER               0x0000280d   0x78  Code  Gb  init.o [1]
InitUART                0x000027d5   0x38  Code  Gb  init.o [1]
IntDefaultHandler       0x000015eb    0x2  Code  Lc  startup.o [1]
IntEnable               0x00002967   0x4e  Code  Gb  interrupt.o [4]
IntMasterEnable         0x0000295d    0xa  Code  Gb  interrupt.o [4]
NmiSR                   0x000015e7    0x2  Code  Lc  startup.o [1]
PWMGenConfigure         0x000028dd   0x2c  Code  Gb  pwm.o [4]
PWMGenEnable            0x00002921    0x6  Code  Gb  pwm.o [4]
PWMGenPeriodSet         0x0000290d   0x14  Code  Gb  pwm.o [4]
PWMOutputState          0x0000294b   0x12  Code  Gb  pwm.o [4]
PWMPulseWidthSet        0x00002927   0x1c  Code  Gb  pwm.o [4]
Region$$Table$$Base     0x00002ca0          --   Gb  - Linker created -
Region$$Table$$Limit    0x00002cc4          --   Gb  - Linker created -
SysCtlClockGet          0x00001023  0x15c  Code  Gb  sysctl.o [4]
SysCtlClockSet          0x00000f15  0x10e  Code  Gb  sysctl.o [4]
SysCtlDelay             0x00000f0d    0x8  Code  Gb  sysctl.o [4]
SysCtlPWMClockSet       0x0000117f    0xa  Code  Gb  sysctl.o [4]
SysCtlPeripheralEnable  0x00000eed    0x8  Code  Gb  sysctl.o [4]
TimerConfigure          0x00000e75   0x1e  Code  Gb  timer.o [4]
TimerControlStall       0x00000e93   0x18  Code  Gb  timer.o [4]
TimerEnable             0x00000e69    0xc  Code  Gb  timer.o [4]
TimerValueGet           0x00000eab    0xa  Code  Gb  timer.o [4]
UARTCharGetNonBlocking  0x00002495    0xe  Code  Gb  uart.o [4]
UARTCharPutNonBlocking  0x000024a3   0x10  Code  Gb  uart.o [4]
UARTCharsAvail          0x00002483    0x8  Code  Gb  uart.o [4]
UARTConfigSetExpClk     0x000023f9   0x4c  Code  Gb  uart.o [4]
UARTDisable             0x0000245f   0x1e  Code  Gb  uart.o [4]
UARTEnable              0x00002445   0x1a  Code  Gb  uart.o [4]
UARTIntClear            0x000024c9    0x4  Code  Gb  uart.o [4]
UARTIntEnable           0x000024b9    0x6  Code  Gb  uart.o [4]
UARTIntHandler          0x00002c2b   0x32  Code  Gb  quad_drone.o [1]
UARTIntStatus           0x000024bf    0xa  Code  Gb  uart.o [4]
UARTSend                0x00001d2d   0x1c  Code  Gb  xbee.o [1]
__aeabi_cdcmple         0x00002021         Code  Gb  DblCmpLe.o [5]
__aeabi_cdrcmple        0x00002051         Code  Gb  DblCmpGe.o [5]
__aeabi_cfrcmple        0x00001365         Code  Gb  FltCmpGe.o [5]
__aeabi_d2f             0x00001a11         Code  Gb  DblToFlt.o [5]
__aeabi_dadd            0x00001c45         Code  Gb  DblAdd.o [5]
__aeabi_ddiv            0x0000172d         Code  Gb  DblDiv.o [5]
__aeabi_dmul            0x00001aa1         Code  Gb  DblMul.o [5]
__aeabi_dsub            0x00002279         Code  Gb  DblSub.o [5]
__aeabi_errno_addr      0x000024cd    0x6  Code  Gb  errno.o [3]
__aeabi_f2d             0x000015ed         Code  Gb  FltToDbl.o [5]
__aeabi_f2uiz           0x00002b7d         Code  Gb  FltToU32.o [5]
__aeabi_fadd            0x00001565         Code  Gb  FltAdd.o [5]
__aeabi_fdiv            0x00001269         Code  Gb  FltDiv.o [5]
__aeabi_fmul            0x00001389         Code  Gb  FltMul.o [5]
__aeabi_fsub            0x00001461         Code  Gb  FltSub.o [5]
__aeabi_i2f             0x00001239         Code  Gb  I32ToFlt.o [5]
__aeabi_ui2f            0x0000124d         Code  Gb  I32ToFlt.o [5]
__cmain                 0x00002cc5         Code  Gb  cmain.o [6]
__exit                  0x00002cf5   0x14  Code  Gb  exit.o [7]
__iar_Atan              0x00002081  0x15e  Code  Gb  xatan.o [5]
__iar_Errno             0x20000150    0x4  Data  Gb  errno.o [3]
__iar_copy_init3        0x00000ebf   0x2e  Code  Gb  copy_init3.o [6]
__iar_dadd              0x00001c57         Code  Gb  DblAdd.o [5]
__iar_data_init3        0x00002c75   0x2c  Code  Gb  data_init3.o [6]
__iar_dlib_perthread_access
                        0x000024d9    0x2  Code  Gb  xtls.o [3]
__iar_dsub              0x0000228b         Code  Gb  DblSub.o [5]
__iar_dsubStart         0x0000229d         Code  Gb  DblSub.o [5]
__iar_edom              0x00002015         Code  Gb  iarEdom.o [6]
__iar_fadd              0x00001573         Code  Gb  FltAdd.o [5]
__iar_fsub              0x0000146f         Code  Gb  FltSub.o [5]
__iar_fsubStart         0x0000147d         Code  Gb  FltSub.o [5]
__iar_program_start     0x00002d09         Code  Gb  cstartup_M.o [6]
__iar_sqrt              0x0000163d         Code  Gb  sqrt.o [5]
__iar_ui2f              0x0000124f         Code  Gb  I32ToFlt.o [5]
__iar_zero_init3        0x00001543   0x22  Code  Gb  zero_init3.o [6]
__low_level_init        0x00002cdb    0x4  Code  Gb  low_level_init.o [3]
__vector_table          0x00000000  0x11c  Data  Gb  startup.o [1]
_call_main              0x00002cd1         Code  Gb  cmain.o [6]
_exit                   0x00002ce9         Code  Gb  cexit.o [6]
_main                   0x00002cd7         Code  Gb  cmain.o [6]
a                       0x00002238   0x40  Data  Lc  xatan.o [5]
adc_values              0x20000070   0x10  Data  Gb  imu.o [1]
atan                    0x00001975   0x9c  Code  Gb  atan.o [5]
compass_values          0x20000088    0x8  Data  Gb  imu.o [1]
convert_180_Pi          0x00000a1c    0x4  Data  Gb  imu.o [1]
currentTimer            0x2000012c    0x4  Data  Gb  imu.o [1]
dt                      0x2000003c    0x4  Data  Gb  imu.o [1]
exit                    0x00002cdf    0x8  Code  Gb  exit.o [3]
g_pulGPIOBaseAddrs      0x00001fcc   0x48  Data  Lc  gpio.o [4]
g_pulRCGCRegs           0x000011d0    0xc  Data  Lc  sysctl.o [4]
g_pulXtals              0x000011dc   0x5c  Data  Lc  sysctl.o [4]
gyro_values             0x20000080    0x8  Data  Gb  imu.o [1]
imuStartup              0x00000a15    0x8  Code  Gb  imu.o [1]
imu_st_cal              0x20000040   0x30  Data  Gb  imu.o [1]
main                    0x00002ba1   0x8a  Code  Gb  quad_drone.o [1]
measuredDt              0x20000134    0x4  Data  Gb  imu.o [1]
motorSpinup             0x00002ae5   0x44  Code  Gb  control.o [1]
motor_dutycycle_l       0x20000000    0x4  Data  Gb  control.o [1]
motor_dutycycle_r       0x20000004    0x4  Data  Gb  control.o [1]
previousTimer           0x20000128    0x4  Data  Gb  imu.o [1]
pulStack                0x20000154  0x100  Data  Lc  startup.o [1]
readAccel               0x000006c9   0x5e  Code  Gb  imu.o [1]
readCompass             0x00000883  0x15c  Code  Gb  imu.o [1]
readGyro                0x00000727  0x15c  Code  Gb  imu.o [1]
readIMU                 0x0000011d  0x5ac  Code  Gb  imu.o [1]
sensorsSelfTest         0x00000a45  0x31e  Code  Gb  imu.o [1]
sqrt                    0x0000163d         Code  Gb  sqrt.o [5]
sqrtl                   0x0000163d         Code  Gb  sqrt.o [5]
startFlag               0x20000130    0x4  Data  Gb  imu.o [1]
temp_raw                0x20000144    0x4  Data  Gb  imu.o [1]
uartDelay               0x20000148    0x4  Data  Gb  imu.o [1]
x_Dgain                 0x00002b74    0x4  Data  Gb  control.o [1]
x_Dterm                 0x20000098    0x4  Data  Gb  control.o [1]
x_Fgain                 0x00002b78    0x4  Data  Gb  control.o [1]
x_Igain                 0x00002b70    0x4  Data  Gb  control.o [1]
x_Iterm                 0x20000094    0x4  Data  Gb  control.o [1]
x_Pgain                 0x00002b6c    0x4  Data  Gb  control.o [1]
x_Pterm                 0x20000090    0x4  Data  Gb  control.o [1]
x_acc_deg               0x200000d4    0x4  Data  Gb  imu.o [1]
x_acc_g_convert         0x00000a38    0x4  Data  Gb  imu.o [1]
x_acc_offset            0x200000bc    0x4  Data  Gb  imu.o [1]
x_acc_raw               0x200000b0    0x4  Data  Gb  imu.o [1]
x_acc_shift             0x00000a20    0x4  Data  Gb  imu.o [1]
x_acc_v_convert         0x00000a2c    0x4  Data  Gb  imu.o [1]
x_accel                 0x200000c8    0x4  Data  Gb  imu.o [1]
x_ang                   0x2000014c    0x4  Data  Gb  imu.o [1]
x_angle                 0x200000e0    0x4  Data  Gb  imu.o [1]
x_angle_error           0x200000a0    0x4  Data  Gb  control.o [1]
x_angle_offset          0x20000008    0x4  Data  Gb  imu.o [1]
x_angle_scale           0x20000010    0x4  Data  Gb  imu.o [1]
x_angle_vel_term        0x2000009c    0x4  Data  Gb  control.o [1]
x_bias                  0x20000018    0x4  Data  Gb  imu.o [1]
x_cmd_angle             0x200000a4    0x4  Data  Gb  control.o [1]
x_comp_raw              0x20000138    0x4  Data  Gb  imu.o [1]
x_gyro_deg_sec          0x200000f8    0x4  Data  Gb  imu.o [1]
x_gyro_deg_sec_1        0x200000fc    0x4  Data  Gb  imu.o [1]
x_gyro_deg_sec_2        0x20000100    0x4  Data  Gb  imu.o [1]
x_gyro_deg_sec_3        0x20000104    0x4  Data  Gb  imu.o [1]
x_gyro_offset           0x20000024    0x4  Data  Gb  imu.o [1]
x_gyro_raw              0x200000ec    0x4  Data  Gb  imu.o [1]
x_gyro_scale            0x20000030    0x4  Data  Gb  imu.o [1]
x_old_angle             0x200000a8    0x4  Data  Gb  control.o [1]
x_torque                0x200000ac    0x4  Data  Gb  control.o [1]
y_acc_deg               0x200000d8    0x4  Data  Gb  imu.o [1]
y_acc_g_convert         0x00000a3c    0x4  Data  Gb  imu.o [1]
y_acc_offset            0x200000c0    0x4  Data  Gb  imu.o [1]
y_acc_raw               0x200000b4    0x4  Data  Gb  imu.o [1]
y_acc_shift             0x00000a24    0x4  Data  Gb  imu.o [1]
y_acc_v_convert         0x00000a30    0x4  Data  Gb  imu.o [1]
y_accel                 0x200000cc    0x4  Data  Gb  imu.o [1]
y_angle                 0x200000e4    0x4  Data  Gb  imu.o [1]
y_angle_offset          0x2000000c    0x4  Data  Gb  imu.o [1]
y_angle_scale           0x20000014    0x4  Data  Gb  imu.o [1]
y_bias                  0x2000001c    0x4  Data  Gb  imu.o [1]
y_comp_raw              0x2000013c    0x4  Data  Gb  imu.o [1]
y_gyro_deg_sec          0x20000108    0x4  Data  Gb  imu.o [1]
y_gyro_deg_sec_1        0x2000010c    0x4  Data  Gb  imu.o [1]
y_gyro_deg_sec_2        0x20000110    0x4  Data  Gb  imu.o [1]
y_gyro_deg_sec_3        0x20000114    0x4  Data  Gb  imu.o [1]
y_gyro_offset           0x20000028    0x4  Data  Gb  imu.o [1]
y_gyro_raw              0x200000f0    0x4  Data  Gb  imu.o [1]
y_gyro_scale            0x20000034    0x4  Data  Gb  imu.o [1]
z_acc_deg               0x200000dc    0x4  Data  Gb  imu.o [1]
z_acc_g_convert         0x00000a40    0x4  Data  Gb  imu.o [1]
z_acc_offset            0x200000c4    0x4  Data  Gb  imu.o [1]
z_acc_raw               0x200000b8    0x4  Data  Gb  imu.o [1]
z_acc_shift             0x00000a28    0x4  Data  Gb  imu.o [1]
z_acc_v_convert         0x00000a34    0x4  Data  Gb  imu.o [1]
z_accel                 0x200000d0    0x4  Data  Gb  imu.o [1]
z_angle                 0x200000e8    0x4  Data  Gb  imu.o [1]
z_bias                  0x20000020    0x4  Data  Gb  imu.o [1]
z_comp_raw              0x20000140    0x4  Data  Gb  imu.o [1]
z_gyro_deg_sec          0x20000118    0x4  Data  Gb  imu.o [1]
z_gyro_deg_sec_1        0x2000011c    0x4  Data  Gb  imu.o [1]
z_gyro_deg_sec_2        0x20000120    0x4  Data  Gb  imu.o [1]
z_gyro_deg_sec_3        0x20000124    0x4  Data  Gb  imu.o [1]
z_gyro_offset           0x2000002c    0x4  Data  Gb  imu.o [1]
z_gyro_raw              0x200000f4    0x4  Data  Gb  imu.o [1]
z_gyro_scale            0x20000038    0x4  Data  Gb  imu.o [1]


[1] = C:\Users\Arko\Documents\IAR Embedded Workbench\arm\examples\TexasInstruments\Stellaris\boards\dk-lm3s9b96\quad_drone\ewarm\Obj
[2] = command line
[3] = dl7M_tln.a
[4] = driverlib.a
[5] = m7M_tl.a
[6] = rt7M_tl.a
[7] = shb_l.a

  11 220 bytes of readonly  code memory
     384 bytes of readonly  data memory
     596 bytes of readwrite data memory

Errors: none
Warnings: none
