###############################################################################
#                                                                             #
# IAR ELF Linker V6.10.2.52244/W32 for ARM              04/Mar/2011  23:33:59 #
# Copyright 2007-2010 IAR Systems AB.                                         #
#                                                                             #
#    Output file  =  C:\Users\Arko\Documents\IAR Embedded                     #
#                    Workbench\arm\examples\TexasInstruments\Stellaris\boards #
#                    \dk-lm3s9b96\quad_drone\ewarm\Exe\quad_drone.out         #
#    Map file     =  C:\Users\Arko\Documents\IAR Embedded                     #
#                    Workbench\arm\examples\TexasInstruments\Stellaris\boards #
#                    \dk-lm3s9b96\quad_drone\ewarm\List\quad_drone.map        #
#    Command line =  "C:\Users\Arko\Documents\IAR Embedded                    #
#                    Workbench\arm\examples\TexasInstruments\Stellaris\boards #
#                    \dk-lm3s9b96\quad_drone\ewarm\Obj\control.o"             #
#                    "C:\Users\Arko\Documents\IAR Embedded                    #
#                    Workbench\arm\examples\TexasInstruments\Stellaris\boards #
#                    \dk-lm3s9b96\quad_drone\ewarm\Obj\imu.o"                 #
#                    "C:\Users\Arko\Documents\IAR Embedded                    #
#                    Workbench\arm\examples\TexasInstruments\Stellaris\boards #
#                    \dk-lm3s9b96\quad_drone\ewarm\Obj\init.o"                #
#                    "C:\Users\Arko\Documents\IAR Embedded                    #
#                    Workbench\arm\examples\TexasInstruments\Stellaris\boards #
#                    \dk-lm3s9b96\quad_drone\ewarm\Obj\quad_drone.o"          #
#                    "C:\Users\Arko\Documents\IAR Embedded                    #
#                    Workbench\arm\examples\TexasInstruments\Stellaris\boards #
#                    \dk-lm3s9b96\quad_drone\ewarm\Obj\set_pinout.o"          #
#                    "C:\Users\Arko\Documents\IAR Embedded                    #
#                    Workbench\arm\examples\TexasInstruments\Stellaris\boards #
#                    \dk-lm3s9b96\quad_drone\ewarm\Obj\startup.o"             #
#                    "C:\Users\Arko\Documents\IAR Embedded                    #
#                    Workbench\arm\examples\TexasInstruments\Stellaris\driver #
#                    lib\ewarm\Exe\driverlib.a" "C:\Users\Arko\Documents\IAR  #
#                    Embedded Workbench\arm\examples\TexasInstruments\Stellar #
#                    is\grlib\ewarm\Exe\grlib.a" --redirect                   #
#                    _Printf=_PrintfTiny --redirect _Scanf=_ScanfSmall -o     #
#                    "C:\Users\Arko\Documents\IAR Embedded                    #
#                    Workbench\arm\examples\TexasInstruments\Stellaris\boards #
#                    \dk-lm3s9b96\quad_drone\ewarm\Exe\quad_drone.out" --map  #
#                    "C:\Users\Arko\Documents\IAR Embedded                    #
#                    Workbench\arm\examples\TexasInstruments\Stellaris\boards #
#                    \dk-lm3s9b96\quad_drone\ewarm\List\quad_drone.map"       #
#                    --config "C:\Users\Arko\Documents\IAR Embedded           #
#                    Workbench\arm\examples\TexasInstruments\Stellaris\boards #
#                    \dk-lm3s9b96\quad_drone\quad_drone.icf" --semihosting    #
#                    --entry __iar_program_start                              #
#                                                                             #
#                                                                             #
###############################################################################

*******************************************************************************
*** RUNTIME MODEL ATTRIBUTES
***

CppFlavor       = *
__SystemLibrary = DLib


*******************************************************************************
*** PLACEMENT SUMMARY
***

"A1":  place at start of [0x00000000-0x0003ffff] { ro section .intvec };
"P1":  place in [from 0x00000000 to 0x0003ffff] { ro };
"P2":  place in [from 0x20000000 to 0x20017fff] { rw, block HEAP };

  Section            Kind        Address    Size  Object
  -------            ----        -------    ----  ------
"A1":                                      0x11c
  .intvec            const    0x00000000   0x11c  startup.o [1]
                            - 0x0000011c   0x11c

"P1":                                     0x2f50
  .text              ro code  0x0000011c  0x118c  imu.o [1]
  .text              ro code  0x000012a8    0x30  I32ToFlt.o [5]
  .text              ro code  0x000012d8    0xd8  FltMul.o [5]
  .text              ro code  0x000013b0    0xe2  FltSub.o [5]
  .text              ro code  0x00001492    0x2e  copy_init3.o [6]
  .text              ro code  0x000014c0    0x82  FltAdd.o [5]
  .text              ro code  0x00001542    0x22  zero_init3.o [6]
  .text              ro code  0x00001564    0x4e  FltToDbl.o [5]
  .text              ro code  0x000015b2     0x6  startup.o [1]
  .text              ro code  0x000015b8    0xf0  sqrt.o [5]
  .text              ro code  0x000016a8   0x246  DblDiv.o [5]
  .text              ro code  0x000018f0    0x9c  atan.o [5]
  .text              ro code  0x0000198c    0x90  DblToFlt.o [5]
  .text              ro code  0x00001a1c    0xfc  FltDiv.o [5]
  .text              ro code  0x00001b18    0xd2  adc.o [4]
  .text              ro code  0x00001bec    0x5c  i2c.o [4]
  .text              ro code  0x00001c48   0x34c  sysctl.o [4]
  .text              ro code  0x00001f94   0x198  gpio.o [4]
  .text              ro code  0x0000212c     0xc  iarEdom.o [6]
  .text              ro code  0x00002138    0x2e  DblCmpLe.o [5]
  .text              ro code  0x00002168    0x2e  DblCmpGe.o [5]
  .text              ro code  0x00002198   0x1f8  xatan.o [5]
  .text              ro code  0x00002390     0xc  errno.o [3]
  .text              ro code  0x0000239c   0x1a2  DblMul.o [5]
  .text              ro code  0x00002540    0xe6  DblAdd.o [5]
  .text              ro code  0x00002626     0x2  xtls.o [3]
  .text              ro code  0x00002628   0x17e  DblSub.o [5]
  .text              ro code  0x000027a8   0x344  init.o [1]
  .text              ro code  0x00002aec    0x80  pwm.o [4]
  .text              ro code  0x00002b6c    0x78  interrupt.o [4]
  .text              ro code  0x00002be4    0xd4  uart.o [4]
  .text              ro code  0x00002cb8     0x8  cpu.o [4]
  .text              ro code  0x00002cc0   0x1bc  control.o [1]
  .text              ro code  0x00002e7c    0x24  FltToU32.o [5]
  .text              ro code  0x00002ea0    0xd0  quad_drone.o [1]
  .text              ro code  0x00002f70    0x2c  data_init3.o [6]
  .rodata            const    0x00002f9c    0x28  imu.o [1]
  .iar.init_table    const    0x00002fc4    0x24  - Linker created -
  .text              ro code  0x00002fe8    0x16  cmain.o [6]
  .text              ro code  0x00002ffe     0x4  low_level_init.o [3]
  .text              ro code  0x00003002     0x8  exit.o [3]
  .text              ro code  0x0000300c     0xa  cexit.o [6]
  .text              ro code  0x00003018    0x14  exit.o [7]
  .text              ro code  0x0000302c     0xc  cstartup_M.o [6]
  Initializer bytes  ro data  0x00003038    0x34  <for P2 s0>
                            - 0x0000306c  0x2f50

"P2", part 1 of 3:                          0x34
  P2 s0                       0x20000000    0x34  <Init block>
    .data            inited   0x20000000     0x4  control.o [1]
    .data            inited   0x20000004     0x4  control.o [1]
    .data            inited   0x20000008     0x4  imu.o [1]
    .data            inited   0x2000000c     0x4  imu.o [1]
    .data            inited   0x20000010     0x4  imu.o [1]
    .data            inited   0x20000014     0x4  imu.o [1]
    .data            inited   0x20000018     0x4  imu.o [1]
    .data            inited   0x2000001c     0x4  imu.o [1]
    .data            inited   0x20000020     0x4  imu.o [1]
    .data            inited   0x20000024     0x4  imu.o [1]
    .data            inited   0x20000028     0x4  imu.o [1]
    .data            inited   0x2000002c     0x4  imu.o [1]
    .data            inited   0x20000030     0x4  imu.o [1]
                            - 0x20000034    0x34

"P2", part 2 of 3:                         0x15c
  .bss               zero     0x20000034    0x30  imu.o [1]
  .bss               zero     0x20000064    0x10  imu.o [1]
  .bss               zero     0x20000074     0x8  imu.o [1]
  .bss               zero     0x2000007c     0x8  imu.o [1]
  .bss               zero     0x20000084     0x4  control.o [1]
  .bss               zero     0x20000088     0x4  control.o [1]
  .bss               zero     0x2000008c     0x4  control.o [1]
  .bss               zero     0x20000090     0x4  control.o [1]
  .bss               zero     0x20000094     0x4  control.o [1]
  .bss               zero     0x20000098     0x4  control.o [1]
  .bss               zero     0x2000009c     0x4  control.o [1]
  .bss               zero     0x200000a0     0x4  control.o [1]
  .bss               zero     0x200000a4     0x4  imu.o [1]
  .bss               zero     0x200000a8     0x4  imu.o [1]
  .bss               zero     0x200000ac     0x4  imu.o [1]
  .bss               zero     0x200000b0     0x4  imu.o [1]
  .bss               zero     0x200000b4     0x4  imu.o [1]
  .bss               zero     0x200000b8     0x4  imu.o [1]
  .bss               zero     0x200000bc     0x4  imu.o [1]
  .bss               zero     0x200000c0     0x4  imu.o [1]
  .bss               zero     0x200000c4     0x4  imu.o [1]
  .bss               zero     0x200000c8     0x4  imu.o [1]
  .bss               zero     0x200000cc     0x4  imu.o [1]
  .bss               zero     0x200000d0     0x4  imu.o [1]
  .bss               zero     0x200000d4     0x4  imu.o [1]
  .bss               zero     0x200000d8     0x4  imu.o [1]
  .bss               zero     0x200000dc     0x4  imu.o [1]
  .bss               zero     0x200000e0     0x4  imu.o [1]
  .bss               zero     0x200000e4     0x4  imu.o [1]
  .bss               zero     0x200000e8     0x4  imu.o [1]
  .bss               zero     0x200000ec     0x4  imu.o [1]
  .bss               zero     0x200000f0     0x4  imu.o [1]
  .bss               zero     0x200000f4     0x4  imu.o [1]
  .bss               zero     0x200000f8     0x4  imu.o [1]
  .bss               zero     0x200000fc     0x4  imu.o [1]
  .bss               zero     0x20000100     0x4  imu.o [1]
  .bss               zero     0x20000104     0x4  imu.o [1]
  .bss               zero     0x20000108     0x4  imu.o [1]
  .bss               zero     0x2000010c     0x4  imu.o [1]
  .bss               zero     0x20000110     0x4  imu.o [1]
  .bss               zero     0x20000114     0x4  imu.o [1]
  .bss               zero     0x20000118     0x4  imu.o [1]
  .bss               zero     0x2000011c     0x4  imu.o [1]
  .bss               zero     0x20000120     0x4  imu.o [1]
  .bss               zero     0x20000124     0x4  imu.o [1]
  .bss               zero     0x20000128     0x4  imu.o [1]
  .bss               zero     0x2000012c     0x4  imu.o [1]
  .bss               zero     0x20000130     0x4  imu.o [1]
  .bss               zero     0x20000134     0x4  imu.o [1]
  .bss               zero     0x20000138     0x4  imu.o [1]
  .bss               zero     0x2000013c     0x4  imu.o [1]
  .bss               zero     0x20000140     0x4  imu.o [1]
  .bss               zero     0x20000144     0x4  imu.o [1]
  .bss               zero     0x20000148     0x4  imu.o [1]
  .bss               zero     0x2000014c     0x4  imu.o [1]
  .bss               zero     0x20000150     0x4  imu.o [1]
  .bss               zero     0x20000154     0x4  imu.o [1]
  .bss               zero     0x20000158     0x4  imu.o [1]
  .bss               zero     0x2000015c     0x4  imu.o [1]
  .bss               zero     0x20000160     0x4  imu.o [1]
  .bss               zero     0x20000164     0x4  imu.o [1]
  .bss               zero     0x20000168     0x4  imu.o [1]
  .bss               zero     0x2000016c     0x4  imu.o [1]
  .bss               zero     0x20000170     0x4  imu.o [1]
  .bss               zero     0x20000174     0x4  imu.o [1]
  .bss               zero     0x20000178     0x4  imu.o [1]
  .bss               zero     0x2000017c     0x4  imu.o [1]
  .bss               zero     0x20000180     0x4  imu.o [1]
  .bss               zero     0x20000184     0x4  imu.o [1]
  .bss               zero     0x20000188     0x4  imu.o [1]
  __DLIB_PERTHREAD   zero     0x2000018c     0x4  errno.o [3]
                            - 0x20000190   0x15c

"P2", part 3 of 3:                         0x100
  .noinit            uninit   0x20000190   0x100  startup.o [1]
                            - 0x20000290   0x100


*******************************************************************************
*** INIT TABLE
***

          Address     Size
          -------     ----
Zero (__iar_zero_init3)
    1 destination range, total size 0x15c:
          0x20000034  0x15c

Copy (__iar_copy_init3)
    1 source range, total size 0x34:
          0x00003038   0x34
    1 destination range, total size 0x34:
          0x20000000   0x34


*******************************************************************************
*** MODULE SUMMARY
***

    Module            ro code  ro data  rw data
    ------            -------  -------  -------
C:\Users\Arko\Documents\IAR Embedded Workbench\arm\examples\TexasInstruments\Stellaris\boards\dk-lm3s9b96\quad_drone\ewarm\Obj: [1]
    control.o             444        8       40
    imu.o               4 492       84      356
    init.o                836
    quad_drone.o          208
    startup.o               6      284      256
    -------------------------------------------
    Total:              5 986      376      652

command line: [2]
    -------------------------------------------
    Total:

dl7M_tln.a: [3]
    errno.o                12                 4
    exit.o                  8
    low_level_init.o        4
    xtls.o                  2
    -------------------------------------------
    Total:                 26                 4

driverlib.a: [4]
    adc.o                 210
    cpu.o                   8
    gpio.o                408
    i2c.o                  92
    interrupt.o           120
    pwm.o                 128
    sysctl.o              844
    uart.o                212
    -------------------------------------------
    Total:              2 022

m7M_tl.a: [5]
    DblAdd.o              230
    DblCmpGe.o             46
    DblCmpLe.o             46
    DblDiv.o              582
    DblMul.o              418
    DblSub.o              382
    DblToFlt.o            144
    FltAdd.o              130
    FltDiv.o              252
    FltMul.o              216
    FltSub.o              226
    FltToDbl.o             78
    FltToU32.o             36
    I32ToFlt.o             48
    atan.o                156
    sqrt.o                240
    xatan.o               504
    -------------------------------------------
    Total:              3 734

rt7M_tl.a: [6]
    cexit.o                10
    cmain.o                22
    copy_init3.o           46
    cstartup_M.o           12
    data_init3.o           44
    iarEdom.o              12
    zero_init3.o           34
    -------------------------------------------
    Total:                180

shb_l.a: [7]
    exit.o                 20
    -------------------------------------------
    Total:                 20

    Gaps                   16
    Linker created                  36
-----------------------------------------------
    Grand Total:       11 984      412      656


*******************************************************************************
*** ENTRY LIST
***

Entry                      Address   Size  Type      Object
-----                      -------   ----  ----      ------
?main                   0x00002fe9         Code  Gb  cmain.o [6]
ADCIntClear             0x00001b39    0xa  Code  Gb  adc.o [4]
ADCIntEnable            0x00001b19    0xe  Code  Gb  adc.o [4]
ADCIntStatus            0x00001b27   0x12  Code  Gb  adc.o [4]
ADCProcessorTrigger     0x00001be1    0xa  Code  Gb  adc.o [4]
ADCSequenceConfigure    0x00001b61   0x30  Code  Gb  adc.o [4]
ADCSequenceDataGet      0x00001bc3   0x1e  Code  Gb  adc.o [4]
ADCSequenceDisable      0x00001b51    0x2  Code  Gb  adc.o [4]
ADCSequenceEnable       0x00001b43    0x8  Code  Gb  adc.o [4]
ADCSequenceStepConfigure
                        0x00001b91   0x32  Code  Gb  adc.o [4]
CPUcpsie                0x00002cb9    0x8  Code  Gb  cpu.o [4]
Control                 0x00002cc1  0x100  Code  Gb  control.o [1]
FaultISR                0x000015b5    0x2  Code  Lc  startup.o [1]
GPIODirModeSet          0x00001f95   0x28  Code  Gb  gpio.o [4]
GPIOPadConfigSet        0x00001fbd   0x98  Code  Gb  gpio.o [4]
GPIOPinConfigure        0x0000209f   0x40  Code  Gb  gpio.o [4]
GPIOPinTypeADC          0x0000205b    0x4  Code  Gb  gpio.o [4]
GPIOPinTypeI2C          0x00002079    0xa  Code  Gb  gpio.o [4]
GPIOPinTypePWM          0x00002083    0xa  Code  Gb  gpio.o [4]
GPIOPinTypeUART         0x00002095    0xa  Code  Gb  gpio.o [4]
GPIOPinWrite            0x00002055    0x6  Code  Gb  gpio.o [4]
I2CMasterBusy           0x00001c31    0xc  Code  Gb  i2c.o [4]
I2CMasterControl        0x00001c3d    0x4  Code  Gb  i2c.o [4]
I2CMasterDataGet        0x00001c45    0x4  Code  Gb  i2c.o [4]
I2CMasterDataPut        0x00001c41    0x4  Code  Gb  i2c.o [4]
I2CMasterEnable         0x00001c13    0xc  Code  Gb  i2c.o [4]
I2CMasterInitExpClk     0x00001bed   0x26  Code  Gb  i2c.o [4]
I2CMasterSlaveAddrSet   0x00001c29    0x8  Code  Gb  i2c.o [4]
InitADC                 0x000027a9   0x9e  Code  Gb  init.o [1]
InitI2C                 0x0000297d   0xea  Code  Gb  init.o [1]
InitPWM                 0x00002847  0x136  Code  Gb  init.o [1]
InitUART                0x00002a67   0x38  Code  Gb  init.o [1]
IntDefaultHandler       0x000015b7    0x2  Code  Lc  startup.o [1]
IntEnable               0x00002b77   0x4e  Code  Gb  interrupt.o [4]
IntMasterEnable         0x00002b6d    0xa  Code  Gb  interrupt.o [4]
NmiSR                   0x000015b3    0x2  Code  Lc  startup.o [1]
PWMGenConfigure         0x00002aed   0x2c  Code  Gb  pwm.o [4]
PWMGenEnable            0x00002b31    0x6  Code  Gb  pwm.o [4]
PWMGenPeriodSet         0x00002b1d   0x14  Code  Gb  pwm.o [4]
PWMOutputState          0x00002b5b   0x12  Code  Gb  pwm.o [4]
PWMPulseWidthSet        0x00002b37   0x1c  Code  Gb  pwm.o [4]
Q_angle                 0x00000ef4    0x4  Data  Gb  imu.o [1]
Q_gyro                  0x00000ef8    0x4  Data  Gb  imu.o [1]
R_angle                 0x00000efc    0x4  Data  Gb  imu.o [1]
Region$$Table$$Base     0x00002fc4          --   Gb  - Linker created -
Region$$Table$$Limit    0x00002fe8          --   Gb  - Linker created -
SysCtlClockGet          0x00001d7f  0x15c  Code  Gb  sysctl.o [4]
SysCtlClockSet          0x00001c71  0x10e  Code  Gb  sysctl.o [4]
SysCtlDelay             0x00001c69    0x8  Code  Gb  sysctl.o [4]
SysCtlPWMClockSet       0x00001edb    0xa  Code  Gb  sysctl.o [4]
SysCtlPeripheralEnable  0x00001c49    0x8  Code  Gb  sysctl.o [4]
UARTCharGetNonBlocking  0x00002c81    0xe  Code  Gb  uart.o [4]
UARTCharPutNonBlocking  0x00002c8f   0x10  Code  Gb  uart.o [4]
UARTCharsAvail          0x00002c6f    0x8  Code  Gb  uart.o [4]
UARTConfigSetExpClk     0x00002be5   0x4c  Code  Gb  uart.o [4]
UARTDisable             0x00002c4b   0x1e  Code  Gb  uart.o [4]
UARTEnable              0x00002c31   0x1a  Code  Gb  uart.o [4]
UARTIntClear            0x00002cb5    0x4  Code  Gb  uart.o [4]
UARTIntEnable           0x00002ca5    0x6  Code  Gb  uart.o [4]
UARTIntHandler          0x00002f27   0x30  Code  Gb  quad_drone.o [1]
UARTIntStatus           0x00002cab    0xa  Code  Gb  uart.o [4]
__aeabi_cdcmple         0x00002139         Code  Gb  DblCmpLe.o [5]
__aeabi_cdrcmple        0x00002169         Code  Gb  DblCmpGe.o [5]
__aeabi_d2f             0x0000198d         Code  Gb  DblToFlt.o [5]
__aeabi_dadd            0x00002541         Code  Gb  DblAdd.o [5]
__aeabi_ddiv            0x000016a9         Code  Gb  DblDiv.o [5]
__aeabi_dmul            0x0000239d         Code  Gb  DblMul.o [5]
__aeabi_dsub            0x00002629         Code  Gb  DblSub.o [5]
__aeabi_errno_addr      0x00002391    0x6  Code  Gb  errno.o [3]
__aeabi_f2d             0x00001565         Code  Gb  FltToDbl.o [5]
__aeabi_f2uiz           0x00002e7d         Code  Gb  FltToU32.o [5]
__aeabi_fadd            0x000014c1         Code  Gb  FltAdd.o [5]
__aeabi_fdiv            0x00001a1d         Code  Gb  FltDiv.o [5]
__aeabi_fmul            0x000012d9         Code  Gb  FltMul.o [5]
__aeabi_fsub            0x000013b1         Code  Gb  FltSub.o [5]
__aeabi_i2f             0x000012a9         Code  Gb  I32ToFlt.o [5]
__aeabi_ui2f            0x000012bd         Code  Gb  I32ToFlt.o [5]
__cmain                 0x00002fe9         Code  Gb  cmain.o [6]
__exit                  0x00003019   0x14  Code  Gb  exit.o [7]
__iar_Atan              0x00002199  0x15e  Code  Gb  xatan.o [5]
__iar_Errno             0x2000018c    0x4  Data  Gb  errno.o [3]
__iar_copy_init3        0x00001493   0x2e  Code  Gb  copy_init3.o [6]
__iar_dadd              0x00002553         Code  Gb  DblAdd.o [5]
__iar_data_init3        0x00002f71   0x2c  Code  Gb  data_init3.o [6]
__iar_dlib_perthread_access
                        0x00002627    0x2  Code  Gb  xtls.o [3]
__iar_dsub              0x0000263b         Code  Gb  DblSub.o [5]
__iar_dsubStart         0x0000264d         Code  Gb  DblSub.o [5]
__iar_edom              0x0000212d         Code  Gb  iarEdom.o [6]
__iar_fadd              0x000014cf         Code  Gb  FltAdd.o [5]
__iar_fsub              0x000013bf         Code  Gb  FltSub.o [5]
__iar_fsubStart         0x000013cd         Code  Gb  FltSub.o [5]
__iar_program_start     0x0000302d         Code  Gb  cstartup_M.o [6]
__iar_sqrt              0x000015b9         Code  Gb  sqrt.o [5]
__iar_ui2f              0x000012bf         Code  Gb  I32ToFlt.o [5]
__iar_zero_init3        0x00001543   0x22  Code  Gb  zero_init3.o [6]
__low_level_init        0x00002fff    0x4  Code  Gb  low_level_init.o [3]
__vector_table          0x00000000  0x11c  Data  Gb  startup.o [1]
_call_main              0x00002ff5         Code  Gb  cmain.o [6]
_exit                   0x0000300d         Code  Gb  cexit.o [6]
_main                   0x00002ffb         Code  Gb  cmain.o [6]
a                       0x00002350   0x40  Data  Lc  xatan.o [5]
adc_values              0x20000064   0x10  Data  Gb  imu.o [1]
atan                    0x000018f1   0x9c  Code  Gb  atan.o [5]
compass_values          0x2000007c    0x8  Data  Gb  imu.o [1]
convert_180_Pi          0x00002f9c    0x4  Data  Gb  imu.o [1]
dt                      0x00000ef0    0x4  Data  Gb  imu.o [1]
exit                    0x00003003    0x8  Code  Gb  exit.o [3]
g_pulGPIOBaseAddrs      0x000020e4   0x48  Data  Lc  gpio.o [4]
g_pulRCGCRegs           0x00001f2c    0xc  Data  Lc  sysctl.o [4]
g_pulXtals              0x00001f38   0x5c  Data  Lc  sysctl.o [4]
gyro_values             0x20000074    0x8  Data  Gb  imu.o [1]
imuStartup              0x00000ee9    0x8  Code  Gb  imu.o [1]
imu_st_cal              0x20000034   0x30  Data  Gb  imu.o [1]
main                    0x00002ea1   0x86  Code  Gb  quad_drone.o [1]
motorSpinup             0x00002dc1   0x76  Code  Gb  control.o [1]
motor_dutycycle_l       0x20000000    0x4  Data  Gb  control.o [1]
motor_dutycycle_r       0x20000004    0x4  Data  Gb  control.o [1]
pulStack                0x20000190  0x100  Data  Lc  startup.o [1]
readAccel               0x00000ae1   0x5e  Code  Gb  imu.o [1]
readCompass             0x00000cdd  0x15c  Code  Gb  imu.o [1]
readGyro                0x00000b3f  0x15c  Code  Gb  imu.o [1]
readIMU                 0x0000011d  0x9c4  Code  Gb  imu.o [1]
sensorsSelfTest         0x00000f01  0x2d4  Code  Gb  imu.o [1]
sqrt                    0x000015b9         Code  Gb  sqrt.o [5]
sqrtl                   0x000015b9         Code  Gb  sqrt.o [5]
temp_raw                0x20000188    0x4  Data  Gb  imu.o [1]
xK_0                    0x20000124    0x4  Data  Gb  imu.o [1]
xK_1                    0x20000128    0x4  Data  Gb  imu.o [1]
xP_00                   0x2000012c    0x4  Data  Gb  imu.o [1]
xP_01                   0x20000130    0x4  Data  Gb  imu.o [1]
xP_10                   0x20000134    0x4  Data  Gb  imu.o [1]
xP_11                   0x20000138    0x4  Data  Gb  imu.o [1]
xS                      0x20000120    0x4  Data  Gb  imu.o [1]
x_acc_deg               0x200000c8    0x4  Data  Gb  imu.o [1]
x_acc_g_convert         0x00002fb8    0x4  Data  Gb  imu.o [1]
x_acc_offset            0x200000b0    0x4  Data  Gb  imu.o [1]
x_acc_raw               0x200000a4    0x4  Data  Gb  imu.o [1]
x_acc_shift             0x00002fa0    0x4  Data  Gb  imu.o [1]
x_acc_v_convert         0x00002fac    0x4  Data  Gb  imu.o [1]
x_accel                 0x200000bc    0x4  Data  Gb  imu.o [1]
x_angle                 0x200000d4    0x4  Data  Gb  imu.o [1]
x_angle_offset          0x20000008    0x4  Data  Gb  imu.o [1]
x_bias                  0x20000010    0x4  Data  Gb  imu.o [1]
x_comp_raw              0x2000017c    0x4  Data  Gb  imu.o [1]
x_gyro_deg_sec          0x200000ec    0x4  Data  Gb  imu.o [1]
x_gyro_deg_sec_1        0x200000f0    0x4  Data  Gb  imu.o [1]
x_gyro_deg_sec_2        0x200000f4    0x4  Data  Gb  imu.o [1]
x_gyro_deg_sec_3        0x200000f8    0x4  Data  Gb  imu.o [1]
x_gyro_offset           0x2000001c    0x4  Data  Gb  imu.o [1]
x_gyro_raw              0x200000e0    0x4  Data  Gb  imu.o [1]
x_gyro_scale            0x20000028    0x4  Data  Gb  imu.o [1]
x_y                     0x2000011c    0x4  Data  Gb  imu.o [1]
yK_0                    0x20000144    0x4  Data  Gb  imu.o [1]
yK_1                    0x20000148    0x4  Data  Gb  imu.o [1]
yP_00                   0x2000014c    0x4  Data  Gb  imu.o [1]
yP_01                   0x20000150    0x4  Data  Gb  imu.o [1]
yP_10                   0x20000154    0x4  Data  Gb  imu.o [1]
yP_11                   0x20000158    0x4  Data  Gb  imu.o [1]
yS                      0x20000140    0x4  Data  Gb  imu.o [1]
y_Dgain                 0x00002e74    0x4  Data  Gb  control.o [1]
y_Dterm                 0x2000008c    0x4  Data  Gb  control.o [1]
y_Fgain                 0x00002e78    0x4  Data  Gb  control.o [1]
y_Igain                 0x00002e70    0x4  Data  Gb  control.o [1]
y_Iterm                 0x20000088    0x4  Data  Gb  control.o [1]
y_Pgain                 0x00002e6c    0x4  Data  Gb  control.o [1]
y_Pterm                 0x20000084    0x4  Data  Gb  control.o [1]
y_acc_deg               0x200000cc    0x4  Data  Gb  imu.o [1]
y_acc_g_convert         0x00002fbc    0x4  Data  Gb  imu.o [1]
y_acc_offset            0x200000b4    0x4  Data  Gb  imu.o [1]
y_acc_raw               0x200000a8    0x4  Data  Gb  imu.o [1]
y_acc_shift             0x00002fa4    0x4  Data  Gb  imu.o [1]
y_acc_v_convert         0x00002fb0    0x4  Data  Gb  imu.o [1]
y_accel                 0x200000c0    0x4  Data  Gb  imu.o [1]
y_angle                 0x200000d8    0x4  Data  Gb  imu.o [1]
y_angle_error           0x20000094    0x4  Data  Gb  control.o [1]
y_angle_offset          0x2000000c    0x4  Data  Gb  imu.o [1]
y_angle_vel_term        0x20000090    0x4  Data  Gb  control.o [1]
y_bias                  0x20000014    0x4  Data  Gb  imu.o [1]
y_cmd_angle             0x20000098    0x4  Data  Gb  control.o [1]
y_comp_raw              0x20000180    0x4  Data  Gb  imu.o [1]
y_gyro_deg_sec          0x200000fc    0x4  Data  Gb  imu.o [1]
y_gyro_deg_sec_1        0x20000100    0x4  Data  Gb  imu.o [1]
y_gyro_deg_sec_2        0x20000104    0x4  Data  Gb  imu.o [1]
y_gyro_deg_sec_3        0x20000108    0x4  Data  Gb  imu.o [1]
y_gyro_offset           0x20000020    0x4  Data  Gb  imu.o [1]
y_gyro_raw              0x200000e4    0x4  Data  Gb  imu.o [1]
y_gyro_scale            0x2000002c    0x4  Data  Gb  imu.o [1]
y_old_angle             0x2000009c    0x4  Data  Gb  control.o [1]
y_torque                0x200000a0    0x4  Data  Gb  control.o [1]
y_y                     0x2000013c    0x4  Data  Gb  imu.o [1]
zK_0                    0x20000164    0x4  Data  Gb  imu.o [1]
zK_1                    0x20000168    0x4  Data  Gb  imu.o [1]
zP_00                   0x2000016c    0x4  Data  Gb  imu.o [1]
zP_01                   0x20000170    0x4  Data  Gb  imu.o [1]
zP_10                   0x20000174    0x4  Data  Gb  imu.o [1]
zP_11                   0x20000178    0x4  Data  Gb  imu.o [1]
zS                      0x20000160    0x4  Data  Gb  imu.o [1]
z_acc_deg               0x200000d0    0x4  Data  Gb  imu.o [1]
z_acc_g_convert         0x00002fc0    0x4  Data  Gb  imu.o [1]
z_acc_offset            0x200000b8    0x4  Data  Gb  imu.o [1]
z_acc_raw               0x200000ac    0x4  Data  Gb  imu.o [1]
z_acc_shift             0x00002fa8    0x4  Data  Gb  imu.o [1]
z_acc_v_convert         0x00002fb4    0x4  Data  Gb  imu.o [1]
z_accel                 0x200000c4    0x4  Data  Gb  imu.o [1]
z_angle                 0x200000dc    0x4  Data  Gb  imu.o [1]
z_bias                  0x20000018    0x4  Data  Gb  imu.o [1]
z_comp_raw              0x20000184    0x4  Data  Gb  imu.o [1]
z_gyro_deg_sec          0x2000010c    0x4  Data  Gb  imu.o [1]
z_gyro_deg_sec_1        0x20000110    0x4  Data  Gb  imu.o [1]
z_gyro_deg_sec_2        0x20000114    0x4  Data  Gb  imu.o [1]
z_gyro_deg_sec_3        0x20000118    0x4  Data  Gb  imu.o [1]
z_gyro_offset           0x20000024    0x4  Data  Gb  imu.o [1]
z_gyro_raw              0x200000e8    0x4  Data  Gb  imu.o [1]
z_gyro_scale            0x20000030    0x4  Data  Gb  imu.o [1]
z_y                     0x2000015c    0x4  Data  Gb  imu.o [1]


[1] = C:\Users\Arko\Documents\IAR Embedded Workbench\arm\examples\TexasInstruments\Stellaris\boards\dk-lm3s9b96\quad_drone\ewarm\Obj
[2] = command line
[3] = dl7M_tln.a
[4] = driverlib.a
[5] = m7M_tl.a
[6] = rt7M_tl.a
[7] = shb_l.a

  11 984 bytes of readonly  code memory
     412 bytes of readonly  data memory
     656 bytes of readwrite data memory

Errors: none
Warnings: none
