###############################################################################
#                                                                             #
# IAR ELF Linker V6.10.2.52244/W32 for ARM              18/Feb/2011  22:23:31 #
# Copyright 2007-2010 IAR Systems AB.                                         #
#                                                                             #
#    Output file  =  C:\Users\Arko\Documents\IAR Embedded                     #
#                    Workbench\arm\examples\TexasInstruments\Stellaris\boards #
#                    \dk-lm3s9b96\quad_drone\ewarm\Exe\quad_drone.out         #
#    Map file     =  C:\Users\Arko\Documents\IAR Embedded                     #
#                    Workbench\arm\examples\TexasInstruments\Stellaris\boards #
#                    \dk-lm3s9b96\quad_drone\ewarm\List\quad_drone.map        #
#    Command line =  "C:\Users\Arko\Documents\IAR Embedded                    #
#                    Workbench\arm\examples\TexasInstruments\Stellaris\boards #
#                    \dk-lm3s9b96\quad_drone\ewarm\Obj\imu.o"                 #
#                    "C:\Users\Arko\Documents\IAR Embedded                    #
#                    Workbench\arm\examples\TexasInstruments\Stellaris\boards #
#                    \dk-lm3s9b96\quad_drone\ewarm\Obj\init.o"                #
#                    "C:\Users\Arko\Documents\IAR Embedded                    #
#                    Workbench\arm\examples\TexasInstruments\Stellaris\boards #
#                    \dk-lm3s9b96\quad_drone\ewarm\Obj\quad_drone.o"          #
#                    "C:\Users\Arko\Documents\IAR Embedded                    #
#                    Workbench\arm\examples\TexasInstruments\Stellaris\boards #
#                    \dk-lm3s9b96\quad_drone\ewarm\Obj\set_pinout.o"          #
#                    "C:\Users\Arko\Documents\IAR Embedded                    #
#                    Workbench\arm\examples\TexasInstruments\Stellaris\boards #
#                    \dk-lm3s9b96\quad_drone\ewarm\Obj\startup.o"             #
#                    "C:\Users\Arko\Documents\IAR Embedded                    #
#                    Workbench\arm\examples\TexasInstruments\Stellaris\driver #
#                    lib\ewarm\Exe\driverlib.a" "C:\Users\Arko\Documents\IAR  #
#                    Embedded Workbench\arm\examples\TexasInstruments\Stellar #
#                    is\grlib\ewarm\Exe\grlib.a" --redirect                   #
#                    _Printf=_PrintfTiny --redirect _Scanf=_ScanfSmall -o     #
#                    "C:\Users\Arko\Documents\IAR Embedded                    #
#                    Workbench\arm\examples\TexasInstruments\Stellaris\boards #
#                    \dk-lm3s9b96\quad_drone\ewarm\Exe\quad_drone.out" --map  #
#                    "C:\Users\Arko\Documents\IAR Embedded                    #
#                    Workbench\arm\examples\TexasInstruments\Stellaris\boards #
#                    \dk-lm3s9b96\quad_drone\ewarm\List\quad_drone.map"       #
#                    --config "C:\Users\Arko\Documents\IAR Embedded           #
#                    Workbench\arm\examples\TexasInstruments\Stellaris\boards #
#                    \dk-lm3s9b96\quad_drone\quad_drone.icf" --semihosting    #
#                    --entry __iar_program_start                              #
#                                                                             #
#                                                                             #
###############################################################################

*******************************************************************************
*** RUNTIME MODEL ATTRIBUTES
***

CppFlavor       = *
__SystemLibrary = DLib


*******************************************************************************
*** PLACEMENT SUMMARY
***

"A1":  place at start of [0x00000000-0x0003ffff] { ro section .intvec };
"P1":  place in [from 0x00000000 to 0x0003ffff] { ro };
"P2":  place in [from 0x20000000 to 0x20017fff] { rw, block HEAP };

  Section          Kind        Address   Size  Object
  -------          ----        -------   ----  ------
"A1":                                   0x11c
  .intvec          const    0x00000000  0x11c  startup.o [1]
                          - 0x0000011c  0x11c

"P1":                                   0xf20
  .text            ro code  0x0000011c  0x34c  sysctl.o [4]
  .text            ro code  0x00000468  0x344  init.o [1]
  .text            ro code  0x000007ac  0x194  gpio.o [4]
  .text            ro code  0x00000940   0xd2  adc.o [4]
  .text            ro code  0x00000a12   0x22  zero_init3.o [6]
  .text            ro code  0x00000a34   0x80  pwm.o [4]
  .text            ro code  0x00000ab4   0x5c  i2c.o [4]
  .text            ro code  0x00000b10   0x78  interrupt.o [4]
  .text            ro code  0x00000b88   0xd4  uart.o [4]
  .text            ro code  0x00000c5c    0x8  cpu.o [4]
  .text            ro code  0x00000c64  0x210  imu.o [1]
  .text            ro code  0x00000e74  0x138  quad_drone.o [1]
  .text            ro code  0x00000fac   0x2c  data_init3.o [6]
  .iar.init_table  const    0x00000fd8   0x10  - Linker created -
  .text            ro code  0x00000fe8   0x16  cmain.o [6]
  .text            ro code  0x00000ffe    0x4  low_level_init.o [3]
  .text            ro code  0x00001002    0x8  exit.o [3]
  .text            ro code  0x0000100a    0x6  startup.o [1]
  .text            ro code  0x00001010    0xa  cexit.o [6]
  .text            ro code  0x0000101c   0x14  exit.o [7]
  .text            ro code  0x00001030    0xc  cstartup_M.o [6]
                          - 0x0000103c  0xf20

"P2", part 1 of 2:                       0x40
  .bss             zero     0x20000000   0x18  imu.o [1]
  .bss             zero     0x20000018   0x18  imu.o [1]
  .bss             zero     0x20000030   0x10  imu.o [1]
                          - 0x20000040   0x40

"P2", part 2 of 2:                      0x100
  .noinit          uninit   0x20000040  0x100  startup.o [1]
                          - 0x20000140  0x100


*******************************************************************************
*** INIT TABLE
***

          Address     Size
          -------     ----
Zero (__iar_zero_init3)
    1 destination range, total size 0x40:
          0x20000000  0x40


*******************************************************************************
*** MODULE SUMMARY
***

    Module            ro code  ro data  rw data
    ------            -------  -------  -------
C:\Users\Arko\Documents\IAR Embedded Workbench\arm\examples\TexasInstruments\Stellaris\boards\dk-lm3s9b96\quad_drone\ewarm\Obj: [1]
    imu.o                 528                64
    init.o                836
    quad_drone.o          312
    startup.o               6      284      256
    -------------------------------------------
    Total:              1 682      284      320

command line: [2]
    -------------------------------------------
    Total:

dl7M_tln.a: [3]
    exit.o                  8
    low_level_init.o        4
    -------------------------------------------
    Total:                 12

driverlib.a: [4]
    adc.o                 210
    cpu.o                   8
    gpio.o                404
    i2c.o                  92
    interrupt.o           120
    pwm.o                 128
    sysctl.o              844
    uart.o                212
    -------------------------------------------
    Total:              2 018

m7M_tl.a: [5]
    -------------------------------------------
    Total:

rt7M_tl.a: [6]
    cexit.o                10
    cmain.o                22
    cstartup_M.o           12
    data_init3.o           44
    zero_init3.o           34
    -------------------------------------------
    Total:                122

shb_l.a: [7]
    exit.o                 20
    -------------------------------------------
    Total:                 20

    Gaps                    2
    Linker created                  16
-----------------------------------------------
    Grand Total:        3 856      300      320


*******************************************************************************
*** ENTRY LIST
***

Entry                      Address   Size  Type      Object
-----                      -------   ----  ----      ------
?main                   0x00000fe9         Code  Gb  cmain.o [6]
ADCIntClear             0x00000961    0xa  Code  Gb  adc.o [4]
ADCIntEnable            0x00000941    0xe  Code  Gb  adc.o [4]
ADCIntStatus            0x0000094f   0x12  Code  Gb  adc.o [4]
ADCProcessorTrigger     0x00000a09    0xa  Code  Gb  adc.o [4]
ADCSequenceConfigure    0x00000989   0x30  Code  Gb  adc.o [4]
ADCSequenceDataGet      0x000009eb   0x1e  Code  Gb  adc.o [4]
ADCSequenceDisable      0x00000979    0x2  Code  Gb  adc.o [4]
ADCSequenceEnable       0x0000096b    0x8  Code  Gb  adc.o [4]
ADCSequenceStepConfigure
                        0x000009b9   0x32  Code  Gb  adc.o [4]
CPUcpsie                0x00000c5d    0x8  Code  Gb  cpu.o [4]
FaultISR                0x0000100d    0x2  Code  Lc  startup.o [1]
GPIODirModeSet          0x000007ad   0x28  Code  Gb  gpio.o [4]
GPIOPadConfigSet        0x000007d5   0x98  Code  Gb  gpio.o [4]
GPIOPinConfigure        0x000008b1   0x40  Code  Gb  gpio.o [4]
GPIOPinTypeADC          0x0000086d    0x4  Code  Gb  gpio.o [4]
GPIOPinTypeI2C          0x0000088b    0xa  Code  Gb  gpio.o [4]
GPIOPinTypePWM          0x00000895    0xa  Code  Gb  gpio.o [4]
GPIOPinTypeUART         0x000008a7    0xa  Code  Gb  gpio.o [4]
I2CMasterBusy           0x00000af9    0xc  Code  Gb  i2c.o [4]
I2CMasterControl        0x00000b05    0x4  Code  Gb  i2c.o [4]
I2CMasterDataGet        0x00000b0d    0x4  Code  Gb  i2c.o [4]
I2CMasterDataPut        0x00000b09    0x4  Code  Gb  i2c.o [4]
I2CMasterEnable         0x00000adb    0xc  Code  Gb  i2c.o [4]
I2CMasterInitExpClk     0x00000ab5   0x26  Code  Gb  i2c.o [4]
I2CMasterSlaveAddrSet   0x00000af1    0x8  Code  Gb  i2c.o [4]
InitADC                 0x00000469   0x9e  Code  Gb  init.o [1]
InitI2C                 0x0000063d   0xea  Code  Gb  init.o [1]
InitPWM                 0x00000507  0x136  Code  Gb  init.o [1]
InitUART                0x00000727   0x38  Code  Gb  init.o [1]
IntDefaultHandler       0x0000100f    0x2  Code  Lc  startup.o [1]
IntEnable               0x00000b1b   0x4e  Code  Gb  interrupt.o [4]
IntMasterEnable         0x00000b11    0xa  Code  Gb  interrupt.o [4]
NmiSR                   0x0000100b    0x2  Code  Lc  startup.o [1]
PWMGenConfigure         0x00000a35   0x2c  Code  Gb  pwm.o [4]
PWMGenEnable            0x00000a79    0x6  Code  Gb  pwm.o [4]
PWMGenPeriodSet         0x00000a65   0x14  Code  Gb  pwm.o [4]
PWMOutputState          0x00000aa3   0x12  Code  Gb  pwm.o [4]
PWMPulseWidthSet        0x00000a7f   0x1c  Code  Gb  pwm.o [4]
Region$$Table$$Base     0x00000fd8          --   Gb  - Linker created -
Region$$Table$$Limit    0x00000fe8          --   Gb  - Linker created -
SysCtlClockGet          0x00000253  0x15c  Code  Gb  sysctl.o [4]
SysCtlClockSet          0x00000145  0x10e  Code  Gb  sysctl.o [4]
SysCtlDelay             0x0000013d    0x8  Code  Gb  sysctl.o [4]
SysCtlPWMClockSet       0x000003af    0xa  Code  Gb  sysctl.o [4]
SysCtlPeripheralEnable  0x0000011d    0x8  Code  Gb  sysctl.o [4]
UARTCharGetNonBlocking  0x00000c25    0xe  Code  Gb  uart.o [4]
UARTCharPutNonBlocking  0x00000c33   0x10  Code  Gb  uart.o [4]
UARTCharsAvail          0x00000c13    0x8  Code  Gb  uart.o [4]
UARTConfigSetExpClk     0x00000b89   0x4c  Code  Gb  uart.o [4]
UARTDisable             0x00000bef   0x1e  Code  Gb  uart.o [4]
UARTEnable              0x00000bd5   0x1a  Code  Gb  uart.o [4]
UARTIntClear            0x00000c59    0x4  Code  Gb  uart.o [4]
UARTIntEnable           0x00000c49    0x6  Code  Gb  uart.o [4]
UARTIntHandler          0x00000f5f   0x32  Code  Gb  quad_drone.o [1]
UARTIntStatus           0x00000c4f    0xa  Code  Gb  uart.o [4]
__cmain                 0x00000fe9         Code  Gb  cmain.o [6]
__exit                  0x0000101d   0x14  Code  Gb  exit.o [7]
__iar_data_init3        0x00000fad   0x2c  Code  Gb  data_init3.o [6]
__iar_program_start     0x00001031         Code  Gb  cstartup_M.o [6]
__iar_zero_init3        0x00000a13   0x22  Code  Gb  zero_init3.o [6]
__low_level_init        0x00000fff    0x4  Code  Gb  low_level_init.o [3]
__vector_table          0x00000000  0x11c  Data  Gb  startup.o [1]
_call_main              0x00000ff5         Code  Gb  cmain.o [6]
_exit                   0x00001011         Code  Gb  cexit.o [6]
_main                   0x00000ffb         Code  Gb  cmain.o [6]
adc_values              0x20000030   0x10  Data  Gb  imu.o [1]
compass_values          0x20000018   0x18  Data  Gb  imu.o [1]
exit                    0x00001003    0x8  Code  Gb  exit.o [3]
g_pulGPIOBaseAddrs      0x000008f8   0x48  Data  Lc  gpio.o [4]
g_pulRCGCRegs           0x00000400    0xc  Data  Lc  sysctl.o [4]
g_pulXtals              0x0000040c   0x5c  Data  Lc  sysctl.o [4]
gyro_values             0x20000000   0x18  Data  Gb  imu.o [1]
main                    0x00000e75   0xea  Code  Gb  quad_drone.o [1]
pulStack                0x20000040  0x100  Data  Lc  startup.o [1]
readAccel               0x00000c65   0x2c  Code  Gb  imu.o [1]
readCompass             0x00000d77   0xe6  Code  Gb  imu.o [1]
readGyro                0x00000c91   0xe6  Code  Gb  imu.o [1]


[1] = C:\Users\Arko\Documents\IAR Embedded Workbench\arm\examples\TexasInstruments\Stellaris\boards\dk-lm3s9b96\quad_drone\ewarm\Obj
[2] = command line
[3] = dl7M_tln.a
[4] = driverlib.a
[5] = m7M_tl.a
[6] = rt7M_tl.a
[7] = shb_l.a

  3 856 bytes of readonly  code memory
    300 bytes of readonly  data memory
    320 bytes of readwrite data memory

Errors: none
Warnings: none
