###############################################################################
#                                                                             #
# IAR ELF Linker V6.10.2.52244/W32 for ARM              03/Feb/2011  23:58:40 #
# Copyright 2007-2010 IAR Systems AB.                                         #
#                                                                             #
#    Output file  =  C:\Users\Arko\Documents\IAR Embedded                     #
#                    Workbench\arm\examples\TexasInstruments\Stellaris\boards #
#                    \dk-lm3s9b96\quad_drone\ewarm\Exe\quad_drone.out         #
#    Map file     =  C:\Users\Arko\Documents\IAR Embedded                     #
#                    Workbench\arm\examples\TexasInstruments\Stellaris\boards #
#                    \dk-lm3s9b96\quad_drone\ewarm\List\quad_drone.map        #
#    Command line =  "C:\Users\Arko\Documents\IAR Embedded                    #
#                    Workbench\arm\examples\TexasInstruments\Stellaris\boards #
#                    \dk-lm3s9b96\quad_drone\ewarm\Obj\imu.o"                 #
#                    "C:\Users\Arko\Documents\IAR Embedded                    #
#                    Workbench\arm\examples\TexasInstruments\Stellaris\boards #
#                    \dk-lm3s9b96\quad_drone\ewarm\Obj\init.o"                #
#                    "C:\Users\Arko\Documents\IAR Embedded                    #
#                    Workbench\arm\examples\TexasInstruments\Stellaris\boards #
#                    \dk-lm3s9b96\quad_drone\ewarm\Obj\quad_drone.o"          #
#                    "C:\Users\Arko\Documents\IAR Embedded                    #
#                    Workbench\arm\examples\TexasInstruments\Stellaris\boards #
#                    \dk-lm3s9b96\quad_drone\ewarm\Obj\set_pinout.o"          #
#                    "C:\Users\Arko\Documents\IAR Embedded                    #
#                    Workbench\arm\examples\TexasInstruments\Stellaris\boards #
#                    \dk-lm3s9b96\quad_drone\ewarm\Obj\startup.o"             #
#                    "C:\Users\Arko\Documents\IAR Embedded                    #
#                    Workbench\arm\examples\TexasInstruments\Stellaris\driver #
#                    lib\ewarm\Exe\driverlib.a" "C:\Users\Arko\Documents\IAR  #
#                    Embedded Workbench\arm\examples\TexasInstruments\Stellar #
#                    is\grlib\ewarm\Exe\grlib.a" --redirect                   #
#                    _Printf=_PrintfTiny --redirect _Scanf=_ScanfSmall -o     #
#                    "C:\Users\Arko\Documents\IAR Embedded                    #
#                    Workbench\arm\examples\TexasInstruments\Stellaris\boards #
#                    \dk-lm3s9b96\quad_drone\ewarm\Exe\quad_drone.out" --map  #
#                    "C:\Users\Arko\Documents\IAR Embedded                    #
#                    Workbench\arm\examples\TexasInstruments\Stellaris\boards #
#                    \dk-lm3s9b96\quad_drone\ewarm\List\quad_drone.map"       #
#                    --config "C:\Users\Arko\Documents\IAR Embedded           #
#                    Workbench\arm\examples\TexasInstruments\Stellaris\boards #
#                    \dk-lm3s9b96\quad_drone\quad_drone.icf" --semihosting    #
#                    --entry __iar_program_start                              #
#                                                                             #
#                                                                             #
###############################################################################

*******************************************************************************
*** RUNTIME MODEL ATTRIBUTES
***

CppFlavor       = *
__SystemLibrary = DLib


*******************************************************************************
*** PLACEMENT SUMMARY
***

"A1":  place at start of [0x00000000-0x0003ffff] { ro section .intvec };
"P1":  place in [from 0x00000000 to 0x0003ffff] { ro };
"P2":  place in [from 0x20000000 to 0x20017fff] { rw, block HEAP };

  Section  Kind        Address   Size  Object
  -------  ----        -------   ----  ------
"A1":                           0x11c
  .intvec  const    0x00000000  0x11c  startup.o [1]
                  - 0x0000011c  0x11c

"P1":                           0x79c
  .text    ro code  0x0000011c  0x1e0  init.o [1]
  .text    ro code  0x000002fc  0x170  sysctl.o [4]
  .text    ro code  0x0000046c   0xd2  adc.o [4]
  .text    ro code  0x0000053e    0x6  startup.o [1]
  .text    ro code  0x00000544  0x180  gpio.o [4]
  .text    ro code  0x000006c4   0x80  pwm.o [4]
  .text    ro code  0x00000744  0x124  quad_drone.o [1]
  .text    ro code  0x00000868   0x16  cmain.o [6]
  .text    ro code  0x0000087e    0x4  low_level_init.o [3]
  .text    ro code  0x00000882    0x8  exit.o [3]
  .text    ro code  0x0000088c    0xa  cexit.o [6]
  .text    ro code  0x00000898   0x14  exit.o [7]
  .text    ro code  0x000008ac    0xc  cstartup_M.o [6]
                  - 0x000008b8  0x79c

"P2":                           0x100
  .noinit  uninit   0x20000000  0x100  startup.o [1]
                  - 0x20000100  0x100


*******************************************************************************
*** MODULE SUMMARY
***

    Module            ro code  ro data  rw data
    ------            -------  -------  -------
C:\Users\Arko\Documents\IAR Embedded Workbench\arm\examples\TexasInstruments\Stellaris\boards\dk-lm3s9b96\quad_drone\ewarm\Obj: [1]
    init.o                480
    quad_drone.o          292
    startup.o               6      284      256
    -------------------------------------------
    Total:                778      284      256

command line: [2]
    -------------------------------------------
    Total:

dl7M_tln.a: [3]
    exit.o                  8
    low_level_init.o        4
    -------------------------------------------
    Total:                 12

driverlib.a: [4]
    adc.o                 210
    gpio.o                384
    pwm.o                 128
    sysctl.o              368
    -------------------------------------------
    Total:              1 090

m7M_tl.a: [5]
    -------------------------------------------
    Total:

rt7M_tl.a: [6]
    cexit.o                10
    cmain.o                22
    cstartup_M.o           12
    -------------------------------------------
    Total:                 44

shb_l.a: [7]
    exit.o                 20
    -------------------------------------------
    Total:                 20

    Gaps                    4
-----------------------------------------------
    Grand Total:        1 948      284      256


*******************************************************************************
*** ENTRY LIST
***

Entry                      Address   Size  Type      Object
-----                      -------   ----  ----      ------
?main                   0x00000869         Code  Gb  cmain.o [6]
ADCIntClear             0x0000048d    0xa  Code  Gb  adc.o [4]
ADCIntEnable            0x0000046d    0xe  Code  Gb  adc.o [4]
ADCIntStatus            0x0000047b   0x12  Code  Gb  adc.o [4]
ADCProcessorTrigger     0x00000535    0xa  Code  Gb  adc.o [4]
ADCSequenceConfigure    0x000004b5   0x30  Code  Gb  adc.o [4]
ADCSequenceDataGet      0x00000517   0x1e  Code  Gb  adc.o [4]
ADCSequenceDisable      0x000004a5    0x2  Code  Gb  adc.o [4]
ADCSequenceEnable       0x00000497    0x8  Code  Gb  adc.o [4]
ADCSequenceStepConfigure
                        0x000004e5   0x32  Code  Gb  adc.o [4]
FaultISR                0x00000541    0x2  Code  Lc  startup.o [1]
GPIODirModeSet          0x00000545   0x28  Code  Gb  gpio.o [4]
GPIOPadConfigSet        0x0000056d   0x98  Code  Gb  gpio.o [4]
GPIOPinConfigure        0x00000635   0x40  Code  Gb  gpio.o [4]
GPIOPinTypeADC          0x00000605    0x4  Code  Gb  gpio.o [4]
GPIOPinTypePWM          0x00000623    0xa  Code  Gb  gpio.o [4]
InitADC                 0x0000011d   0x8c  Code  Gb  init.o [1]
InitPWM                 0x000001bf  0x106  Code  Gb  init.o [1]
IntDefaultHandler       0x00000543    0x2  Code  Lc  startup.o [1]
NmiSR                   0x0000053f    0x2  Code  Lc  startup.o [1]
PWMGenConfigure         0x000006c5   0x2c  Code  Gb  pwm.o [4]
PWMGenEnable            0x00000709    0x6  Code  Gb  pwm.o [4]
PWMGenPeriodSet         0x000006f5   0x14  Code  Gb  pwm.o [4]
PWMOutputState          0x00000733   0x12  Code  Gb  pwm.o [4]
PWMPulseWidthSet        0x0000070f   0x1c  Code  Gb  pwm.o [4]
Region$$Table$$Base     0x00000000          --   Gb  - Linker created -
Region$$Table$$Limit    0x00000000          --   Gb  - Linker created -
SysCtlClockSet          0x00000325  0x10e  Code  Gb  sysctl.o [4]
SysCtlDelay             0x0000031d    0x8  Code  Gb  sysctl.o [4]
SysCtlPWMClockSet       0x00000433    0xa  Code  Gb  sysctl.o [4]
SysCtlPeripheralEnable  0x000002fd    0x8  Code  Gb  sysctl.o [4]
__cmain                 0x00000869         Code  Gb  cmain.o [6]
__exit                  0x00000899   0x14  Code  Gb  exit.o [7]
__iar_program_start     0x000008ad         Code  Gb  cstartup_M.o [6]
__low_level_init        0x0000087f    0x4  Code  Gb  low_level_init.o [3]
__vector_table          0x00000000  0x11c  Data  Gb  startup.o [1]
_call_main              0x00000875         Code  Gb  cmain.o [6]
_exit                   0x0000088d         Code  Gb  cexit.o [6]
_main                   0x0000087b         Code  Gb  cmain.o [6]
exit                    0x00000883    0x8  Code  Gb  exit.o [3]
g_pulGPIOBaseAddrs      0x0000067c   0x48  Data  Lc  gpio.o [4]
g_pulRCGCRegs           0x00000460    0xc  Data  Lc  sysctl.o [4]
main                    0x00000745   0xf4  Code  Gb  quad_drone.o [1]
pulStack                0x20000000  0x100  Data  Lc  startup.o [1]


[1] = C:\Users\Arko\Documents\IAR Embedded Workbench\arm\examples\TexasInstruments\Stellaris\boards\dk-lm3s9b96\quad_drone\ewarm\Obj
[2] = command line
[3] = dl7M_tln.a
[4] = driverlib.a
[5] = m7M_tl.a
[6] = rt7M_tl.a
[7] = shb_l.a

  1 948 bytes of readonly  code memory
    284 bytes of readonly  data memory
    256 bytes of readwrite data memory

Errors: none
Warnings: none
