###############################################################################
#                                                                             #
# IAR ELF Linker V6.10.2.52244/W32 for ARM              26/Feb/2011  01:48:18 #
# Copyright 2007-2010 IAR Systems AB.                                         #
#                                                                             #
#    Output file  =  C:\Users\Arko\Documents\IAR Embedded                     #
#                    Workbench\arm\examples\TexasInstruments\Stellaris\boards #
#                    \dk-lm3s9b96\quad_drone\ewarm\Exe\quad_drone.out         #
#    Map file     =  C:\Users\Arko\Documents\IAR Embedded                     #
#                    Workbench\arm\examples\TexasInstruments\Stellaris\boards #
#                    \dk-lm3s9b96\quad_drone\ewarm\List\quad_drone.map        #
#    Command line =  "C:\Users\Arko\Documents\IAR Embedded                    #
#                    Workbench\arm\examples\TexasInstruments\Stellaris\boards #
#                    \dk-lm3s9b96\quad_drone\ewarm\Obj\control.o"             #
#                    "C:\Users\Arko\Documents\IAR Embedded                    #
#                    Workbench\arm\examples\TexasInstruments\Stellaris\boards #
#                    \dk-lm3s9b96\quad_drone\ewarm\Obj\imu.o"                 #
#                    "C:\Users\Arko\Documents\IAR Embedded                    #
#                    Workbench\arm\examples\TexasInstruments\Stellaris\boards #
#                    \dk-lm3s9b96\quad_drone\ewarm\Obj\init.o"                #
#                    "C:\Users\Arko\Documents\IAR Embedded                    #
#                    Workbench\arm\examples\TexasInstruments\Stellaris\boards #
#                    \dk-lm3s9b96\quad_drone\ewarm\Obj\quad_drone.o"          #
#                    "C:\Users\Arko\Documents\IAR Embedded                    #
#                    Workbench\arm\examples\TexasInstruments\Stellaris\boards #
#                    \dk-lm3s9b96\quad_drone\ewarm\Obj\set_pinout.o"          #
#                    "C:\Users\Arko\Documents\IAR Embedded                    #
#                    Workbench\arm\examples\TexasInstruments\Stellaris\boards #
#                    \dk-lm3s9b96\quad_drone\ewarm\Obj\startup.o"             #
#                    "C:\Users\Arko\Documents\IAR Embedded                    #
#                    Workbench\arm\examples\TexasInstruments\Stellaris\driver #
#                    lib\ewarm\Exe\driverlib.a" "C:\Users\Arko\Documents\IAR  #
#                    Embedded Workbench\arm\examples\TexasInstruments\Stellar #
#                    is\grlib\ewarm\Exe\grlib.a" --redirect                   #
#                    _Printf=_PrintfTiny --redirect _Scanf=_ScanfSmall -o     #
#                    "C:\Users\Arko\Documents\IAR Embedded                    #
#                    Workbench\arm\examples\TexasInstruments\Stellaris\boards #
#                    \dk-lm3s9b96\quad_drone\ewarm\Exe\quad_drone.out" --map  #
#                    "C:\Users\Arko\Documents\IAR Embedded                    #
#                    Workbench\arm\examples\TexasInstruments\Stellaris\boards #
#                    \dk-lm3s9b96\quad_drone\ewarm\List\quad_drone.map"       #
#                    --config "C:\Users\Arko\Documents\IAR Embedded           #
#                    Workbench\arm\examples\TexasInstruments\Stellaris\boards #
#                    \dk-lm3s9b96\quad_drone\quad_drone.icf" --semihosting    #
#                    --entry __iar_program_start                              #
#                                                                             #
#                                                                             #
###############################################################################

*******************************************************************************
*** RUNTIME MODEL ATTRIBUTES
***

CppFlavor       = *
__SystemLibrary = DLib


*******************************************************************************
*** PLACEMENT SUMMARY
***

"A1":  place at start of [0x00000000-0x0003ffff] { ro section .intvec };
"P1":  place in [from 0x00000000 to 0x0003ffff] { ro };
"P2":  place in [from 0x20000000 to 0x20017fff] { rw, block HEAP };

  Section            Kind        Address    Size  Object
  -------            ----        -------    ----  ------
"A1":                                      0x11c
  .intvec            const    0x00000000   0x11c  startup.o [1]
                            - 0x0000011c   0x11c

"P1":                                     0x2498
  .text              ro code  0x0000011c  0x107c  imu.o [1]
  .text              ro code  0x00001198    0x30  I32ToFlt.o [5]
  .text              ro code  0x000011c8    0xd8  FltMul.o [5]
  .text              ro code  0x000012a0    0xe2  FltSub.o [5]
  .text              ro code  0x00001382    0x2e  copy_init3.o [6]
  .text              ro code  0x000013b0    0x82  FltAdd.o [5]
  .text              ro code  0x00001432    0x22  zero_init3.o [6]
  .text              ro code  0x00001454    0x4e  FltToDbl.o [5]
  .text              ro code  0x000014a2     0x6  startup.o [1]
  .text              ro code  0x000014a8   0x246  DblDiv.o [5]
  .text              ro code  0x000016f0    0x90  DblToFlt.o [5]
  .text              ro code  0x00001780    0xfc  FltDiv.o [5]
  .text              ro code  0x0000187c    0xd2  adc.o [4]
  .text              ro code  0x00001950    0x5c  i2c.o [4]
  .text              ro code  0x000019ac   0x34c  sysctl.o [4]
  .text              ro code  0x00001cf8   0x344  init.o [1]
  .text              ro code  0x0000203c   0x194  gpio.o [4]
  .text              ro code  0x000021d0    0x80  pwm.o [4]
  .text              ro code  0x00002250    0x78  interrupt.o [4]
  .text              ro code  0x000022c8    0xd4  uart.o [4]
  .text              ro code  0x0000239c     0x8  cpu.o [4]
  .text              ro code  0x000023a4   0x134  quad_drone.o [1]
  .text              ro code  0x000024d8    0x2c  data_init3.o [6]
  .rodata            const    0x00002504    0x24  imu.o [1]
  .iar.init_table    const    0x00002528    0x24  - Linker created -
  .text              ro code  0x0000254c    0x16  cmain.o [6]
  .text              ro code  0x00002562     0x4  low_level_init.o [3]
  .text              ro code  0x00002566     0x8  exit.o [3]
  .text              ro code  0x00002570     0xa  cexit.o [6]
  .text              ro code  0x0000257c    0x14  exit.o [7]
  .text              ro code  0x00002590     0xc  cstartup_M.o [6]
  Initializer bytes  ro data  0x0000259c    0x18  <for P2 s0>
                            - 0x000025b4  0x2498

"P2", part 1 of 3:                          0x18
  P2 s0                       0x20000000    0x18  <Init block>
    .data            inited   0x20000000     0x4  imu.o [1]
    .data            inited   0x20000004     0x4  imu.o [1]
    .data            inited   0x20000008     0x4  imu.o [1]
    .data            inited   0x2000000c     0x4  imu.o [1]
    .data            inited   0x20000010     0x4  imu.o [1]
    .data            inited   0x20000014     0x4  imu.o [1]
                            - 0x20000018    0x18

"P2", part 2 of 3:                         0x13c
  .bss               zero     0x20000018    0x24  imu.o [1]
  .bss               zero     0x2000003c    0x10  imu.o [1]
  .bss               zero     0x2000004c     0x8  imu.o [1]
  .bss               zero     0x20000054     0x8  imu.o [1]
  .bss               zero     0x2000005c     0x4  imu.o [1]
  .bss               zero     0x20000060     0x4  imu.o [1]
  .bss               zero     0x20000064     0x4  imu.o [1]
  .bss               zero     0x20000068     0x4  imu.o [1]
  .bss               zero     0x2000006c     0x4  imu.o [1]
  .bss               zero     0x20000070     0x4  imu.o [1]
  .bss               zero     0x20000074     0x4  imu.o [1]
  .bss               zero     0x20000078     0x4  imu.o [1]
  .bss               zero     0x2000007c     0x4  imu.o [1]
  .bss               zero     0x20000080     0x4  imu.o [1]
  .bss               zero     0x20000084     0x4  imu.o [1]
  .bss               zero     0x20000088     0x4  imu.o [1]
  .bss               zero     0x2000008c     0x4  imu.o [1]
  .bss               zero     0x20000090     0x4  imu.o [1]
  .bss               zero     0x20000094     0x4  imu.o [1]
  .bss               zero     0x20000098     0x4  imu.o [1]
  .bss               zero     0x2000009c     0x4  imu.o [1]
  .bss               zero     0x200000a0     0x4  imu.o [1]
  .bss               zero     0x200000a4     0x4  imu.o [1]
  .bss               zero     0x200000a8     0x4  imu.o [1]
  .bss               zero     0x200000ac     0x4  imu.o [1]
  .bss               zero     0x200000b0     0x4  imu.o [1]
  .bss               zero     0x200000b4     0x4  imu.o [1]
  .bss               zero     0x200000b8     0x4  imu.o [1]
  .bss               zero     0x200000bc     0x4  imu.o [1]
  .bss               zero     0x200000c0     0x4  imu.o [1]
  .bss               zero     0x200000c4     0x4  imu.o [1]
  .bss               zero     0x200000c8     0x4  imu.o [1]
  .bss               zero     0x200000cc     0x4  imu.o [1]
  .bss               zero     0x200000d0     0x4  imu.o [1]
  .bss               zero     0x200000d4     0x4  imu.o [1]
  .bss               zero     0x200000d8     0x4  imu.o [1]
  .bss               zero     0x200000dc     0x4  imu.o [1]
  .bss               zero     0x200000e0     0x4  imu.o [1]
  .bss               zero     0x200000e4     0x4  imu.o [1]
  .bss               zero     0x200000e8     0x4  imu.o [1]
  .bss               zero     0x200000ec     0x4  imu.o [1]
  .bss               zero     0x200000f0     0x4  imu.o [1]
  .bss               zero     0x200000f4     0x4  imu.o [1]
  .bss               zero     0x200000f8     0x4  imu.o [1]
  .bss               zero     0x200000fc     0x4  imu.o [1]
  .bss               zero     0x20000100     0x4  imu.o [1]
  .bss               zero     0x20000104     0x4  imu.o [1]
  .bss               zero     0x20000108     0x4  imu.o [1]
  .bss               zero     0x2000010c     0x4  imu.o [1]
  .bss               zero     0x20000110     0x4  imu.o [1]
  .bss               zero     0x20000114     0x4  imu.o [1]
  .bss               zero     0x20000118     0x4  imu.o [1]
  .bss               zero     0x2000011c     0x4  imu.o [1]
  .bss               zero     0x20000120     0x4  imu.o [1]
  .bss               zero     0x20000124     0x4  imu.o [1]
  .bss               zero     0x20000128     0x4  imu.o [1]
  .bss               zero     0x2000012c     0x4  imu.o [1]
  .bss               zero     0x20000130     0x4  imu.o [1]
  .bss               zero     0x20000134     0x4  imu.o [1]
  .bss               zero     0x20000138     0x4  imu.o [1]
  .bss               zero     0x2000013c     0x4  imu.o [1]
  .bss               zero     0x20000140     0x4  imu.o [1]
  .bss               zero     0x20000144     0x4  imu.o [1]
  .bss               zero     0x20000148     0x4  imu.o [1]
  .bss               zero     0x2000014c     0x4  imu.o [1]
  .bss               zero     0x20000150     0x4  imu.o [1]
                            - 0x20000154   0x13c

"P2", part 3 of 3:                         0x100
  .noinit            uninit   0x20000154   0x100  startup.o [1]
                            - 0x20000254   0x100


*******************************************************************************
*** INIT TABLE
***

          Address     Size
          -------     ----
Zero (__iar_zero_init3)
    1 destination range, total size 0x13c:
          0x20000018  0x13c

Copy (__iar_copy_init3)
    1 source range, total size 0x18:
          0x0000259c   0x18
    1 destination range, total size 0x18:
          0x20000000   0x18


*******************************************************************************
*** MODULE SUMMARY
***

    Module            ro code  ro data  rw data
    ------            -------  -------  -------
C:\Users\Arko\Documents\IAR Embedded Workbench\arm\examples\TexasInstruments\Stellaris\boards\dk-lm3s9b96\quad_drone\ewarm\Obj: [1]
    imu.o               4 220       60      340
    init.o                836
    quad_drone.o          308
    startup.o               6      284      256
    -------------------------------------------
    Total:              5 370      344      596

command line: [2]
    -------------------------------------------
    Total:

dl7M_tln.a: [3]
    exit.o                  8
    low_level_init.o        4
    -------------------------------------------
    Total:                 12

driverlib.a: [4]
    adc.o                 210
    cpu.o                   8
    gpio.o                404
    i2c.o                  92
    interrupt.o           120
    pwm.o                 128
    sysctl.o              844
    uart.o                212
    -------------------------------------------
    Total:              2 018

m7M_tl.a: [5]
    DblDiv.o              582
    DblToFlt.o            144
    FltAdd.o              130
    FltDiv.o              252
    FltMul.o              216
    FltSub.o              226
    FltToDbl.o             78
    I32ToFlt.o             48
    -------------------------------------------
    Total:              1 676

rt7M_tl.a: [6]
    cexit.o                10
    cmain.o                22
    copy_init3.o           46
    cstartup_M.o           12
    data_init3.o           44
    zero_init3.o           34
    -------------------------------------------
    Total:                168

shb_l.a: [7]
    exit.o                 20
    -------------------------------------------
    Total:                 20

    Gaps                    8
    Linker created                  36
-----------------------------------------------
    Grand Total:        9 272      380      596


*******************************************************************************
*** ENTRY LIST
***

Entry                      Address   Size  Type      Object
-----                      -------   ----  ----      ------
?main                   0x0000254d         Code  Gb  cmain.o [6]
ADCIntClear             0x0000189d    0xa  Code  Gb  adc.o [4]
ADCIntEnable            0x0000187d    0xe  Code  Gb  adc.o [4]
ADCIntStatus            0x0000188b   0x12  Code  Gb  adc.o [4]
ADCProcessorTrigger     0x00001945    0xa  Code  Gb  adc.o [4]
ADCSequenceConfigure    0x000018c5   0x30  Code  Gb  adc.o [4]
ADCSequenceDataGet      0x00001927   0x1e  Code  Gb  adc.o [4]
ADCSequenceDisable      0x000018b5    0x2  Code  Gb  adc.o [4]
ADCSequenceEnable       0x000018a7    0x8  Code  Gb  adc.o [4]
ADCSequenceStepConfigure
                        0x000018f5   0x32  Code  Gb  adc.o [4]
CPUcpsie                0x0000239d    0x8  Code  Gb  cpu.o [4]
FaultISR                0x000014a5    0x2  Code  Lc  startup.o [1]
GPIODirModeSet          0x0000203d   0x28  Code  Gb  gpio.o [4]
GPIOPadConfigSet        0x00002065   0x98  Code  Gb  gpio.o [4]
GPIOPinConfigure        0x00002141   0x40  Code  Gb  gpio.o [4]
GPIOPinTypeADC          0x000020fd    0x4  Code  Gb  gpio.o [4]
GPIOPinTypeI2C          0x0000211b    0xa  Code  Gb  gpio.o [4]
GPIOPinTypePWM          0x00002125    0xa  Code  Gb  gpio.o [4]
GPIOPinTypeUART         0x00002137    0xa  Code  Gb  gpio.o [4]
I2CMasterBusy           0x00001995    0xc  Code  Gb  i2c.o [4]
I2CMasterControl        0x000019a1    0x4  Code  Gb  i2c.o [4]
I2CMasterDataGet        0x000019a9    0x4  Code  Gb  i2c.o [4]
I2CMasterDataPut        0x000019a5    0x4  Code  Gb  i2c.o [4]
I2CMasterEnable         0x00001977    0xc  Code  Gb  i2c.o [4]
I2CMasterInitExpClk     0x00001951   0x26  Code  Gb  i2c.o [4]
I2CMasterSlaveAddrSet   0x0000198d    0x8  Code  Gb  i2c.o [4]
InitADC                 0x00001cf9   0x9e  Code  Gb  init.o [1]
InitI2C                 0x00001ecd   0xea  Code  Gb  init.o [1]
InitPWM                 0x00001d97  0x136  Code  Gb  init.o [1]
InitUART                0x00001fb7   0x38  Code  Gb  init.o [1]
IntDefaultHandler       0x000014a7    0x2  Code  Lc  startup.o [1]
IntEnable               0x0000225b   0x4e  Code  Gb  interrupt.o [4]
IntMasterEnable         0x00002251    0xa  Code  Gb  interrupt.o [4]
NmiSR                   0x000014a3    0x2  Code  Lc  startup.o [1]
PWMGenConfigure         0x000021d1   0x2c  Code  Gb  pwm.o [4]
PWMGenEnable            0x00002215    0x6  Code  Gb  pwm.o [4]
PWMGenPeriodSet         0x00002201   0x14  Code  Gb  pwm.o [4]
PWMOutputState          0x0000223f   0x12  Code  Gb  pwm.o [4]
PWMPulseWidthSet        0x0000221b   0x1c  Code  Gb  pwm.o [4]
Q_angle                 0x00000e38    0x4  Data  Gb  imu.o [1]
Q_gyro                  0x00000e3c    0x4  Data  Gb  imu.o [1]
R_angle                 0x00000e40    0x4  Data  Gb  imu.o [1]
Region$$Table$$Base     0x00002528          --   Gb  - Linker created -
Region$$Table$$Limit    0x0000254c          --   Gb  - Linker created -
SysCtlClockGet          0x00001ae3  0x15c  Code  Gb  sysctl.o [4]
SysCtlClockSet          0x000019d5  0x10e  Code  Gb  sysctl.o [4]
SysCtlDelay             0x000019cd    0x8  Code  Gb  sysctl.o [4]
SysCtlPWMClockSet       0x00001c3f    0xa  Code  Gb  sysctl.o [4]
SysCtlPeripheralEnable  0x000019ad    0x8  Code  Gb  sysctl.o [4]
UARTCharGetNonBlocking  0x00002365    0xe  Code  Gb  uart.o [4]
UARTCharPutNonBlocking  0x00002373   0x10  Code  Gb  uart.o [4]
UARTCharsAvail          0x00002353    0x8  Code  Gb  uart.o [4]
UARTConfigSetExpClk     0x000022c9   0x4c  Code  Gb  uart.o [4]
UARTDisable             0x0000232f   0x1e  Code  Gb  uart.o [4]
UARTEnable              0x00002315   0x1a  Code  Gb  uart.o [4]
UARTIntClear            0x00002399    0x4  Code  Gb  uart.o [4]
UARTIntEnable           0x00002389    0x6  Code  Gb  uart.o [4]
UARTIntHandler          0x00002489   0x32  Code  Gb  quad_drone.o [1]
UARTIntStatus           0x0000238f    0xa  Code  Gb  uart.o [4]
__aeabi_d2f             0x000016f1         Code  Gb  DblToFlt.o [5]
__aeabi_ddiv            0x000014a9         Code  Gb  DblDiv.o [5]
__aeabi_f2d             0x00001455         Code  Gb  FltToDbl.o [5]
__aeabi_fadd            0x000013b1         Code  Gb  FltAdd.o [5]
__aeabi_fdiv            0x00001781         Code  Gb  FltDiv.o [5]
__aeabi_fmul            0x000011c9         Code  Gb  FltMul.o [5]
__aeabi_fsub            0x000012a1         Code  Gb  FltSub.o [5]
__aeabi_i2f             0x00001199         Code  Gb  I32ToFlt.o [5]
__aeabi_ui2f            0x000011ad         Code  Gb  I32ToFlt.o [5]
__cmain                 0x0000254d         Code  Gb  cmain.o [6]
__exit                  0x0000257d   0x14  Code  Gb  exit.o [7]
__iar_copy_init3        0x00001383   0x2e  Code  Gb  copy_init3.o [6]
__iar_data_init3        0x000024d9   0x2c  Code  Gb  data_init3.o [6]
__iar_fadd              0x000013bf         Code  Gb  FltAdd.o [5]
__iar_fsub              0x000012af         Code  Gb  FltSub.o [5]
__iar_fsubStart         0x000012bd         Code  Gb  FltSub.o [5]
__iar_program_start     0x00002591         Code  Gb  cstartup_M.o [6]
__iar_ui2f              0x000011af         Code  Gb  I32ToFlt.o [5]
__iar_zero_init3        0x00001433   0x22  Code  Gb  zero_init3.o [6]
__low_level_init        0x00002563    0x4  Code  Gb  low_level_init.o [3]
__vector_table          0x00000000  0x11c  Data  Gb  startup.o [1]
_call_main              0x00002559         Code  Gb  cmain.o [6]
_exit                   0x00002571         Code  Gb  cexit.o [6]
_main                   0x0000255f         Code  Gb  cmain.o [6]
adc_values              0x2000003c   0x10  Data  Gb  imu.o [1]
compass_values          0x20000054    0x8  Data  Gb  imu.o [1]
dt                      0x00000e34    0x4  Data  Gb  imu.o [1]
exit                    0x00002567    0x8  Code  Gb  exit.o [3]
g_pulGPIOBaseAddrs      0x00002188   0x48  Data  Lc  gpio.o [4]
g_pulRCGCRegs           0x00001c90    0xc  Data  Lc  sysctl.o [4]
g_pulXtals              0x00001c9c   0x5c  Data  Lc  sysctl.o [4]
gyro_values             0x2000004c    0x8  Data  Gb  imu.o [1]
imu_st_cal              0x20000018   0x24  Data  Gb  imu.o [1]
main                    0x000023a5   0xe4  Code  Gb  quad_drone.o [1]
pulStack                0x20000154  0x100  Data  Lc  startup.o [1]
rate_integrated         0x20000150    0x4  Data  Gb  imu.o [1]
readAccel               0x00000a53   0x5e  Code  Gb  imu.o [1]
readCompass             0x00000c11  0x15c  Code  Gb  imu.o [1]
readGyro                0x00000ab1  0x15c  Code  Gb  imu.o [1]
readIMU                 0x0000011d  0x936  Code  Gb  imu.o [1]
sensorsSelfTest         0x00000e45  0x26a  Code  Gb  imu.o [1]
temp_raw                0x2000014c    0x4  Data  Gb  imu.o [1]
xK_0                    0x200000e8    0x4  Data  Gb  imu.o [1]
xK_1                    0x200000ec    0x4  Data  Gb  imu.o [1]
xP_00                   0x200000f0    0x4  Data  Gb  imu.o [1]
xP_01                   0x200000f4    0x4  Data  Gb  imu.o [1]
xP_10                   0x200000f8    0x4  Data  Gb  imu.o [1]
xP_11                   0x200000fc    0x4  Data  Gb  imu.o [1]
xS                      0x200000e4    0x4  Data  Gb  imu.o [1]
x_acc_deg               0x20000080    0x4  Data  Gb  imu.o [1]
x_acc_g_convert         0x0000251c    0x4  Data  Gb  imu.o [1]
x_acc_offset            0x20000068    0x4  Data  Gb  imu.o [1]
x_acc_raw               0x2000005c    0x4  Data  Gb  imu.o [1]
x_acc_shift             0x00002504    0x4  Data  Gb  imu.o [1]
x_acc_v_convert         0x00002510    0x4  Data  Gb  imu.o [1]
x_accel                 0x20000074    0x4  Data  Gb  imu.o [1]
x_angle                 0x2000008c    0x4  Data  Gb  imu.o [1]
x_bias                  0x20000098    0x4  Data  Gb  imu.o [1]
x_comp_raw              0x20000140    0x4  Data  Gb  imu.o [1]
x_gyro_deg_sec          0x200000b0    0x4  Data  Gb  imu.o [1]
x_gyro_deg_sec_1        0x200000b4    0x4  Data  Gb  imu.o [1]
x_gyro_deg_sec_2        0x200000b8    0x4  Data  Gb  imu.o [1]
x_gyro_deg_sec_3        0x200000bc    0x4  Data  Gb  imu.o [1]
x_gyro_offset           0x20000000    0x4  Data  Gb  imu.o [1]
x_gyro_raw              0x200000a4    0x4  Data  Gb  imu.o [1]
x_gyro_scale            0x2000000c    0x4  Data  Gb  imu.o [1]
x_y                     0x200000e0    0x4  Data  Gb  imu.o [1]
yK_0                    0x20000108    0x4  Data  Gb  imu.o [1]
yK_1                    0x2000010c    0x4  Data  Gb  imu.o [1]
yP_00                   0x20000110    0x4  Data  Gb  imu.o [1]
yP_01                   0x20000114    0x4  Data  Gb  imu.o [1]
yP_10                   0x20000118    0x4  Data  Gb  imu.o [1]
yP_11                   0x2000011c    0x4  Data  Gb  imu.o [1]
yS                      0x20000104    0x4  Data  Gb  imu.o [1]
y_acc_deg               0x20000084    0x4  Data  Gb  imu.o [1]
y_acc_g_convert         0x00002520    0x4  Data  Gb  imu.o [1]
y_acc_offset            0x2000006c    0x4  Data  Gb  imu.o [1]
y_acc_raw               0x20000060    0x4  Data  Gb  imu.o [1]
y_acc_shift             0x00002508    0x4  Data  Gb  imu.o [1]
y_acc_v_convert         0x00002514    0x4  Data  Gb  imu.o [1]
y_accel                 0x20000078    0x4  Data  Gb  imu.o [1]
y_angle                 0x20000090    0x4  Data  Gb  imu.o [1]
y_bias                  0x2000009c    0x4  Data  Gb  imu.o [1]
y_comp_raw              0x20000144    0x4  Data  Gb  imu.o [1]
y_gyro_deg_sec          0x200000c0    0x4  Data  Gb  imu.o [1]
y_gyro_deg_sec_1        0x200000c4    0x4  Data  Gb  imu.o [1]
y_gyro_deg_sec_2        0x200000c8    0x4  Data  Gb  imu.o [1]
y_gyro_deg_sec_3        0x200000cc    0x4  Data  Gb  imu.o [1]
y_gyro_offset           0x20000004    0x4  Data  Gb  imu.o [1]
y_gyro_raw              0x200000a8    0x4  Data  Gb  imu.o [1]
y_gyro_scale            0x20000010    0x4  Data  Gb  imu.o [1]
y_y                     0x20000100    0x4  Data  Gb  imu.o [1]
zK_0                    0x20000128    0x4  Data  Gb  imu.o [1]
zK_1                    0x2000012c    0x4  Data  Gb  imu.o [1]
zP_00                   0x20000130    0x4  Data  Gb  imu.o [1]
zP_01                   0x20000134    0x4  Data  Gb  imu.o [1]
zP_10                   0x20000138    0x4  Data  Gb  imu.o [1]
zP_11                   0x2000013c    0x4  Data  Gb  imu.o [1]
zS                      0x20000124    0x4  Data  Gb  imu.o [1]
z_acc_deg               0x20000088    0x4  Data  Gb  imu.o [1]
z_acc_g_convert         0x00002524    0x4  Data  Gb  imu.o [1]
z_acc_offset            0x20000070    0x4  Data  Gb  imu.o [1]
z_acc_raw               0x20000064    0x4  Data  Gb  imu.o [1]
z_acc_shift             0x0000250c    0x4  Data  Gb  imu.o [1]
z_acc_v_convert         0x00002518    0x4  Data  Gb  imu.o [1]
z_accel                 0x2000007c    0x4  Data  Gb  imu.o [1]
z_angle                 0x20000094    0x4  Data  Gb  imu.o [1]
z_bias                  0x200000a0    0x4  Data  Gb  imu.o [1]
z_comp_raw              0x20000148    0x4  Data  Gb  imu.o [1]
z_gyro_deg_sec          0x200000d0    0x4  Data  Gb  imu.o [1]
z_gyro_deg_sec_1        0x200000d4    0x4  Data  Gb  imu.o [1]
z_gyro_deg_sec_2        0x200000d8    0x4  Data  Gb  imu.o [1]
z_gyro_deg_sec_3        0x200000dc    0x4  Data  Gb  imu.o [1]
z_gyro_offset           0x20000008    0x4  Data  Gb  imu.o [1]
z_gyro_raw              0x200000ac    0x4  Data  Gb  imu.o [1]
z_gyro_scale            0x20000014    0x4  Data  Gb  imu.o [1]
z_y                     0x20000120    0x4  Data  Gb  imu.o [1]


[1] = C:\Users\Arko\Documents\IAR Embedded Workbench\arm\examples\TexasInstruments\Stellaris\boards\dk-lm3s9b96\quad_drone\ewarm\Obj
[2] = command line
[3] = dl7M_tln.a
[4] = driverlib.a
[5] = m7M_tl.a
[6] = rt7M_tl.a
[7] = shb_l.a

  9 272 bytes of readonly  code memory
    380 bytes of readonly  data memory
    596 bytes of readwrite data memory

Errors: none
Warnings: none
