###############################################################################
#                                                                             #
# IAR ELF Linker V6.10.2.52244/W32 for ARM              01/May/2011  00:34:43 #
# Copyright 2007-2010 IAR Systems AB.                                         #
#                                                                             #
#    Output file  =  C:\Users\Arko\Documents\IAR Embedded                     #
#                    Workbench\arm\examples\TexasInstruments\Stellaris\boards #
#                    \dk-lm3s9b96\quad_drone\ewarm\Exe\quad_drone.out         #
#    Map file     =  C:\Users\Arko\Documents\IAR Embedded                     #
#                    Workbench\arm\examples\TexasInstruments\Stellaris\boards #
#                    \dk-lm3s9b96\quad_drone\ewarm\List\quad_drone.map        #
#    Command line =  "C:\Users\Arko\Documents\IAR Embedded                    #
#                    Workbench\arm\examples\TexasInstruments\Stellaris\boards #
#                    \dk-lm3s9b96\quad_drone\ewarm\Obj\control.o"             #
#                    "C:\Users\Arko\Documents\IAR Embedded                    #
#                    Workbench\arm\examples\TexasInstruments\Stellaris\boards #
#                    \dk-lm3s9b96\quad_drone\ewarm\Obj\imu.o"                 #
#                    "C:\Users\Arko\Documents\IAR Embedded                    #
#                    Workbench\arm\examples\TexasInstruments\Stellaris\boards #
#                    \dk-lm3s9b96\quad_drone\ewarm\Obj\init.o"                #
#                    "C:\Users\Arko\Documents\IAR Embedded                    #
#                    Workbench\arm\examples\TexasInstruments\Stellaris\boards #
#                    \dk-lm3s9b96\quad_drone\ewarm\Obj\quad_drone.o"          #
#                    "C:\Users\Arko\Documents\IAR Embedded                    #
#                    Workbench\arm\examples\TexasInstruments\Stellaris\boards #
#                    \dk-lm3s9b96\quad_drone\ewarm\Obj\set_pinout.o"          #
#                    "C:\Users\Arko\Documents\IAR Embedded                    #
#                    Workbench\arm\examples\TexasInstruments\Stellaris\boards #
#                    \dk-lm3s9b96\quad_drone\ewarm\Obj\startup.o"             #
#                    "C:\Users\Arko\Documents\IAR Embedded                    #
#                    Workbench\arm\examples\TexasInstruments\Stellaris\boards #
#                    \dk-lm3s9b96\quad_drone\ewarm\Obj\xbee.o"                #
#                    "C:\Users\Arko\Documents\IAR Embedded                    #
#                    Workbench\arm\examples\TexasInstruments\Stellaris\driver #
#                    lib\ewarm\Exe\driverlib.a" "C:\Users\Arko\Documents\IAR  #
#                    Embedded Workbench\arm\examples\TexasInstruments\Stellar #
#                    is\grlib\ewarm\Exe\grlib.a" --redirect                   #
#                    _Printf=_PrintfTiny --redirect _Scanf=_ScanfSmall -o     #
#                    "C:\Users\Arko\Documents\IAR Embedded                    #
#                    Workbench\arm\examples\TexasInstruments\Stellaris\boards #
#                    \dk-lm3s9b96\quad_drone\ewarm\Exe\quad_drone.out" --map  #
#                    "C:\Users\Arko\Documents\IAR Embedded                    #
#                    Workbench\arm\examples\TexasInstruments\Stellaris\boards #
#                    \dk-lm3s9b96\quad_drone\ewarm\List\quad_drone.map"       #
#                    --config "C:\Users\Arko\Documents\IAR Embedded           #
#                    Workbench\arm\examples\TexasInstruments\Stellaris\boards #
#                    \dk-lm3s9b96\quad_drone\quad_drone.icf" --semihosting    #
#                    --entry __iar_program_start                              #
#                                                                             #
#                                                                             #
###############################################################################

*******************************************************************************
*** RUNTIME MODEL ATTRIBUTES
***

CppFlavor       = *
__SystemLibrary = DLib


*******************************************************************************
*** PLACEMENT SUMMARY
***

"A1":  place at start of [0x00000000-0x0003ffff] { ro section .intvec };
"P1":  place in [from 0x00000000 to 0x0003ffff] { ro };
"P2":  place in [from 0x20000000 to 0x20017fff] { rw, block HEAP };

  Section            Kind        Address    Size  Object
  -------            ----        -------    ----  ------
"A1":                                      0x11c
  .intvec            const    0x00000000   0x11c  startup.o [1]
                            - 0x0000011c   0x11c

"P1":                                     0x3140
  .text              ro code  0x0000011c   0xae2  imu.o [1]
  .text              ro code  0x00000bfe    0x22  zero_init3.o [6]
  .text              ro code  0x00000c20    0x56  timer.o [4]
  .text              ro code  0x00000c76     0xa  xsprout.o [3]
  .text              ro code  0x00000c80   0x34c  sysctl.o [4]
  .text              ro code  0x00000fcc    0x30  I32ToFlt.o [5]
  .text              ro code  0x00000ffc    0xfc  FltDiv.o [5]
  .text              ro code  0x000010f8    0x24  FltCmpGe.o [5]
  .text              ro code  0x0000111c    0xd8  FltMul.o [5]
  .text              ro code  0x000011f4    0x4e  FltToDbl.o [5]
  .text              ro code  0x00001242     0x6  startup.o [1]
  .text              ro code  0x00001248    0xf0  sqrt.o [5]
  .text              ro code  0x00001338   0x246  DblDiv.o [5]
  .text              ro code  0x00001580    0x9c  atan.o [5]
  .text              ro code  0x0000161c    0x90  DblToFlt.o [5]
  .text              ro code  0x000016ac    0x82  FltAdd.o [5]
  .text              ro code  0x00001730    0xe2  FltSub.o [5]
  .text              ro code  0x00001814   0x29c  xbee.o [1]
  .text              ro code  0x00001ab0    0xd2  adc.o [4]
  .text              ro code  0x00001b84    0x5c  i2c.o [4]
  .text              ro code  0x00001be0   0x198  gpio.o [4]
  .text              ro code  0x00001d78     0xc  iarEdom.o [6]
  .text              ro code  0x00001d84    0x2e  DblCmpLe.o [5]
  .text              ro code  0x00001db4    0x2e  DblCmpGe.o [5]
  .text              ro code  0x00001de8   0x1f8  xatan.o [5]
  .text              ro code  0x00001fe0    0xe0  uart.o [4]
  .text              ro code  0x000020c0    0x44  FltToS32.o [5]
  .text              ro code  0x00002104    0x34  sprintf.o [3]
  .text              ro code  0x00002138    0x24  FltCmpLe.o [5]
  .text              ro code  0x0000215c     0xc  errno.o [3]
  .text              ro code  0x00002168   0x1a2  DblMul.o [5]
  .text              ro code  0x0000230c    0xe6  DblAdd.o [5]
  .text              ro code  0x000023f2   0x11a  xprintftiny.o [3]
  .text              ro code  0x0000250c     0x2  xtls.o [3]
  .text              ro code  0x00002510   0x17e  DblSub.o [5]
  .text              ro code  0x00002690    0x36  strlen.o [6]
  .text              ro code  0x000026c8   0x418  control.o [1]
  .text              ro code  0x00002ae0    0x24  FltToU32.o [5]
  .text              ro code  0x00002b04    0x80  pwm.o [4]
  .text              ro code  0x00002b84   0x3b8  init.o [1]
  .text              ro code  0x00002f3c    0x78  interrupt.o [4]
  .text              ro code  0x00002fb4     0x8  cpu.o [4]
  .text              ro code  0x00002fbc    0xb4  quad_drone.o [1]
  .text              ro code  0x00003070    0xa8  packbits_init3.o [6]
  .text              ro code  0x00003118    0x2c  data_init3.o [6]
  .iar.init_table    const    0x00003144    0x2c  - Linker created -
  .text              ro code  0x00003170    0x16  cmain.o [6]
  .text              ro code  0x00003186     0x4  low_level_init.o [3]
  .text              ro code  0x0000318a     0x8  exit.o [3]
  .text              ro code  0x00003194     0xa  cexit.o [6]
  .text              ro code  0x000031a0    0x14  exit.o [7]
  .text              ro code  0x000031b4     0xc  cstartup_M.o [6]
  Initializer bytes  ro data  0x000031c0    0x9a  <for P2 s0>
                            - 0x0000325a  0x313e

"P2", part 1 of 3:                         0x220
  P2 s0                       0x20000000   0x220  <Init block>
    .data            inited   0x20000000    0xf0  imu.o [1]
    .data            inited   0x200000f0    0x90  control.o [1]
    .data            inited   0x20000180    0x70  imu.o [1]
    .data            inited   0x200001f0    0x30  control.o [1]
                            - 0x20000220   0x220

"P2", part 2 of 3:                          0x2c
  .bss               zero     0x20000220    0x10  imu.o [1]
  .bss               zero     0x20000230     0x8  imu.o [1]
  .bss               zero     0x20000238     0x8  imu.o [1]
  .bss               zero     0x20000240     0x4  xbee.o [1]
  .bss               zero     0x20000244     0x4  xbee.o [1]
  __DLIB_PERTHREAD   zero     0x20000248     0x4  errno.o [3]
                            - 0x2000024c    0x2c

"P2", part 3 of 3:                         0x100
  .noinit            uninit   0x2000024c   0x100  startup.o [1]
                            - 0x2000034c   0x100


*******************************************************************************
*** INIT TABLE
***

          Address     Size
          -------     ----
Zero (__iar_zero_init3)
    1 destination range, total size 0x2c:
          0x20000220   0x2c

Copy/packbits (__iar_packbits_init3)
    1 source range, total size 0x9a (28% of destination):
          0x000031c0   0x9a
    1 destination range, total size 0x220:
          0x20000000  0x220


*******************************************************************************
*** MODULE SUMMARY
***

    Module            ro code  ro data  rw data
    ------            -------  -------  -------
C:\Users\Arko\Documents\IAR Embedded Workbench\arm\examples\TexasInstruments\Stellaris\boards\dk-lm3s9b96\quad_drone\ewarm\Obj: [1]
    control.o           1 048       55      192
    imu.o               2 786       99      384
    init.o                952
    quad_drone.o          180
    startup.o               6      284      256
    xbee.o                668                 8
    -------------------------------------------
    Total:              5 640      438      840

command line: [2]
    -------------------------------------------
    Total:

dl7M_tlf.a: [3]
    errno.o                12                 4
    exit.o                  8
    low_level_init.o        4
    sprintf.o              52
    xprintftiny.o         282
    xsprout.o              10
    xtls.o                  2
    -------------------------------------------
    Total:                370                 4

driverlib.a: [4]
    adc.o                 210
    cpu.o                   8
    gpio.o                408
    i2c.o                  92
    interrupt.o           120
    pwm.o                 128
    sysctl.o              844
    timer.o                86
    uart.o                224
    -------------------------------------------
    Total:              2 120

m7M_tl.a: [5]
    DblAdd.o              230
    DblCmpGe.o             46
    DblCmpLe.o             46
    DblDiv.o              582
    DblMul.o              418
    DblSub.o              382
    DblToFlt.o            144
    FltAdd.o              130
    FltCmpGe.o             36
    FltCmpLe.o             36
    FltDiv.o              252
    FltMul.o              216
    FltSub.o              226
    FltToDbl.o             78
    FltToS32.o             68
    FltToU32.o             36
    I32ToFlt.o             48
    atan.o                156
    sqrt.o                240
    xatan.o               504
    -------------------------------------------
    Total:              3 874

rt7M_tl.a: [6]
    cexit.o                10
    cmain.o                22
    cstartup_M.o           12
    data_init3.o           44
    iarEdom.o              12
    packbits_init3.o      168
    strlen.o               54
    zero_init3.o           34
    -------------------------------------------
    Total:                356

shb_l.a: [7]
    exit.o                 20
    -------------------------------------------
    Total:                 20

    Gaps                   28
    Linker created                  44
-----------------------------------------------
    Grand Total:       12 408      482      844


*******************************************************************************
*** ENTRY LIST
***

Entry                      Address   Size  Type      Object
-----                      -------   ----  ----      ------
?main                   0x00003171         Code  Gb  cmain.o [6]
ADCIntClear             0x00001ad1    0xa  Code  Gb  adc.o [4]
ADCIntEnable            0x00001ab1    0xe  Code  Gb  adc.o [4]
ADCIntStatus            0x00001abf   0x12  Code  Gb  adc.o [4]
ADCProcessorTrigger     0x00001b79    0xa  Code  Gb  adc.o [4]
ADCSequenceConfigure    0x00001af9   0x30  Code  Gb  adc.o [4]
ADCSequenceDataGet      0x00001b5b   0x1e  Code  Gb  adc.o [4]
ADCSequenceDisable      0x00001ae9    0x2  Code  Gb  adc.o [4]
ADCSequenceEnable       0x00001adb    0x8  Code  Gb  adc.o [4]
ADCSequenceStepConfigure
                        0x00001b29   0x32  Code  Gb  adc.o [4]
CPUcpsie                0x00002fb5    0x8  Code  Gb  cpu.o [4]
Control                 0x000026c9  0x2e0  Code  Gb  control.o [1]
FaultISR                0x00001245    0x2  Code  Lc  startup.o [1]
GPIODirModeSet          0x00001be1   0x28  Code  Gb  gpio.o [4]
GPIOPadConfigSet        0x00001c09   0x98  Code  Gb  gpio.o [4]
GPIOPinConfigure        0x00001ceb   0x40  Code  Gb  gpio.o [4]
GPIOPinTypeADC          0x00001ca7    0x4  Code  Gb  gpio.o [4]
GPIOPinTypeI2C          0x00001cc5    0xa  Code  Gb  gpio.o [4]
GPIOPinTypePWM          0x00001ccf    0xa  Code  Gb  gpio.o [4]
GPIOPinTypeUART         0x00001ce1    0xa  Code  Gb  gpio.o [4]
GPIOPinWrite            0x00001ca1    0x6  Code  Gb  gpio.o [4]
I2CMasterBusy           0x00001bc9    0xc  Code  Gb  i2c.o [4]
I2CMasterControl        0x00001bd5    0x4  Code  Gb  i2c.o [4]
I2CMasterDataGet        0x00001bdd    0x4  Code  Gb  i2c.o [4]
I2CMasterDataPut        0x00001bd9    0x4  Code  Gb  i2c.o [4]
I2CMasterEnable         0x00001bab    0xc  Code  Gb  i2c.o [4]
I2CMasterInitExpClk     0x00001b85   0x26  Code  Gb  i2c.o [4]
I2CMasterSlaveAddrSet   0x00001bc1    0x8  Code  Gb  i2c.o [4]
InitADC                 0x00002b85   0x86  Code  Gb  init.o [1]
InitI2C                 0x00002d43   0xf2  Code  Gb  init.o [1]
InitPWM                 0x00002c21  0x106  Code  Gb  init.o [1]
InitTIMER               0x00002e85   0x46  Code  Gb  init.o [1]
InitUART                0x00002e49   0x3c  Code  Gb  init.o [1]
IntDefaultHandler       0x00001247    0x2  Code  Lc  startup.o [1]
IntEnable               0x00002f47   0x4e  Code  Gb  interrupt.o [4]
IntMasterEnable         0x00002f3d    0xa  Code  Gb  interrupt.o [4]
NmiSR                   0x00001243    0x2  Code  Lc  startup.o [1]
PIDTune                 0x00002a53   0x62  Code  Gb  control.o [1]
PWMGenConfigure         0x00002b05   0x2c  Code  Gb  pwm.o [4]
PWMGenEnable            0x00002b49    0x6  Code  Gb  pwm.o [4]
PWMGenPeriodSet         0x00002b35   0x14  Code  Gb  pwm.o [4]
PWMOutputState          0x00002b73   0x12  Code  Gb  pwm.o [4]
PWMPulseWidthSet        0x00002b4f   0x1c  Code  Gb  pwm.o [4]
Region$$Table$$Base     0x00003144          --   Gb  - Linker created -
Region$$Table$$Limit    0x00003170          --   Gb  - Linker created -
SysCtlClockGet          0x00000db7  0x15c  Code  Gb  sysctl.o [4]
SysCtlClockSet          0x00000ca9  0x10e  Code  Gb  sysctl.o [4]
SysCtlDelay             0x00000ca1    0x8  Code  Gb  sysctl.o [4]
SysCtlPWMClockSet       0x00000f13    0xa  Code  Gb  sysctl.o [4]
SysCtlPeripheralEnable  0x00000c81    0x8  Code  Gb  sysctl.o [4]
TimerConfigure          0x00000c2d   0x1e  Code  Gb  timer.o [4]
TimerControlStall       0x00000c4b   0x18  Code  Gb  timer.o [4]
TimerEnable             0x00000c21    0xc  Code  Gb  timer.o [4]
TimerValueGet           0x00000c63    0xa  Code  Gb  timer.o [4]
UARTBusy                0x0000209b    0xc  Code  Gb  uart.o [4]
UARTCharGetNonBlocking  0x0000207d    0xe  Code  Gb  uart.o [4]
UARTCharPutNonBlocking  0x0000208b   0x10  Code  Gb  uart.o [4]
UARTCharsAvail          0x0000206b    0x8  Code  Gb  uart.o [4]
UARTConfigSetExpClk     0x00001fe1   0x4c  Code  Gb  uart.o [4]
UARTDisable             0x00002047   0x1e  Code  Gb  uart.o [4]
UARTEnable              0x0000202d   0x1a  Code  Gb  uart.o [4]
UARTIntClear            0x000020bd    0x4  Code  Gb  uart.o [4]
UARTIntEnable           0x000020ad    0x6  Code  Gb  uart.o [4]
UARTIntHandler          0x0000302f   0x2e  Code  Gb  quad_drone.o [1]
UARTIntStatus           0x000020b3    0xa  Code  Gb  uart.o [4]
UARTSend                0x00001815   0x26  Code  Gb  xbee.o [1]
_PrintfTiny             0x000023f3  0x11a  Code  Gb  xprintftiny.o [3]
_SProut                 0x00000c77    0xa  Code  Gb  xsprout.o [3]
__aeabi_cdcmple         0x00001d85         Code  Gb  DblCmpLe.o [5]
__aeabi_cdrcmple        0x00001db5         Code  Gb  DblCmpGe.o [5]
__aeabi_cfcmple         0x00002139         Code  Gb  FltCmpLe.o [5]
__aeabi_cfrcmple        0x000010f9         Code  Gb  FltCmpGe.o [5]
__aeabi_d2f             0x0000161d         Code  Gb  DblToFlt.o [5]
__aeabi_dadd            0x0000230d         Code  Gb  DblAdd.o [5]
__aeabi_ddiv            0x00001339         Code  Gb  DblDiv.o [5]
__aeabi_dmul            0x00002169         Code  Gb  DblMul.o [5]
__aeabi_dsub            0x00002511         Code  Gb  DblSub.o [5]
__aeabi_errno_addr      0x0000215d    0x6  Code  Gb  errno.o [3]
__aeabi_f2d             0x000011f5         Code  Gb  FltToDbl.o [5]
__aeabi_f2iz            0x000020c1         Code  Gb  FltToS32.o [5]
__aeabi_f2uiz           0x00002ae1         Code  Gb  FltToU32.o [5]
__aeabi_fadd            0x000016ad         Code  Gb  FltAdd.o [5]
__aeabi_fdiv            0x00000ffd         Code  Gb  FltDiv.o [5]
__aeabi_fmul            0x0000111d         Code  Gb  FltMul.o [5]
__aeabi_fsub            0x00001731         Code  Gb  FltSub.o [5]
__aeabi_i2f             0x00000fcd         Code  Gb  I32ToFlt.o [5]
__aeabi_ui2f            0x00000fe1         Code  Gb  I32ToFlt.o [5]
__cmain                 0x00003171         Code  Gb  cmain.o [6]
__exit                  0x000031a1   0x14  Code  Gb  exit.o [7]
__iar_Atan              0x00001de9  0x15e  Code  Gb  xatan.o [5]
__iar_Errno             0x20000248    0x4  Data  Gb  errno.o [3]
__iar_dadd              0x0000231f         Code  Gb  DblAdd.o [5]
__iar_data_init3        0x00003119   0x2c  Code  Gb  data_init3.o [6]
__iar_dlib_perthread_access
                        0x0000250d    0x2  Code  Gb  xtls.o [3]
__iar_dsub              0x00002523         Code  Gb  DblSub.o [5]
__iar_dsubStart         0x00002535         Code  Gb  DblSub.o [5]
__iar_edom              0x00001d79         Code  Gb  iarEdom.o [6]
__iar_fadd              0x000016bb         Code  Gb  FltAdd.o [5]
__iar_fsub              0x0000173f         Code  Gb  FltSub.o [5]
__iar_fsubStart         0x0000174d         Code  Gb  FltSub.o [5]
__iar_packbits_init3    0x00003071   0xa8  Code  Gb  packbits_init3.o [6]
__iar_program_start     0x000031b5         Code  Gb  cstartup_M.o [6]
__iar_sqrt              0x00001249         Code  Gb  sqrt.o [5]
__iar_ui2f              0x00000fe3         Code  Gb  I32ToFlt.o [5]
__iar_zero_init3        0x00000bff   0x22  Code  Gb  zero_init3.o [6]
__low_level_init        0x00003187    0x4  Code  Gb  low_level_init.o [3]
__vector_table          0x00000000  0x11c  Data  Gb  startup.o [1]
_call_main              0x0000317d         Code  Gb  cmain.o [6]
_exit                   0x00003195         Code  Gb  cexit.o [6]
_main                   0x00003183         Code  Gb  cmain.o [6]
a                       0x00001fa0   0x40  Data  Lc  xatan.o [5]
adc_values              0x20000220   0x10  Data  Gb  imu.o [1]
atan                    0x00001581   0x9c  Code  Gb  atan.o [5]
b_epsilon               0x2000017c    0x4  Data  Gb  control.o [1]
compass_values          0x20000238    0x8  Data  Gb  imu.o [1]
controlDelay            0x20000244    0x4  Data  Gb  xbee.o [1]
currentTimer            0x20000074    0x4  Data  Gb  imu.o [1]
dt                      0x20000080    0x4  Data  Gb  imu.o [1]
epsilon                 0x20000174    0x4  Data  Gb  control.o [1]
exit                    0x0000318b    0x8  Code  Gb  exit.o [3]
g_pulGPIOBaseAddrs      0x00001d30   0x48  Data  Lc  gpio.o [4]
g_pulRCGCRegs           0x00000f64    0xc  Data  Lc  sysctl.o [4]
g_pulXtals              0x00000f70   0x5c  Data  Lc  sysctl.o [4]
gyro_values             0x20000230    0x8  Data  Gb  imu.o [1]
imuStartup              0x00000987    0x2  Code  Gb  imu.o [1]
imu_st_cal              0x20000180   0x30  Data  Gb  imu.o [1]
learnSample             0x2000016c    0x4  Data  Gb  control.o [1]
m1_scale                0x2000015c    0x4  Data  Gb  control.o [1]
m2_scale                0x20000160    0x4  Data  Gb  control.o [1]
m3_scale                0x20000164    0x4  Data  Gb  control.o [1]
m4_scale                0x20000168    0x4  Data  Gb  control.o [1]
main                    0x00002fbd   0x72  Code  Gb  quad_drone.o [1]
measuredDt              0x2000007c    0x4  Data  Gb  imu.o [1]
motorSpinup             0x000029c7   0x86  Code  Gb  control.o [1]
motor_lowerbound        0x20000158    0x4  Data  Gb  control.o [1]
motor_upperbound        0x20000154    0x4  Data  Gb  control.o [1]
previousTimer           0x20000070    0x4  Data  Gb  imu.o [1]
pulStack                0x2000024c  0x100  Data  Lc  startup.o [1]
readAccel               0x0000077f   0x52  Code  Gb  imu.o [1]
readCompass             0x0000089f   0xc8  Code  Gb  imu.o [1]
readGyro                0x000007d1   0xc6  Code  Gb  imu.o [1]
readIMU                 0x0000011d  0x5e2  Code  Gb  imu.o [1]
rho                     0x20000170    0x4  Data  Gb  control.o [1]
sendControlTelemetry    0x0000191b   0xe0  Code  Gb  xbee.o [1]
sendDataTelemetry       0x0000183d   0xde  Code  Gb  xbee.o [1]
sensorsSelfTest         0x00000989  0x1b8  Code  Gb  imu.o [1]
sprintf                 0x00002105   0x34  Code  Gb  sprintf.o [3]
sqrt                    0x00001249         Code  Gb  sqrt.o [5]
sqrtl                   0x00001249         Code  Gb  sqrt.o [5]
startFlag               0x20000078    0x4  Data  Gb  imu.o [1]
strlen                  0x00002691         Code  Gb  strlen.o [6]
temp_raw                0x200001ec    0x4  Data  Gb  imu.o [1]
uartDelay               0x20000240    0x4  Data  Gb  xbee.o [1]
vel_epsilon             0x20000178    0x4  Data  Gb  control.o [1]
xK_0                    0x2000008c    0x4  Data  Gb  imu.o [1]
xK_1                    0x20000090    0x4  Data  Gb  imu.o [1]
xP_00                   0x20000094    0x4  Data  Gb  imu.o [1]
xP_01                   0x20000098    0x4  Data  Gb  imu.o [1]
xP_10                   0x2000009c    0x4  Data  Gb  imu.o [1]
xP_11                   0x200000a0    0x4  Data  Gb  imu.o [1]
xS                      0x20000088    0x4  Data  Gb  imu.o [1]
x_Dgain                 0x20000204    0x4  Data  Gb  control.o [1]
x_Dterm                 0x200001f8    0x4  Data  Gb  control.o [1]
x_Dterm_1               0x200000f8    0x4  Data  Gb  control.o [1]
x_Dterm_2               0x200000fc    0x4  Data  Gb  control.o [1]
x_Dterm_3               0x20000100    0x4  Data  Gb  control.o [1]
x_Fgain                 0x200000f4    0x4  Data  Gb  control.o [1]
x_Igain                 0x20000200    0x4  Data  Gb  control.o [1]
x_Iterm                 0x200001f4    0x4  Data  Gb  control.o [1]
x_Pgain                 0x200001fc    0x4  Data  Gb  control.o [1]
x_Pterm                 0x200001f0    0x4  Data  Gb  control.o [1]
x_acc_offset            0x200001bc    0x4  Data  Gb  imu.o [1]
x_acc_rad               0x2000001c    0x4  Data  Gb  imu.o [1]
x_acc_raw               0x200001b0    0x4  Data  Gb  imu.o [1]
x_accel                 0x20000010    0x4  Data  Gb  imu.o [1]
x_ang_vel               0x20000150    0x4  Data  Lc  control.o [1]
x_angle                 0x2000014c    0x4  Data  Lc  control.o [1]
x_angle                 0x20000028    0x4  Data  Gb  imu.o [1]
x_angle_error           0x20000104    0x4  Data  Gb  control.o [1]
x_angle_offset          0x20000000    0x4  Data  Gb  imu.o [1]
x_angle_scale           0x20000008    0x4  Data  Gb  imu.o [1]
x_angle_vel_term        0x200000f0    0x4  Data  Gb  control.o [1]
x_bias                  0x20000034    0x4  Data  Gb  imu.o [1]
x_cmd_angle             0x20000108    0x4  Data  Gb  control.o [1]
x_comp_raw              0x200000e4    0x4  Data  Gb  imu.o [1]
x_gyro_offset           0x200001d4    0x4  Data  Gb  imu.o [1]
x_gyro_rad_sec          0x20000040    0x4  Data  Gb  imu.o [1]
x_gyro_rad_sec_1        0x20000044    0x4  Data  Gb  imu.o [1]
x_gyro_rad_sec_2        0x20000048    0x4  Data  Gb  imu.o [1]
x_gyro_rad_sec_3        0x2000004c    0x4  Data  Gb  imu.o [1]
x_gyro_raw              0x200001c8    0x4  Data  Gb  imu.o [1]
x_gyro_scale            0x200001e0    0x4  Data  Gb  imu.o [1]
x_motor_dutycycle_m3    0x20000218    0x4  Data  Gb  control.o [1]
x_motor_dutycycle_m4    0x2000021c    0x4  Data  Gb  control.o [1]
x_old_angle             0x2000010c    0x4  Data  Gb  control.o [1]
x_torque                0x20000208    0x4  Data  Gb  control.o [1]
x_y                     0x20000084    0x4  Data  Gb  imu.o [1]
yK_0                    0x200000ac    0x4  Data  Gb  imu.o [1]
yK_1                    0x200000b0    0x4  Data  Gb  imu.o [1]
yP_00                   0x200000b4    0x4  Data  Gb  imu.o [1]
yP_01                   0x200000b8    0x4  Data  Gb  imu.o [1]
yP_10                   0x200000bc    0x4  Data  Gb  imu.o [1]
yP_11                   0x200000c0    0x4  Data  Gb  imu.o [1]
yS                      0x200000a8    0x4  Data  Gb  imu.o [1]
y_Dgain                 0x20000128    0x4  Data  Gb  control.o [1]
y_Dterm                 0x20000118    0x4  Data  Gb  control.o [1]
y_Dterm_1               0x20000130    0x4  Data  Gb  control.o [1]
y_Dterm_2               0x20000134    0x4  Data  Gb  control.o [1]
y_Dterm_3               0x20000138    0x4  Data  Gb  control.o [1]
y_Fgain                 0x2000012c    0x4  Data  Gb  control.o [1]
y_Igain                 0x20000124    0x4  Data  Gb  control.o [1]
y_Iterm                 0x20000114    0x4  Data  Gb  control.o [1]
y_Pgain                 0x20000120    0x4  Data  Gb  control.o [1]
y_Pterm                 0x20000110    0x4  Data  Gb  control.o [1]
y_acc_offset            0x200001c0    0x4  Data  Gb  imu.o [1]
y_acc_rad               0x20000020    0x4  Data  Gb  imu.o [1]
y_acc_raw               0x200001b4    0x4  Data  Gb  imu.o [1]
y_accel                 0x20000014    0x4  Data  Gb  imu.o [1]
y_angle                 0x2000002c    0x4  Data  Gb  imu.o [1]
y_angle_error           0x2000013c    0x4  Data  Gb  control.o [1]
y_angle_offset          0x20000004    0x4  Data  Gb  imu.o [1]
y_angle_scale           0x2000000c    0x4  Data  Gb  imu.o [1]
y_angle_vel_term        0x2000011c    0x4  Data  Gb  control.o [1]
y_bias                  0x20000038    0x4  Data  Gb  imu.o [1]
y_cmd_angle             0x20000140    0x4  Data  Gb  control.o [1]
y_comp_raw              0x200000e8    0x4  Data  Gb  imu.o [1]
y_gyro_offset           0x200001d8    0x4  Data  Gb  imu.o [1]
y_gyro_rad_sec          0x20000050    0x4  Data  Gb  imu.o [1]
y_gyro_rad_sec_1        0x20000054    0x4  Data  Gb  imu.o [1]
y_gyro_rad_sec_2        0x20000058    0x4  Data  Gb  imu.o [1]
y_gyro_rad_sec_3        0x2000005c    0x4  Data  Gb  imu.o [1]
y_gyro_raw              0x200001cc    0x4  Data  Gb  imu.o [1]
y_gyro_scale            0x200001e4    0x4  Data  Gb  imu.o [1]
y_motor_dutycycle_m1    0x20000210    0x4  Data  Gb  control.o [1]
y_motor_dutycycle_m2    0x20000214    0x4  Data  Gb  control.o [1]
y_old_angle             0x20000144    0x4  Data  Gb  control.o [1]
y_torque                0x20000148    0x4  Data  Gb  control.o [1]
y_y                     0x200000a4    0x4  Data  Gb  imu.o [1]
zK_0                    0x200000cc    0x4  Data  Gb  imu.o [1]
zK_1                    0x200000d0    0x4  Data  Gb  imu.o [1]
zP_00                   0x200000d4    0x4  Data  Gb  imu.o [1]
zP_01                   0x200000d8    0x4  Data  Gb  imu.o [1]
zP_10                   0x200000dc    0x4  Data  Gb  imu.o [1]
zP_11                   0x200000e0    0x4  Data  Gb  imu.o [1]
zS                      0x200000c8    0x4  Data  Gb  imu.o [1]
z_acc_offset            0x200001c4    0x4  Data  Gb  imu.o [1]
z_acc_rad               0x20000024    0x4  Data  Gb  imu.o [1]
z_acc_raw               0x200001b8    0x4  Data  Gb  imu.o [1]
z_accel                 0x20000018    0x4  Data  Gb  imu.o [1]
z_angle                 0x20000030    0x4  Data  Gb  imu.o [1]
z_bias                  0x2000003c    0x4  Data  Gb  imu.o [1]
z_comp_raw              0x200000ec    0x4  Data  Gb  imu.o [1]
z_gyro_offset           0x200001dc    0x4  Data  Gb  imu.o [1]
z_gyro_rad_sec          0x20000060    0x4  Data  Gb  imu.o [1]
z_gyro_rad_sec_1        0x20000064    0x4  Data  Gb  imu.o [1]
z_gyro_rad_sec_2        0x20000068    0x4  Data  Gb  imu.o [1]
z_gyro_rad_sec_3        0x2000006c    0x4  Data  Gb  imu.o [1]
z_gyro_raw              0x200001d0    0x4  Data  Gb  imu.o [1]
z_gyro_scale            0x200001e8    0x4  Data  Gb  imu.o [1]
z_thrust                0x2000020c    0x4  Data  Gb  control.o [1]
z_y                     0x200000c4    0x4  Data  Gb  imu.o [1]


[1] = C:\Users\Arko\Documents\IAR Embedded Workbench\arm\examples\TexasInstruments\Stellaris\boards\dk-lm3s9b96\quad_drone\ewarm\Obj
[2] = command line
[3] = dl7M_tlf.a
[4] = driverlib.a
[5] = m7M_tl.a
[6] = rt7M_tl.a
[7] = shb_l.a

  12 408 bytes of readonly  code memory
     482 bytes of readonly  data memory
     844 bytes of readwrite data memory

Errors: none
Warnings: none
