###############################################################################
#                                                                             #
# IAR ELF Linker V6.10.2.52244/W32 for ARM              13/Feb/2011  01:27:04 #
# Copyright 2007-2010 IAR Systems AB.                                         #
#                                                                             #
#    Output file  =  C:\Users\Arko\Documents\IAR Embedded                     #
#                    Workbench\arm\examples\TexasInstruments\Stellaris\boards #
#                    \dk-lm3s9b96\quad_drone\ewarm\Exe\quad_drone.out         #
#    Map file     =  C:\Users\Arko\Documents\IAR Embedded                     #
#                    Workbench\arm\examples\TexasInstruments\Stellaris\boards #
#                    \dk-lm3s9b96\quad_drone\ewarm\List\quad_drone.map        #
#    Command line =  "C:\Users\Arko\Documents\IAR Embedded                    #
#                    Workbench\arm\examples\TexasInstruments\Stellaris\boards #
#                    \dk-lm3s9b96\quad_drone\ewarm\Obj\imu.o"                 #
#                    "C:\Users\Arko\Documents\IAR Embedded                    #
#                    Workbench\arm\examples\TexasInstruments\Stellaris\boards #
#                    \dk-lm3s9b96\quad_drone\ewarm\Obj\init.o"                #
#                    "C:\Users\Arko\Documents\IAR Embedded                    #
#                    Workbench\arm\examples\TexasInstruments\Stellaris\boards #
#                    \dk-lm3s9b96\quad_drone\ewarm\Obj\quad_drone.o"          #
#                    "C:\Users\Arko\Documents\IAR Embedded                    #
#                    Workbench\arm\examples\TexasInstruments\Stellaris\boards #
#                    \dk-lm3s9b96\quad_drone\ewarm\Obj\set_pinout.o"          #
#                    "C:\Users\Arko\Documents\IAR Embedded                    #
#                    Workbench\arm\examples\TexasInstruments\Stellaris\boards #
#                    \dk-lm3s9b96\quad_drone\ewarm\Obj\startup.o"             #
#                    "C:\Users\Arko\Documents\IAR Embedded                    #
#                    Workbench\arm\examples\TexasInstruments\Stellaris\driver #
#                    lib\ewarm\Exe\driverlib.a" "C:\Users\Arko\Documents\IAR  #
#                    Embedded Workbench\arm\examples\TexasInstruments\Stellar #
#                    is\grlib\ewarm\Exe\grlib.a" --redirect                   #
#                    _Printf=_PrintfTiny --redirect _Scanf=_ScanfSmall -o     #
#                    "C:\Users\Arko\Documents\IAR Embedded                    #
#                    Workbench\arm\examples\TexasInstruments\Stellaris\boards #
#                    \dk-lm3s9b96\quad_drone\ewarm\Exe\quad_drone.out" --map  #
#                    "C:\Users\Arko\Documents\IAR Embedded                    #
#                    Workbench\arm\examples\TexasInstruments\Stellaris\boards #
#                    \dk-lm3s9b96\quad_drone\ewarm\List\quad_drone.map"       #
#                    --config "C:\Users\Arko\Documents\IAR Embedded           #
#                    Workbench\arm\examples\TexasInstruments\Stellaris\boards #
#                    \dk-lm3s9b96\quad_drone\quad_drone.icf" --semihosting    #
#                    --entry __iar_program_start                              #
#                                                                             #
#                                                                             #
###############################################################################

*******************************************************************************
*** RUNTIME MODEL ATTRIBUTES
***

CppFlavor       = *
__SystemLibrary = DLib


*******************************************************************************
*** PLACEMENT SUMMARY
***

"A1":  place at start of [0x00000000-0x0003ffff] { ro section .intvec };
"P1":  place in [from 0x00000000 to 0x0003ffff] { ro };
"P2":  place in [from 0x20000000 to 0x20017fff] { rw, block HEAP };

  Section          Kind        Address   Size  Object
  -------          ----        -------   ----  ------
"A1":                                   0x11c
  .intvec          const    0x00000000  0x11c  startup.o [1]
                          - 0x0000011c  0x11c

"P1":                                   0xbac
  .text            ro code  0x0000011c  0x34c  sysctl.o [4]
  .text            ro code  0x00000468  0x2ac  init.o [1]
  .text            ro code  0x00000714  0x188  gpio.o [4]
  .text            ro code  0x0000089c   0xd2  adc.o [4]
  .text            ro code  0x0000096e   0x22  zero_init3.o [6]
  .text            ro code  0x00000990   0x80  pwm.o [4]
  .text            ro code  0x00000a10   0x5c  i2c.o [4]
  .text            ro code  0x00000a6c  0x104  quad_drone.o [1]
  .text            ro code  0x00000b70   0xc8  imu.o [1]
  .text            ro code  0x00000c38   0x2c  data_init3.o [6]
  .iar.init_table  const    0x00000c64   0x10  - Linker created -
  .text            ro code  0x00000c74   0x16  cmain.o [6]
  .text            ro code  0x00000c8a    0x4  low_level_init.o [3]
  .text            ro code  0x00000c8e    0x8  exit.o [3]
  .text            ro code  0x00000c96    0x6  startup.o [1]
  .text            ro code  0x00000c9c    0xa  cexit.o [6]
  .text            ro code  0x00000ca8   0x14  exit.o [7]
  .text            ro code  0x00000cbc    0xc  cstartup_M.o [6]
                          - 0x00000cc8  0xbac

"P2", part 1 of 2:                       0x1c
  .bss             zero     0x20000000   0x10  imu.o [1]
  .bss             zero     0x20000010    0xc  imu.o [1]
                          - 0x2000001c   0x1c

"P2", part 2 of 2:                      0x100
  .noinit          uninit   0x2000001c  0x100  startup.o [1]
                          - 0x2000011c  0x100


*******************************************************************************
*** INIT TABLE
***

          Address     Size
          -------     ----
Zero (__iar_zero_init3)
    1 destination range, total size 0x1c:
          0x20000000  0x1c


*******************************************************************************
*** MODULE SUMMARY
***

    Module            ro code  ro data  rw data
    ------            -------  -------  -------
C:\Users\Arko\Documents\IAR Embedded Workbench\arm\examples\TexasInstruments\Stellaris\boards\dk-lm3s9b96\quad_drone\ewarm\Obj: [1]
    imu.o                 200                28
    init.o                684
    quad_drone.o          260
    startup.o               6      284      256
    -------------------------------------------
    Total:              1 150      284      284

command line: [2]
    -------------------------------------------
    Total:

dl7M_tln.a: [3]
    exit.o                  8
    low_level_init.o        4
    -------------------------------------------
    Total:                 12

driverlib.a: [4]
    adc.o                 210
    gpio.o                392
    i2c.o                  92
    pwm.o                 128
    sysctl.o              844
    -------------------------------------------
    Total:              1 666

m7M_tl.a: [5]
    -------------------------------------------
    Total:

rt7M_tl.a: [6]
    cexit.o                10
    cmain.o                22
    cstartup_M.o           12
    data_init3.o           44
    zero_init3.o           34
    -------------------------------------------
    Total:                122

shb_l.a: [7]
    exit.o                 20
    -------------------------------------------
    Total:                 20

    Gaps                    2
    Linker created                  16
-----------------------------------------------
    Grand Total:        2 972      300      284


*******************************************************************************
*** ENTRY LIST
***

Entry                      Address   Size  Type      Object
-----                      -------   ----  ----      ------
?main                   0x00000c75         Code  Gb  cmain.o [6]
ADCIntClear             0x000008bd    0xa  Code  Gb  adc.o [4]
ADCIntEnable            0x0000089d    0xe  Code  Gb  adc.o [4]
ADCIntStatus            0x000008ab   0x12  Code  Gb  adc.o [4]
ADCProcessorTrigger     0x00000965    0xa  Code  Gb  adc.o [4]
ADCSequenceConfigure    0x000008e5   0x30  Code  Gb  adc.o [4]
ADCSequenceDataGet      0x00000947   0x1e  Code  Gb  adc.o [4]
ADCSequenceDisable      0x000008d5    0x2  Code  Gb  adc.o [4]
ADCSequenceEnable       0x000008c7    0x8  Code  Gb  adc.o [4]
ADCSequenceStepConfigure
                        0x00000915   0x32  Code  Gb  adc.o [4]
FaultISR                0x00000c99    0x2  Code  Lc  startup.o [1]
GPIODirModeSet          0x00000715   0x28  Code  Gb  gpio.o [4]
GPIOPadConfigSet        0x0000073d   0x98  Code  Gb  gpio.o [4]
GPIOPinConfigure        0x0000080f   0x40  Code  Gb  gpio.o [4]
GPIOPinTypeADC          0x000007d5    0x4  Code  Gb  gpio.o [4]
GPIOPinTypeI2C          0x000007f3    0xa  Code  Gb  gpio.o [4]
GPIOPinTypePWM          0x000007fd    0xa  Code  Gb  gpio.o [4]
I2CMasterBusy           0x00000a55    0xc  Code  Gb  i2c.o [4]
I2CMasterControl        0x00000a61    0x4  Code  Gb  i2c.o [4]
I2CMasterDataGet        0x00000a69    0x4  Code  Gb  i2c.o [4]
I2CMasterDataPut        0x00000a65    0x4  Code  Gb  i2c.o [4]
I2CMasterEnable         0x00000a37    0xc  Code  Gb  i2c.o [4]
I2CMasterInitExpClk     0x00000a11   0x26  Code  Gb  i2c.o [4]
I2CMasterSlaveAddrSet   0x00000a4d    0x8  Code  Gb  i2c.o [4]
InitADC                 0x00000469   0xa4  Code  Gb  init.o [1]
InitI2C                 0x00000643   0x88  Code  Gb  init.o [1]
InitPWM                 0x0000050d  0x136  Code  Gb  init.o [1]
IntDefaultHandler       0x00000c9b    0x2  Code  Lc  startup.o [1]
NmiSR                   0x00000c97    0x2  Code  Lc  startup.o [1]
PWMGenConfigure         0x00000991   0x2c  Code  Gb  pwm.o [4]
PWMGenEnable            0x000009d5    0x6  Code  Gb  pwm.o [4]
PWMGenPeriodSet         0x000009c1   0x14  Code  Gb  pwm.o [4]
PWMOutputState          0x000009ff   0x12  Code  Gb  pwm.o [4]
PWMPulseWidthSet        0x000009db   0x1c  Code  Gb  pwm.o [4]
Region$$Table$$Base     0x00000c64          --   Gb  - Linker created -
Region$$Table$$Limit    0x00000c74          --   Gb  - Linker created -
SysCtlClockGet          0x00000253  0x15c  Code  Gb  sysctl.o [4]
SysCtlClockSet          0x00000145  0x10e  Code  Gb  sysctl.o [4]
SysCtlDelay             0x0000013d    0x8  Code  Gb  sysctl.o [4]
SysCtlPWMClockSet       0x000003af    0xa  Code  Gb  sysctl.o [4]
SysCtlPeripheralEnable  0x0000011d    0x8  Code  Gb  sysctl.o [4]
__cmain                 0x00000c75         Code  Gb  cmain.o [6]
__exit                  0x00000ca9   0x14  Code  Gb  exit.o [7]
__iar_data_init3        0x00000c39   0x2c  Code  Gb  data_init3.o [6]
__iar_program_start     0x00000cbd         Code  Gb  cstartup_M.o [6]
__iar_zero_init3        0x0000096f   0x22  Code  Gb  zero_init3.o [6]
__low_level_init        0x00000c8b    0x4  Code  Gb  low_level_init.o [3]
__vector_table          0x00000000  0x11c  Data  Gb  startup.o [1]
_call_main              0x00000c81         Code  Gb  cmain.o [6]
_exit                   0x00000c9d         Code  Gb  cexit.o [6]
_main                   0x00000c87         Code  Gb  cmain.o [6]
adc_values              0x20000000   0x10  Data  Gb  imu.o [1]
exit                    0x00000c8f    0x8  Code  Gb  exit.o [3]
g_pulGPIOBaseAddrs      0x00000854   0x48  Data  Lc  gpio.o [4]
g_pulRCGCRegs           0x00000400    0xc  Data  Lc  sysctl.o [4]
g_pulXtals              0x0000040c   0x5c  Data  Lc  sysctl.o [4]
gyro_values             0x20000010    0xc  Data  Gb  imu.o [1]
main                    0x00000a6d  0x104  Code  Gb  quad_drone.o [1]
pulStack                0x2000001c  0x100  Data  Lc  startup.o [1]
readAccel               0x00000b71   0x2c  Code  Gb  imu.o [1]
readGyro                0x00000b9d   0x8c  Code  Gb  imu.o [1]


[1] = C:\Users\Arko\Documents\IAR Embedded Workbench\arm\examples\TexasInstruments\Stellaris\boards\dk-lm3s9b96\quad_drone\ewarm\Obj
[2] = command line
[3] = dl7M_tln.a
[4] = driverlib.a
[5] = m7M_tl.a
[6] = rt7M_tl.a
[7] = shb_l.a

  2 972 bytes of readonly  code memory
    300 bytes of readonly  data memory
    284 bytes of readwrite data memory

Errors: none
Warnings: none
