Archive member included because of file (symbol)

C:\WinAVR-20100110\avr\lib\avr6\libm.a(addsf3.o)
                              gcode.o (__subsf3)
C:\WinAVR-20100110\avr\lib\avr6\libm.a(addsf3x.o)
                              C:\WinAVR-20100110\avr\lib\avr6\libm.a(addsf3.o) (__addsf3x)
C:\WinAVR-20100110\avr\lib\avr6\libm.a(atan.o)
                              gcode.o (atan)
C:\WinAVR-20100110\avr\lib\avr6\libm.a(ceil.o)
                              planner.o (ceil)
C:\WinAVR-20100110\avr\lib\avr6\libm.a(cmpsf2.o)
                              gcode.o (__eqsf2)
C:\WinAVR-20100110\avr\lib\avr6\libm.a(divsf3.o)
                              gcode.o (__divsf3)
C:\WinAVR-20100110\avr\lib\avr6\libm.a(divsf3x.o)
                              C:\WinAVR-20100110\avr\lib\avr6\libm.a(divsf3.o) (__divsf3x)
C:\WinAVR-20100110\avr\lib\avr6\libm.a(fixsfsi.o)
                              gcode.o (__fixsfsi)
C:\WinAVR-20100110\avr\lib\avr6\libm.a(fixunssfsi.o)
                              gcode.o (__fixunssfsi)
C:\WinAVR-20100110\avr\lib\avr6\libm.a(floatsisf.o)
                              motion_control.o (__floatunsisf)
C:\WinAVR-20100110\avr\lib\avr6\libm.a(floor.o)
                              planner.o (floor)
C:\WinAVR-20100110\avr\lib\avr6\libm.a(fp_cmp.o)
                              C:\WinAVR-20100110\avr\lib\avr6\libm.a(cmpsf2.o) (__fp_cmp)
C:\WinAVR-20100110\avr\lib\avr6\libm.a(fp_inf.o)
                              C:\WinAVR-20100110\avr\lib\avr6\libm.a(addsf3x.o) (__fp_inf)
C:\WinAVR-20100110\avr\lib\avr6\libm.a(fp_mintl.o)
                              C:\WinAVR-20100110\avr\lib\avr6\libm.a(ceil.o) (__fp_mintl)
C:\WinAVR-20100110\avr\lib\avr6\libm.a(fp_mpack.o)
                              C:\WinAVR-20100110\avr\lib\avr6\libm.a(ceil.o) (__fp_mpack)
C:\WinAVR-20100110\avr\lib\avr6\libm.a(fp_nan.o)
                              C:\WinAVR-20100110\avr\lib\avr6\libm.a(addsf3x.o) (__fp_nan)
C:\WinAVR-20100110\avr\lib\avr6\libm.a(fp_powser.o)
                              C:\WinAVR-20100110\avr\lib\avr6\libm.a(atan.o) (__fp_powser)
C:\WinAVR-20100110\avr\lib\avr6\libm.a(fp_pscA.o)
                              C:\WinAVR-20100110\avr\lib\avr6\libm.a(addsf3x.o) (__fp_pscA)
C:\WinAVR-20100110\avr\lib\avr6\libm.a(fp_pscB.o)
                              C:\WinAVR-20100110\avr\lib\avr6\libm.a(addsf3x.o) (__fp_pscB)
C:\WinAVR-20100110\avr\lib\avr6\libm.a(fp_round.o)
                              C:\WinAVR-20100110\avr\lib\avr6\libm.a(addsf3.o) (__fp_round)
C:\WinAVR-20100110\avr\lib\avr6\libm.a(fp_split3.o)
                              C:\WinAVR-20100110\avr\lib\avr6\libm.a(addsf3x.o) (__fp_split3)
C:\WinAVR-20100110\avr\lib\avr6\libm.a(fp_trunc.o)
                              C:\WinAVR-20100110\avr\lib\avr6\libm.a(ceil.o) (__fp_trunc)
C:\WinAVR-20100110\avr\lib\avr6\libm.a(fp_zero.o)
                              C:\WinAVR-20100110\avr\lib\avr6\libm.a(addsf3x.o) (__fp_zero)
C:\WinAVR-20100110\avr\lib\avr6\libm.a(gesf2.o)
                              gcode.o (__gtsf2)
C:\WinAVR-20100110\avr\lib\avr6\libm.a(inverse.o)
                              C:\WinAVR-20100110\avr\lib\avr6\libm.a(atan.o) (inverse)
C:\WinAVR-20100110\avr\lib\avr6\libm.a(lround.o)
                              planner.o (lround)
C:\WinAVR-20100110\avr\lib\avr6\libm.a(modf.o)
                              wiring_serial.o (modf)
C:\WinAVR-20100110\avr\lib\avr6\libm.a(mulsf3.o)
                              gcode.o (__mulsf3)
C:\WinAVR-20100110\avr\lib\avr6\libm.a(mulsf3x.o)
                              C:\WinAVR-20100110\avr\lib\avr6\libm.a(atan.o) (__mulsf3x)
C:\WinAVR-20100110\avr\lib\avr6\libm.a(round.o)
                              settings.o (round)
C:\WinAVR-20100110\avr\lib\avr6\libm.a(sqrt.o)
                              planner.o (sqrt)
C:\WinAVR-20100110\avr\lib\avr6\libm.a(square.o)
                              planner.o (square)
C:\WinAVR-20100110\avr\lib\avr6\libm.a(trunc.o)
                              gcode.o (trunc)
C:\WinAVR-20100110\avr\lib\avr6\libm.a(fp_norm2.o)
                              C:\WinAVR-20100110\avr\lib\avr6\libm.a(sqrt.o) (__fp_norm2)
d:/winavr-20100110/bin/../lib/gcc/avr/4.3.3/avr6\libgcc.a(_mulsi3.o)
                              planner.o (__mulsi3)
d:/winavr-20100110/bin/../lib/gcc/avr/4.3.3/avr6\libgcc.a(_divmodhi4.o)
                              planner.o (__divmodhi4)
d:/winavr-20100110/bin/../lib/gcc/avr/4.3.3/avr6\libgcc.a(_udivmodsi4.o)
                              stepper.o (__udivmodsi4)
d:/winavr-20100110/bin/../lib/gcc/avr/4.3.3/avr6\libgcc.a(_divmodsi4.o)
                              wiring_serial.o (__divmodsi4)
d:/winavr-20100110/bin/../lib/gcc/avr/4.3.3/avr6\libgcc.a(_exit.o)
                              d:/winavr-20100110/bin/../lib/gcc/avr/4.3.3/../../../../avr/lib/avr6/crtm2560.o (exit)
d:/winavr-20100110/bin/../lib/gcc/avr/4.3.3/avr6\libgcc.a(_clear_bss.o)
                              gcode.o (__do_clear_bss)
d:/winavr-20100110/bin/../lib/gcc/avr/4.3.3/avr6\libgcc.a(_udivmodhi4.o)
                              d:/winavr-20100110/bin/../lib/gcc/avr/4.3.3/avr6\libgcc.a(_divmodhi4.o) (__udivmodhi4)
C:\WinAVR-20100110\avr\lib\avr6\libc.a(rand.o)
                              vacuum_control.o (rand)
C:\WinAVR-20100110\avr\lib\avr6\libc.a(strtod.o)
                              gcode.o (strtod)
C:\WinAVR-20100110\avr\lib\avr6\libc.a(isspace.o)
                              C:\WinAVR-20100110\avr\lib\avr6\libc.a(strtod.o) (isspace)
C:\WinAVR-20100110\avr\lib\avr6\libc.a(strncasecmp_P.o)
                              C:\WinAVR-20100110\avr\lib\avr6\libc.a(strtod.o) (strncasecmp_P)
C:\WinAVR-20100110\avr\lib\avr6\libc.a(errno.o)
                              C:\WinAVR-20100110\avr\lib\avr6\libc.a(strtod.o) (errno)
C:\WinAVR-20100110\avr\lib\avr6\libc.a(cty_isfalse.o)
                              C:\WinAVR-20100110\avr\lib\avr6\libc.a(isspace.o) (__ctype_isfalse)

Allocating common symbols
Common symbol       size              file

errno               0x2               C:\WinAVR-20100110\avr\lib\avr6\libc.a(errno.o)
settings            0x26              settings.o
dir_bits            0x1               stepper.o

Memory Configuration

Name             Origin             Length             Attributes
text             0x00000000         0x00100000         xr
data             0x00800200         0x0000fe00         rw !x
eeprom           0x00810000         0x00010000         rw !x
fuse             0x00820000         0x00000400         rw !x
lock             0x00830000         0x00000400         rw !x
signature        0x00840000         0x00000400         rw !x
*default*        0x00000000         0xffffffff

Linker script and memory map

Address of section .data set to 0x800200
LOAD d:/winavr-20100110/bin/../lib/gcc/avr/4.3.3/../../../../avr/lib/avr6/crtm2560.o
LOAD coolant_control.o
LOAD eeprom.o
LOAD gcode.o
LOAD main.o
LOAD motion_control.o
LOAD planner.o
LOAD serial_protocol.o
LOAD settings.o
LOAD spindle_control.o
LOAD stepper.o
LOAD wiring_serial.o
LOAD atc_control.o
LOAD head_control.o
LOAD panel_control.o
LOAD vacuum_control.o
LOAD tape_knock.o
LOAD C:\WinAVR-20100110\avr\lib\avr6\libm.a
LOAD d:/winavr-20100110/bin/../lib/gcc/avr/4.3.3/avr6\libgcc.a
LOAD C:\WinAVR-20100110\avr\lib\avr6\libc.a
LOAD d:/winavr-20100110/bin/../lib/gcc/avr/4.3.3/avr6\libgcc.a

.hash
 *(.hash)

.dynsym
 *(.dynsym)

.dynstr
 *(.dynstr)

.gnu.version
 *(.gnu.version)

.gnu.version_d
 *(.gnu.version_d)

.gnu.version_r
 *(.gnu.version_r)

.rel.init
 *(.rel.init)

.rela.init
 *(.rela.init)

.rel.text
 *(.rel.text)
 *(.rel.text.*)
 *(.rel.gnu.linkonce.t*)

.rela.text
 *(.rela.text)
 *(.rela.text.*)
 *(.rela.gnu.linkonce.t*)

.rel.fini
 *(.rel.fini)

.rela.fini
 *(.rela.fini)

.rel.rodata
 *(.rel.rodata)
 *(.rel.rodata.*)
 *(.rel.gnu.linkonce.r*)

.rela.rodata
 *(.rela.rodata)
 *(.rela.rodata.*)
 *(.rela.gnu.linkonce.r*)

.rel.data
 *(.rel.data)
 *(.rel.data.*)
 *(.rel.gnu.linkonce.d*)

.rela.data
 *(.rela.data)
 *(.rela.data.*)
 *(.rela.gnu.linkonce.d*)

.rel.ctors
 *(.rel.ctors)

.rela.ctors
 *(.rela.ctors)

.rel.dtors
 *(.rel.dtors)

.rela.dtors
 *(.rela.dtors)

.rel.got
 *(.rel.got)

.rela.got
 *(.rela.got)

.rel.bss
 *(.rel.bss)

.rela.bss
 *(.rela.bss)

.rel.plt
 *(.rel.plt)

.rela.plt
 *(.rela.plt)

.text           0x00000000     0x53d0
 *(.vectors)
 .vectors       0x00000000       0xe4 d:/winavr-20100110/bin/../lib/gcc/avr/4.3.3/../../../../avr/lib/avr6/crtm2560.o
                0x00000000                __vectors
                0x00000000                __vector_default
 *(.vectors)
 *(.progmem.gcc*)
 .progmem.gcc_sw_table
                0x000000e4      0x138 gcode.o
 .progmem.gcc_fplib
                0x0000021c       0x2d C:\WinAVR-20100110\avr\lib\avr6\libm.a(atan.o)
 *(.progmem*)
 .progmem.data  0x00000249       0xc6 gcode.o
 .progmem.data  0x0000030f        0x5 main.o
 .progmem.data  0x00000314       0xb4 serial_protocol.o
 .progmem.data  0x000003c8      0x1f5 settings.o
 .progmem.data  0x000005bd       0x22 stepper.o
 .progmem.data  0x000005df       0x12 head_control.o
 .progmem.data  0x000005f1        0xb vacuum_control.o
 .progmem.data  0x000005fc       0x3b C:\WinAVR-20100110\avr\lib\avr6\libc.a(strtod.o)
                0x00000638                . = ALIGN (0x2)
 *fill*         0x00000637        0x1 00
                0x00000638                __trampolines_start = .
 *(.trampolines)
 .trampolines   0x00000638        0x0 linker stubs
 *(.trampolines*)
                0x00000638                __trampolines_end = .
 *(.jumptables)
 *(.jumptables*)
 *(.lowtext)
 *(.lowtext*)
                0x00000638                __ctors_start = .
 *(.ctors)
                0x00000638                __ctors_end = .
                0x00000638                __dtors_start = .
 *(.dtors)
                0x00000638                __dtors_end = .
 SORT(*)(.ctors)
 SORT(*)(.dtors)
 *(.init0)
 .init0         0x00000638        0x0 d:/winavr-20100110/bin/../lib/gcc/avr/4.3.3/../../../../avr/lib/avr6/crtm2560.o
                0x00000638                __init
 *(.init0)
 *(.init1)
 *(.init1)
 *(.init2)
 .init2         0x00000638       0x10 d:/winavr-20100110/bin/../lib/gcc/avr/4.3.3/../../../../avr/lib/avr6/crtm2560.o
 *(.init2)
 *(.init3)
 *(.init3)
 *(.init4)
 .init4         0x00000648       0x1a d:/winavr-20100110/bin/../lib/gcc/avr/4.3.3/../../../../avr/lib/avr6/crtm2560.o
                0x00000648                __do_copy_data
 .init4         0x00000662       0x10 d:/winavr-20100110/bin/../lib/gcc/avr/4.3.3/avr6\libgcc.a(_clear_bss.o)
                0x00000662                __do_clear_bss
 *(.init4)
 *(.init5)
 *(.init5)
 *(.init6)
 *(.init6)
 *(.init7)
 *(.init7)
 *(.init8)
 *(.init8)
 *(.init9)
 .init9         0x00000672        0x8 d:/winavr-20100110/bin/../lib/gcc/avr/4.3.3/../../../../avr/lib/avr6/crtm2560.o
 *(.init9)
 *(.text)
 .text          0x0000067a        0x4 d:/winavr-20100110/bin/../lib/gcc/avr/4.3.3/../../../../avr/lib/avr6/crtm2560.o
                0x0000067a                __vector_38
                0x0000067a                __vector_22
                0x0000067a                __vector_28
                0x0000067a                __vector_1
                0x0000067a                __vector_34
                0x0000067a                __vector_24
                0x0000067a                __vector_12
                0x0000067a                __vector_55
                0x0000067a                __vector_46
                0x0000067a                __bad_interrupt
                0x0000067a                __vector_6
                0x0000067a                __vector_31
                0x0000067a                __vector_35
                0x0000067a                __vector_39
                0x0000067a                __vector_3
                0x0000067a                __vector_23
                0x0000067a                __vector_30
                0x0000067a                __vector_45
                0x0000067a                __vector_11
                0x0000067a                __vector_54
                0x0000067a                __vector_13
                0x0000067a                __vector_19
                0x0000067a                __vector_56
                0x0000067a                __vector_7
                0x0000067a                __vector_49
                0x0000067a                __vector_41
                0x0000067a                __vector_43
                0x0000067a                __vector_27
                0x0000067a                __vector_5
                0x0000067a                __vector_33
                0x0000067a                __vector_47
                0x0000067a                __vector_52
                0x0000067a                __vector_37
                0x0000067a                __vector_4
                0x0000067a                __vector_44
                0x0000067a                __vector_51
                0x0000067a                __vector_9
                0x0000067a                __vector_2
                0x0000067a                __vector_21
                0x0000067a                __vector_36
                0x0000067a                __vector_29
                0x0000067a                __vector_40
                0x0000067a                __vector_8
                0x0000067a                __vector_26
                0x0000067a                __vector_48
                0x0000067a                __vector_14
                0x0000067a                __vector_53
                0x0000067a                __vector_10
                0x0000067a                __vector_50
                0x0000067a                __vector_16
                0x0000067a                __vector_18
                0x0000067a                __vector_20
                0x0000067a                __vector_42
 .text          0x0000067e        0x0 coolant_control.o
 .text          0x0000067e        0x0 eeprom.o
 .text          0x0000067e        0x0 gcode.o
 .text          0x0000067e        0x0 main.o
 .text          0x0000067e        0x0 motion_control.o
 .text          0x0000067e        0x0 planner.o
 .text          0x0000067e        0x0 serial_protocol.o
 .text          0x0000067e        0x0 settings.o
 .text          0x0000067e        0x0 spindle_control.o
 .text          0x0000067e        0x0 stepper.o
 .text          0x0000067e        0x0 wiring_serial.o
 .text          0x0000067e        0x0 atc_control.o
 .text          0x0000067e        0x0 head_control.o
 .text          0x0000067e        0x0 panel_control.o
 .text          0x0000067e        0x0 vacuum_control.o
 .text          0x0000067e        0x0 tape_knock.o
 .text          0x0000067e        0x0 C:\WinAVR-20100110\avr\lib\avr6\libm.a(addsf3.o)
 .text          0x0000067e        0x0 C:\WinAVR-20100110\avr\lib\avr6\libm.a(addsf3x.o)
 .text          0x0000067e        0x0 C:\WinAVR-20100110\avr\lib\avr6\libm.a(atan.o)
 .text          0x0000067e        0x0 C:\WinAVR-20100110\avr\lib\avr6\libm.a(ceil.o)
 .text          0x0000067e        0x0 C:\WinAVR-20100110\avr\lib\avr6\libm.a(cmpsf2.o)
 .text          0x0000067e        0x0 C:\WinAVR-20100110\avr\lib\avr6\libm.a(divsf3.o)
 .text          0x0000067e        0x0 C:\WinAVR-20100110\avr\lib\avr6\libm.a(divsf3x.o)
 .text          0x0000067e        0x0 C:\WinAVR-20100110\avr\lib\avr6\libm.a(fixsfsi.o)
 .text          0x0000067e        0x0 C:\WinAVR-20100110\avr\lib\avr6\libm.a(fixunssfsi.o)
 .text          0x0000067e        0x0 C:\WinAVR-20100110\avr\lib\avr6\libm.a(floatsisf.o)
 .text          0x0000067e        0x0 C:\WinAVR-20100110\avr\lib\avr6\libm.a(floor.o)
 .text          0x0000067e        0x0 C:\WinAVR-20100110\avr\lib\avr6\libm.a(fp_cmp.o)
 .text          0x0000067e        0x0 C:\WinAVR-20100110\avr\lib\avr6\libm.a(fp_inf.o)
 .text          0x0000067e        0x0 C:\WinAVR-20100110\avr\lib\avr6\libm.a(fp_mintl.o)
 .text          0x0000067e        0x0 C:\WinAVR-20100110\avr\lib\avr6\libm.a(fp_mpack.o)
 .text          0x0000067e        0x0 C:\WinAVR-20100110\avr\lib\avr6\libm.a(fp_nan.o)
 .text          0x0000067e        0x0 C:\WinAVR-20100110\avr\lib\avr6\libm.a(fp_powser.o)
 .text          0x0000067e        0x0 C:\WinAVR-20100110\avr\lib\avr6\libm.a(fp_pscA.o)
 .text          0x0000067e        0x0 C:\WinAVR-20100110\avr\lib\avr6\libm.a(fp_pscB.o)
 .text          0x0000067e        0x0 C:\WinAVR-20100110\avr\lib\avr6\libm.a(fp_round.o)
 .text          0x0000067e        0x0 C:\WinAVR-20100110\avr\lib\avr6\libm.a(fp_split3.o)
 .text          0x0000067e        0x0 C:\WinAVR-20100110\avr\lib\avr6\libm.a(fp_trunc.o)
 .text          0x0000067e        0x0 C:\WinAVR-20100110\avr\lib\avr6\libm.a(fp_zero.o)
 .text          0x0000067e        0x0 C:\WinAVR-20100110\avr\lib\avr6\libm.a(gesf2.o)
 .text          0x0000067e        0x0 C:\WinAVR-20100110\avr\lib\avr6\libm.a(inverse.o)
 .text          0x0000067e        0x0 C:\WinAVR-20100110\avr\lib\avr6\libm.a(lround.o)
 .text          0x0000067e        0x0 C:\WinAVR-20100110\avr\lib\avr6\libm.a(modf.o)
 .text          0x0000067e        0x0 C:\WinAVR-20100110\avr\lib\avr6\libm.a(mulsf3.o)
 .text          0x0000067e        0x0 C:\WinAVR-20100110\avr\lib\avr6\libm.a(mulsf3x.o)
 .text          0x0000067e        0x0 C:\WinAVR-20100110\avr\lib\avr6\libm.a(round.o)
 .text          0x0000067e        0x0 C:\WinAVR-20100110\avr\lib\avr6\libm.a(sqrt.o)
 .text          0x0000067e        0x0 C:\WinAVR-20100110\avr\lib\avr6\libm.a(square.o)
 .text          0x0000067e        0x0 C:\WinAVR-20100110\avr\lib\avr6\libm.a(trunc.o)
 .text          0x0000067e        0x0 C:\WinAVR-20100110\avr\lib\avr6\libm.a(fp_norm2.o)
 .text          0x0000067e        0x0 d:/winavr-20100110/bin/../lib/gcc/avr/4.3.3/avr6\libgcc.a(_mulsi3.o)
 .text          0x0000067e        0x0 d:/winavr-20100110/bin/../lib/gcc/avr/4.3.3/avr6\libgcc.a(_divmodhi4.o)
 .text          0x0000067e        0x0 d:/winavr-20100110/bin/../lib/gcc/avr/4.3.3/avr6\libgcc.a(_udivmodsi4.o)
 .text          0x0000067e        0x0 d:/winavr-20100110/bin/../lib/gcc/avr/4.3.3/avr6\libgcc.a(_divmodsi4.o)
 .text          0x0000067e        0x0 d:/winavr-20100110/bin/../lib/gcc/avr/4.3.3/avr6\libgcc.a(_exit.o)
 .text          0x0000067e        0x0 d:/winavr-20100110/bin/../lib/gcc/avr/4.3.3/avr6\libgcc.a(_clear_bss.o)
 .text          0x0000067e        0x0 d:/winavr-20100110/bin/../lib/gcc/avr/4.3.3/avr6\libgcc.a(_udivmodhi4.o)
 .text          0x0000067e        0x0 C:\WinAVR-20100110\avr\lib\avr6\libc.a(rand.o)
 .text          0x0000067e        0x0 C:\WinAVR-20100110\avr\lib\avr6\libc.a(strtod.o)
 .text          0x0000067e        0x0 C:\WinAVR-20100110\avr\lib\avr6\libc.a(isspace.o)
 .text          0x0000067e        0x0 C:\WinAVR-20100110\avr\lib\avr6\libc.a(strncasecmp_P.o)
 .text          0x0000067e        0x0 C:\WinAVR-20100110\avr\lib\avr6\libc.a(errno.o)
 .text          0x0000067e        0x0 C:\WinAVR-20100110\avr\lib\avr6\libc.a(cty_isfalse.o)
                0x0000067e                . = ALIGN (0x2)
 *(.text.*)
 .text.coolant_init
                0x0000067e        0x4 coolant_control.o
                0x0000067e                coolant_init
 .text.coolant_flood
                0x00000682        0xc coolant_control.o
                0x00000682                coolant_flood
 .text.eeprom_get_char
                0x0000068e       0x10 eeprom.o
                0x0000068e                eeprom_get_char
 .text.eeprom_put_char
                0x0000069e       0x42 eeprom.o
                0x0000069e                eeprom_put_char
 .text.memcpy_to_eeprom_with_checksum
                0x000006e0       0x78 eeprom.o
                0x000006e0                memcpy_to_eeprom_with_checksum
 .text.memcpy_from_eeprom_with_checksum
                0x00000758       0x7e eeprom.o
                0x00000758                memcpy_from_eeprom_with_checksum
 .text.select_plane
                0x000007d6        0xe gcode.o
                0x000007d6                select_plane
 .text.set_feeder_x
                0x000007e4       0x12 gcode.o
                0x000007e4                set_feeder_x
 .text.set_feeder_y
                0x000007f6       0x12 gcode.o
                0x000007f6                set_feeder_y
 .text.gotoxy   0x00000808      0x1ae gcode.o
                0x00000808                gotoxy
 .text.read_double
                0x000009b6       0x82 gcode.o
                0x000009b6                read_double
 .text.next_statement
                0x00000a38       0x68 gcode.o
                0x00000a38                next_statement
 .text.gc_init  0x00000aa0       0x7c gcode.o
                0x00000aa0                gc_init
 .text.gc_execute_line
                0x00000b1c      0x976 gcode.o
                0x00000b1c                gc_execute_line
 .text.theta    0x00001492       0x8c gcode.o
                0x00001492                theta
 .text.main     0x0000151e       0x62 main.o
                0x0000151e                main
 .text.mc_go_home
                0x00001580        0x6 motion_control.o
                0x00001580                mc_go_home
 .text.mc_dwell
                0x00001586       0xa8 motion_control.o
                0x00001586                mc_dwell
 .text.factor_for_safe_speed
                0x0000162e       0x20 planner.o
                0x0000162e                factor_for_safe_speed
 .text.plan_is_acceleration_manager_enabled
                0x0000164e        0x8 planner.o
                0x0000164e                plan_is_acceleration_manager_enabled
 .text.plan_discard_current_block
                0x00001656       0x32 planner.o
                0x00001656                plan_discard_current_block
 .text.plan_get_current_block
                0x00001688       0x52 planner.o
                0x00001688                plan_get_current_block
 .text.planner_forward_pass_kernel
                0x000016da      0x10c planner.o
                0x000016da                planner_forward_pass_kernel
 .text.planner_forward_pass
                0x000017e6       0x9a planner.o
                0x000017e6                planner_forward_pass
 .text.plan_set_current
                0x00001880      0x106 planner.o
                0x00001880                plan_set_current
 .text.plan_set_acceleration_manager_enabled
                0x00001986       0x3a planner.o
                0x00001986                plan_set_acceleration_manager_enabled
 .text.plan_init
                0x000019c0       0x28 planner.o
                0x000019c0                plan_init
 .text.planner_reverse_pass_kernel
                0x000019e8      0x284 planner.o
                0x000019e8                planner_reverse_pass_kernel
 .text.planner_reverse_pass
                0x00001c6c       0xa4 planner.o
                0x00001c6c                planner_reverse_pass
 .text.calculate_trapezoid_for_block
                0x00001d10      0x2a0 planner.o
                0x00001d10                calculate_trapezoid_for_block
 .text.planner_recalculate_trapezoids
                0x00001fb0       0xaa planner.o
                0x00001fb0                planner_recalculate_trapezoids
 .text.planner_recalculate
                0x0000205a        0xe planner.o
                0x0000205a                planner_recalculate
 .text.plan_buffer_line
                0x00002068      0x872 planner.o
                0x00002068                plan_buffer_line
 .text.sp_process
                0x000028da      0x12e serial_protocol.o
                0x000028da                sp_process
 .text.sp_init  0x00002a08        0xe serial_protocol.o
                0x00002a08                sp_init
 .text.settings_reset
                0x00002a16       0xd0 settings.o
                0x00002a16                settings_reset
 .text.read_settings
                0x00002ae6       0x84 settings.o
                0x00002ae6                read_settings
 .text.write_settings
                0x00002b6a       0x1c settings.o
                0x00002b6a                write_settings
 .text.settings_store_setting
                0x00002b86      0x146 settings.o
                0x00002b86                settings_store_setting
 .text.settings_dump
                0x00002ccc      0x1a8 settings.o
                0x00002ccc                settings_dump
 .text.settings_init
                0x00002e74       0x18 settings.o
                0x00002e74                settings_init
 .text.spindle_init
                0x00002e8c       0x10 spindle_control.o
                0x00002e8c                spindle_init
 .text.spindle_run
                0x00002e9c       0x20 spindle_control.o
                0x00002e9c                spindle_run
 .text.spindle_stop
                0x00002ebc        0xc spindle_control.o
                0x00002ebc                spindle_stop
 .text.rotate_head
                0x00002ec8       0x22 spindle_control.o
                0x00002ec8                rotate_head
 .text.st_wake_up
                0x00002eea        0xc stepper.o
                0x00002eea                st_wake_up
 .text.set_busy
                0x00002ef6        0xc stepper.o
                0x00002ef6                set_busy
 .text.get_busy
                0x00002f02        0xc stepper.o
                0x00002f02                get_busy
 .text.__vector_15
                0x00002f0e       0x1e stepper.o
                0x00002f0e                __vector_15
 .text.st_enable
                0x00002f2c        0x4 stepper.o
                0x00002f2c                st_enable
 .text.st_disable
                0x00002f30        0x4 stepper.o
                0x00002f30                st_disable
 .text.st_is_enabled
                0x00002f34       0x1e stepper.o
                0x00002f34                st_is_enabled
 .text.config_step_timer
                0x00002f52      0x14a stepper.o
                0x00002f52                config_step_timer
 .text.set_step_events_per_minute
                0x0000309c       0x48 stepper.o
                0x0000309c                set_step_events_per_minute
 .text.st_init  0x000030e4       0x80 stepper.o
                0x000030e4                st_init
 .text.moveLeft
                0x00003164       0x4e stepper.o
                0x00003164                moveLeft
 .text.moveRight
                0x000031b2       0x50 stepper.o
                0x000031b2                moveRight
 .text.moveForward
                0x00003202       0x4e stepper.o
                0x00003202                moveForward
 .text.moveBack
                0x00003250       0x50 stepper.o
                0x00003250                moveBack
 .text.head_moving
                0x000032a0        0xe stepper.o
                0x000032a0                head_moving
 .text.limits_init
                0x000032ae       0x52 stepper.o
                0x000032ae                limits_init
 .text.get_limit_bits
                0x00003300       0x20 stepper.o
                0x00003300                get_limit_bits
 .text.st_go_home
                0x00003320       0xfc stepper.o
                0x00003320                st_go_home
 .text.st_synchronize
                0x0000341c       0x1a stepper.o
                0x0000341c                st_synchronize
 .text.__vector_17
                0x00003436      0x55e stepper.o
                0x00003436                __vector_17
 .text.beginSerial
                0x00003994       0x78 wiring_serial.o
                0x00003994                beginSerial
 .text.serialWrite
                0x00003a0c       0x10 wiring_serial.o
                0x00003a0c                serialWrite
 .text.serialAvailable
                0x00003a1c       0x22 wiring_serial.o
                0x00003a1c                serialAvailable
 .text.serialRead
                0x00003a3e       0x40 wiring_serial.o
                0x00003a3e                serialRead
 .text.serialFlush
                0x00003a7e       0x12 wiring_serial.o
                0x00003a7e                serialFlush
 .text.__vector_25
                0x00003a90       0x82 wiring_serial.o
                0x00003a90                __vector_25
 .text.printByte
                0x00003b12       0x10 wiring_serial.o
                0x00003b12                printByte
 .text.printString
                0x00003b22       0x1e wiring_serial.o
                0x00003b22                printString
 .text.printPgmString
                0x00003b40       0x1e wiring_serial.o
                0x00003b40                printPgmString
 .text.printIntegerInBase
                0x00003b5e      0x128 wiring_serial.o
                0x00003b5e                printIntegerInBase
 .text.printInteger
                0x00003c86       0x38 wiring_serial.o
                0x00003c86                printInteger
 .text.printBinary
                0x00003cbe        0xe wiring_serial.o
                0x00003cbe                printBinary
 .text.printFloat
                0x00003ccc       0x86 wiring_serial.o
                0x00003ccc                printFloat
 .text.atc_init
                0x00003d52       0x26 atc_control.o
                0x00003d52                atc_init
 .text.has_tool
                0x00003d78        0x4 atc_control.o
                0x00003d78                has_tool
 .text.atc_fire
                0x00003d7c      0x14a atc_control.o
                0x00003d7c                atc_fire
 .text.DropTool
                0x00003ec6       0x42 atc_control.o
                0x00003ec6                DropTool
 .text.PickupTool
                0x00003f08       0x4a atc_control.o
                0x00003f08                PickupTool
 .text.atc_change
                0x00003f52       0x40 atc_control.o
                0x00003f52                atc_change
 .text.check_for_tool
                0x00003f92       0x52 atc_control.o
                0x00003f92                check_for_tool
 .text.head_init
                0x00003fe4       0x1e head_control.o
                0x00003fe4                head_init
 .text.is_head_down
                0x00004002        0x6 head_control.o
                0x00004002                is_head_down
 .text.is_rotated
                0x00004008        0xc head_control.o
                0x00004008                is_rotated
 .text.head_down
                0x00004014       0x7c head_control.o
                0x00004014                head_down
 .text.panel_init
                0x00004090       0x80 panel_control.o
                0x00004090                panel_init
 .text.is_pleft
                0x00004110        0xe panel_control.o
                0x00004110                is_pleft
 .text.is_pright
                0x0000411e        0xe panel_control.o
                0x0000411e                is_pright
 .text.is_pback
                0x0000412c        0xc panel_control.o
                0x0000412c                is_pback
 .text.is_pforward
                0x00004138        0xc panel_control.o
                0x00004138                is_pforward
 .text.is_phead
                0x00004144        0xc panel_control.o
                0x00004144                is_phead
 .text.is_pvac  0x00004150        0xa panel_control.o
                0x00004150                is_pvac
 .text.is_pfast
                0x0000415a        0xa panel_control.o
                0x0000415a                is_pfast
 .text.is_phome
                0x00004164        0xe panel_control.o
                0x00004164                is_phome
 .text.is_pteach
                0x00004172        0xc panel_control.o
                0x00004172                is_pteach
 .text.__vector_32
                0x0000417e       0x14 panel_control.o
                0x0000417e                __vector_32
 .text.process_panel
                0x00004192       0x66 panel_control.o
                0x00004192                process_panel
 .text.vacuum_init
                0x000041f8       0x1a vacuum_control.o
                0x000041f8                vacuum_init
 .text.vacuum   0x00004212       0x3e vacuum_control.o
                0x00004212                vacuum
 .text.vacuum_state
                0x00004250        0xc vacuum_control.o
                0x00004250                vacuum_state
 .text.run_vacuum_test
                0x0000425c       0x74 vacuum_control.o
                0x0000425c                run_vacuum_test
 .text.goto_vacpad
                0x000042d0      0x2a6 vacuum_control.o
                0x000042d0                goto_vacpad
 .text.test_mode
                0x00004576       0xe4 vacuum_control.o
                0x00004576                test_mode
 .text.vacuum_test
                0x0000465a       0x18 vacuum_control.o
                0x0000465a                vacuum_test
 .text.tape_init
                0x00004672        0xc tape_knock.o
                0x00004672                tape_init
 .text.putdown_part
                0x0000467e       0x58 tape_knock.o
                0x0000467e                putdown_part
 .text.tape_knock
                0x000046d6       0x5a tape_knock.o
                0x000046d6                tape_knock
 .text.pickup_part
                0x00004730       0x48 tape_knock.o
                0x00004730                pickup_part
 .text.avr-libc.fplib
                0x00004778        0xa C:\WinAVR-20100110\avr\lib\avr6\libm.a(addsf3.o)
                0x00004778                __subsf3
                0x0000477a                __addsf3
 .text.avr-libc.fplib
                0x00004782       0xc0 C:\WinAVR-20100110\avr\lib\avr6\libm.a(addsf3x.o)
                0x0000479c                __addsf3x
 .text.avr-libc.fplib
                0x00004842       0x50 C:\WinAVR-20100110\avr\lib\avr6\libm.a(atan.o)
                0x00004842                atan
 .text.avr-libc.fplib
                0x00004892       0x26 C:\WinAVR-20100110\avr\lib\avr6\libm.a(ceil.o)
                0x00004892                ceil
 .text.avr-libc.fplib
                0x000048b8        0x8 C:\WinAVR-20100110\avr\lib\avr6\libm.a(cmpsf2.o)
                0x000048b8                __lesf2
                0x000048b8                __nesf2
                0x000048b8                __eqsf2
                0x000048b8                __cmpsf2
                0x000048b8                __ltsf2
 .text.avr-libc.fplib
                0x000048c0        0x4 C:\WinAVR-20100110\avr\lib\avr6\libm.a(divsf3.o)
                0x000048c0                __divsf3
 .text.avr-libc.fplib
                0x000048c4       0xcc C:\WinAVR-20100110\avr\lib\avr6\libm.a(divsf3x.o)
                0x000048da                __divsf3x
                0x000048de                __divsf3_pse
 .text.avr-libc.fplib
                0x00004990        0xa C:\WinAVR-20100110\avr\lib\avr6\libm.a(fixsfsi.o)
                0x00004990                __fixsfsi
 .text.avr-libc.fplib
                0x0000499a       0x58 C:\WinAVR-20100110\avr\lib\avr6\libm.a(fixunssfsi.o)
                0x0000499a                __fixunssfsi
 .text.avr-libc.fplib
                0x000049f2       0x7a C:\WinAVR-20100110\avr\lib\avr6\libm.a(floatsisf.o)
                0x000049f6                __floatsisf
                0x000049f2                __floatunsisf
 .text.avr-libc.fplib
                0x00004a6c       0x26 C:\WinAVR-20100110\avr\lib\avr6\libm.a(floor.o)
                0x00004a6c                floor
 .text.avr-libc.fplib
                0x00004a92       0x48 C:\WinAVR-20100110\avr\lib\avr6\libm.a(fp_cmp.o)
                0x00004a92                __fp_cmp
 .text.avr-libc.fplib
                0x00004ada        0xc C:\WinAVR-20100110\avr\lib\avr6\libm.a(fp_inf.o)
                0x00004ada                __fp_inf
 .text.avr-libc.fplib
                0x00004ae6       0x36 C:\WinAVR-20100110\avr\lib\avr6\libm.a(fp_mintl.o)
                0x00004ae6                __fp_mintl
 .text.avr-libc.fplib
                0x00004b1c       0x1c C:\WinAVR-20100110\avr\lib\avr6\libm.a(fp_mpack.o)
                0x00004b20                __fp_mpack_finite
                0x00004b1c                __fp_mpack
 .text.avr-libc.fplib
                0x00004b38        0x6 C:\WinAVR-20100110\avr\lib\avr6\libm.a(fp_nan.o)
                0x00004b38                __fp_nan
 .text.avr-libc.fplib
                0x00004b3e       0x4a C:\WinAVR-20100110\avr\lib\avr6\libm.a(fp_powser.o)
                0x00004b3e                __fp_powser
 .text.avr-libc.fplib
                0x00004b88        0xe C:\WinAVR-20100110\avr\lib\avr6\libm.a(fp_pscA.o)
                0x00004b88                __fp_pscA
 .text.avr-libc.fplib
                0x00004b96        0xe C:\WinAVR-20100110\avr\lib\avr6\libm.a(fp_pscB.o)
                0x00004b96                __fp_pscB
 .text.avr-libc.fplib
                0x00004ba4       0x22 C:\WinAVR-20100110\avr\lib\avr6\libm.a(fp_round.o)
                0x00004ba4                __fp_round
 .text.avr-libc.fplib
                0x00004bc6       0x44 C:\WinAVR-20100110\avr\lib\avr6\libm.a(fp_split3.o)
                0x00004bc6                __fp_split3
                0x00004bd6                __fp_splitA
 .text.avr-libc.fplib
                0x00004c0a       0x2e C:\WinAVR-20100110\avr\lib\avr6\libm.a(fp_trunc.o)
                0x00004c0a                __fp_trunc
 .text.avr-libc.fplib
                0x00004c38        0xe C:\WinAVR-20100110\avr\lib\avr6\libm.a(fp_zero.o)
                0x00004c38                __fp_zero
                0x00004c3a                __fp_szero
 .text.avr-libc.fplib
                0x00004c46        0x8 C:\WinAVR-20100110\avr\lib\avr6\libm.a(gesf2.o)
                0x00004c46                __gtsf2
                0x00004c46                __gesf2
 .text.avr-libc.fplib
                0x00004c4e        0xe C:\WinAVR-20100110\avr\lib\avr6\libm.a(inverse.o)
                0x00004c4e                inverse
 .text.avr-libc.fplib
                0x00004c5c       0x60 C:\WinAVR-20100110\avr\lib\avr6\libm.a(lround.o)
                0x00004c5c                lround
 .text.avr-libc.fplib
                0x00004cbc       0x66 C:\WinAVR-20100110\avr\lib\avr6\libm.a(modf.o)
                0x00004cbc                modff
                0x00004cbc                modf
 .text.avr-libc.fplib
                0x00004d22        0x4 C:\WinAVR-20100110\avr\lib\avr6\libm.a(mulsf3.o)
                0x00004d22                __mulsf3
 .text.avr-libc.fplib
                0x00004d26       0xc2 C:\WinAVR-20100110\avr\lib\avr6\libm.a(mulsf3x.o)
                0x00004d3e                __mulsf3_pse
                0x00004d3a                __mulsf3x
 .text.avr-libc.fplib
                0x00004de8       0x40 C:\WinAVR-20100110\avr\lib\avr6\libm.a(round.o)
                0x00004de8                round
 .text.avr-libc.fplib
                0x00004e28       0x84 C:\WinAVR-20100110\avr\lib\avr6\libm.a(sqrt.o)
                0x00004e30                sqrt
 .text.avr-libc.fplib
                0x00004eac        0x6 C:\WinAVR-20100110\avr\lib\avr6\libm.a(square.o)
                0x00004eac                square
 .text.avr-libc.fplib
                0x00004eb2        0xe C:\WinAVR-20100110\avr\lib\avr6\libm.a(trunc.o)
                0x00004eb2                trunc
 .text.avr-libc.fplib
                0x00004ec0        0xe C:\WinAVR-20100110\avr\lib\avr6\libm.a(fp_norm2.o)
                0x00004ec0                __fp_norm2
 .text.libgcc   0x00004ece       0x3e d:/winavr-20100110/bin/../lib/gcc/avr/4.3.3/avr6\libgcc.a(_mulsi3.o)
                0x00004ece                __mulsi3
 .text.libgcc   0x00004f0c       0x26 d:/winavr-20100110/bin/../lib/gcc/avr/4.3.3/avr6\libgcc.a(_divmodhi4.o)
                0x00004f0c                __divmodhi4
                0x00004f0c                _div
 .text.libgcc   0x00004f32       0x44 d:/winavr-20100110/bin/../lib/gcc/avr/4.3.3/avr6\libgcc.a(_udivmodsi4.o)
                0x00004f32                __udivmodsi4
 .text.libgcc   0x00004f76       0x36 d:/winavr-20100110/bin/../lib/gcc/avr/4.3.3/avr6\libgcc.a(_divmodsi4.o)
                0x00004f76                __divmodsi4
 .text.libgcc   0x00004fac        0x0 d:/winavr-20100110/bin/../lib/gcc/avr/4.3.3/avr6\libgcc.a(_exit.o)
 .text.libgcc   0x00004fac        0x0 d:/winavr-20100110/bin/../lib/gcc/avr/4.3.3/avr6\libgcc.a(_clear_bss.o)
 .text.libgcc   0x00004fac       0x28 d:/winavr-20100110/bin/../lib/gcc/avr/4.3.3/avr6\libgcc.a(_udivmodhi4.o)
                0x00004fac                __udivmodhi4
 .text.avr-libc
                0x00004fd4       0xd6 C:\WinAVR-20100110\avr\lib\avr6\libc.a(rand.o)
                0x00005084                rand_r
                0x0000508a                rand
                0x00005094                srand
 .text.avr-libc
                0x000050aa      0x2dc C:\WinAVR-20100110\avr\lib\avr6\libc.a(strtod.o)
                0x000050aa                strtod
 .text.avr-libc
                0x00005386       0x10 C:\WinAVR-20100110\avr\lib\avr6\libc.a(isspace.o)
                0x00005386                isspace
 .text.avr-libc
                0x00005396       0x30 C:\WinAVR-20100110\avr\lib\avr6\libc.a(strncasecmp_P.o)
                0x00005396                strncasecmp_P
 .text.avr-libc
                0x000053c6        0x6 C:\WinAVR-20100110\avr\lib\avr6\libc.a(cty_isfalse.o)
                0x000053ca                __ctype_istrue
                0x000053c6                __ctype_isfalse
                0x000053cc                . = ALIGN (0x2)
 *(.fini9)
 .fini9         0x000053cc        0x0 d:/winavr-20100110/bin/../lib/gcc/avr/4.3.3/avr6\libgcc.a(_exit.o)
                0x000053cc                exit
                0x000053cc                _exit
 *(.fini9)
 *(.fini8)
 *(.fini8)
 *(.fini7)
 *(.fini7)
 *(.fini6)
 *(.fini6)
 *(.fini5)
 *(.fini5)
 *(.fini4)
 *(.fini4)
 *(.fini3)
 *(.fini3)
 *(.fini2)
 *(.fini2)
 *(.fini1)
 *(.fini1)
 *(.fini0)
 .fini0         0x000053cc        0x4 d:/winavr-20100110/bin/../lib/gcc/avr/4.3.3/avr6\libgcc.a(_exit.o)
 *(.fini0)
                0x000053d0                _etext = .

.data           0x00800200        0x4 load address 0x000053d0
                0x00800200                PROVIDE (__data_start, .)
 *(.data)
 .data          0x00800200        0x0 d:/winavr-20100110/bin/../lib/gcc/avr/4.3.3/../../../../avr/lib/avr6/crtm2560.o
 .data          0x00800200        0x0 coolant_control.o
 .data          0x00800200        0x0 eeprom.o
 .data          0x00800200        0x0 gcode.o
 .data          0x00800200        0x0 main.o
 .data          0x00800200        0x0 motion_control.o
 .data          0x00800200        0x0 planner.o
 .data          0x00800200        0x0 serial_protocol.o
 .data          0x00800200        0x0 settings.o
 .data          0x00800200        0x0 spindle_control.o
 .data          0x00800200        0x0 stepper.o
 .data          0x00800200        0x0 wiring_serial.o
 .data          0x00800200        0x0 atc_control.o
 .data          0x00800200        0x0 head_control.o
 .data          0x00800200        0x0 panel_control.o
 .data          0x00800200        0x0 vacuum_control.o
 .data          0x00800200        0x0 tape_knock.o
 .data          0x00800200        0x0 C:\WinAVR-20100110\avr\lib\avr6\libm.a(addsf3.o)
 .data          0x00800200        0x0 C:\WinAVR-20100110\avr\lib\avr6\libm.a(addsf3x.o)
 .data          0x00800200        0x0 C:\WinAVR-20100110\avr\lib\avr6\libm.a(atan.o)
 .data          0x00800200        0x0 C:\WinAVR-20100110\avr\lib\avr6\libm.a(ceil.o)
 .data          0x00800200        0x0 C:\WinAVR-20100110\avr\lib\avr6\libm.a(cmpsf2.o)
 .data          0x00800200        0x0 C:\WinAVR-20100110\avr\lib\avr6\libm.a(divsf3.o)
 .data          0x00800200        0x0 C:\WinAVR-20100110\avr\lib\avr6\libm.a(divsf3x.o)
 .data          0x00800200        0x0 C:\WinAVR-20100110\avr\lib\avr6\libm.a(fixsfsi.o)
 .data          0x00800200        0x0 C:\WinAVR-20100110\avr\lib\avr6\libm.a(fixunssfsi.o)
 .data          0x00800200        0x0 C:\WinAVR-20100110\avr\lib\avr6\libm.a(floatsisf.o)
 .data          0x00800200        0x0 C:\WinAVR-20100110\avr\lib\avr6\libm.a(floor.o)
 .data          0x00800200        0x0 C:\WinAVR-20100110\avr\lib\avr6\libm.a(fp_cmp.o)
 .data          0x00800200        0x0 C:\WinAVR-20100110\avr\lib\avr6\libm.a(fp_inf.o)
 .data          0x00800200        0x0 C:\WinAVR-20100110\avr\lib\avr6\libm.a(fp_mintl.o)
 .data          0x00800200        0x0 C:\WinAVR-20100110\avr\lib\avr6\libm.a(fp_mpack.o)
 .data          0x00800200        0x0 C:\WinAVR-20100110\avr\lib\avr6\libm.a(fp_nan.o)
 .data          0x00800200        0x0 C:\WinAVR-20100110\avr\lib\avr6\libm.a(fp_powser.o)
 .data          0x00800200        0x0 C:\WinAVR-20100110\avr\lib\avr6\libm.a(fp_pscA.o)
 .data          0x00800200        0x0 C:\WinAVR-20100110\avr\lib\avr6\libm.a(fp_pscB.o)
 .data          0x00800200        0x0 C:\WinAVR-20100110\avr\lib\avr6\libm.a(fp_round.o)
 .data          0x00800200        0x0 C:\WinAVR-20100110\avr\lib\avr6\libm.a(fp_split3.o)
 .data          0x00800200        0x0 C:\WinAVR-20100110\avr\lib\avr6\libm.a(fp_trunc.o)
 .data          0x00800200        0x0 C:\WinAVR-20100110\avr\lib\avr6\libm.a(fp_zero.o)
 .data          0x00800200        0x0 C:\WinAVR-20100110\avr\lib\avr6\libm.a(gesf2.o)
 .data          0x00800200        0x0 C:\WinAVR-20100110\avr\lib\avr6\libm.a(inverse.o)
 .data          0x00800200        0x0 C:\WinAVR-20100110\avr\lib\avr6\libm.a(lround.o)
 .data          0x00800200        0x0 C:\WinAVR-20100110\avr\lib\avr6\libm.a(modf.o)
 .data          0x00800200        0x0 C:\WinAVR-20100110\avr\lib\avr6\libm.a(mulsf3.o)
 .data          0x00800200        0x0 C:\WinAVR-20100110\avr\lib\avr6\libm.a(mulsf3x.o)
 .data          0x00800200        0x0 C:\WinAVR-20100110\avr\lib\avr6\libm.a(round.o)
 .data          0x00800200        0x0 C:\WinAVR-20100110\avr\lib\avr6\libm.a(sqrt.o)
 .data          0x00800200        0x0 C:\WinAVR-20100110\avr\lib\avr6\libm.a(square.o)
 .data          0x00800200        0x0 C:\WinAVR-20100110\avr\lib\avr6\libm.a(trunc.o)
 .data          0x00800200        0x0 C:\WinAVR-20100110\avr\lib\avr6\libm.a(fp_norm2.o)
 .data          0x00800200        0x0 d:/winavr-20100110/bin/../lib/gcc/avr/4.3.3/avr6\libgcc.a(_mulsi3.o)
 .data          0x00800200        0x0 d:/winavr-20100110/bin/../lib/gcc/avr/4.3.3/avr6\libgcc.a(_divmodhi4.o)
 .data          0x00800200        0x0 d:/winavr-20100110/bin/../lib/gcc/avr/4.3.3/avr6\libgcc.a(_udivmodsi4.o)
 .data          0x00800200        0x0 d:/winavr-20100110/bin/../lib/gcc/avr/4.3.3/avr6\libgcc.a(_divmodsi4.o)
 .data          0x00800200        0x0 d:/winavr-20100110/bin/../lib/gcc/avr/4.3.3/avr6\libgcc.a(_exit.o)
 .data          0x00800200        0x0 d:/winavr-20100110/bin/../lib/gcc/avr/4.3.3/avr6\libgcc.a(_clear_bss.o)
 .data          0x00800200        0x0 d:/winavr-20100110/bin/../lib/gcc/avr/4.3.3/avr6\libgcc.a(_udivmodhi4.o)
 .data          0x00800200        0x4 C:\WinAVR-20100110\avr\lib\avr6\libc.a(rand.o)
 .data          0x00800204        0x0 C:\WinAVR-20100110\avr\lib\avr6\libc.a(strtod.o)
 .data          0x00800204        0x0 C:\WinAVR-20100110\avr\lib\avr6\libc.a(isspace.o)
 .data          0x00800204        0x0 C:\WinAVR-20100110\avr\lib\avr6\libc.a(strncasecmp_P.o)
 .data          0x00800204        0x0 C:\WinAVR-20100110\avr\lib\avr6\libc.a(errno.o)
 .data          0x00800204        0x0 C:\WinAVR-20100110\avr\lib\avr6\libc.a(cty_isfalse.o)
 *(.data*)
 *(.rodata)
 *(.rodata*)
 *(.gnu.linkonce.d*)
                0x00800204                . = ALIGN (0x2)
                0x00800204                _edata = .
                0x00800204                PROVIDE (__data_end, .)

.bss            0x00800204      0x4a4
                0x00800204                PROVIDE (__bss_start, .)
 *(.bss)
 .bss           0x00800204        0x0 d:/winavr-20100110/bin/../lib/gcc/avr/4.3.3/../../../../avr/lib/avr6/crtm2560.o
 .bss           0x00800204        0x0 coolant_control.o
 .bss           0x00800204        0x0 eeprom.o
 .bss           0x00800204       0x2c gcode.o
 .bss           0x00800230        0x0 main.o
 .bss           0x00800230        0x0 motion_control.o
 .bss           0x00800230      0x2ef planner.o
 .bss           0x0080051f       0x33 serial_protocol.o
 .bss           0x00800552        0x0 settings.o
 .bss           0x00800552        0x0 spindle_control.o
 .bss           0x00800552       0x27 stepper.o
                0x00800552                ackHost
                0x00800553                gHomed
 .bss           0x00800579      0x104 wiring_serial.o
                0x00800579                rx_buffer_head
                0x0080057b                rx_buffer_tail
 .bss           0x0080067d        0x0 atc_control.o
 .bss           0x0080067d        0x0 head_control.o
 .bss           0x0080067d        0x2 panel_control.o
 .bss           0x0080067f        0x0 vacuum_control.o
 .bss           0x0080067f        0x0 tape_knock.o
 .bss           0x0080067f        0x0 C:\WinAVR-20100110\avr\lib\avr6\libm.a(addsf3.o)
 .bss           0x0080067f        0x0 C:\WinAVR-20100110\avr\lib\avr6\libm.a(addsf3x.o)
 .bss           0x0080067f        0x0 C:\WinAVR-20100110\avr\lib\avr6\libm.a(atan.o)
 .bss           0x0080067f        0x0 C:\WinAVR-20100110\avr\lib\avr6\libm.a(ceil.o)
 .bss           0x0080067f        0x0 C:\WinAVR-20100110\avr\lib\avr6\libm.a(cmpsf2.o)
 .bss           0x0080067f        0x0 C:\WinAVR-20100110\avr\lib\avr6\libm.a(divsf3.o)
 .bss           0x0080067f        0x0 C:\WinAVR-20100110\avr\lib\avr6\libm.a(divsf3x.o)
 .bss           0x0080067f        0x0 C:\WinAVR-20100110\avr\lib\avr6\libm.a(fixsfsi.o)
 .bss           0x0080067f        0x0 C:\WinAVR-20100110\avr\lib\avr6\libm.a(fixunssfsi.o)
 .bss           0x0080067f        0x0 C:\WinAVR-20100110\avr\lib\avr6\libm.a(floatsisf.o)
 .bss           0x0080067f        0x0 C:\WinAVR-20100110\avr\lib\avr6\libm.a(floor.o)
 .bss           0x0080067f        0x0 C:\WinAVR-20100110\avr\lib\avr6\libm.a(fp_cmp.o)
 .bss           0x0080067f        0x0 C:\WinAVR-20100110\avr\lib\avr6\libm.a(fp_inf.o)
 .bss           0x0080067f        0x0 C:\WinAVR-20100110\avr\lib\avr6\libm.a(fp_mintl.o)
 .bss           0x0080067f        0x0 C:\WinAVR-20100110\avr\lib\avr6\libm.a(fp_mpack.o)
 .bss           0x0080067f        0x0 C:\WinAVR-20100110\avr\lib\avr6\libm.a(fp_nan.o)
 .bss           0x0080067f        0x0 C:\WinAVR-20100110\avr\lib\avr6\libm.a(fp_powser.o)
 .bss           0x0080067f        0x0 C:\WinAVR-20100110\avr\lib\avr6\libm.a(fp_pscA.o)
 .bss           0x0080067f        0x0 C:\WinAVR-20100110\avr\lib\avr6\libm.a(fp_pscB.o)
 .bss           0x0080067f        0x0 C:\WinAVR-20100110\avr\lib\avr6\libm.a(fp_round.o)
 .bss           0x0080067f        0x0 C:\WinAVR-20100110\avr\lib\avr6\libm.a(fp_split3.o)
 .bss           0x0080067f        0x0 C:\WinAVR-20100110\avr\lib\avr6\libm.a(fp_trunc.o)
 .bss           0x0080067f        0x0 C:\WinAVR-20100110\avr\lib\avr6\libm.a(fp_zero.o)
 .bss           0x0080067f        0x0 C:\WinAVR-20100110\avr\lib\avr6\libm.a(gesf2.o)
 .bss           0x0080067f        0x0 C:\WinAVR-20100110\avr\lib\avr6\libm.a(inverse.o)
 .bss           0x0080067f        0x0 C:\WinAVR-20100110\avr\lib\avr6\libm.a(lround.o)
 .bss           0x0080067f        0x0 C:\WinAVR-20100110\avr\lib\avr6\libm.a(modf.o)
 .bss           0x0080067f        0x0 C:\WinAVR-20100110\avr\lib\avr6\libm.a(mulsf3.o)
 .bss           0x0080067f        0x0 C:\WinAVR-20100110\avr\lib\avr6\libm.a(mulsf3x.o)
 .bss           0x0080067f        0x0 C:\WinAVR-20100110\avr\lib\avr6\libm.a(round.o)
 .bss           0x0080067f        0x0 C:\WinAVR-20100110\avr\lib\avr6\libm.a(sqrt.o)
 .bss           0x0080067f        0x0 C:\WinAVR-20100110\avr\lib\avr6\libm.a(square.o)
 .bss           0x0080067f        0x0 C:\WinAVR-20100110\avr\lib\avr6\libm.a(trunc.o)
 .bss           0x0080067f        0x0 C:\WinAVR-20100110\avr\lib\avr6\libm.a(fp_norm2.o)
 .bss           0x0080067f        0x0 d:/winavr-20100110/bin/../lib/gcc/avr/4.3.3/avr6\libgcc.a(_mulsi3.o)
 .bss           0x0080067f        0x0 d:/winavr-20100110/bin/../lib/gcc/avr/4.3.3/avr6\libgcc.a(_divmodhi4.o)
 .bss           0x0080067f        0x0 d:/winavr-20100110/bin/../lib/gcc/avr/4.3.3/avr6\libgcc.a(_udivmodsi4.o)
 .bss           0x0080067f        0x0 d:/winavr-20100110/bin/../lib/gcc/avr/4.3.3/avr6\libgcc.a(_divmodsi4.o)
 .bss           0x0080067f        0x0 d:/winavr-20100110/bin/../lib/gcc/avr/4.3.3/avr6\libgcc.a(_exit.o)
 .bss           0x0080067f        0x0 d:/winavr-20100110/bin/../lib/gcc/avr/4.3.3/avr6\libgcc.a(_clear_bss.o)
 .bss           0x0080067f        0x0 d:/winavr-20100110/bin/../lib/gcc/avr/4.3.3/avr6\libgcc.a(_udivmodhi4.o)
 .bss           0x0080067f        0x0 C:\WinAVR-20100110\avr\lib\avr6\libc.a(rand.o)
 .bss           0x0080067f        0x0 C:\WinAVR-20100110\avr\lib\avr6\libc.a(strtod.o)
 .bss           0x0080067f        0x0 C:\WinAVR-20100110\avr\lib\avr6\libc.a(isspace.o)
 .bss           0x0080067f        0x0 C:\WinAVR-20100110\avr\lib\avr6\libc.a(strncasecmp_P.o)
 .bss           0x0080067f        0x0 C:\WinAVR-20100110\avr\lib\avr6\libc.a(errno.o)
 .bss           0x0080067f        0x0 C:\WinAVR-20100110\avr\lib\avr6\libc.a(cty_isfalse.o)
 *(.bss*)
 *(COMMON)
 COMMON         0x0080067f       0x26 settings.o
                0x0080067f                settings
 COMMON         0x008006a5        0x1 stepper.o
                0x008006a5                dir_bits
 COMMON         0x008006a6        0x2 C:\WinAVR-20100110\avr\lib\avr6\libc.a(errno.o)
                0x008006a6                errno
                0x008006a8                PROVIDE (__bss_end, .)
                0x000053d0                __data_load_start = LOADADDR (.data)
                0x000053d4                __data_load_end = (__data_load_start + SIZEOF (.data))

.noinit         0x008006a8        0x0
                0x008006a8                PROVIDE (__noinit_start, .)
 *(.noinit*)
                0x008006a8                PROVIDE (__noinit_end, .)
                0x008006a8                _end = .
                0x008006a8                PROVIDE (__heap_start, .)

.eeprom         0x00810000        0x0
 *(.eeprom*)
                0x00810000                __eeprom_end = .

.fuse
 *(.fuse)
 *(.lfuse)
 *(.hfuse)
 *(.efuse)

.lock
 *(.lock*)

.signature
 *(.signature*)

.stab
 *(.stab)

.stabstr
 *(.stabstr)

.stab.excl
 *(.stab.excl)

.stab.exclstr
 *(.stab.exclstr)

.stab.index
 *(.stab.index)

.stab.indexstr
 *(.stab.indexstr)

.comment
 *(.comment)

.debug
 *(.debug)

.line
 *(.line)

.debug_srcinfo
 *(.debug_srcinfo)

.debug_sfnames
 *(.debug_sfnames)

.debug_aranges  0x00000000      0x500
 *(.debug_aranges)
 .debug_aranges
                0x00000000       0x28 coolant_control.o
 .debug_aranges
                0x00000028       0x38 eeprom.o
 .debug_aranges
                0x00000060       0x60 gcode.o
 .debug_aranges
                0x000000c0       0x20 main.o
 .debug_aranges
                0x000000e0       0x28 motion_control.o
 .debug_aranges
                0x00000108       0x90 planner.o
 .debug_aranges
                0x00000198       0x28 serial_protocol.o
 .debug_aranges
                0x000001c0       0x48 settings.o
 .debug_aranges
                0x00000208       0x38 spindle_control.o
 .debug_aranges
                0x00000240       0xb8 stepper.o
 .debug_aranges
                0x000002f8       0x80 wiring_serial.o
 .debug_aranges
                0x00000378       0x50 atc_control.o
 .debug_aranges
                0x000003c8       0x38 head_control.o
 .debug_aranges
                0x00000400       0x78 panel_control.o
 .debug_aranges
                0x00000478       0x50 vacuum_control.o
 .debug_aranges
                0x000004c8       0x38 tape_knock.o

.debug_pubnames
                0x00000000      0x954
 *(.debug_pubnames)
 .debug_pubnames
                0x00000000       0x35 coolant_control.o
 .debug_pubnames
                0x00000035       0x82 eeprom.o
 .debug_pubnames
                0x000000b7       0x9d gcode.o
 .debug_pubnames
                0x00000154       0x1b main.o
 .debug_pubnames
                0x0000016f       0x2e motion_control.o
 .debug_pubnames
                0x0000019d      0x1c0 planner.o
 .debug_pubnames
                0x0000035d       0x2d serial_protocol.o
 .debug_pubnames
                0x0000038a       0x96 settings.o
 .debug_pubnames
                0x00000420       0x54 spindle_control.o
 .debug_pubnames
                0x00000474      0x17c stepper.o
 .debug_pubnames
                0x000005f0      0x113 wiring_serial.o
 .debug_pubnames
                0x00000703       0x77 atc_control.o
 .debug_pubnames
                0x0000077a       0x4e head_control.o
 .debug_pubnames
                0x000007c8       0xbc panel_control.o
 .debug_pubnames
                0x00000884       0x80 vacuum_control.o
 .debug_pubnames
                0x00000904       0x50 tape_knock.o

.debug_info     0x00000000     0x4140
 *(.debug_info)
 .debug_info    0x00000000       0xa5 coolant_control.o
 .debug_info    0x000000a5      0x1da eeprom.o
 .debug_info    0x0000027f      0x96d gcode.o
 .debug_info    0x00000bec       0xc6 main.o
 .debug_info    0x00000cb2      0x15e motion_control.o
 .debug_info    0x00000e10      0x8d6 planner.o
 .debug_info    0x000016e6      0x286 serial_protocol.o
 .debug_info    0x0000196c      0x522 settings.o
 .debug_info    0x00001e8e      0x22d spindle_control.o
 .debug_info    0x000020bb      0xae1 stepper.o
 .debug_info    0x00002b9c      0x45c wiring_serial.o
 .debug_info    0x00002ff8      0x2da atc_control.o
 .debug_info    0x000032d2      0x20a head_control.o
 .debug_info    0x000034dc      0x293 panel_control.o
 .debug_info    0x0000376f      0x721 vacuum_control.o
 .debug_info    0x00003e90      0x2b0 tape_knock.o
 *(.gnu.linkonce.wi.*)

.debug_abbrev   0x00000000     0x163f
 *(.debug_abbrev)
 .debug_abbrev  0x00000000       0x6c coolant_control.o
 .debug_abbrev  0x0000006c      0x109 eeprom.o
 .debug_abbrev  0x00000175      0x254 gcode.o
 .debug_abbrev  0x000003c9       0x87 main.o
 .debug_abbrev  0x00000450       0xfd motion_control.o
 .debug_abbrev  0x0000054d      0x206 planner.o
 .debug_abbrev  0x00000753       0xfc serial_protocol.o
 .debug_abbrev  0x0000084f      0x10b settings.o
 .debug_abbrev  0x0000095a      0x12d spindle_control.o
 .debug_abbrev  0x00000a87      0x363 stepper.o
 .debug_abbrev  0x00000dea      0x1c0 wiring_serial.o
 .debug_abbrev  0x00000faa      0x16c atc_control.o
 .debug_abbrev  0x00001116      0x153 head_control.o
 .debug_abbrev  0x00001269       0xee panel_control.o
 .debug_abbrev  0x00001357      0x1d7 vacuum_control.o
 .debug_abbrev  0x0000152e      0x111 tape_knock.o

.debug_line     0x00000000     0x3d22
 *(.debug_line)
 .debug_line    0x00000000       0xa2 coolant_control.o
 .debug_line    0x000000a2      0x2ad eeprom.o
 .debug_line    0x0000034f      0x840 gcode.o
 .debug_line    0x00000b8f       0xf5 main.o
 .debug_line    0x00000c84      0x19d motion_control.o
 .debug_line    0x00000e21      0x716 planner.o
 .debug_line    0x00001537      0x1db serial_protocol.o
 .debug_line    0x00001712      0x3f0 settings.o
 .debug_line    0x00001b02      0x1e9 spindle_control.o
 .debug_line    0x00001ceb      0xba0 stepper.o
 .debug_line    0x0000288b      0x3ab wiring_serial.o
 .debug_line    0x00002c36      0x40b atc_control.o
 .debug_line    0x00003041      0x21c head_control.o
 .debug_line    0x0000325d      0x2f0 panel_control.o
 .debug_line    0x0000354d      0x542 vacuum_control.o
 .debug_line    0x00003a8f      0x293 tape_knock.o

.debug_frame    0x00000000      0x800
 *(.debug_frame)
 .debug_frame   0x00000000       0x30 coolant_control.o
 .debug_frame   0x00000030       0x50 eeprom.o
 .debug_frame   0x00000080       0xa0 gcode.o
 .debug_frame   0x00000120       0x20 main.o
 .debug_frame   0x00000140       0x30 motion_control.o
 .debug_frame   0x00000170      0x100 planner.o
 .debug_frame   0x00000270       0x30 serial_protocol.o
 .debug_frame   0x000002a0       0x70 settings.o
 .debug_frame   0x00000310       0x50 spindle_control.o
 .debug_frame   0x00000360      0x150 stepper.o
 .debug_frame   0x000004b0       0xe0 wiring_serial.o
 .debug_frame   0x00000590       0x80 atc_control.o
 .debug_frame   0x00000610       0x50 head_control.o
 .debug_frame   0x00000660       0xd0 panel_control.o
 .debug_frame   0x00000730       0x80 vacuum_control.o
 .debug_frame   0x000007b0       0x50 tape_knock.o

.debug_str      0x00000000      0xec2
 *(.debug_str)
 .debug_str     0x00000000       0xaa coolant_control.o
                                 0xe5 (size before relaxing)
 .debug_str     0x000000aa       0xac eeprom.o
                                0x168 (size before relaxing)
 .debug_str     0x00000156      0x283 gcode.o
                                0x39a (size before relaxing)
 .debug_str     0x000003d9       0x17 main.o
                                 0xd1 (size before relaxing)
 .debug_str     0x000003f0       0x7a motion_control.o
                                0x12f (size before relaxing)
 .debug_str     0x0000046a      0x403 planner.o
                                0x5ec (size before relaxing)
 .debug_str     0x0000086d       0x37 serial_protocol.o
                                0x11e (size before relaxing)
 .debug_str     0x000008a4       0x7f settings.o
                                0x1d4 (size before relaxing)
 .debug_str     0x00000923       0x64 spindle_control.o
                                0x176 (size before relaxing)
 .debug_str     0x00000987      0x245 stepper.o
                                0x51f (size before relaxing)
 .debug_str     0x00000bcc      0x11b wiring_serial.o
                                0x1e6 (size before relaxing)
 .debug_str     0x00000ce7       0x61 atc_control.o
                                0x188 (size before relaxing)
 .debug_str     0x00000d48       0x34 head_control.o
                                0x141 (size before relaxing)
 .debug_str     0x00000d7c       0x98 panel_control.o
                                0x158 (size before relaxing)
 .debug_str     0x00000e14       0x62 vacuum_control.o
                                0x196 (size before relaxing)
 .debug_str     0x00000e76       0x4c tape_knock.o
                                0x149 (size before relaxing)

.debug_loc      0x00000000     0x2461
 *(.debug_loc)
 .debug_loc     0x00000000      0x1f7 eeprom.o
 .debug_loc     0x000001f7      0x983 gcode.o
 .debug_loc     0x00000b7a       0xbc motion_control.o
 .debug_loc     0x00000c36      0x86f planner.o
 .debug_loc     0x000014a5       0xce serial_protocol.o
 .debug_loc     0x00001573      0x1bf settings.o
 .debug_loc     0x00001732       0x3b spindle_control.o
 .debug_loc     0x0000176d      0x401 stepper.o
 .debug_loc     0x00001b6e      0x2c2 wiring_serial.o
 .debug_loc     0x00001e30      0x140 atc_control.o
 .debug_loc     0x00001f70       0x78 head_control.o
 .debug_loc     0x00001fe8      0x389 vacuum_control.o
 .debug_loc     0x00002371       0xf0 tape_knock.o

.debug_macinfo
 *(.debug_macinfo)
OUTPUT(grbl.elf elf32-avr)
LOAD linker stubs

.debug_ranges   0x00000000      0xa20
 .debug_ranges  0x00000000       0x20 coolant_control.o
 .debug_ranges  0x00000020       0x60 eeprom.o
 .debug_ranges  0x00000080       0x90 gcode.o
 .debug_ranges  0x00000110       0x18 main.o
 .debug_ranges  0x00000128       0x50 motion_control.o
 .debug_ranges  0x00000178       0xa0 planner.o
 .debug_ranges  0x00000218       0x40 serial_protocol.o
 .debug_ranges  0x00000258       0x40 settings.o
 .debug_ranges  0x00000298       0xf0 spindle_control.o
 .debug_ranges  0x00000388      0x428 stepper.o
 .debug_ranges  0x000007b0       0xc8 wiring_serial.o
 .debug_ranges  0x00000878       0x48 atc_control.o
 .debug_ranges  0x000008c0       0x30 head_control.o
 .debug_ranges  0x000008f0       0x70 panel_control.o
 .debug_ranges  0x00000960       0x90 vacuum_control.o
 .debug_ranges  0x000009f0       0x30 tape_knock.o
