Archive member included because of file (symbol)

C:\WinAVR-20100110\avr\lib\avr6\libm.a(addsf3.o)
                              gcode.o (__subsf3)
C:\WinAVR-20100110\avr\lib\avr6\libm.a(addsf3x.o)
                              C:\WinAVR-20100110\avr\lib\avr6\libm.a(addsf3.o) (__addsf3x)
C:\WinAVR-20100110\avr\lib\avr6\libm.a(atan.o)
                              gcode.o (atan)
C:\WinAVR-20100110\avr\lib\avr6\libm.a(ceil.o)
                              planner.o (ceil)
C:\WinAVR-20100110\avr\lib\avr6\libm.a(cmpsf2.o)
                              gcode.o (__eqsf2)
C:\WinAVR-20100110\avr\lib\avr6\libm.a(divsf3.o)
                              gcode.o (__divsf3)
C:\WinAVR-20100110\avr\lib\avr6\libm.a(divsf3x.o)
                              C:\WinAVR-20100110\avr\lib\avr6\libm.a(divsf3.o) (__divsf3x)
C:\WinAVR-20100110\avr\lib\avr6\libm.a(fixsfsi.o)
                              gcode.o (__fixsfsi)
C:\WinAVR-20100110\avr\lib\avr6\libm.a(fixunssfsi.o)
                              gcode.o (__fixunssfsi)
C:\WinAVR-20100110\avr\lib\avr6\libm.a(floatsisf.o)
                              motion_control.o (__floatunsisf)
C:\WinAVR-20100110\avr\lib\avr6\libm.a(floor.o)
                              planner.o (floor)
C:\WinAVR-20100110\avr\lib\avr6\libm.a(fp_cmp.o)
                              C:\WinAVR-20100110\avr\lib\avr6\libm.a(cmpsf2.o) (__fp_cmp)
C:\WinAVR-20100110\avr\lib\avr6\libm.a(fp_inf.o)
                              C:\WinAVR-20100110\avr\lib\avr6\libm.a(addsf3x.o) (__fp_inf)
C:\WinAVR-20100110\avr\lib\avr6\libm.a(fp_mintl.o)
                              C:\WinAVR-20100110\avr\lib\avr6\libm.a(ceil.o) (__fp_mintl)
C:\WinAVR-20100110\avr\lib\avr6\libm.a(fp_mpack.o)
                              C:\WinAVR-20100110\avr\lib\avr6\libm.a(ceil.o) (__fp_mpack)
C:\WinAVR-20100110\avr\lib\avr6\libm.a(fp_nan.o)
                              C:\WinAVR-20100110\avr\lib\avr6\libm.a(addsf3x.o) (__fp_nan)
C:\WinAVR-20100110\avr\lib\avr6\libm.a(fp_powser.o)
                              C:\WinAVR-20100110\avr\lib\avr6\libm.a(atan.o) (__fp_powser)
C:\WinAVR-20100110\avr\lib\avr6\libm.a(fp_pscA.o)
                              C:\WinAVR-20100110\avr\lib\avr6\libm.a(addsf3x.o) (__fp_pscA)
C:\WinAVR-20100110\avr\lib\avr6\libm.a(fp_pscB.o)
                              C:\WinAVR-20100110\avr\lib\avr6\libm.a(addsf3x.o) (__fp_pscB)
C:\WinAVR-20100110\avr\lib\avr6\libm.a(fp_round.o)
                              C:\WinAVR-20100110\avr\lib\avr6\libm.a(addsf3.o) (__fp_round)
C:\WinAVR-20100110\avr\lib\avr6\libm.a(fp_split3.o)
                              C:\WinAVR-20100110\avr\lib\avr6\libm.a(addsf3x.o) (__fp_split3)
C:\WinAVR-20100110\avr\lib\avr6\libm.a(fp_trunc.o)
                              C:\WinAVR-20100110\avr\lib\avr6\libm.a(ceil.o) (__fp_trunc)
C:\WinAVR-20100110\avr\lib\avr6\libm.a(fp_zero.o)
                              C:\WinAVR-20100110\avr\lib\avr6\libm.a(addsf3x.o) (__fp_zero)
C:\WinAVR-20100110\avr\lib\avr6\libm.a(gesf2.o)
                              gcode.o (__gtsf2)
C:\WinAVR-20100110\avr\lib\avr6\libm.a(inverse.o)
                              C:\WinAVR-20100110\avr\lib\avr6\libm.a(atan.o) (inverse)
C:\WinAVR-20100110\avr\lib\avr6\libm.a(lround.o)
                              planner.o (lround)
C:\WinAVR-20100110\avr\lib\avr6\libm.a(modf.o)
                              wiring_serial.o (modf)
C:\WinAVR-20100110\avr\lib\avr6\libm.a(mulsf3.o)
                              gcode.o (__mulsf3)
C:\WinAVR-20100110\avr\lib\avr6\libm.a(mulsf3x.o)
                              C:\WinAVR-20100110\avr\lib\avr6\libm.a(atan.o) (__mulsf3x)
C:\WinAVR-20100110\avr\lib\avr6\libm.a(round.o)
                              settings.o (round)
C:\WinAVR-20100110\avr\lib\avr6\libm.a(sqrt.o)
                              planner.o (sqrt)
C:\WinAVR-20100110\avr\lib\avr6\libm.a(square.o)
                              planner.o (square)
C:\WinAVR-20100110\avr\lib\avr6\libm.a(trunc.o)
                              gcode.o (trunc)
C:\WinAVR-20100110\avr\lib\avr6\libm.a(fp_norm2.o)
                              C:\WinAVR-20100110\avr\lib\avr6\libm.a(sqrt.o) (__fp_norm2)
d:/winavr-20100110/bin/../lib/gcc/avr/4.3.3/avr6\libgcc.a(_mulsi3.o)
                              planner.o (__mulsi3)
d:/winavr-20100110/bin/../lib/gcc/avr/4.3.3/avr6\libgcc.a(_divmodhi4.o)
                              planner.o (__divmodhi4)
d:/winavr-20100110/bin/../lib/gcc/avr/4.3.3/avr6\libgcc.a(_udivmodsi4.o)
                              stepper.o (__udivmodsi4)
d:/winavr-20100110/bin/../lib/gcc/avr/4.3.3/avr6\libgcc.a(_divmodsi4.o)
                              wiring_serial.o (__divmodsi4)
d:/winavr-20100110/bin/../lib/gcc/avr/4.3.3/avr6\libgcc.a(_exit.o)
                              d:/winavr-20100110/bin/../lib/gcc/avr/4.3.3/../../../../avr/lib/avr6/crtm2560.o (exit)
d:/winavr-20100110/bin/../lib/gcc/avr/4.3.3/avr6\libgcc.a(_clear_bss.o)
                              gcode.o (__do_clear_bss)
d:/winavr-20100110/bin/../lib/gcc/avr/4.3.3/avr6\libgcc.a(_udivmodhi4.o)
                              d:/winavr-20100110/bin/../lib/gcc/avr/4.3.3/avr6\libgcc.a(_divmodhi4.o) (__udivmodhi4)
C:\WinAVR-20100110\avr\lib\avr6\libc.a(strtod.o)
                              gcode.o (strtod)
C:\WinAVR-20100110\avr\lib\avr6\libc.a(isspace.o)
                              C:\WinAVR-20100110\avr\lib\avr6\libc.a(strtod.o) (isspace)
C:\WinAVR-20100110\avr\lib\avr6\libc.a(strncasecmp_P.o)
                              C:\WinAVR-20100110\avr\lib\avr6\libc.a(strtod.o) (strncasecmp_P)
C:\WinAVR-20100110\avr\lib\avr6\libc.a(errno.o)
                              C:\WinAVR-20100110\avr\lib\avr6\libc.a(strtod.o) (errno)
C:\WinAVR-20100110\avr\lib\avr6\libc.a(cty_isfalse.o)
                              C:\WinAVR-20100110\avr\lib\avr6\libc.a(isspace.o) (__ctype_isfalse)

Allocating common symbols
Common symbol       size              file

errno               0x2               C:\WinAVR-20100110\avr\lib\avr6\libc.a(errno.o)
settings            0x26              settings.o
dir_bits            0x1               stepper.o

Memory Configuration

Name             Origin             Length             Attributes
text             0x00000000         0x00100000         xr
data             0x00800200         0x0000fe00         rw !x
eeprom           0x00810000         0x00010000         rw !x
fuse             0x00820000         0x00000400         rw !x
lock             0x00830000         0x00000400         rw !x
signature        0x00840000         0x00000400         rw !x
*default*        0x00000000         0xffffffff

Linker script and memory map

Address of section .data set to 0x800200
LOAD d:/winavr-20100110/bin/../lib/gcc/avr/4.3.3/../../../../avr/lib/avr6/crtm2560.o
LOAD coolant_control.o
LOAD eeprom.o
LOAD gcode.o
LOAD main.o
LOAD motion_control.o
LOAD planner.o
LOAD serial_protocol.o
LOAD settings.o
LOAD spindle_control.o
LOAD stepper.o
LOAD wiring_serial.o
LOAD atc_control.o
LOAD head_control.o
LOAD panel_control.o
LOAD vacuum_control.o
LOAD tape_knock.o
LOAD C:\WinAVR-20100110\avr\lib\avr6\libm.a
LOAD d:/winavr-20100110/bin/../lib/gcc/avr/4.3.3/avr6\libgcc.a
LOAD C:\WinAVR-20100110\avr\lib\avr6\libc.a
LOAD d:/winavr-20100110/bin/../lib/gcc/avr/4.3.3/avr6\libgcc.a

.hash
 *(.hash)

.dynsym
 *(.dynsym)

.dynstr
 *(.dynstr)

.gnu.version
 *(.gnu.version)

.gnu.version_d
 *(.gnu.version_d)

.gnu.version_r
 *(.gnu.version_r)

.rel.init
 *(.rel.init)

.rela.init
 *(.rela.init)

.rel.text
 *(.rel.text)
 *(.rel.text.*)
 *(.rel.gnu.linkonce.t*)

.rela.text
 *(.rela.text)
 *(.rela.text.*)
 *(.rela.gnu.linkonce.t*)

.rel.fini
 *(.rel.fini)

.rela.fini
 *(.rela.fini)

.rel.rodata
 *(.rel.rodata)
 *(.rel.rodata.*)
 *(.rel.gnu.linkonce.r*)

.rela.rodata
 *(.rela.rodata)
 *(.rela.rodata.*)
 *(.rela.gnu.linkonce.r*)

.rel.data
 *(.rel.data)
 *(.rel.data.*)
 *(.rel.gnu.linkonce.d*)

.rela.data
 *(.rela.data)
 *(.rela.data.*)
 *(.rela.gnu.linkonce.d*)

.rel.ctors
 *(.rel.ctors)

.rela.ctors
 *(.rela.ctors)

.rel.dtors
 *(.rel.dtors)

.rela.dtors
 *(.rela.dtors)

.rel.got
 *(.rel.got)

.rela.got
 *(.rela.got)

.rel.bss
 *(.rel.bss)

.rela.bss
 *(.rela.bss)

.rel.plt
 *(.rel.plt)

.rela.plt
 *(.rela.plt)

.text           0x00000000     0x4c44
 *(.vectors)
 .vectors       0x00000000       0xe4 d:/winavr-20100110/bin/../lib/gcc/avr/4.3.3/../../../../avr/lib/avr6/crtm2560.o
                0x00000000                __vectors
                0x00000000                __vector_default
 *(.vectors)
 *(.progmem.gcc*)
 .progmem.gcc_sw_table
                0x000000e4       0x7a gcode.o
 .progmem.gcc_fplib
                0x0000015e       0x2d C:\WinAVR-20100110\avr\lib\avr6\libm.a(atan.o)
 *(.progmem*)
 .progmem.data  0x0000018b       0xc6 gcode.o
 .progmem.data  0x00000251        0x5 main.o
 .progmem.data  0x00000256       0xb4 serial_protocol.o
 .progmem.data  0x0000030a      0x1f5 settings.o
 .progmem.data  0x000004ff       0x22 stepper.o
 .progmem.data  0x00000521       0x12 head_control.o
 .progmem.data  0x00000533        0xb vacuum_control.o
 .progmem.data  0x0000053e       0x3b C:\WinAVR-20100110\avr\lib\avr6\libc.a(strtod.o)
                0x0000057a                . = ALIGN (0x2)
 *fill*         0x00000579        0x1 00
                0x0000057a                __trampolines_start = .
 *(.trampolines)
 .trampolines   0x0000057a        0x0 linker stubs
 *(.trampolines*)
                0x0000057a                __trampolines_end = .
 *(.jumptables)
 *(.jumptables*)
 *(.lowtext)
 *(.lowtext*)
                0x0000057a                __ctors_start = .
 *(.ctors)
                0x0000057a                __ctors_end = .
                0x0000057a                __dtors_start = .
 *(.dtors)
                0x0000057a                __dtors_end = .
 SORT(*)(.ctors)
 SORT(*)(.dtors)
 *(.init0)
 .init0         0x0000057a        0x0 d:/winavr-20100110/bin/../lib/gcc/avr/4.3.3/../../../../avr/lib/avr6/crtm2560.o
                0x0000057a                __init
 *(.init0)
 *(.init1)
 *(.init1)
 *(.init2)
 .init2         0x0000057a       0x10 d:/winavr-20100110/bin/../lib/gcc/avr/4.3.3/../../../../avr/lib/avr6/crtm2560.o
 *(.init2)
 *(.init3)
 *(.init3)
 *(.init4)
 .init4         0x0000058a       0x1a d:/winavr-20100110/bin/../lib/gcc/avr/4.3.3/../../../../avr/lib/avr6/crtm2560.o
                0x0000058a                __do_copy_data
 .init4         0x000005a4       0x10 d:/winavr-20100110/bin/../lib/gcc/avr/4.3.3/avr6\libgcc.a(_clear_bss.o)
                0x000005a4                __do_clear_bss
 *(.init4)
 *(.init5)
 *(.init5)
 *(.init6)
 *(.init6)
 *(.init7)
 *(.init7)
 *(.init8)
 *(.init8)
 *(.init9)
 .init9         0x000005b4        0x8 d:/winavr-20100110/bin/../lib/gcc/avr/4.3.3/../../../../avr/lib/avr6/crtm2560.o
 *(.init9)
 *(.text)
 .text          0x000005bc        0x4 d:/winavr-20100110/bin/../lib/gcc/avr/4.3.3/../../../../avr/lib/avr6/crtm2560.o
                0x000005bc                __vector_38
                0x000005bc                __vector_22
                0x000005bc                __vector_28
                0x000005bc                __vector_1
                0x000005bc                __vector_32
                0x000005bc                __vector_34
                0x000005bc                __vector_24
                0x000005bc                __vector_12
                0x000005bc                __vector_55
                0x000005bc                __vector_46
                0x000005bc                __bad_interrupt
                0x000005bc                __vector_6
                0x000005bc                __vector_31
                0x000005bc                __vector_35
                0x000005bc                __vector_39
                0x000005bc                __vector_3
                0x000005bc                __vector_23
                0x000005bc                __vector_30
                0x000005bc                __vector_45
                0x000005bc                __vector_11
                0x000005bc                __vector_54
                0x000005bc                __vector_13
                0x000005bc                __vector_19
                0x000005bc                __vector_56
                0x000005bc                __vector_7
                0x000005bc                __vector_49
                0x000005bc                __vector_41
                0x000005bc                __vector_43
                0x000005bc                __vector_27
                0x000005bc                __vector_5
                0x000005bc                __vector_33
                0x000005bc                __vector_47
                0x000005bc                __vector_52
                0x000005bc                __vector_37
                0x000005bc                __vector_4
                0x000005bc                __vector_44
                0x000005bc                __vector_51
                0x000005bc                __vector_9
                0x000005bc                __vector_2
                0x000005bc                __vector_21
                0x000005bc                __vector_36
                0x000005bc                __vector_29
                0x000005bc                __vector_40
                0x000005bc                __vector_8
                0x000005bc                __vector_26
                0x000005bc                __vector_48
                0x000005bc                __vector_14
                0x000005bc                __vector_53
                0x000005bc                __vector_10
                0x000005bc                __vector_50
                0x000005bc                __vector_16
                0x000005bc                __vector_18
                0x000005bc                __vector_20
                0x000005bc                __vector_42
 .text          0x000005c0        0x0 coolant_control.o
 .text          0x000005c0        0x0 eeprom.o
 .text          0x000005c0        0x0 gcode.o
 .text          0x000005c0        0x0 main.o
 .text          0x000005c0        0x0 motion_control.o
 .text          0x000005c0        0x0 planner.o
 .text          0x000005c0        0x0 serial_protocol.o
 .text          0x000005c0        0x0 settings.o
 .text          0x000005c0        0x0 spindle_control.o
 .text          0x000005c0        0x0 stepper.o
 .text          0x000005c0        0x0 wiring_serial.o
 .text          0x000005c0        0x0 atc_control.o
 .text          0x000005c0        0x0 head_control.o
 .text          0x000005c0        0x0 panel_control.o
 .text          0x000005c0        0x0 vacuum_control.o
 .text          0x000005c0        0x0 tape_knock.o
 .text          0x000005c0        0x0 C:\WinAVR-20100110\avr\lib\avr6\libm.a(addsf3.o)
 .text          0x000005c0        0x0 C:\WinAVR-20100110\avr\lib\avr6\libm.a(addsf3x.o)
 .text          0x000005c0        0x0 C:\WinAVR-20100110\avr\lib\avr6\libm.a(atan.o)
 .text          0x000005c0        0x0 C:\WinAVR-20100110\avr\lib\avr6\libm.a(ceil.o)
 .text          0x000005c0        0x0 C:\WinAVR-20100110\avr\lib\avr6\libm.a(cmpsf2.o)
 .text          0x000005c0        0x0 C:\WinAVR-20100110\avr\lib\avr6\libm.a(divsf3.o)
 .text          0x000005c0        0x0 C:\WinAVR-20100110\avr\lib\avr6\libm.a(divsf3x.o)
 .text          0x000005c0        0x0 C:\WinAVR-20100110\avr\lib\avr6\libm.a(fixsfsi.o)
 .text          0x000005c0        0x0 C:\WinAVR-20100110\avr\lib\avr6\libm.a(fixunssfsi.o)
 .text          0x000005c0        0x0 C:\WinAVR-20100110\avr\lib\avr6\libm.a(floatsisf.o)
 .text          0x000005c0        0x0 C:\WinAVR-20100110\avr\lib\avr6\libm.a(floor.o)
 .text          0x000005c0        0x0 C:\WinAVR-20100110\avr\lib\avr6\libm.a(fp_cmp.o)
 .text          0x000005c0        0x0 C:\WinAVR-20100110\avr\lib\avr6\libm.a(fp_inf.o)
 .text          0x000005c0        0x0 C:\WinAVR-20100110\avr\lib\avr6\libm.a(fp_mintl.o)
 .text          0x000005c0        0x0 C:\WinAVR-20100110\avr\lib\avr6\libm.a(fp_mpack.o)
 .text          0x000005c0        0x0 C:\WinAVR-20100110\avr\lib\avr6\libm.a(fp_nan.o)
 .text          0x000005c0        0x0 C:\WinAVR-20100110\avr\lib\avr6\libm.a(fp_powser.o)
 .text          0x000005c0        0x0 C:\WinAVR-20100110\avr\lib\avr6\libm.a(fp_pscA.o)
 .text          0x000005c0        0x0 C:\WinAVR-20100110\avr\lib\avr6\libm.a(fp_pscB.o)
 .text          0x000005c0        0x0 C:\WinAVR-20100110\avr\lib\avr6\libm.a(fp_round.o)
 .text          0x000005c0        0x0 C:\WinAVR-20100110\avr\lib\avr6\libm.a(fp_split3.o)
 .text          0x000005c0        0x0 C:\WinAVR-20100110\avr\lib\avr6\libm.a(fp_trunc.o)
 .text          0x000005c0        0x0 C:\WinAVR-20100110\avr\lib\avr6\libm.a(fp_zero.o)
 .text          0x000005c0        0x0 C:\WinAVR-20100110\avr\lib\avr6\libm.a(gesf2.o)
 .text          0x000005c0        0x0 C:\WinAVR-20100110\avr\lib\avr6\libm.a(inverse.o)
 .text          0x000005c0        0x0 C:\WinAVR-20100110\avr\lib\avr6\libm.a(lround.o)
 .text          0x000005c0        0x0 C:\WinAVR-20100110\avr\lib\avr6\libm.a(modf.o)
 .text          0x000005c0        0x0 C:\WinAVR-20100110\avr\lib\avr6\libm.a(mulsf3.o)
 .text          0x000005c0        0x0 C:\WinAVR-20100110\avr\lib\avr6\libm.a(mulsf3x.o)
 .text          0x000005c0        0x0 C:\WinAVR-20100110\avr\lib\avr6\libm.a(round.o)
 .text          0x000005c0        0x0 C:\WinAVR-20100110\avr\lib\avr6\libm.a(sqrt.o)
 .text          0x000005c0        0x0 C:\WinAVR-20100110\avr\lib\avr6\libm.a(square.o)
 .text          0x000005c0        0x0 C:\WinAVR-20100110\avr\lib\avr6\libm.a(trunc.o)
 .text          0x000005c0        0x0 C:\WinAVR-20100110\avr\lib\avr6\libm.a(fp_norm2.o)
 .text          0x000005c0        0x0 d:/winavr-20100110/bin/../lib/gcc/avr/4.3.3/avr6\libgcc.a(_mulsi3.o)
 .text          0x000005c0        0x0 d:/winavr-20100110/bin/../lib/gcc/avr/4.3.3/avr6\libgcc.a(_divmodhi4.o)
 .text          0x000005c0        0x0 d:/winavr-20100110/bin/../lib/gcc/avr/4.3.3/avr6\libgcc.a(_udivmodsi4.o)
 .text          0x000005c0        0x0 d:/winavr-20100110/bin/../lib/gcc/avr/4.3.3/avr6\libgcc.a(_divmodsi4.o)
 .text          0x000005c0        0x0 d:/winavr-20100110/bin/../lib/gcc/avr/4.3.3/avr6\libgcc.a(_exit.o)
 .text          0x000005c0        0x0 d:/winavr-20100110/bin/../lib/gcc/avr/4.3.3/avr6\libgcc.a(_clear_bss.o)
 .text          0x000005c0        0x0 d:/winavr-20100110/bin/../lib/gcc/avr/4.3.3/avr6\libgcc.a(_udivmodhi4.o)
 .text          0x000005c0        0x0 C:\WinAVR-20100110\avr\lib\avr6\libc.a(strtod.o)
 .text          0x000005c0        0x0 C:\WinAVR-20100110\avr\lib\avr6\libc.a(isspace.o)
 .text          0x000005c0        0x0 C:\WinAVR-20100110\avr\lib\avr6\libc.a(strncasecmp_P.o)
 .text          0x000005c0        0x0 C:\WinAVR-20100110\avr\lib\avr6\libc.a(errno.o)
 .text          0x000005c0        0x0 C:\WinAVR-20100110\avr\lib\avr6\libc.a(cty_isfalse.o)
                0x000005c0                . = ALIGN (0x2)
 *(.text.*)
 .text.coolant_init
                0x000005c0        0x4 coolant_control.o
                0x000005c0                coolant_init
 .text.coolant_flood
                0x000005c4        0xc coolant_control.o
                0x000005c4                coolant_flood
 .text.eeprom_get_char
                0x000005d0       0x10 eeprom.o
                0x000005d0                eeprom_get_char
 .text.eeprom_put_char
                0x000005e0       0x36 eeprom.o
                0x000005e0                eeprom_put_char
 .text.memcpy_to_eeprom_with_checksum
                0x00000616       0x94 eeprom.o
                0x00000616                memcpy_to_eeprom_with_checksum
 .text.memcpy_from_eeprom_with_checksum
                0x000006aa       0x6e eeprom.o
                0x000006aa                memcpy_from_eeprom_with_checksum
 .text.select_plane
                0x00000718        0xe gcode.o
                0x00000718                select_plane
 .text.gotoxy   0x00000726      0x1ae gcode.o
                0x00000726                gotoxy
 .text.read_double
                0x000008d4       0x82 gcode.o
                0x000008d4                read_double
 .text.next_statement
                0x00000956       0x5e gcode.o
                0x00000956                next_statement
 .text.gc_init  0x000009b4       0x7c gcode.o
                0x000009b4                gc_init
 .text.gc_execute_line
                0x00000a30      0x938 gcode.o
                0x00000a30                gc_execute_line
 .text.theta    0x00001368       0x7e gcode.o
                0x00001368                theta
 .text.main     0x000013e6       0x4c main.o
                0x000013e6                main
 .text.mc_go_home
                0x00001432        0x6 motion_control.o
                0x00001432                mc_go_home
 .text.mc_dwell
                0x00001438       0xaa motion_control.o
                0x00001438                mc_dwell
 .text.factor_for_safe_speed
                0x000014e2       0x20 planner.o
                0x000014e2                factor_for_safe_speed
 .text.plan_is_acceleration_manager_enabled
                0x00001502        0x8 planner.o
                0x00001502                plan_is_acceleration_manager_enabled
 .text.plan_discard_current_block
                0x0000150a       0x32 planner.o
                0x0000150a                plan_discard_current_block
 .text.plan_get_current_block
                0x0000153c       0x3e planner.o
                0x0000153c                plan_get_current_block
 .text.planner_forward_pass_kernel
                0x0000157a      0x10a planner.o
                0x0000157a                planner_forward_pass_kernel
 .text.planner_forward_pass
                0x00001684       0x78 planner.o
                0x00001684                planner_forward_pass
 .text.plan_set_current
                0x000016fc      0x106 planner.o
                0x000016fc                plan_set_current
 .text.plan_set_acceleration_manager_enabled
                0x00001802       0x34 planner.o
                0x00001802                plan_set_acceleration_manager_enabled
 .text.plan_init
                0x00001836       0x28 planner.o
                0x00001836                plan_init
 .text.planner_reverse_pass_kernel
                0x0000185e      0x278 planner.o
                0x0000185e                planner_reverse_pass_kernel
 .text.planner_reverse_pass
                0x00001ad6       0x6e planner.o
                0x00001ad6                planner_reverse_pass
 .text.calculate_trapezoid_for_block
                0x00001b44      0x29e planner.o
                0x00001b44                calculate_trapezoid_for_block
 .text.planner_recalculate_trapezoids
                0x00001de2       0x9c planner.o
                0x00001de2                planner_recalculate_trapezoids
 .text.planner_recalculate
                0x00001e7e        0xe planner.o
                0x00001e7e                planner_recalculate
 .text.plan_buffer_line
                0x00001e8c      0x776 planner.o
                0x00001e8c                plan_buffer_line
 .text.sp_process
                0x00002602      0x10a serial_protocol.o
                0x00002602                sp_process
 .text.sp_init  0x0000270c        0xe serial_protocol.o
                0x0000270c                sp_init
 .text.settings_reset
                0x0000271a       0xd0 settings.o
                0x0000271a                settings_reset
 .text.read_settings
                0x000027ea       0x82 settings.o
                0x000027ea                read_settings
 .text.write_settings
                0x0000286c       0x1c settings.o
                0x0000286c                write_settings
 .text.settings_store_setting
                0x00002888       0xf8 settings.o
                0x00002888                settings_store_setting
 .text.settings_dump
                0x00002980      0x1a8 settings.o
                0x00002980                settings_dump
 .text.settings_init
                0x00002b28       0x16 settings.o
                0x00002b28                settings_init
 .text.spindle_init
                0x00002b3e       0x10 spindle_control.o
                0x00002b3e                spindle_init
 .text.spindle_run
                0x00002b4e       0x16 spindle_control.o
                0x00002b4e                spindle_run
 .text.spindle_stop
                0x00002b64        0xc spindle_control.o
                0x00002b64                spindle_stop
 .text.rotate_head
                0x00002b70       0x22 spindle_control.o
                0x00002b70                rotate_head
 .text.st_wake_up
                0x00002b92        0xc stepper.o
                0x00002b92                st_wake_up
 .text.set_busy
                0x00002b9e        0xc stepper.o
                0x00002b9e                set_busy
 .text.get_busy
                0x00002baa        0xc stepper.o
                0x00002baa                get_busy
 .text.__vector_15
                0x00002bb6       0x1e stepper.o
                0x00002bb6                __vector_15
 .text.st_enable
                0x00002bd4        0x4 stepper.o
                0x00002bd4                st_enable
 .text.st_disable
                0x00002bd8        0x4 stepper.o
                0x00002bd8                st_disable
 .text.st_is_enabled
                0x00002bdc       0x1c stepper.o
                0x00002bdc                st_is_enabled
 .text.config_step_timer
                0x00002bf8      0x11e stepper.o
                0x00002bf8                config_step_timer
 .text.set_step_events_per_minute
                0x00002d16       0x42 stepper.o
                0x00002d16                set_step_events_per_minute
 .text.st_init  0x00002d58       0x80 stepper.o
                0x00002d58                st_init
 .text.moveLeft
                0x00002dd8       0x40 stepper.o
                0x00002dd8                moveLeft
 .text.moveRight
                0x00002e18       0x42 stepper.o
                0x00002e18                moveRight
 .text.moveForward
                0x00002e5a       0x40 stepper.o
                0x00002e5a                moveForward
 .text.moveBack
                0x00002e9a       0x42 stepper.o
                0x00002e9a                moveBack
 .text.head_moving
                0x00002edc        0xe stepper.o
                0x00002edc                head_moving
 .text.limits_init
                0x00002eea       0x52 stepper.o
                0x00002eea                limits_init
 .text.st_go_home
                0x00002f3c       0xe8 stepper.o
                0x00002f3c                st_go_home
 .text.st_synchronize
                0x00003024       0x1a stepper.o
                0x00003024                st_synchronize
 .text.__vector_17
                0x0000303e      0x568 stepper.o
                0x0000303e                __vector_17
 .text.beginSerial
                0x000035a6       0x78 wiring_serial.o
                0x000035a6                beginSerial
 .text.serialWrite
                0x0000361e       0x10 wiring_serial.o
                0x0000361e                serialWrite
 .text.serialAvailable
                0x0000362e       0x22 wiring_serial.o
                0x0000362e                serialAvailable
 .text.serialRead
                0x00003650       0x3e wiring_serial.o
                0x00003650                serialRead
 .text.serialFlush
                0x0000368e       0x12 wiring_serial.o
                0x0000368e                serialFlush
 .text.__vector_25
                0x000036a0       0x82 wiring_serial.o
                0x000036a0                __vector_25
 .text.printByte
                0x00003722       0x10 wiring_serial.o
                0x00003722                printByte
 .text.printString
                0x00003732       0x1a wiring_serial.o
                0x00003732                printString
 .text.printPgmString
                0x0000374c       0x1e wiring_serial.o
                0x0000374c                printPgmString
 .text.printIntegerInBase
                0x0000376a      0x11a wiring_serial.o
                0x0000376a                printIntegerInBase
 .text.printInteger
                0x00003884       0x36 wiring_serial.o
                0x00003884                printInteger
 .text.printBinary
                0x000038ba        0xe wiring_serial.o
                0x000038ba                printBinary
 .text.printFloat
                0x000038c8       0x84 wiring_serial.o
                0x000038c8                printFloat
 .text.atc_init
                0x0000394c       0x26 atc_control.o
                0x0000394c                atc_init
 .text.has_tool
                0x00003972        0x4 atc_control.o
                0x00003972                has_tool
 .text.atc_fire
                0x00003976      0x130 atc_control.o
                0x00003976                atc_fire
 .text.DropTool
                0x00003aa6       0x3e atc_control.o
                0x00003aa6                DropTool
 .text.PickupTool
                0x00003ae4       0x46 atc_control.o
                0x00003ae4                PickupTool
 .text.atc_change
                0x00003b2a       0x36 atc_control.o
                0x00003b2a                atc_change
 .text.check_for_tool
                0x00003b60       0x50 atc_control.o
                0x00003b60                check_for_tool
 .text.head_init
                0x00003bb0       0x1e head_control.o
                0x00003bb0                head_init
 .text.is_head_down
                0x00003bce        0x6 head_control.o
                0x00003bce                is_head_down
 .text.is_rotated
                0x00003bd4        0xc head_control.o
                0x00003bd4                is_rotated
 .text.head_down
                0x00003be0       0x66 head_control.o
                0x00003be0                head_down
 .text.panel_init
                0x00003c46       0x52 panel_control.o
                0x00003c46                panel_init
 .text.is_pleft
                0x00003c98        0xe panel_control.o
                0x00003c98                is_pleft
 .text.is_pright
                0x00003ca6        0xe panel_control.o
                0x00003ca6                is_pright
 .text.is_pback
                0x00003cb4        0xc panel_control.o
                0x00003cb4                is_pback
 .text.is_pforward
                0x00003cc0        0xc panel_control.o
                0x00003cc0                is_pforward
 .text.is_phead
                0x00003ccc        0xc panel_control.o
                0x00003ccc                is_phead
 .text.is_pvac  0x00003cd8        0xa panel_control.o
                0x00003cd8                is_pvac
 .text.is_pfast
                0x00003ce2        0xa panel_control.o
                0x00003ce2                is_pfast
 .text.is_phome
                0x00003cec        0xe panel_control.o
                0x00003cec                is_phome
 .text.is_pteach
                0x00003cfa        0xc panel_control.o
                0x00003cfa                is_pteach
 .text.vacuum_init
                0x00003d06       0x1a vacuum_control.o
                0x00003d06                vacuum_init
 .text.vacuum   0x00003d20       0x34 vacuum_control.o
                0x00003d20                vacuum
 .text.vacuum_state
                0x00003d54        0xc vacuum_control.o
                0x00003d54                vacuum_state
 .text.run_vacuum_test
                0x00003d60       0x74 vacuum_control.o
                0x00003d60                run_vacuum_test
 .text.goto_vacpad
                0x00003dd4      0x274 vacuum_control.o
                0x00003dd4                goto_vacpad
 .text.vacuum_test
                0x00004048       0x14 vacuum_control.o
                0x00004048                vacuum_test
 .text.tape_init
                0x0000405c        0xc tape_knock.o
                0x0000405c                tape_init
 .text.tape_knock
                0x00004068       0x5a tape_knock.o
                0x00004068                tape_knock
 .text.avr-libc.fplib
                0x000040c2        0xa C:\WinAVR-20100110\avr\lib\avr6\libm.a(addsf3.o)
                0x000040c2                __subsf3
                0x000040c4                __addsf3
 .text.avr-libc.fplib
                0x000040cc       0xc0 C:\WinAVR-20100110\avr\lib\avr6\libm.a(addsf3x.o)
                0x000040e6                __addsf3x
 .text.avr-libc.fplib
                0x0000418c       0x50 C:\WinAVR-20100110\avr\lib\avr6\libm.a(atan.o)
                0x0000418c                atan
 .text.avr-libc.fplib
                0x000041dc       0x26 C:\WinAVR-20100110\avr\lib\avr6\libm.a(ceil.o)
                0x000041dc                ceil
 .text.avr-libc.fplib
                0x00004202        0x8 C:\WinAVR-20100110\avr\lib\avr6\libm.a(cmpsf2.o)
                0x00004202                __lesf2
                0x00004202                __nesf2
                0x00004202                __eqsf2
                0x00004202                __cmpsf2
                0x00004202                __ltsf2
 .text.avr-libc.fplib
                0x0000420a        0x4 C:\WinAVR-20100110\avr\lib\avr6\libm.a(divsf3.o)
                0x0000420a                __divsf3
 .text.avr-libc.fplib
                0x0000420e       0xcc C:\WinAVR-20100110\avr\lib\avr6\libm.a(divsf3x.o)
                0x00004224                __divsf3x
                0x00004228                __divsf3_pse
 .text.avr-libc.fplib
                0x000042da        0xa C:\WinAVR-20100110\avr\lib\avr6\libm.a(fixsfsi.o)
                0x000042da                __fixsfsi
 .text.avr-libc.fplib
                0x000042e4       0x58 C:\WinAVR-20100110\avr\lib\avr6\libm.a(fixunssfsi.o)
                0x000042e4                __fixunssfsi
 .text.avr-libc.fplib
                0x0000433c       0x7a C:\WinAVR-20100110\avr\lib\avr6\libm.a(floatsisf.o)
                0x00004340                __floatsisf
                0x0000433c                __floatunsisf
 .text.avr-libc.fplib
                0x000043b6       0x26 C:\WinAVR-20100110\avr\lib\avr6\libm.a(floor.o)
                0x000043b6                floor
 .text.avr-libc.fplib
                0x000043dc       0x48 C:\WinAVR-20100110\avr\lib\avr6\libm.a(fp_cmp.o)
                0x000043dc                __fp_cmp
 .text.avr-libc.fplib
                0x00004424        0xc C:\WinAVR-20100110\avr\lib\avr6\libm.a(fp_inf.o)
                0x00004424                __fp_inf
 .text.avr-libc.fplib
                0x00004430       0x36 C:\WinAVR-20100110\avr\lib\avr6\libm.a(fp_mintl.o)
                0x00004430                __fp_mintl
 .text.avr-libc.fplib
                0x00004466       0x1c C:\WinAVR-20100110\avr\lib\avr6\libm.a(fp_mpack.o)
                0x0000446a                __fp_mpack_finite
                0x00004466                __fp_mpack
 .text.avr-libc.fplib
                0x00004482        0x6 C:\WinAVR-20100110\avr\lib\avr6\libm.a(fp_nan.o)
                0x00004482                __fp_nan
 .text.avr-libc.fplib
                0x00004488       0x4a C:\WinAVR-20100110\avr\lib\avr6\libm.a(fp_powser.o)
                0x00004488                __fp_powser
 .text.avr-libc.fplib
                0x000044d2        0xe C:\WinAVR-20100110\avr\lib\avr6\libm.a(fp_pscA.o)
                0x000044d2                __fp_pscA
 .text.avr-libc.fplib
                0x000044e0        0xe C:\WinAVR-20100110\avr\lib\avr6\libm.a(fp_pscB.o)
                0x000044e0                __fp_pscB
 .text.avr-libc.fplib
                0x000044ee       0x22 C:\WinAVR-20100110\avr\lib\avr6\libm.a(fp_round.o)
                0x000044ee                __fp_round
 .text.avr-libc.fplib
                0x00004510       0x44 C:\WinAVR-20100110\avr\lib\avr6\libm.a(fp_split3.o)
                0x00004510                __fp_split3
                0x00004520                __fp_splitA
 .text.avr-libc.fplib
                0x00004554       0x2e C:\WinAVR-20100110\avr\lib\avr6\libm.a(fp_trunc.o)
                0x00004554                __fp_trunc
 .text.avr-libc.fplib
                0x00004582        0xe C:\WinAVR-20100110\avr\lib\avr6\libm.a(fp_zero.o)
                0x00004582                __fp_zero
                0x00004584                __fp_szero
 .text.avr-libc.fplib
                0x00004590        0x8 C:\WinAVR-20100110\avr\lib\avr6\libm.a(gesf2.o)
                0x00004590                __gtsf2
                0x00004590                __gesf2
 .text.avr-libc.fplib
                0x00004598        0xe C:\WinAVR-20100110\avr\lib\avr6\libm.a(inverse.o)
                0x00004598                inverse
 .text.avr-libc.fplib
                0x000045a6       0x60 C:\WinAVR-20100110\avr\lib\avr6\libm.a(lround.o)
                0x000045a6                lround
 .text.avr-libc.fplib
                0x00004606       0x66 C:\WinAVR-20100110\avr\lib\avr6\libm.a(modf.o)
                0x00004606                modff
                0x00004606                modf
 .text.avr-libc.fplib
                0x0000466c        0x4 C:\WinAVR-20100110\avr\lib\avr6\libm.a(mulsf3.o)
                0x0000466c                __mulsf3
 .text.avr-libc.fplib
                0x00004670       0xc2 C:\WinAVR-20100110\avr\lib\avr6\libm.a(mulsf3x.o)
                0x00004688                __mulsf3_pse
                0x00004684                __mulsf3x
 .text.avr-libc.fplib
                0x00004732       0x40 C:\WinAVR-20100110\avr\lib\avr6\libm.a(round.o)
                0x00004732                round
 .text.avr-libc.fplib
                0x00004772       0x84 C:\WinAVR-20100110\avr\lib\avr6\libm.a(sqrt.o)
                0x0000477a                sqrt
 .text.avr-libc.fplib
                0x000047f6        0x6 C:\WinAVR-20100110\avr\lib\avr6\libm.a(square.o)
                0x000047f6                square
 .text.avr-libc.fplib
                0x000047fc        0xe C:\WinAVR-20100110\avr\lib\avr6\libm.a(trunc.o)
                0x000047fc                trunc
 .text.avr-libc.fplib
                0x0000480a        0xe C:\WinAVR-20100110\avr\lib\avr6\libm.a(fp_norm2.o)
                0x0000480a                __fp_norm2
 .text.libgcc   0x00004818       0x3e d:/winavr-20100110/bin/../lib/gcc/avr/4.3.3/avr6\libgcc.a(_mulsi3.o)
                0x00004818                __mulsi3
 .text.libgcc   0x00004856       0x26 d:/winavr-20100110/bin/../lib/gcc/avr/4.3.3/avr6\libgcc.a(_divmodhi4.o)
                0x00004856                __divmodhi4
                0x00004856                _div
 .text.libgcc   0x0000487c       0x44 d:/winavr-20100110/bin/../lib/gcc/avr/4.3.3/avr6\libgcc.a(_udivmodsi4.o)
                0x0000487c                __udivmodsi4
 .text.libgcc   0x000048c0       0x36 d:/winavr-20100110/bin/../lib/gcc/avr/4.3.3/avr6\libgcc.a(_divmodsi4.o)
                0x000048c0                __divmodsi4
 .text.libgcc   0x000048f6        0x0 d:/winavr-20100110/bin/../lib/gcc/avr/4.3.3/avr6\libgcc.a(_exit.o)
 .text.libgcc   0x000048f6        0x0 d:/winavr-20100110/bin/../lib/gcc/avr/4.3.3/avr6\libgcc.a(_clear_bss.o)
 .text.libgcc   0x000048f6       0x28 d:/winavr-20100110/bin/../lib/gcc/avr/4.3.3/avr6\libgcc.a(_udivmodhi4.o)
                0x000048f6                __udivmodhi4
 .text.avr-libc
                0x0000491e      0x2dc C:\WinAVR-20100110\avr\lib\avr6\libc.a(strtod.o)
                0x0000491e                strtod
 .text.avr-libc
                0x00004bfa       0x10 C:\WinAVR-20100110\avr\lib\avr6\libc.a(isspace.o)
                0x00004bfa                isspace
 .text.avr-libc
                0x00004c0a       0x30 C:\WinAVR-20100110\avr\lib\avr6\libc.a(strncasecmp_P.o)
                0x00004c0a                strncasecmp_P
 .text.avr-libc
                0x00004c3a        0x6 C:\WinAVR-20100110\avr\lib\avr6\libc.a(cty_isfalse.o)
                0x00004c3e                __ctype_istrue
                0x00004c3a                __ctype_isfalse
                0x00004c40                . = ALIGN (0x2)
 *(.fini9)
 .fini9         0x00004c40        0x0 d:/winavr-20100110/bin/../lib/gcc/avr/4.3.3/avr6\libgcc.a(_exit.o)
                0x00004c40                exit
                0x00004c40                _exit
 *(.fini9)
 *(.fini8)
 *(.fini8)
 *(.fini7)
 *(.fini7)
 *(.fini6)
 *(.fini6)
 *(.fini5)
 *(.fini5)
 *(.fini4)
 *(.fini4)
 *(.fini3)
 *(.fini3)
 *(.fini2)
 *(.fini2)
 *(.fini1)
 *(.fini1)
 *(.fini0)
 .fini0         0x00004c40        0x4 d:/winavr-20100110/bin/../lib/gcc/avr/4.3.3/avr6\libgcc.a(_exit.o)
 *(.fini0)
                0x00004c44                _etext = .

.data           0x00800200        0x0 load address 0x00004c44
                0x00800200                PROVIDE (__data_start, .)
 *(.data)
 .data          0x00800200        0x0 d:/winavr-20100110/bin/../lib/gcc/avr/4.3.3/../../../../avr/lib/avr6/crtm2560.o
 .data          0x00800200        0x0 coolant_control.o
 .data          0x00800200        0x0 eeprom.o
 .data          0x00800200        0x0 gcode.o
 .data          0x00800200        0x0 main.o
 .data          0x00800200        0x0 motion_control.o
 .data          0x00800200        0x0 planner.o
 .data          0x00800200        0x0 serial_protocol.o
 .data          0x00800200        0x0 settings.o
 .data          0x00800200        0x0 spindle_control.o
 .data          0x00800200        0x0 stepper.o
 .data          0x00800200        0x0 wiring_serial.o
 .data          0x00800200        0x0 atc_control.o
 .data          0x00800200        0x0 head_control.o
 .data          0x00800200        0x0 panel_control.o
 .data          0x00800200        0x0 vacuum_control.o
 .data          0x00800200        0x0 tape_knock.o
 .data          0x00800200        0x0 C:\WinAVR-20100110\avr\lib\avr6\libm.a(addsf3.o)
 .data          0x00800200        0x0 C:\WinAVR-20100110\avr\lib\avr6\libm.a(addsf3x.o)
 .data          0x00800200        0x0 C:\WinAVR-20100110\avr\lib\avr6\libm.a(atan.o)
 .data          0x00800200        0x0 C:\WinAVR-20100110\avr\lib\avr6\libm.a(ceil.o)
 .data          0x00800200        0x0 C:\WinAVR-20100110\avr\lib\avr6\libm.a(cmpsf2.o)
 .data          0x00800200        0x0 C:\WinAVR-20100110\avr\lib\avr6\libm.a(divsf3.o)
 .data          0x00800200        0x0 C:\WinAVR-20100110\avr\lib\avr6\libm.a(divsf3x.o)
 .data          0x00800200        0x0 C:\WinAVR-20100110\avr\lib\avr6\libm.a(fixsfsi.o)
 .data          0x00800200        0x0 C:\WinAVR-20100110\avr\lib\avr6\libm.a(fixunssfsi.o)
 .data          0x00800200        0x0 C:\WinAVR-20100110\avr\lib\avr6\libm.a(floatsisf.o)
 .data          0x00800200        0x0 C:\WinAVR-20100110\avr\lib\avr6\libm.a(floor.o)
 .data          0x00800200        0x0 C:\WinAVR-20100110\avr\lib\avr6\libm.a(fp_cmp.o)
 .data          0x00800200        0x0 C:\WinAVR-20100110\avr\lib\avr6\libm.a(fp_inf.o)
 .data          0x00800200        0x0 C:\WinAVR-20100110\avr\lib\avr6\libm.a(fp_mintl.o)
 .data          0x00800200        0x0 C:\WinAVR-20100110\avr\lib\avr6\libm.a(fp_mpack.o)
 .data          0x00800200        0x0 C:\WinAVR-20100110\avr\lib\avr6\libm.a(fp_nan.o)
 .data          0x00800200        0x0 C:\WinAVR-20100110\avr\lib\avr6\libm.a(fp_powser.o)
 .data          0x00800200        0x0 C:\WinAVR-20100110\avr\lib\avr6\libm.a(fp_pscA.o)
 .data          0x00800200        0x0 C:\WinAVR-20100110\avr\lib\avr6\libm.a(fp_pscB.o)
 .data          0x00800200        0x0 C:\WinAVR-20100110\avr\lib\avr6\libm.a(fp_round.o)
 .data          0x00800200        0x0 C:\WinAVR-20100110\avr\lib\avr6\libm.a(fp_split3.o)
 .data          0x00800200        0x0 C:\WinAVR-20100110\avr\lib\avr6\libm.a(fp_trunc.o)
 .data          0x00800200        0x0 C:\WinAVR-20100110\avr\lib\avr6\libm.a(fp_zero.o)
 .data          0x00800200        0x0 C:\WinAVR-20100110\avr\lib\avr6\libm.a(gesf2.o)
 .data          0x00800200        0x0 C:\WinAVR-20100110\avr\lib\avr6\libm.a(inverse.o)
 .data          0x00800200        0x0 C:\WinAVR-20100110\avr\lib\avr6\libm.a(lround.o)
 .data          0x00800200        0x0 C:\WinAVR-20100110\avr\lib\avr6\libm.a(modf.o)
 .data          0x00800200        0x0 C:\WinAVR-20100110\avr\lib\avr6\libm.a(mulsf3.o)
 .data          0x00800200        0x0 C:\WinAVR-20100110\avr\lib\avr6\libm.a(mulsf3x.o)
 .data          0x00800200        0x0 C:\WinAVR-20100110\avr\lib\avr6\libm.a(round.o)
 .data          0x00800200        0x0 C:\WinAVR-20100110\avr\lib\avr6\libm.a(sqrt.o)
 .data          0x00800200        0x0 C:\WinAVR-20100110\avr\lib\avr6\libm.a(square.o)
 .data          0x00800200        0x0 C:\WinAVR-20100110\avr\lib\avr6\libm.a(trunc.o)
 .data          0x00800200        0x0 C:\WinAVR-20100110\avr\lib\avr6\libm.a(fp_norm2.o)
 .data          0x00800200        0x0 d:/winavr-20100110/bin/../lib/gcc/avr/4.3.3/avr6\libgcc.a(_mulsi3.o)
 .data          0x00800200        0x0 d:/winavr-20100110/bin/../lib/gcc/avr/4.3.3/avr6\libgcc.a(_divmodhi4.o)
 .data          0x00800200        0x0 d:/winavr-20100110/bin/../lib/gcc/avr/4.3.3/avr6\libgcc.a(_udivmodsi4.o)
 .data          0x00800200        0x0 d:/winavr-20100110/bin/../lib/gcc/avr/4.3.3/avr6\libgcc.a(_divmodsi4.o)
 .data          0x00800200        0x0 d:/winavr-20100110/bin/../lib/gcc/avr/4.3.3/avr6\libgcc.a(_exit.o)
 .data          0x00800200        0x0 d:/winavr-20100110/bin/../lib/gcc/avr/4.3.3/avr6\libgcc.a(_clear_bss.o)
 .data          0x00800200        0x0 d:/winavr-20100110/bin/../lib/gcc/avr/4.3.3/avr6\libgcc.a(_udivmodhi4.o)
 .data          0x00800200        0x0 C:\WinAVR-20100110\avr\lib\avr6\libc.a(strtod.o)
 .data          0x00800200        0x0 C:\WinAVR-20100110\avr\lib\avr6\libc.a(isspace.o)
 .data          0x00800200        0x0 C:\WinAVR-20100110\avr\lib\avr6\libc.a(strncasecmp_P.o)
 .data          0x00800200        0x0 C:\WinAVR-20100110\avr\lib\avr6\libc.a(errno.o)
 .data          0x00800200        0x0 C:\WinAVR-20100110\avr\lib\avr6\libc.a(cty_isfalse.o)
 *(.data*)
 *(.rodata)
 *(.rodata*)
 *(.gnu.linkonce.d*)
                0x00800200                . = ALIGN (0x2)
                0x00800200                _edata = .
                0x00800200                PROVIDE (__data_end, .)

.bss            0x00800200      0x49d
                0x00800200                PROVIDE (__bss_start, .)
 *(.bss)
 .bss           0x00800200        0x0 d:/winavr-20100110/bin/../lib/gcc/avr/4.3.3/../../../../avr/lib/avr6/crtm2560.o
 .bss           0x00800200        0x0 coolant_control.o
 .bss           0x00800200        0x0 eeprom.o
 .bss           0x00800200       0x28 gcode.o
 .bss           0x00800228        0x0 main.o
 .bss           0x00800228        0x0 motion_control.o
 .bss           0x00800228      0x2ef planner.o
 .bss           0x00800517       0x33 serial_protocol.o
 .bss           0x0080054a        0x0 settings.o
 .bss           0x0080054a        0x0 spindle_control.o
 .bss           0x0080054a       0x26 stepper.o
                0x0080054a                gHomed
 .bss           0x00800570      0x104 wiring_serial.o
                0x00800570                rx_buffer_head
                0x00800572                rx_buffer_tail
 .bss           0x00800674        0x0 atc_control.o
 .bss           0x00800674        0x0 head_control.o
 .bss           0x00800674        0x0 panel_control.o
 .bss           0x00800674        0x0 vacuum_control.o
 .bss           0x00800674        0x0 tape_knock.o
 .bss           0x00800674        0x0 C:\WinAVR-20100110\avr\lib\avr6\libm.a(addsf3.o)
 .bss           0x00800674        0x0 C:\WinAVR-20100110\avr\lib\avr6\libm.a(addsf3x.o)
 .bss           0x00800674        0x0 C:\WinAVR-20100110\avr\lib\avr6\libm.a(atan.o)
 .bss           0x00800674        0x0 C:\WinAVR-20100110\avr\lib\avr6\libm.a(ceil.o)
 .bss           0x00800674        0x0 C:\WinAVR-20100110\avr\lib\avr6\libm.a(cmpsf2.o)
 .bss           0x00800674        0x0 C:\WinAVR-20100110\avr\lib\avr6\libm.a(divsf3.o)
 .bss           0x00800674        0x0 C:\WinAVR-20100110\avr\lib\avr6\libm.a(divsf3x.o)
 .bss           0x00800674        0x0 C:\WinAVR-20100110\avr\lib\avr6\libm.a(fixsfsi.o)
 .bss           0x00800674        0x0 C:\WinAVR-20100110\avr\lib\avr6\libm.a(fixunssfsi.o)
 .bss           0x00800674        0x0 C:\WinAVR-20100110\avr\lib\avr6\libm.a(floatsisf.o)
 .bss           0x00800674        0x0 C:\WinAVR-20100110\avr\lib\avr6\libm.a(floor.o)
 .bss           0x00800674        0x0 C:\WinAVR-20100110\avr\lib\avr6\libm.a(fp_cmp.o)
 .bss           0x00800674        0x0 C:\WinAVR-20100110\avr\lib\avr6\libm.a(fp_inf.o)
 .bss           0x00800674        0x0 C:\WinAVR-20100110\avr\lib\avr6\libm.a(fp_mintl.o)
 .bss           0x00800674        0x0 C:\WinAVR-20100110\avr\lib\avr6\libm.a(fp_mpack.o)
 .bss           0x00800674        0x0 C:\WinAVR-20100110\avr\lib\avr6\libm.a(fp_nan.o)
 .bss           0x00800674        0x0 C:\WinAVR-20100110\avr\lib\avr6\libm.a(fp_powser.o)
 .bss           0x00800674        0x0 C:\WinAVR-20100110\avr\lib\avr6\libm.a(fp_pscA.o)
 .bss           0x00800674        0x0 C:\WinAVR-20100110\avr\lib\avr6\libm.a(fp_pscB.o)
 .bss           0x00800674        0x0 C:\WinAVR-20100110\avr\lib\avr6\libm.a(fp_round.o)
 .bss           0x00800674        0x0 C:\WinAVR-20100110\avr\lib\avr6\libm.a(fp_split3.o)
 .bss           0x00800674        0x0 C:\WinAVR-20100110\avr\lib\avr6\libm.a(fp_trunc.o)
 .bss           0x00800674        0x0 C:\WinAVR-20100110\avr\lib\avr6\libm.a(fp_zero.o)
 .bss           0x00800674        0x0 C:\WinAVR-20100110\avr\lib\avr6\libm.a(gesf2.o)
 .bss           0x00800674        0x0 C:\WinAVR-20100110\avr\lib\avr6\libm.a(inverse.o)
 .bss           0x00800674        0x0 C:\WinAVR-20100110\avr\lib\avr6\libm.a(lround.o)
 .bss           0x00800674        0x0 C:\WinAVR-20100110\avr\lib\avr6\libm.a(modf.o)
 .bss           0x00800674        0x0 C:\WinAVR-20100110\avr\lib\avr6\libm.a(mulsf3.o)
 .bss           0x00800674        0x0 C:\WinAVR-20100110\avr\lib\avr6\libm.a(mulsf3x.o)
 .bss           0x00800674        0x0 C:\WinAVR-20100110\avr\lib\avr6\libm.a(round.o)
 .bss           0x00800674        0x0 C:\WinAVR-20100110\avr\lib\avr6\libm.a(sqrt.o)
 .bss           0x00800674        0x0 C:\WinAVR-20100110\avr\lib\avr6\libm.a(square.o)
 .bss           0x00800674        0x0 C:\WinAVR-20100110\avr\lib\avr6\libm.a(trunc.o)
 .bss           0x00800674        0x0 C:\WinAVR-20100110\avr\lib\avr6\libm.a(fp_norm2.o)
 .bss           0x00800674        0x0 d:/winavr-20100110/bin/../lib/gcc/avr/4.3.3/avr6\libgcc.a(_mulsi3.o)
 .bss           0x00800674        0x0 d:/winavr-20100110/bin/../lib/gcc/avr/4.3.3/avr6\libgcc.a(_divmodhi4.o)
 .bss           0x00800674        0x0 d:/winavr-20100110/bin/../lib/gcc/avr/4.3.3/avr6\libgcc.a(_udivmodsi4.o)
 .bss           0x00800674        0x0 d:/winavr-20100110/bin/../lib/gcc/avr/4.3.3/avr6\libgcc.a(_divmodsi4.o)
 .bss           0x00800674        0x0 d:/winavr-20100110/bin/../lib/gcc/avr/4.3.3/avr6\libgcc.a(_exit.o)
 .bss           0x00800674        0x0 d:/winavr-20100110/bin/../lib/gcc/avr/4.3.3/avr6\libgcc.a(_clear_bss.o)
 .bss           0x00800674        0x0 d:/winavr-20100110/bin/../lib/gcc/avr/4.3.3/avr6\libgcc.a(_udivmodhi4.o)
 .bss           0x00800674        0x0 C:\WinAVR-20100110\avr\lib\avr6\libc.a(strtod.o)
 .bss           0x00800674        0x0 C:\WinAVR-20100110\avr\lib\avr6\libc.a(isspace.o)
 .bss           0x00800674        0x0 C:\WinAVR-20100110\avr\lib\avr6\libc.a(strncasecmp_P.o)
 .bss           0x00800674        0x0 C:\WinAVR-20100110\avr\lib\avr6\libc.a(errno.o)
 .bss           0x00800674        0x0 C:\WinAVR-20100110\avr\lib\avr6\libc.a(cty_isfalse.o)
 *(.bss*)
 *(COMMON)
 COMMON         0x00800674       0x26 settings.o
                0x00800674                settings
 COMMON         0x0080069a        0x1 stepper.o
                0x0080069a                dir_bits
 COMMON         0x0080069b        0x2 C:\WinAVR-20100110\avr\lib\avr6\libc.a(errno.o)
                0x0080069b                errno
                0x0080069d                PROVIDE (__bss_end, .)
                0x00004c44                __data_load_start = LOADADDR (.data)
                0x00004c44                __data_load_end = (__data_load_start + SIZEOF (.data))

.noinit         0x0080069d        0x0
                0x0080069d                PROVIDE (__noinit_start, .)
 *(.noinit*)
                0x0080069d                PROVIDE (__noinit_end, .)
                0x0080069d                _end = .
                0x0080069d                PROVIDE (__heap_start, .)

.eeprom         0x00810000        0x0
 *(.eeprom*)
                0x00810000                __eeprom_end = .

.fuse
 *(.fuse)
 *(.lfuse)
 *(.hfuse)
 *(.efuse)

.lock
 *(.lock*)

.signature
 *(.signature*)

.stab
 *(.stab)

.stabstr
 *(.stabstr)

.stab.excl
 *(.stab.excl)

.stab.exclstr
 *(.stab.exclstr)

.stab.index
 *(.stab.index)

.stab.indexstr
 *(.stab.indexstr)

.comment
 *(.comment)

.debug
 *(.debug)

.line
 *(.line)

.debug_srcinfo
 *(.debug_srcinfo)

.debug_sfnames
 *(.debug_sfnames)

.debug_aranges  0x00000000      0x4c0
 *(.debug_aranges)
 .debug_aranges
                0x00000000       0x28 coolant_control.o
 .debug_aranges
                0x00000028       0x38 eeprom.o
 .debug_aranges
                0x00000060       0x50 gcode.o
 .debug_aranges
                0x000000b0       0x20 main.o
 .debug_aranges
                0x000000d0       0x28 motion_control.o
 .debug_aranges
                0x000000f8       0x90 planner.o
 .debug_aranges
                0x00000188       0x28 serial_protocol.o
 .debug_aranges
                0x000001b0       0x48 settings.o
 .debug_aranges
                0x000001f8       0x38 spindle_control.o
 .debug_aranges
                0x00000230       0xb0 stepper.o
 .debug_aranges
                0x000002e0       0x80 wiring_serial.o
 .debug_aranges
                0x00000360       0x50 atc_control.o
 .debug_aranges
                0x000003b0       0x38 head_control.o
 .debug_aranges
                0x000003e8       0x68 panel_control.o
 .debug_aranges
                0x00000450       0x48 vacuum_control.o
 .debug_aranges
                0x00000498       0x28 tape_knock.o

.debug_pubnames
                0x00000000      0x8c2
 *(.debug_pubnames)
 .debug_pubnames
                0x00000000       0x35 coolant_control.o
 .debug_pubnames
                0x00000035       0x82 eeprom.o
 .debug_pubnames
                0x000000b7       0x7b gcode.o
 .debug_pubnames
                0x00000132       0x1b main.o
 .debug_pubnames
                0x0000014d       0x2e motion_control.o
 .debug_pubnames
                0x0000017b      0x1c0 planner.o
 .debug_pubnames
                0x0000033b       0x2d serial_protocol.o
 .debug_pubnames
                0x00000368       0x96 settings.o
 .debug_pubnames
                0x000003fe       0x54 spindle_control.o
 .debug_pubnames
                0x00000452      0x15d stepper.o
 .debug_pubnames
                0x000005af      0x113 wiring_serial.o
 .debug_pubnames
                0x000006c2       0x77 atc_control.o
 .debug_pubnames
                0x00000739       0x4e head_control.o
 .debug_pubnames
                0x00000787       0x9a panel_control.o
 .debug_pubnames
                0x00000821       0x72 vacuum_control.o
 .debug_pubnames
                0x00000893       0x2f tape_knock.o

.debug_info     0x00000000     0x3e1f
 *(.debug_info)
 .debug_info    0x00000000       0xa5 coolant_control.o
 .debug_info    0x000000a5      0x1db eeprom.o
 .debug_info    0x00000280      0x8b3 gcode.o
 .debug_info    0x00000b33       0xb9 main.o
 .debug_info    0x00000bec      0x169 motion_control.o
 .debug_info    0x00000d55      0x8d5 planner.o
 .debug_info    0x0000162a      0x286 serial_protocol.o
 .debug_info    0x000018b0      0x522 settings.o
 .debug_info    0x00001dd2      0x22d spindle_control.o
 .debug_info    0x00001fff      0xab8 stepper.o
 .debug_info    0x00002ab7      0x467 wiring_serial.o
 .debug_info    0x00002f1e      0x2e0 atc_control.o
 .debug_info    0x000031fe      0x20a head_control.o
 .debug_info    0x00003408      0x1e6 panel_control.o
 .debug_info    0x000035ee      0x6a3 vacuum_control.o
 .debug_info    0x00003c91      0x18e tape_knock.o
 *(.gnu.linkonce.wi.*)

.debug_abbrev   0x00000000     0x154d
 *(.debug_abbrev)
 .debug_abbrev  0x00000000       0x6c coolant_control.o
 .debug_abbrev  0x0000006c      0x10d eeprom.o
 .debug_abbrev  0x00000179      0x21c gcode.o
 .debug_abbrev  0x00000395       0x76 main.o
 .debug_abbrev  0x0000040b       0xfb motion_control.o
 .debug_abbrev  0x00000506      0x1ff planner.o
 .debug_abbrev  0x00000705       0xfc serial_protocol.o
 .debug_abbrev  0x00000801      0x10b settings.o
 .debug_abbrev  0x0000090c      0x12d spindle_control.o
 .debug_abbrev  0x00000a39      0x347 stepper.o
 .debug_abbrev  0x00000d80      0x1ac wiring_serial.o
 .debug_abbrev  0x00000f2c      0x175 atc_control.o
 .debug_abbrev  0x000010a1      0x153 head_control.o
 .debug_abbrev  0x000011f4       0x85 panel_control.o
 .debug_abbrev  0x00001279      0x1dc vacuum_control.o
 .debug_abbrev  0x00001455       0xf8 tape_knock.o

.debug_line     0x00000000     0x35a5
 *(.debug_line)
 .debug_line    0x00000000       0xa2 coolant_control.o
 .debug_line    0x000000a2      0x203 eeprom.o
 .debug_line    0x000002a5      0x75c gcode.o
 .debug_line    0x00000a01       0xd5 main.o
 .debug_line    0x00000ad6      0x18b motion_control.o
 .debug_line    0x00000c61      0x678 planner.o
 .debug_line    0x000012d9      0x1c4 serial_protocol.o
 .debug_line    0x0000149d      0x36a settings.o
 .debug_line    0x00001807      0x1d9 spindle_control.o
 .debug_line    0x000019e0      0xa3f stepper.o
 .debug_line    0x0000241f      0x38e wiring_serial.o
 .debug_line    0x000027ad      0x39f atc_control.o
 .debug_line    0x00002b4c      0x20a head_control.o
 .debug_line    0x00002d56      0x220 panel_control.o
 .debug_line    0x00002f76      0x493 vacuum_control.o
 .debug_line    0x00003409      0x19c tape_knock.o

.debug_frame    0x00000000      0x780
 *(.debug_frame)
 .debug_frame   0x00000000       0x30 coolant_control.o
 .debug_frame   0x00000030       0x50 eeprom.o
 .debug_frame   0x00000080       0x80 gcode.o
 .debug_frame   0x00000100       0x20 main.o
 .debug_frame   0x00000120       0x30 motion_control.o
 .debug_frame   0x00000150      0x100 planner.o
 .debug_frame   0x00000250       0x30 serial_protocol.o
 .debug_frame   0x00000280       0x70 settings.o
 .debug_frame   0x000002f0       0x50 spindle_control.o
 .debug_frame   0x00000340      0x140 stepper.o
 .debug_frame   0x00000480       0xe0 wiring_serial.o
 .debug_frame   0x00000560       0x80 atc_control.o
 .debug_frame   0x000005e0       0x50 head_control.o
 .debug_frame   0x00000630       0xb0 panel_control.o
 .debug_frame   0x000006e0       0x70 vacuum_control.o
 .debug_frame   0x00000750       0x30 tape_knock.o

.debug_str      0x00000000      0xe21
 *(.debug_str)
 .debug_str     0x00000000       0xaa coolant_control.o
                                 0xe5 (size before relaxing)
 .debug_str     0x000000aa       0xac eeprom.o
                                0x168 (size before relaxing)
 .debug_str     0x00000156      0x24f gcode.o
                                0x366 (size before relaxing)
 .debug_str     0x000003a5        0xf main.o
                                 0xc9 (size before relaxing)
 .debug_str     0x000003b4       0x7a motion_control.o
                                0x12f (size before relaxing)
 .debug_str     0x0000042e      0x403 planner.o
                                0x5ec (size before relaxing)
 .debug_str     0x00000831       0x37 serial_protocol.o
                                0x11e (size before relaxing)
 .debug_str     0x00000868       0x7f settings.o
                                0x1d4 (size before relaxing)
 .debug_str     0x000008e7       0x64 spindle_control.o
                                0x176 (size before relaxing)
 .debug_str     0x0000094b      0x236 stepper.o
                                0x508 (size before relaxing)
 .debug_str     0x00000b81      0x11b wiring_serial.o
                                0x1e6 (size before relaxing)
 .debug_str     0x00000c9c       0x61 atc_control.o
                                0x188 (size before relaxing)
 .debug_str     0x00000cfd       0x34 head_control.o
                                0x141 (size before relaxing)
 .debug_str     0x00000d31       0x73 panel_control.o
                                0x12e (size before relaxing)
 .debug_str     0x00000da4       0x58 vacuum_control.o
                                0x18c (size before relaxing)
 .debug_str     0x00000dfc       0x25 tape_knock.o
                                0x11d (size before relaxing)

.debug_loc      0x00000000     0x1e1a
 *(.debug_loc)
 .debug_loc     0x00000000      0x16b eeprom.o
 .debug_loc     0x0000016b      0x944 gcode.o
 .debug_loc     0x00000aaf       0x94 motion_control.o
 .debug_loc     0x00000b43      0x68f planner.o
 .debug_loc     0x000011d2       0x82 serial_protocol.o
 .debug_loc     0x00001254      0x121 settings.o
 .debug_loc     0x00001375       0x2b spindle_control.o
 .debug_loc     0x000013a0      0x415 stepper.o
 .debug_loc     0x000017b5      0x23e wiring_serial.o
 .debug_loc     0x000019f3       0xa4 atc_control.o
 .debug_loc     0x00001a97       0x68 head_control.o
 .debug_loc     0x00001aff      0x2bb vacuum_control.o
 .debug_loc     0x00001dba       0x60 tape_knock.o

.debug_macinfo
 *(.debug_macinfo)
OUTPUT(grbl.elf elf32-avr)
LOAD linker stubs

.debug_ranges   0x00000000      0x890
 .debug_ranges  0x00000000       0x20 coolant_control.o
 .debug_ranges  0x00000020       0x30 eeprom.o
 .debug_ranges  0x00000050       0x48 gcode.o
 .debug_ranges  0x00000098       0x18 main.o
 .debug_ranges  0x000000b0       0x20 motion_control.o
 .debug_ranges  0x000000d0       0x88 planner.o
 .debug_ranges  0x00000158       0x38 serial_protocol.o
 .debug_ranges  0x00000190       0x40 settings.o
 .debug_ranges  0x000001d0       0xf0 spindle_control.o
 .debug_ranges  0x000002c0      0x3a8 stepper.o
 .debug_ranges  0x00000668       0xa8 wiring_serial.o
 .debug_ranges  0x00000710       0x48 atc_control.o
 .debug_ranges  0x00000758       0x30 head_control.o
 .debug_ranges  0x00000788       0x60 panel_control.o
 .debug_ranges  0x000007e8       0x88 vacuum_control.o
 .debug_ranges  0x00000870       0x20 tape_knock.o
