Archive member included because of file (symbol)

C:\WinAVR-20100110\avr\lib\avr6\libm.a(addsf3.o)
                              gcode.o (__subsf3)
C:\WinAVR-20100110\avr\lib\avr6\libm.a(addsf3x.o)
                              C:\WinAVR-20100110\avr\lib\avr6\libm.a(addsf3.o) (__addsf3x)
C:\WinAVR-20100110\avr\lib\avr6\libm.a(atan.o)
                              gcode.o (atan)
C:\WinAVR-20100110\avr\lib\avr6\libm.a(ceil.o)
                              planner.o (ceil)
C:\WinAVR-20100110\avr\lib\avr6\libm.a(cmpsf2.o)
                              gcode.o (__eqsf2)
C:\WinAVR-20100110\avr\lib\avr6\libm.a(divsf3.o)
                              gcode.o (__divsf3)
C:\WinAVR-20100110\avr\lib\avr6\libm.a(divsf3x.o)
                              C:\WinAVR-20100110\avr\lib\avr6\libm.a(divsf3.o) (__divsf3x)
C:\WinAVR-20100110\avr\lib\avr6\libm.a(fixsfsi.o)
                              gcode.o (__fixsfsi)
C:\WinAVR-20100110\avr\lib\avr6\libm.a(fixunssfsi.o)
                              gcode.o (__fixunssfsi)
C:\WinAVR-20100110\avr\lib\avr6\libm.a(floatsisf.o)
                              motion_control.o (__floatunsisf)
C:\WinAVR-20100110\avr\lib\avr6\libm.a(floor.o)
                              planner.o (floor)
C:\WinAVR-20100110\avr\lib\avr6\libm.a(fp_cmp.o)
                              C:\WinAVR-20100110\avr\lib\avr6\libm.a(cmpsf2.o) (__fp_cmp)
C:\WinAVR-20100110\avr\lib\avr6\libm.a(fp_inf.o)
                              C:\WinAVR-20100110\avr\lib\avr6\libm.a(addsf3x.o) (__fp_inf)
C:\WinAVR-20100110\avr\lib\avr6\libm.a(fp_mintl.o)
                              C:\WinAVR-20100110\avr\lib\avr6\libm.a(ceil.o) (__fp_mintl)
C:\WinAVR-20100110\avr\lib\avr6\libm.a(fp_mpack.o)
                              C:\WinAVR-20100110\avr\lib\avr6\libm.a(ceil.o) (__fp_mpack)
C:\WinAVR-20100110\avr\lib\avr6\libm.a(fp_nan.o)
                              C:\WinAVR-20100110\avr\lib\avr6\libm.a(addsf3x.o) (__fp_nan)
C:\WinAVR-20100110\avr\lib\avr6\libm.a(fp_powser.o)
                              C:\WinAVR-20100110\avr\lib\avr6\libm.a(atan.o) (__fp_powser)
C:\WinAVR-20100110\avr\lib\avr6\libm.a(fp_pscA.o)
                              C:\WinAVR-20100110\avr\lib\avr6\libm.a(addsf3x.o) (__fp_pscA)
C:\WinAVR-20100110\avr\lib\avr6\libm.a(fp_pscB.o)
                              C:\WinAVR-20100110\avr\lib\avr6\libm.a(addsf3x.o) (__fp_pscB)
C:\WinAVR-20100110\avr\lib\avr6\libm.a(fp_round.o)
                              C:\WinAVR-20100110\avr\lib\avr6\libm.a(addsf3.o) (__fp_round)
C:\WinAVR-20100110\avr\lib\avr6\libm.a(fp_split3.o)
                              C:\WinAVR-20100110\avr\lib\avr6\libm.a(addsf3x.o) (__fp_split3)
C:\WinAVR-20100110\avr\lib\avr6\libm.a(fp_trunc.o)
                              C:\WinAVR-20100110\avr\lib\avr6\libm.a(ceil.o) (__fp_trunc)
C:\WinAVR-20100110\avr\lib\avr6\libm.a(fp_zero.o)
                              C:\WinAVR-20100110\avr\lib\avr6\libm.a(addsf3x.o) (__fp_zero)
C:\WinAVR-20100110\avr\lib\avr6\libm.a(gesf2.o)
                              gcode.o (__gtsf2)
C:\WinAVR-20100110\avr\lib\avr6\libm.a(inverse.o)
                              C:\WinAVR-20100110\avr\lib\avr6\libm.a(atan.o) (inverse)
C:\WinAVR-20100110\avr\lib\avr6\libm.a(lround.o)
                              planner.o (lround)
C:\WinAVR-20100110\avr\lib\avr6\libm.a(modf.o)
                              wiring_serial.o (modf)
C:\WinAVR-20100110\avr\lib\avr6\libm.a(mulsf3.o)
                              gcode.o (__mulsf3)
C:\WinAVR-20100110\avr\lib\avr6\libm.a(mulsf3x.o)
                              C:\WinAVR-20100110\avr\lib\avr6\libm.a(atan.o) (__mulsf3x)
C:\WinAVR-20100110\avr\lib\avr6\libm.a(round.o)
                              settings.o (round)
C:\WinAVR-20100110\avr\lib\avr6\libm.a(sqrt.o)
                              planner.o (sqrt)
C:\WinAVR-20100110\avr\lib\avr6\libm.a(square.o)
                              planner.o (square)
C:\WinAVR-20100110\avr\lib\avr6\libm.a(trunc.o)
                              gcode.o (trunc)
C:\WinAVR-20100110\avr\lib\avr6\libm.a(fp_norm2.o)
                              C:\WinAVR-20100110\avr\lib\avr6\libm.a(sqrt.o) (__fp_norm2)
c:/winavr-20100110/bin/../lib/gcc/avr/4.3.3/avr6\libgcc.a(_mulsi3.o)
                              planner.o (__mulsi3)
c:/winavr-20100110/bin/../lib/gcc/avr/4.3.3/avr6\libgcc.a(_divmodhi4.o)
                              planner.o (__divmodhi4)
c:/winavr-20100110/bin/../lib/gcc/avr/4.3.3/avr6\libgcc.a(_udivmodsi4.o)
                              stepper.o (__udivmodsi4)
c:/winavr-20100110/bin/../lib/gcc/avr/4.3.3/avr6\libgcc.a(_divmodsi4.o)
                              wiring_serial.o (__divmodsi4)
c:/winavr-20100110/bin/../lib/gcc/avr/4.3.3/avr6\libgcc.a(_exit.o)
                              c:/winavr-20100110/bin/../lib/gcc/avr/4.3.3/../../../../avr/lib/avr6/crtm2560.o (exit)
c:/winavr-20100110/bin/../lib/gcc/avr/4.3.3/avr6\libgcc.a(_clear_bss.o)
                              gcode.o (__do_clear_bss)
c:/winavr-20100110/bin/../lib/gcc/avr/4.3.3/avr6\libgcc.a(_udivmodhi4.o)
                              c:/winavr-20100110/bin/../lib/gcc/avr/4.3.3/avr6\libgcc.a(_divmodhi4.o) (__udivmodhi4)
C:\WinAVR-20100110\avr\lib\avr6\libc.a(rand.o)
                              vacuum_control.o (rand)
C:\WinAVR-20100110\avr\lib\avr6\libc.a(strtod.o)
                              gcode.o (strtod)
C:\WinAVR-20100110\avr\lib\avr6\libc.a(isspace.o)
                              C:\WinAVR-20100110\avr\lib\avr6\libc.a(strtod.o) (isspace)
C:\WinAVR-20100110\avr\lib\avr6\libc.a(strncasecmp_P.o)
                              C:\WinAVR-20100110\avr\lib\avr6\libc.a(strtod.o) (strncasecmp_P)
C:\WinAVR-20100110\avr\lib\avr6\libc.a(errno.o)
                              C:\WinAVR-20100110\avr\lib\avr6\libc.a(strtod.o) (errno)
C:\WinAVR-20100110\avr\lib\avr6\libc.a(cty_isfalse.o)
                              C:\WinAVR-20100110\avr\lib\avr6\libc.a(isspace.o) (__ctype_isfalse)

Allocating common symbols
Common symbol       size              file

max_registers       0x1               usb.o
errno               0x2               C:\WinAVR-20100110\avr\lib\avr6\libc.a(errno.o)
settings            0x26              settings.o
dir_bits            0x1               stepper.o
deviceTable         0x42              max3421e_usb.o

Memory Configuration

Name             Origin             Length             Attributes
text             0x00000000         0x00100000         xr
data             0x00800200         0x0000fe00         rw !x
eeprom           0x00810000         0x00010000         rw !x
fuse             0x00820000         0x00000400         rw !x
lock             0x00830000         0x00000400         rw !x
signature        0x00840000         0x00000400         rw !x
*default*        0x00000000         0xffffffff

Linker script and memory map

Address of section .data set to 0x800200
LOAD c:/winavr-20100110/bin/../lib/gcc/avr/4.3.3/../../../../avr/lib/avr6/crtm2560.o
LOAD coolant_control.o
LOAD eeprom.o
LOAD gcode.o
LOAD main.o
LOAD motion_control.o
LOAD planner.o
LOAD serial_protocol.o
LOAD settings.o
LOAD spindle_control.o
LOAD stepper.o
LOAD wiring_serial.o
LOAD atc_control.o
LOAD head_control.o
LOAD panel_control.o
LOAD vacuum_control.o
LOAD tape_knock.o
LOAD usb.o
LOAD max3421e.o
LOAD SPI.o
LOAD timers.o
LOAD max3421e_usb.o
LOAD C:\WinAVR-20100110\avr\lib\avr6\libm.a
LOAD c:/winavr-20100110/bin/../lib/gcc/avr/4.3.3/avr6\libgcc.a
LOAD C:\WinAVR-20100110\avr\lib\avr6\libc.a
LOAD c:/winavr-20100110/bin/../lib/gcc/avr/4.3.3/avr6\libgcc.a

.hash
 *(.hash)

.dynsym
 *(.dynsym)

.dynstr
 *(.dynstr)

.gnu.version
 *(.gnu.version)

.gnu.version_d
 *(.gnu.version_d)

.gnu.version_r
 *(.gnu.version_r)

.rel.init
 *(.rel.init)

.rela.init
 *(.rela.init)

.rel.text
 *(.rel.text)
 *(.rel.text.*)
 *(.rel.gnu.linkonce.t*)

.rela.text
 *(.rela.text)
 *(.rela.text.*)
 *(.rela.gnu.linkonce.t*)

.rel.fini
 *(.rel.fini)

.rela.fini
 *(.rela.fini)

.rel.rodata
 *(.rel.rodata)
 *(.rel.rodata.*)
 *(.rel.gnu.linkonce.r*)

.rela.rodata
 *(.rela.rodata)
 *(.rela.rodata.*)
 *(.rela.gnu.linkonce.r*)

.rel.data
 *(.rel.data)
 *(.rel.data.*)
 *(.rel.gnu.linkonce.d*)

.rela.data
 *(.rela.data)
 *(.rela.data.*)
 *(.rela.gnu.linkonce.d*)

.rel.ctors
 *(.rel.ctors)

.rela.ctors
 *(.rela.ctors)

.rel.dtors
 *(.rel.dtors)

.rela.dtors
 *(.rela.dtors)

.rel.got
 *(.rel.got)

.rela.got
 *(.rela.got)

.rel.bss
 *(.rel.bss)

.rela.bss
 *(.rela.bss)

.rel.plt
 *(.rel.plt)

.rela.plt
 *(.rela.plt)

.text           0x00000000     0x64b0
 *(.vectors)
 .vectors       0x00000000       0xe4 c:/winavr-20100110/bin/../lib/gcc/avr/4.3.3/../../../../avr/lib/avr6/crtm2560.o
                0x00000000                __vectors
                0x00000000                __vector_default
 *(.vectors)
 *(.progmem.gcc*)
 .progmem.gcc_sw_table
                0x000000e4      0x138 gcode.o
 .progmem.gcc_fplib
                0x0000021c       0x2d C:\WinAVR-20100110\avr\lib\avr6\libm.a(atan.o)
 *(.progmem*)
 .progmem.data  0x00000249       0xf3 gcode.o
 .progmem.data  0x0000033c       0x17 main.o
 .progmem.data  0x00000353      0x1f5 settings.o
 .progmem.data  0x00000548       0x4f stepper.o
 .progmem.data  0x00000597       0x12 head_control.o
 .progmem.data  0x000005a9        0x9 vacuum_control.o
 .progmem.data  0x000005b2       0x22 max3421e.o
 .progmem.data  0x000005d4       0x3b C:\WinAVR-20100110\avr\lib\avr6\libc.a(strtod.o)
                0x00000610                . = ALIGN (0x2)
 *fill*         0x0000060f        0x1 00
                0x00000610                __trampolines_start = .
 *(.trampolines)
 .trampolines   0x00000610        0x0 linker stubs
 *(.trampolines*)
                0x00000610                __trampolines_end = .
 *(.jumptables)
 *(.jumptables*)
 *(.lowtext)
 *(.lowtext*)
                0x00000610                __ctors_start = .
 *(.ctors)
                0x00000610                __ctors_end = .
                0x00000610                __dtors_start = .
 *(.dtors)
                0x00000610                __dtors_end = .
 SORT(*)(.ctors)
 SORT(*)(.dtors)
 *(.init0)
 .init0         0x00000610        0x0 c:/winavr-20100110/bin/../lib/gcc/avr/4.3.3/../../../../avr/lib/avr6/crtm2560.o
                0x00000610                __init
 *(.init0)
 *(.init1)
 *(.init1)
 *(.init2)
 .init2         0x00000610       0x10 c:/winavr-20100110/bin/../lib/gcc/avr/4.3.3/../../../../avr/lib/avr6/crtm2560.o
 *(.init2)
 *(.init3)
 *(.init3)
 *(.init4)
 .init4         0x00000620       0x1a c:/winavr-20100110/bin/../lib/gcc/avr/4.3.3/../../../../avr/lib/avr6/crtm2560.o
                0x00000620                __do_copy_data
 .init4         0x0000063a       0x10 c:/winavr-20100110/bin/../lib/gcc/avr/4.3.3/avr6\libgcc.a(_clear_bss.o)
                0x0000063a                __do_clear_bss
 *(.init4)
 *(.init5)
 *(.init5)
 *(.init6)
 *(.init6)
 *(.init7)
 *(.init7)
 *(.init8)
 *(.init8)
 *(.init9)
 .init9         0x0000064a        0x8 c:/winavr-20100110/bin/../lib/gcc/avr/4.3.3/../../../../avr/lib/avr6/crtm2560.o
 *(.init9)
 *(.text)
 .text          0x00000652        0x4 c:/winavr-20100110/bin/../lib/gcc/avr/4.3.3/../../../../avr/lib/avr6/crtm2560.o
                0x00000652                __vector_38
                0x00000652                __vector_22
                0x00000652                __vector_28
                0x00000652                __vector_1
                0x00000652                __vector_34
                0x00000652                __vector_24
                0x00000652                __vector_12
                0x00000652                __vector_55
                0x00000652                __vector_46
                0x00000652                __bad_interrupt
                0x00000652                __vector_6
                0x00000652                __vector_31
                0x00000652                __vector_35
                0x00000652                __vector_39
                0x00000652                __vector_3
                0x00000652                __vector_30
                0x00000652                __vector_45
                0x00000652                __vector_11
                0x00000652                __vector_54
                0x00000652                __vector_13
                0x00000652                __vector_19
                0x00000652                __vector_56
                0x00000652                __vector_7
                0x00000652                __vector_49
                0x00000652                __vector_41
                0x00000652                __vector_43
                0x00000652                __vector_27
                0x00000652                __vector_5
                0x00000652                __vector_33
                0x00000652                __vector_47
                0x00000652                __vector_52
                0x00000652                __vector_37
                0x00000652                __vector_4
                0x00000652                __vector_44
                0x00000652                __vector_51
                0x00000652                __vector_9
                0x00000652                __vector_2
                0x00000652                __vector_21
                0x00000652                __vector_36
                0x00000652                __vector_29
                0x00000652                __vector_40
                0x00000652                __vector_8
                0x00000652                __vector_26
                0x00000652                __vector_48
                0x00000652                __vector_14
                0x00000652                __vector_53
                0x00000652                __vector_10
                0x00000652                __vector_50
                0x00000652                __vector_16
                0x00000652                __vector_18
                0x00000652                __vector_42
 .text          0x00000656        0x0 coolant_control.o
 .text          0x00000656        0x0 eeprom.o
 .text          0x00000656        0x0 gcode.o
 .text          0x00000656        0x0 main.o
 .text          0x00000656        0x0 motion_control.o
 .text          0x00000656        0x0 planner.o
 .text          0x00000656        0x0 serial_protocol.o
 .text          0x00000656        0x0 settings.o
 .text          0x00000656        0x0 spindle_control.o
 .text          0x00000656        0x0 stepper.o
 .text          0x00000656        0x0 wiring_serial.o
 .text          0x00000656        0x0 atc_control.o
 .text          0x00000656        0x0 head_control.o
 .text          0x00000656        0x0 panel_control.o
 .text          0x00000656        0x0 vacuum_control.o
 .text          0x00000656        0x0 tape_knock.o
 .text          0x00000656        0x0 usb.o
 .text          0x00000656        0x0 max3421e.o
 .text          0x00000656        0x0 SPI.o
 .text          0x00000656        0x0 timers.o
 .text          0x00000656        0x0 max3421e_usb.o
 .text          0x00000656        0x0 C:\WinAVR-20100110\avr\lib\avr6\libm.a(addsf3.o)
 .text          0x00000656        0x0 C:\WinAVR-20100110\avr\lib\avr6\libm.a(addsf3x.o)
 .text          0x00000656        0x0 C:\WinAVR-20100110\avr\lib\avr6\libm.a(atan.o)
 .text          0x00000656        0x0 C:\WinAVR-20100110\avr\lib\avr6\libm.a(ceil.o)
 .text          0x00000656        0x0 C:\WinAVR-20100110\avr\lib\avr6\libm.a(cmpsf2.o)
 .text          0x00000656        0x0 C:\WinAVR-20100110\avr\lib\avr6\libm.a(divsf3.o)
 .text          0x00000656        0x0 C:\WinAVR-20100110\avr\lib\avr6\libm.a(divsf3x.o)
 .text          0x00000656        0x0 C:\WinAVR-20100110\avr\lib\avr6\libm.a(fixsfsi.o)
 .text          0x00000656        0x0 C:\WinAVR-20100110\avr\lib\avr6\libm.a(fixunssfsi.o)
 .text          0x00000656        0x0 C:\WinAVR-20100110\avr\lib\avr6\libm.a(floatsisf.o)
 .text          0x00000656        0x0 C:\WinAVR-20100110\avr\lib\avr6\libm.a(floor.o)
 .text          0x00000656        0x0 C:\WinAVR-20100110\avr\lib\avr6\libm.a(fp_cmp.o)
 .text          0x00000656        0x0 C:\WinAVR-20100110\avr\lib\avr6\libm.a(fp_inf.o)
 .text          0x00000656        0x0 C:\WinAVR-20100110\avr\lib\avr6\libm.a(fp_mintl.o)
 .text          0x00000656        0x0 C:\WinAVR-20100110\avr\lib\avr6\libm.a(fp_mpack.o)
 .text          0x00000656        0x0 C:\WinAVR-20100110\avr\lib\avr6\libm.a(fp_nan.o)
 .text          0x00000656        0x0 C:\WinAVR-20100110\avr\lib\avr6\libm.a(fp_powser.o)
 .text          0x00000656        0x0 C:\WinAVR-20100110\avr\lib\avr6\libm.a(fp_pscA.o)
 .text          0x00000656        0x0 C:\WinAVR-20100110\avr\lib\avr6\libm.a(fp_pscB.o)
 .text          0x00000656        0x0 C:\WinAVR-20100110\avr\lib\avr6\libm.a(fp_round.o)
 .text          0x00000656        0x0 C:\WinAVR-20100110\avr\lib\avr6\libm.a(fp_split3.o)
 .text          0x00000656        0x0 C:\WinAVR-20100110\avr\lib\avr6\libm.a(fp_trunc.o)
 .text          0x00000656        0x0 C:\WinAVR-20100110\avr\lib\avr6\libm.a(fp_zero.o)
 .text          0x00000656        0x0 C:\WinAVR-20100110\avr\lib\avr6\libm.a(gesf2.o)
 .text          0x00000656        0x0 C:\WinAVR-20100110\avr\lib\avr6\libm.a(inverse.o)
 .text          0x00000656        0x0 C:\WinAVR-20100110\avr\lib\avr6\libm.a(lround.o)
 .text          0x00000656        0x0 C:\WinAVR-20100110\avr\lib\avr6\libm.a(modf.o)
 .text          0x00000656        0x0 C:\WinAVR-20100110\avr\lib\avr6\libm.a(mulsf3.o)
 .text          0x00000656        0x0 C:\WinAVR-20100110\avr\lib\avr6\libm.a(mulsf3x.o)
 .text          0x00000656        0x0 C:\WinAVR-20100110\avr\lib\avr6\libm.a(round.o)
 .text          0x00000656        0x0 C:\WinAVR-20100110\avr\lib\avr6\libm.a(sqrt.o)
 .text          0x00000656        0x0 C:\WinAVR-20100110\avr\lib\avr6\libm.a(square.o)
 .text          0x00000656        0x0 C:\WinAVR-20100110\avr\lib\avr6\libm.a(trunc.o)
 .text          0x00000656        0x0 C:\WinAVR-20100110\avr\lib\avr6\libm.a(fp_norm2.o)
 .text          0x00000656        0x0 c:/winavr-20100110/bin/../lib/gcc/avr/4.3.3/avr6\libgcc.a(_mulsi3.o)
 .text          0x00000656        0x0 c:/winavr-20100110/bin/../lib/gcc/avr/4.3.3/avr6\libgcc.a(_divmodhi4.o)
 .text          0x00000656        0x0 c:/winavr-20100110/bin/../lib/gcc/avr/4.3.3/avr6\libgcc.a(_udivmodsi4.o)
 .text          0x00000656        0x0 c:/winavr-20100110/bin/../lib/gcc/avr/4.3.3/avr6\libgcc.a(_divmodsi4.o)
 .text          0x00000656        0x0 c:/winavr-20100110/bin/../lib/gcc/avr/4.3.3/avr6\libgcc.a(_exit.o)
 .text          0x00000656        0x0 c:/winavr-20100110/bin/../lib/gcc/avr/4.3.3/avr6\libgcc.a(_clear_bss.o)
 .text          0x00000656        0x0 c:/winavr-20100110/bin/../lib/gcc/avr/4.3.3/avr6\libgcc.a(_udivmodhi4.o)
 .text          0x00000656        0x0 C:\WinAVR-20100110\avr\lib\avr6\libc.a(rand.o)
 .text          0x00000656        0x0 C:\WinAVR-20100110\avr\lib\avr6\libc.a(strtod.o)
 .text          0x00000656        0x0 C:\WinAVR-20100110\avr\lib\avr6\libc.a(isspace.o)
 .text          0x00000656        0x0 C:\WinAVR-20100110\avr\lib\avr6\libc.a(strncasecmp_P.o)
 .text          0x00000656        0x0 C:\WinAVR-20100110\avr\lib\avr6\libc.a(errno.o)
 .text          0x00000656        0x0 C:\WinAVR-20100110\avr\lib\avr6\libc.a(cty_isfalse.o)
                0x00000656                . = ALIGN (0x2)
 *(.text.*)
 .text.coolant_init
                0x00000656        0x4 coolant_control.o
                0x00000656                coolant_init
 .text.coolant_flood
                0x0000065a        0xc coolant_control.o
                0x0000065a                coolant_flood
 .text.eeprom_get_char
                0x00000666       0x10 eeprom.o
                0x00000666                eeprom_get_char
 .text.eeprom_put_char
                0x00000676       0x42 eeprom.o
                0x00000676                eeprom_put_char
 .text.memcpy_to_eeprom_with_checksum
                0x000006b8       0x78 eeprom.o
                0x000006b8                memcpy_to_eeprom_with_checksum
 .text.memcpy_from_eeprom_with_checksum
                0x00000730       0x7e eeprom.o
                0x00000730                memcpy_from_eeprom_with_checksum
 .text.select_plane
                0x000007ae        0xe gcode.o
                0x000007ae                select_plane
 .text.set_feeder_x
                0x000007bc       0x12 gcode.o
                0x000007bc                set_feeder_x
 .text.set_feeder_y
                0x000007ce       0x12 gcode.o
                0x000007ce                set_feeder_y
 .text.gotoxy   0x000007e0      0x1ae gcode.o
                0x000007e0                gotoxy
 .text.read_double
                0x0000098e       0x82 gcode.o
                0x0000098e                read_double
 .text.next_statement
                0x00000a10       0x68 gcode.o
                0x00000a10                next_statement
 .text.gc_init  0x00000a78       0x7c gcode.o
                0x00000a78                gc_init
 .text.gc_execute_line
                0x00000af4      0xa3c gcode.o
                0x00000af4                gc_execute_line
 .text.theta    0x00001530       0x8c gcode.o
                0x00001530                theta
 .text.main     0x000015bc       0xb2 main.o
                0x000015bc                main
 .text.pb_usbEventHandler
                0x0000166e       0x26 main.o
 .text.mc_go_home
                0x00001694        0x6 motion_control.o
                0x00001694                mc_go_home
 .text.mc_dwell
                0x0000169a       0xa8 motion_control.o
                0x0000169a                mc_dwell
 .text.factor_for_safe_speed
                0x00001742       0x20 planner.o
                0x00001742                factor_for_safe_speed
 .text.plan_is_acceleration_manager_enabled
                0x00001762        0x8 planner.o
                0x00001762                plan_is_acceleration_manager_enabled
 .text.plan_discard_current_block
                0x0000176a       0x32 planner.o
                0x0000176a                plan_discard_current_block
 .text.plan_get_current_block
                0x0000179c       0x52 planner.o
                0x0000179c                plan_get_current_block
 .text.planner_forward_pass_kernel
                0x000017ee      0x10c planner.o
                0x000017ee                planner_forward_pass_kernel
 .text.planner_forward_pass
                0x000018fa       0x9a planner.o
                0x000018fa                planner_forward_pass
 .text.plan_set_current
                0x00001994      0x106 planner.o
                0x00001994                plan_set_current
 .text.plan_set_acceleration_manager_enabled
                0x00001a9a       0x3a planner.o
                0x00001a9a                plan_set_acceleration_manager_enabled
 .text.plan_init
                0x00001ad4       0x28 planner.o
                0x00001ad4                plan_init
 .text.planner_reverse_pass_kernel
                0x00001afc      0x284 planner.o
                0x00001afc                planner_reverse_pass_kernel
 .text.planner_reverse_pass
                0x00001d80       0xa4 planner.o
                0x00001d80                planner_reverse_pass
 .text.calculate_trapezoid_for_block
                0x00001e24      0x2a0 planner.o
                0x00001e24                calculate_trapezoid_for_block
 .text.planner_recalculate_trapezoids
                0x000020c4       0xaa planner.o
                0x000020c4                planner_recalculate_trapezoids
 .text.planner_recalculate
                0x0000216e        0xe planner.o
                0x0000216e                planner_recalculate
 .text.plan_buffer_line
                0x0000217c      0x868 planner.o
                0x0000217c                plan_buffer_line
 .text.printCurrentPosition
                0x000029e4       0x36 planner.o
                0x000029e4                printCurrentPosition
 .text.sp_process
                0x00002a1a       0xda serial_protocol.o
                0x00002a1a                sp_process
 .text.sp_init  0x00002af4        0xe serial_protocol.o
                0x00002af4                sp_init
 .text.settings_reset
                0x00002b02       0xc8 settings.o
                0x00002b02                settings_reset
 .text.read_settings
                0x00002bca       0x84 settings.o
                0x00002bca                read_settings
 .text.write_settings
                0x00002c4e       0x1c settings.o
                0x00002c4e                write_settings
 .text.settings_store_setting
                0x00002c6a      0x146 settings.o
                0x00002c6a                settings_store_setting
 .text.settings_dump
                0x00002db0      0x1a8 settings.o
                0x00002db0                settings_dump
 .text.settings_init
                0x00002f58       0x18 settings.o
                0x00002f58                settings_init
 .text.spindle_init
                0x00002f70       0x10 spindle_control.o
                0x00002f70                spindle_init
 .text.spindle_run
                0x00002f80       0x20 spindle_control.o
                0x00002f80                spindle_run
 .text.spindle_stop
                0x00002fa0        0xc spindle_control.o
                0x00002fa0                spindle_stop
 .text.rotate_head
                0x00002fac       0x22 spindle_control.o
                0x00002fac                rotate_head
 .text.st_wake_up
                0x00002fce        0xc stepper.o
                0x00002fce                st_wake_up
 .text.set_busy
                0x00002fda        0xc stepper.o
                0x00002fda                set_busy
 .text.get_busy
                0x00002fe6        0xc stepper.o
                0x00002fe6                get_busy
 .text.__vector_15
                0x00002ff2       0x20 stepper.o
                0x00002ff2                __vector_15
 .text.st_enable
                0x00003012        0x4 stepper.o
                0x00003012                st_enable
 .text.st_disable
                0x00003016        0x4 stepper.o
                0x00003016                st_disable
 .text.st_is_enabled
                0x0000301a       0x1e stepper.o
                0x0000301a                st_is_enabled
 .text.config_step_timer
                0x00003038      0x14a stepper.o
                0x00003038                config_step_timer
 .text.set_step_events_per_minute
                0x00003182       0x48 stepper.o
                0x00003182                set_step_events_per_minute
 .text.st_init  0x000031ca       0x80 stepper.o
                0x000031ca                st_init
 .text.xHome    0x0000324a        0x6 stepper.o
                0x0000324a                xHome
 .text.yHome    0x00003250        0x6 stepper.o
                0x00003250                yHome
 .text.head_moving
                0x00003256        0xe stepper.o
                0x00003256                head_moving
 .text.limits_init
                0x00003264       0x52 stepper.o
                0x00003264                limits_init
 .text.get_limit_bits
                0x000032b6       0x20 stepper.o
                0x000032b6                get_limit_bits
 .text.yLimit2  0x000032d6       0x1e stepper.o
                0x000032d6                yLimit2
 .text.moveBack
                0x000032f4       0x6c stepper.o
                0x000032f4                moveBack
 .text.yLimit1  0x00003360       0x1e stepper.o
                0x00003360                yLimit1
 .text.moveForward
                0x0000337e       0x5a stepper.o
                0x0000337e                moveForward
 .text.xLimit2  0x000033d8       0x1e stepper.o
                0x000033d8                xLimit2
 .text.moveRight
                0x000033f6       0x6c stepper.o
                0x000033f6                moveRight
 .text.xLimit1  0x00003462       0x1e stepper.o
                0x00003462                xLimit1
 .text.moveLeft
                0x00003480       0x6a stepper.o
                0x00003480                moveLeft
 .text.st_go_home
                0x000034ea       0xf4 stepper.o
                0x000034ea                st_go_home
 .text.st_synchronize
                0x000035de       0x1a stepper.o
                0x000035de                st_synchronize
 .text.__vector_17
                0x000035f8      0x55e stepper.o
                0x000035f8                __vector_17
 .text.beginSerial
                0x00003b56       0x78 wiring_serial.o
                0x00003b56                beginSerial
 .text.serialWrite
                0x00003bce       0x10 wiring_serial.o
                0x00003bce                serialWrite
 .text.serialAvailable
                0x00003bde       0x22 wiring_serial.o
                0x00003bde                serialAvailable
 .text.serialRead
                0x00003c00       0x40 wiring_serial.o
                0x00003c00                serialRead
 .text.serialFlush
                0x00003c40       0x12 wiring_serial.o
                0x00003c40                serialFlush
 .text.printByte
                0x00003c52       0x10 wiring_serial.o
                0x00003c52                printByte
 .text.printString
                0x00003c62       0x1e wiring_serial.o
                0x00003c62                printString
 .text.printPgmString
                0x00003c80       0x1e wiring_serial.o
                0x00003c80                printPgmString
 .text.printIntegerInBase
                0x00003c9e      0x128 wiring_serial.o
                0x00003c9e                printIntegerInBase
 .text.printInteger
                0x00003dc6       0x38 wiring_serial.o
                0x00003dc6                printInteger
 .text.printBinary
                0x00003dfe        0xe wiring_serial.o
                0x00003dfe                printBinary
 .text.printFloat
                0x00003e0c       0x86 wiring_serial.o
                0x00003e0c                printFloat
 .text.__vector_25
                0x00003e92       0x92 wiring_serial.o
                0x00003e92                __vector_25
 .text.atc_init
                0x00003f24       0x26 atc_control.o
                0x00003f24                atc_init
 .text.has_tool
                0x00003f4a        0x4 atc_control.o
                0x00003f4a                has_tool
 .text.atc_fire
                0x00003f4e      0x14a atc_control.o
                0x00003f4e                atc_fire
 .text.DropTool
                0x00004098       0x42 atc_control.o
                0x00004098                DropTool
 .text.PickupTool
                0x000040da       0x4a atc_control.o
                0x000040da                PickupTool
 .text.atc_change
                0x00004124       0x40 atc_control.o
                0x00004124                atc_change
 .text.check_for_tool
                0x00004164       0x52 atc_control.o
                0x00004164                check_for_tool
 .text.head_init
                0x000041b6       0x1e head_control.o
                0x000041b6                head_init
 .text.is_head_down
                0x000041d4        0x6 head_control.o
                0x000041d4                is_head_down
 .text.is_rotated
                0x000041da        0xc head_control.o
                0x000041da                is_rotated
 .text.head_down
                0x000041e6       0x78 head_control.o
                0x000041e6                head_down
 .text.panel_init
                0x0000425e       0x80 panel_control.o
                0x0000425e                panel_init
 .text.is_pleft
                0x000042de        0xe panel_control.o
                0x000042de                is_pleft
 .text.is_pright
                0x000042ec        0xe panel_control.o
                0x000042ec                is_pright
 .text.is_pback
                0x000042fa        0xc panel_control.o
                0x000042fa                is_pback
 .text.is_pforward
                0x00004306        0xc panel_control.o
                0x00004306                is_pforward
 .text.is_phead
                0x00004312        0xc panel_control.o
                0x00004312                is_phead
 .text.is_pvac  0x0000431e        0xa panel_control.o
                0x0000431e                is_pvac
 .text.is_pfast
                0x00004328        0xa panel_control.o
                0x00004328                is_pfast
 .text.is_phome
                0x00004332        0xe panel_control.o
                0x00004332                is_phome
 .text.is_pteach
                0x00004340        0xc panel_control.o
                0x00004340                is_pteach
 .text.__vector_32
                0x0000434c       0x14 panel_control.o
                0x0000434c                __vector_32
 .text.process_panel
                0x00004360       0x66 panel_control.o
                0x00004360                process_panel
 .text.vacuum_init
                0x000043c6       0x1a vacuum_control.o
                0x000043c6                vacuum_init
 .text.vacuum   0x000043e0       0x44 vacuum_control.o
                0x000043e0                vacuum
 .text.vacuum_state
                0x00004424        0xc vacuum_control.o
                0x00004424                vacuum_state
 .text.run_vacuum_test
                0x00004430       0x74 vacuum_control.o
                0x00004430                run_vacuum_test
 .text.goto_vacpad
                0x000044a4      0x2a6 vacuum_control.o
                0x000044a4                goto_vacpad
 .text.test_mode
                0x0000474a       0xe4 vacuum_control.o
                0x0000474a                test_mode
 .text.vacuum_test
                0x0000482e       0x18 vacuum_control.o
                0x0000482e                vacuum_test
 .text.tape_init
                0x00004846        0xc tape_knock.o
                0x00004846                tape_init
 .text.tape_knock
                0x00004852       0x5a tape_knock.o
                0x00004852                tape_knock
 .text.putdown_part
                0x000048ac       0x82 tape_knock.o
                0x000048ac                putdown_part
 .text.pickup_part
                0x0000492e       0x70 tape_knock.o
                0x0000492e                pickup_part
 .text.usb_setEventHandler
                0x0000499e        0xa usb.o
                0x0000499e                usb_setEventHandler
 .text.usb_fireEvent
                0x000049a8        0xc usb.o
                0x000049a8                usb_fireEvent
 .text.usb_initEndPoint
                0x000049b4        0xe usb.o
                0x000049b4                usb_initEndPoint
 .text.usb_initDevice
                0x000049c2       0x58 usb.o
                0x000049c2                usb_initDevice
 .text.usb_printDeviceInfo
                0x00004a1a       0x30 usb.o
                0x00004a1a                usb_printDeviceInfo
 .text.max3421e_write
                0x00004a4a       0x18 max3421e.o
                0x00004a4a                max3421e_write
 .text.max3421e_writeMultiple
                0x00004a62       0x38 max3421e.o
                0x00004a62                max3421e_writeMultiple
 .text.max3421e_read
                0x00004a9a       0x18 max3421e.o
                0x00004a9a                max3421e_read
 .text.max3421e_readMultiple
                0x00004ab2       0x36 max3421e.o
                0x00004ab2                max3421e_readMultiple
 .text.max3421e_getVbusState
                0x00004ae8        0x6 max3421e.o
                0x00004ae8                max3421e_getVbusState
 .text.max3421e_busprobe
                0x00004aee       0x62 max3421e.o
                0x00004aee                max3421e_busprobe
 .text.max3421e_interruptHandler
                0x00004b50       0x2a max3421e.o
                0x00004b50                max3421e_interruptHandler
 .text.max3421e_gpxInterruptHandler
                0x00004b7a        0x8 max3421e.o
                0x00004b7a                max3421e_gpxInterruptHandler
 .text.max3421e_poll
                0x00004b82       0x26 max3421e.o
                0x00004b82                max3421e_poll
 .text.max3421e_reset
                0x00004ba8       0x3c max3421e.o
                0x00004ba8                max3421e_reset
 .text.max3421e_powerOn
                0x00004be4       0x52 max3421e.o
                0x00004be4                max3421e_powerOn
 .text.max3421e_init
                0x00004c36       0x24 max3421e.o
                0x00004c36                max3421e_init
 .text.spi_begin
                0x00004c5a       0x1e SPI.o
                0x00004c5a                spi_begin
 .text.__vector_23
                0x00004c78       0x90 timers.o
                0x00004c78                __vector_23
 .text.avr_millis
                0x00004d08       0x1e timers.o
                0x00004d08                avr_millis
 .text.avr_ticks
                0x00004d26       0x80 timers.o
                0x00004d26                avr_ticks
 .text.avr_delay
                0x00004da6       0x58 timers.o
                0x00004da6                avr_delay
 .text.avr_micros
                0x00004dfe       0x40 timers.o
                0x00004dfe                avr_micros
 .text.__vector_20
                0x00004e3e       0x2e timers.o
                0x00004e3e                __vector_20
 .text.avr_timer1Init
                0x00004e6c       0x1c timers.o
                0x00004e6c                avr_timer1Init
 .text.setup_timer
                0x00004e88       0x1e timers.o
                0x00004e88                setup_timer
 .text.usb_getUsbTaskState
                0x00004ea6        0x6 max3421e_usb.o
                0x00004ea6                usb_getUsbTaskState
 .text.usb_setUsbTaskState
                0x00004eac        0x6 max3421e_usb.o
                0x00004eac                usb_setUsbTaskState
 .text.usb_getDevice
                0x00004eb2       0x1e max3421e_usb.o
                0x00004eb2                usb_getDevice
 .text.usb_write
                0x00004ed0      0x1b2 max3421e_usb.o
                0x00004ed0                usb_write
 .text.usb_bulkWrite
                0x00005082       0x12 max3421e_usb.o
                0x00005082                usb_bulkWrite
 .text.usb_dispatchPacket
                0x00005094       0xf2 max3421e_usb.o
                0x00005094                usb_dispatchPacket
 .text.usb_read
                0x00005186       0xd4 max3421e_usb.o
                0x00005186                usb_read
 .text.usb_ctrlData
                0x0000525a       0x36 max3421e_usb.o
                0x0000525a                usb_ctrlData
 .text.usb_controlRequest
                0x00005290       0xf8 max3421e_usb.o
                0x00005290                usb_controlRequest
 .text.usb_setConfiguration
                0x00005388       0x36 max3421e_usb.o
                0x00005388                usb_setConfiguration
 .text.usb_setAddress
                0x000053be       0x36 max3421e_usb.o
                0x000053be                usb_setAddress
 .text.usb_getConfigurationDescriptor
                0x000053f4       0xa6 max3421e_usb.o
                0x000053f4                usb_getConfigurationDescriptor
 .text.usb_getDeviceDescriptor
                0x0000549a       0x36 max3421e_usb.o
                0x0000549a                usb_getDeviceDescriptor
 .text.usb_getString
                0x000054d0      0x10a max3421e_usb.o
                0x000054d0                usb_getString
 .text.usb_bulkRead
                0x000055da       0x34 max3421e_usb.o
                0x000055da                usb_bulkRead
 .text.usb_init
                0x0000560e       0x2a max3421e_usb.o
                0x0000560e                usb_init
 .text.usb_poll
                0x00005638      0x220 max3421e_usb.o
                0x00005638                usb_poll
 .text.avr-libc.fplib
                0x00005858        0xa C:\WinAVR-20100110\avr\lib\avr6\libm.a(addsf3.o)
                0x00005858                __subsf3
                0x0000585a                __addsf3
 .text.avr-libc.fplib
                0x00005862       0xc0 C:\WinAVR-20100110\avr\lib\avr6\libm.a(addsf3x.o)
                0x0000587c                __addsf3x
 .text.avr-libc.fplib
                0x00005922       0x50 C:\WinAVR-20100110\avr\lib\avr6\libm.a(atan.o)
                0x00005922                atan
 .text.avr-libc.fplib
                0x00005972       0x26 C:\WinAVR-20100110\avr\lib\avr6\libm.a(ceil.o)
                0x00005972                ceil
 .text.avr-libc.fplib
                0x00005998        0x8 C:\WinAVR-20100110\avr\lib\avr6\libm.a(cmpsf2.o)
                0x00005998                __lesf2
                0x00005998                __nesf2
                0x00005998                __eqsf2
                0x00005998                __cmpsf2
                0x00005998                __ltsf2
 .text.avr-libc.fplib
                0x000059a0        0x4 C:\WinAVR-20100110\avr\lib\avr6\libm.a(divsf3.o)
                0x000059a0                __divsf3
 .text.avr-libc.fplib
                0x000059a4       0xcc C:\WinAVR-20100110\avr\lib\avr6\libm.a(divsf3x.o)
                0x000059ba                __divsf3x
                0x000059be                __divsf3_pse
 .text.avr-libc.fplib
                0x00005a70        0xa C:\WinAVR-20100110\avr\lib\avr6\libm.a(fixsfsi.o)
                0x00005a70                __fixsfsi
 .text.avr-libc.fplib
                0x00005a7a       0x58 C:\WinAVR-20100110\avr\lib\avr6\libm.a(fixunssfsi.o)
                0x00005a7a                __fixunssfsi
 .text.avr-libc.fplib
                0x00005ad2       0x7a C:\WinAVR-20100110\avr\lib\avr6\libm.a(floatsisf.o)
                0x00005ad6                __floatsisf
                0x00005ad2                __floatunsisf
 .text.avr-libc.fplib
                0x00005b4c       0x26 C:\WinAVR-20100110\avr\lib\avr6\libm.a(floor.o)
                0x00005b4c                floor
 .text.avr-libc.fplib
                0x00005b72       0x48 C:\WinAVR-20100110\avr\lib\avr6\libm.a(fp_cmp.o)
                0x00005b72                __fp_cmp
 .text.avr-libc.fplib
                0x00005bba        0xc C:\WinAVR-20100110\avr\lib\avr6\libm.a(fp_inf.o)
                0x00005bba                __fp_inf
 .text.avr-libc.fplib
                0x00005bc6       0x36 C:\WinAVR-20100110\avr\lib\avr6\libm.a(fp_mintl.o)
                0x00005bc6                __fp_mintl
 .text.avr-libc.fplib
                0x00005bfc       0x1c C:\WinAVR-20100110\avr\lib\avr6\libm.a(fp_mpack.o)
                0x00005c00                __fp_mpack_finite
                0x00005bfc                __fp_mpack
 .text.avr-libc.fplib
                0x00005c18        0x6 C:\WinAVR-20100110\avr\lib\avr6\libm.a(fp_nan.o)
                0x00005c18                __fp_nan
 .text.avr-libc.fplib
                0x00005c1e       0x4a C:\WinAVR-20100110\avr\lib\avr6\libm.a(fp_powser.o)
                0x00005c1e                __fp_powser
 .text.avr-libc.fplib
                0x00005c68        0xe C:\WinAVR-20100110\avr\lib\avr6\libm.a(fp_pscA.o)
                0x00005c68                __fp_pscA
 .text.avr-libc.fplib
                0x00005c76        0xe C:\WinAVR-20100110\avr\lib\avr6\libm.a(fp_pscB.o)
                0x00005c76                __fp_pscB
 .text.avr-libc.fplib
                0x00005c84       0x22 C:\WinAVR-20100110\avr\lib\avr6\libm.a(fp_round.o)
                0x00005c84                __fp_round
 .text.avr-libc.fplib
                0x00005ca6       0x44 C:\WinAVR-20100110\avr\lib\avr6\libm.a(fp_split3.o)
                0x00005ca6                __fp_split3
                0x00005cb6                __fp_splitA
 .text.avr-libc.fplib
                0x00005cea       0x2e C:\WinAVR-20100110\avr\lib\avr6\libm.a(fp_trunc.o)
                0x00005cea                __fp_trunc
 .text.avr-libc.fplib
                0x00005d18        0xe C:\WinAVR-20100110\avr\lib\avr6\libm.a(fp_zero.o)
                0x00005d18                __fp_zero
                0x00005d1a                __fp_szero
 .text.avr-libc.fplib
                0x00005d26        0x8 C:\WinAVR-20100110\avr\lib\avr6\libm.a(gesf2.o)
                0x00005d26                __gtsf2
                0x00005d26                __gesf2
 .text.avr-libc.fplib
                0x00005d2e        0xe C:\WinAVR-20100110\avr\lib\avr6\libm.a(inverse.o)
                0x00005d2e                inverse
 .text.avr-libc.fplib
                0x00005d3c       0x60 C:\WinAVR-20100110\avr\lib\avr6\libm.a(lround.o)
                0x00005d3c                lround
 .text.avr-libc.fplib
                0x00005d9c       0x66 C:\WinAVR-20100110\avr\lib\avr6\libm.a(modf.o)
                0x00005d9c                modff
                0x00005d9c                modf
 .text.avr-libc.fplib
                0x00005e02        0x4 C:\WinAVR-20100110\avr\lib\avr6\libm.a(mulsf3.o)
                0x00005e02                __mulsf3
 .text.avr-libc.fplib
                0x00005e06       0xc2 C:\WinAVR-20100110\avr\lib\avr6\libm.a(mulsf3x.o)
                0x00005e1e                __mulsf3_pse
                0x00005e1a                __mulsf3x
 .text.avr-libc.fplib
                0x00005ec8       0x40 C:\WinAVR-20100110\avr\lib\avr6\libm.a(round.o)
                0x00005ec8                round
 .text.avr-libc.fplib
                0x00005f08       0x84 C:\WinAVR-20100110\avr\lib\avr6\libm.a(sqrt.o)
                0x00005f10                sqrt
 .text.avr-libc.fplib
                0x00005f8c        0x6 C:\WinAVR-20100110\avr\lib\avr6\libm.a(square.o)
                0x00005f8c                square
 .text.avr-libc.fplib
                0x00005f92        0xe C:\WinAVR-20100110\avr\lib\avr6\libm.a(trunc.o)
                0x00005f92                trunc
 .text.avr-libc.fplib
                0x00005fa0        0xe C:\WinAVR-20100110\avr\lib\avr6\libm.a(fp_norm2.o)
                0x00005fa0                __fp_norm2
 .text.libgcc   0x00005fae       0x3e c:/winavr-20100110/bin/../lib/gcc/avr/4.3.3/avr6\libgcc.a(_mulsi3.o)
                0x00005fae                __mulsi3
 .text.libgcc   0x00005fec       0x26 c:/winavr-20100110/bin/../lib/gcc/avr/4.3.3/avr6\libgcc.a(_divmodhi4.o)
                0x00005fec                __divmodhi4
                0x00005fec                _div
 .text.libgcc   0x00006012       0x44 c:/winavr-20100110/bin/../lib/gcc/avr/4.3.3/avr6\libgcc.a(_udivmodsi4.o)
                0x00006012                __udivmodsi4
 .text.libgcc   0x00006056       0x36 c:/winavr-20100110/bin/../lib/gcc/avr/4.3.3/avr6\libgcc.a(_divmodsi4.o)
                0x00006056                __divmodsi4
 .text.libgcc   0x0000608c        0x0 c:/winavr-20100110/bin/../lib/gcc/avr/4.3.3/avr6\libgcc.a(_exit.o)
 .text.libgcc   0x0000608c        0x0 c:/winavr-20100110/bin/../lib/gcc/avr/4.3.3/avr6\libgcc.a(_clear_bss.o)
 .text.libgcc   0x0000608c       0x28 c:/winavr-20100110/bin/../lib/gcc/avr/4.3.3/avr6\libgcc.a(_udivmodhi4.o)
                0x0000608c                __udivmodhi4
 .text.avr-libc
                0x000060b4       0xd6 C:\WinAVR-20100110\avr\lib\avr6\libc.a(rand.o)
                0x00006164                rand_r
                0x0000616a                rand
                0x00006174                srand
 .text.avr-libc
                0x0000618a      0x2dc C:\WinAVR-20100110\avr\lib\avr6\libc.a(strtod.o)
                0x0000618a                strtod
 .text.avr-libc
                0x00006466       0x10 C:\WinAVR-20100110\avr\lib\avr6\libc.a(isspace.o)
                0x00006466                isspace
 .text.avr-libc
                0x00006476       0x30 C:\WinAVR-20100110\avr\lib\avr6\libc.a(strncasecmp_P.o)
                0x00006476                strncasecmp_P
 .text.avr-libc
                0x000064a6        0x6 C:\WinAVR-20100110\avr\lib\avr6\libc.a(cty_isfalse.o)
                0x000064aa                __ctype_istrue
                0x000064a6                __ctype_isfalse
                0x000064ac                . = ALIGN (0x2)
 *(.fini9)
 .fini9         0x000064ac        0x0 c:/winavr-20100110/bin/../lib/gcc/avr/4.3.3/avr6\libgcc.a(_exit.o)
                0x000064ac                exit
                0x000064ac                _exit
 *(.fini9)
 *(.fini8)
 *(.fini8)
 *(.fini7)
 *(.fini7)
 *(.fini6)
 *(.fini6)
 *(.fini5)
 *(.fini5)
 *(.fini4)
 *(.fini4)
 *(.fini3)
 *(.fini3)
 *(.fini2)
 *(.fini2)
 *(.fini1)
 *(.fini1)
 *(.fini0)
 .fini0         0x000064ac        0x4 c:/winavr-20100110/bin/../lib/gcc/avr/4.3.3/avr6\libgcc.a(_exit.o)
 *(.fini0)
                0x000064b0                _etext = .

.data           0x00800200        0x6 load address 0x000064b0
                0x00800200                PROVIDE (__data_start, .)
 *(.data)
 .data          0x00800200        0x0 c:/winavr-20100110/bin/../lib/gcc/avr/4.3.3/../../../../avr/lib/avr6/crtm2560.o
 .data          0x00800200        0x0 coolant_control.o
 .data          0x00800200        0x0 eeprom.o
 .data          0x00800200        0x0 gcode.o
 .data          0x00800200        0x0 main.o
 .data          0x00800200        0x0 motion_control.o
 .data          0x00800200        0x0 planner.o
 .data          0x00800200        0x0 serial_protocol.o
 .data          0x00800200        0x0 settings.o
 .data          0x00800200        0x0 spindle_control.o
 .data          0x00800200        0x0 stepper.o
 .data          0x00800200        0x0 wiring_serial.o
 .data          0x00800200        0x0 atc_control.o
 .data          0x00800200        0x0 head_control.o
 .data          0x00800200        0x0 panel_control.o
 .data          0x00800200        0x0 vacuum_control.o
 .data          0x00800200        0x0 tape_knock.o
 .data          0x00800200        0x0 usb.o
 .data          0x00800200        0x0 max3421e.o
 .data          0x00800200        0x0 SPI.o
 .data          0x00800200        0x0 timers.o
 .data          0x00800200        0x1 max3421e_usb.o
 .data          0x00800201        0x0 C:\WinAVR-20100110\avr\lib\avr6\libm.a(addsf3.o)
 .data          0x00800201        0x0 C:\WinAVR-20100110\avr\lib\avr6\libm.a(addsf3x.o)
 .data          0x00800201        0x0 C:\WinAVR-20100110\avr\lib\avr6\libm.a(atan.o)
 .data          0x00800201        0x0 C:\WinAVR-20100110\avr\lib\avr6\libm.a(ceil.o)
 .data          0x00800201        0x0 C:\WinAVR-20100110\avr\lib\avr6\libm.a(cmpsf2.o)
 .data          0x00800201        0x0 C:\WinAVR-20100110\avr\lib\avr6\libm.a(divsf3.o)
 .data          0x00800201        0x0 C:\WinAVR-20100110\avr\lib\avr6\libm.a(divsf3x.o)
 .data          0x00800201        0x0 C:\WinAVR-20100110\avr\lib\avr6\libm.a(fixsfsi.o)
 .data          0x00800201        0x0 C:\WinAVR-20100110\avr\lib\avr6\libm.a(fixunssfsi.o)
 .data          0x00800201        0x0 C:\WinAVR-20100110\avr\lib\avr6\libm.a(floatsisf.o)
 .data          0x00800201        0x0 C:\WinAVR-20100110\avr\lib\avr6\libm.a(floor.o)
 .data          0x00800201        0x0 C:\WinAVR-20100110\avr\lib\avr6\libm.a(fp_cmp.o)
 .data          0x00800201        0x0 C:\WinAVR-20100110\avr\lib\avr6\libm.a(fp_inf.o)
 .data          0x00800201        0x0 C:\WinAVR-20100110\avr\lib\avr6\libm.a(fp_mintl.o)
 .data          0x00800201        0x0 C:\WinAVR-20100110\avr\lib\avr6\libm.a(fp_mpack.o)
 .data          0x00800201        0x0 C:\WinAVR-20100110\avr\lib\avr6\libm.a(fp_nan.o)
 .data          0x00800201        0x0 C:\WinAVR-20100110\avr\lib\avr6\libm.a(fp_powser.o)
 .data          0x00800201        0x0 C:\WinAVR-20100110\avr\lib\avr6\libm.a(fp_pscA.o)
 .data          0x00800201        0x0 C:\WinAVR-20100110\avr\lib\avr6\libm.a(fp_pscB.o)
 .data          0x00800201        0x0 C:\WinAVR-20100110\avr\lib\avr6\libm.a(fp_round.o)
 .data          0x00800201        0x0 C:\WinAVR-20100110\avr\lib\avr6\libm.a(fp_split3.o)
 .data          0x00800201        0x0 C:\WinAVR-20100110\avr\lib\avr6\libm.a(fp_trunc.o)
 .data          0x00800201        0x0 C:\WinAVR-20100110\avr\lib\avr6\libm.a(fp_zero.o)
 .data          0x00800201        0x0 C:\WinAVR-20100110\avr\lib\avr6\libm.a(gesf2.o)
 .data          0x00800201        0x0 C:\WinAVR-20100110\avr\lib\avr6\libm.a(inverse.o)
 .data          0x00800201        0x0 C:\WinAVR-20100110\avr\lib\avr6\libm.a(lround.o)
 .data          0x00800201        0x0 C:\WinAVR-20100110\avr\lib\avr6\libm.a(modf.o)
 .data          0x00800201        0x0 C:\WinAVR-20100110\avr\lib\avr6\libm.a(mulsf3.o)
 .data          0x00800201        0x0 C:\WinAVR-20100110\avr\lib\avr6\libm.a(mulsf3x.o)
 .data          0x00800201        0x0 C:\WinAVR-20100110\avr\lib\avr6\libm.a(round.o)
 .data          0x00800201        0x0 C:\WinAVR-20100110\avr\lib\avr6\libm.a(sqrt.o)
 .data          0x00800201        0x0 C:\WinAVR-20100110\avr\lib\avr6\libm.a(square.o)
 .data          0x00800201        0x0 C:\WinAVR-20100110\avr\lib\avr6\libm.a(trunc.o)
 .data          0x00800201        0x0 C:\WinAVR-20100110\avr\lib\avr6\libm.a(fp_norm2.o)
 .data          0x00800201        0x0 c:/winavr-20100110/bin/../lib/gcc/avr/4.3.3/avr6\libgcc.a(_mulsi3.o)
 .data          0x00800201        0x0 c:/winavr-20100110/bin/../lib/gcc/avr/4.3.3/avr6\libgcc.a(_divmodhi4.o)
 .data          0x00800201        0x0 c:/winavr-20100110/bin/../lib/gcc/avr/4.3.3/avr6\libgcc.a(_udivmodsi4.o)
 .data          0x00800201        0x0 c:/winavr-20100110/bin/../lib/gcc/avr/4.3.3/avr6\libgcc.a(_divmodsi4.o)
 .data          0x00800201        0x0 c:/winavr-20100110/bin/../lib/gcc/avr/4.3.3/avr6\libgcc.a(_exit.o)
 .data          0x00800201        0x0 c:/winavr-20100110/bin/../lib/gcc/avr/4.3.3/avr6\libgcc.a(_clear_bss.o)
 .data          0x00800201        0x0 c:/winavr-20100110/bin/../lib/gcc/avr/4.3.3/avr6\libgcc.a(_udivmodhi4.o)
 .data          0x00800201        0x4 C:\WinAVR-20100110\avr\lib\avr6\libc.a(rand.o)
 .data          0x00800205        0x0 C:\WinAVR-20100110\avr\lib\avr6\libc.a(strtod.o)
 .data          0x00800205        0x0 C:\WinAVR-20100110\avr\lib\avr6\libc.a(isspace.o)
 .data          0x00800205        0x0 C:\WinAVR-20100110\avr\lib\avr6\libc.a(strncasecmp_P.o)
 .data          0x00800205        0x0 C:\WinAVR-20100110\avr\lib\avr6\libc.a(errno.o)
 .data          0x00800205        0x0 C:\WinAVR-20100110\avr\lib\avr6\libc.a(cty_isfalse.o)
 *(.data*)
 *(.rodata)
 *(.rodata*)
 *(.gnu.linkonce.d*)
                0x00800206                . = ALIGN (0x2)
 *fill*         0x00800205        0x1 00
                0x00800206                _edata = .
                0x00800206                PROVIDE (__data_end, .)

.bss            0x00800206      0x7d4
                0x00800206                PROVIDE (__bss_start, .)
 *(.bss)
 .bss           0x00800206        0x0 c:/winavr-20100110/bin/../lib/gcc/avr/4.3.3/../../../../avr/lib/avr6/crtm2560.o
 .bss           0x00800206        0x0 coolant_control.o
 .bss           0x00800206        0x0 eeprom.o
 .bss           0x00800206       0x2c gcode.o
 .bss           0x00800232        0x0 main.o
 .bss           0x00800232        0x0 motion_control.o
 .bss           0x00800232      0x5c9 planner.o
 .bss           0x008007fb       0x33 serial_protocol.o
 .bss           0x0080082e        0x0 settings.o
 .bss           0x0080082e        0x0 spindle_control.o
 .bss           0x0080082e       0x27 stepper.o
                0x0080082e                ackHost
                0x0080082f                gHomed
 .bss           0x00800855      0x104 wiring_serial.o
                0x00800855                rx_buffer_head
                0x00800857                rx_buffer_tail
 .bss           0x00800959        0x0 atc_control.o
 .bss           0x00800959        0x0 head_control.o
 .bss           0x00800959        0x2 panel_control.o
 .bss           0x0080095b        0x0 vacuum_control.o
 .bss           0x0080095b        0x0 tape_knock.o
 .bss           0x0080095b        0x2 usb.o
 .bss           0x0080095d        0x1 max3421e.o
 .bss           0x0080095e        0x0 SPI.o
 .bss           0x0080095e        0xb timers.o
                0x0080095e                timer0_overflow_count
                0x00800962                timer0_millis
                0x00800966                timer1_overflow_count
 .bss           0x00800969        0x5 max3421e_usb.o
 .bss           0x0080096e        0x0 C:\WinAVR-20100110\avr\lib\avr6\libm.a(addsf3.o)
 .bss           0x0080096e        0x0 C:\WinAVR-20100110\avr\lib\avr6\libm.a(addsf3x.o)
 .bss           0x0080096e        0x0 C:\WinAVR-20100110\avr\lib\avr6\libm.a(atan.o)
 .bss           0x0080096e        0x0 C:\WinAVR-20100110\avr\lib\avr6\libm.a(ceil.o)
 .bss           0x0080096e        0x0 C:\WinAVR-20100110\avr\lib\avr6\libm.a(cmpsf2.o)
 .bss           0x0080096e        0x0 C:\WinAVR-20100110\avr\lib\avr6\libm.a(divsf3.o)
 .bss           0x0080096e        0x0 C:\WinAVR-20100110\avr\lib\avr6\libm.a(divsf3x.o)
 .bss           0x0080096e        0x0 C:\WinAVR-20100110\avr\lib\avr6\libm.a(fixsfsi.o)
 .bss           0x0080096e        0x0 C:\WinAVR-20100110\avr\lib\avr6\libm.a(fixunssfsi.o)
 .bss           0x0080096e        0x0 C:\WinAVR-20100110\avr\lib\avr6\libm.a(floatsisf.o)
 .bss           0x0080096e        0x0 C:\WinAVR-20100110\avr\lib\avr6\libm.a(floor.o)
 .bss           0x0080096e        0x0 C:\WinAVR-20100110\avr\lib\avr6\libm.a(fp_cmp.o)
 .bss           0x0080096e        0x0 C:\WinAVR-20100110\avr\lib\avr6\libm.a(fp_inf.o)
 .bss           0x0080096e        0x0 C:\WinAVR-20100110\avr\lib\avr6\libm.a(fp_mintl.o)
 .bss           0x0080096e        0x0 C:\WinAVR-20100110\avr\lib\avr6\libm.a(fp_mpack.o)
 .bss           0x0080096e        0x0 C:\WinAVR-20100110\avr\lib\avr6\libm.a(fp_nan.o)
 .bss           0x0080096e        0x0 C:\WinAVR-20100110\avr\lib\avr6\libm.a(fp_powser.o)
 .bss           0x0080096e        0x0 C:\WinAVR-20100110\avr\lib\avr6\libm.a(fp_pscA.o)
 .bss           0x0080096e        0x0 C:\WinAVR-20100110\avr\lib\avr6\libm.a(fp_pscB.o)
 .bss           0x0080096e        0x0 C:\WinAVR-20100110\avr\lib\avr6\libm.a(fp_round.o)
 .bss           0x0080096e        0x0 C:\WinAVR-20100110\avr\lib\avr6\libm.a(fp_split3.o)
 .bss           0x0080096e        0x0 C:\WinAVR-20100110\avr\lib\avr6\libm.a(fp_trunc.o)
 .bss           0x0080096e        0x0 C:\WinAVR-20100110\avr\lib\avr6\libm.a(fp_zero.o)
 .bss           0x0080096e        0x0 C:\WinAVR-20100110\avr\lib\avr6\libm.a(gesf2.o)
 .bss           0x0080096e        0x0 C:\WinAVR-20100110\avr\lib\avr6\libm.a(inverse.o)
 .bss           0x0080096e        0x0 C:\WinAVR-20100110\avr\lib\avr6\libm.a(lround.o)
 .bss           0x0080096e        0x0 C:\WinAVR-20100110\avr\lib\avr6\libm.a(modf.o)
 .bss           0x0080096e        0x0 C:\WinAVR-20100110\avr\lib\avr6\libm.a(mulsf3.o)
 .bss           0x0080096e        0x0 C:\WinAVR-20100110\avr\lib\avr6\libm.a(mulsf3x.o)
 .bss           0x0080096e        0x0 C:\WinAVR-20100110\avr\lib\avr6\libm.a(round.o)
 .bss           0x0080096e        0x0 C:\WinAVR-20100110\avr\lib\avr6\libm.a(sqrt.o)
 .bss           0x0080096e        0x0 C:\WinAVR-20100110\avr\lib\avr6\libm.a(square.o)
 .bss           0x0080096e        0x0 C:\WinAVR-20100110\avr\lib\avr6\libm.a(trunc.o)
 .bss           0x0080096e        0x0 C:\WinAVR-20100110\avr\lib\avr6\libm.a(fp_norm2.o)
 .bss           0x0080096e        0x0 c:/winavr-20100110/bin/../lib/gcc/avr/4.3.3/avr6\libgcc.a(_mulsi3.o)
 .bss           0x0080096e        0x0 c:/winavr-20100110/bin/../lib/gcc/avr/4.3.3/avr6\libgcc.a(_divmodhi4.o)
 .bss           0x0080096e        0x0 c:/winavr-20100110/bin/../lib/gcc/avr/4.3.3/avr6\libgcc.a(_udivmodsi4.o)
 .bss           0x0080096e        0x0 c:/winavr-20100110/bin/../lib/gcc/avr/4.3.3/avr6\libgcc.a(_divmodsi4.o)
 .bss           0x0080096e        0x0 c:/winavr-20100110/bin/../lib/gcc/avr/4.3.3/avr6\libgcc.a(_exit.o)
 .bss           0x0080096e        0x0 c:/winavr-20100110/bin/../lib/gcc/avr/4.3.3/avr6\libgcc.a(_clear_bss.o)
 .bss           0x0080096e        0x0 c:/winavr-20100110/bin/../lib/gcc/avr/4.3.3/avr6\libgcc.a(_udivmodhi4.o)
 .bss           0x0080096e        0x0 C:\WinAVR-20100110\avr\lib\avr6\libc.a(rand.o)
 .bss           0x0080096e        0x0 C:\WinAVR-20100110\avr\lib\avr6\libc.a(strtod.o)
 .bss           0x0080096e        0x0 C:\WinAVR-20100110\avr\lib\avr6\libc.a(isspace.o)
 .bss           0x0080096e        0x0 C:\WinAVR-20100110\avr\lib\avr6\libc.a(strncasecmp_P.o)
 .bss           0x0080096e        0x0 C:\WinAVR-20100110\avr\lib\avr6\libc.a(errno.o)
 .bss           0x0080096e        0x0 C:\WinAVR-20100110\avr\lib\avr6\libc.a(cty_isfalse.o)
 *(.bss*)
 *(COMMON)
 COMMON         0x0080096e       0x26 settings.o
                0x0080096e                settings
 COMMON         0x00800994        0x1 stepper.o
                0x00800994                dir_bits
 COMMON         0x00800995        0x1 usb.o
                0x00800995                max_registers
 COMMON         0x00800996       0x42 max3421e_usb.o
                0x00800996                deviceTable
 COMMON         0x008009d8        0x2 C:\WinAVR-20100110\avr\lib\avr6\libc.a(errno.o)
                0x008009d8                errno
                0x008009da                PROVIDE (__bss_end, .)
                0x000064b0                __data_load_start = LOADADDR (.data)
                0x000064b6                __data_load_end = (__data_load_start + SIZEOF (.data))

.noinit         0x008009da        0x0
                0x008009da                PROVIDE (__noinit_start, .)
 *(.noinit*)
                0x008009da                PROVIDE (__noinit_end, .)
                0x008009da                _end = .
                0x008009da                PROVIDE (__heap_start, .)

.eeprom         0x00810000        0x0
 *(.eeprom*)
                0x00810000                __eeprom_end = .

.fuse
 *(.fuse)
 *(.lfuse)
 *(.hfuse)
 *(.efuse)

.lock
 *(.lock*)

.signature
 *(.signature*)

.stab
 *(.stab)

.stabstr
 *(.stabstr)

.stab.excl
 *(.stab.excl)

.stab.exclstr
 *(.stab.exclstr)

.stab.index
 *(.stab.index)

.stab.indexstr
 *(.stab.indexstr)

.comment
 *(.comment)

.debug
 *(.debug)

.line
 *(.line)

.debug_srcinfo
 *(.debug_srcinfo)

.debug_sfnames
 *(.debug_sfnames)

.debug_aranges  0x00000000      0x710
 *(.debug_aranges)
 .debug_aranges
                0x00000000       0x28 coolant_control.o
 .debug_aranges
                0x00000028       0x38 eeprom.o
 .debug_aranges
                0x00000060       0x60 gcode.o
 .debug_aranges
                0x000000c0       0x28 main.o
 .debug_aranges
                0x000000e8       0x28 motion_control.o
 .debug_aranges
                0x00000110       0x98 planner.o
 .debug_aranges
                0x000001a8       0x28 serial_protocol.o
 .debug_aranges
                0x000001d0       0x48 settings.o
 .debug_aranges
                0x00000218       0x38 spindle_control.o
 .debug_aranges
                0x00000250       0xe8 stepper.o
 .debug_aranges
                0x00000338       0x80 wiring_serial.o
 .debug_aranges
                0x000003b8       0x50 atc_control.o
 .debug_aranges
                0x00000408       0x38 head_control.o
 .debug_aranges
                0x00000440       0x78 panel_control.o
 .debug_aranges
                0x000004b8       0x50 vacuum_control.o
 .debug_aranges
                0x00000508       0x38 tape_knock.o
 .debug_aranges
                0x00000540       0x40 usb.o
 .debug_aranges
                0x00000580       0x78 max3421e.o
 .debug_aranges
                0x000005f8       0x20 SPI.o
 .debug_aranges
                0x00000618       0x58 timers.o
 .debug_aranges
                0x00000670       0xa0 max3421e_usb.o

.debug_pubnames
                0x00000000      0xdf7
 *(.debug_pubnames)
 .debug_pubnames
                0x00000000       0x35 coolant_control.o
 .debug_pubnames
                0x00000035       0x82 eeprom.o
 .debug_pubnames
                0x000000b7       0x9d gcode.o
 .debug_pubnames
                0x00000154       0x1b main.o
 .debug_pubnames
                0x0000016f       0x2e motion_control.o
 .debug_pubnames
                0x0000019d      0x1d9 planner.o
 .debug_pubnames
                0x00000376       0x2d serial_protocol.o
 .debug_pubnames
                0x000003a3       0x96 settings.o
 .debug_pubnames
                0x00000439       0x54 spindle_control.o
 .debug_pubnames
                0x0000048d      0x1c0 stepper.o
 .debug_pubnames
                0x0000064d      0x113 wiring_serial.o
 .debug_pubnames
                0x00000760       0x77 atc_control.o
 .debug_pubnames
                0x000007d7       0x4e head_control.o
 .debug_pubnames
                0x00000825       0xbc panel_control.o
 .debug_pubnames
                0x000008e1       0x80 vacuum_control.o
 .debug_pubnames
                0x00000961       0x50 tape_knock.o
 .debug_pubnames
                0x000009b1       0x8e usb.o
 .debug_pubnames
                0x00000a3f      0x139 max3421e.o
 .debug_pubnames
                0x00000b78       0x20 SPI.o
 .debug_pubnames
                0x00000b98       0xd5 timers.o
 .debug_pubnames
                0x00000c6d      0x18a max3421e_usb.o

.debug_info     0x00000000     0x58aa
 *(.debug_info)
 .debug_info    0x00000000       0xa5 coolant_control.o
 .debug_info    0x000000a5      0x1da eeprom.o
 .debug_info    0x0000027f      0x9f0 gcode.o
 .debug_info    0x00000c6f      0x26d main.o
 .debug_info    0x00000edc      0x15e motion_control.o
 .debug_info    0x0000103a      0x906 planner.o
 .debug_info    0x00001940      0x135 serial_protocol.o
 .debug_info    0x00001a75      0x522 settings.o
 .debug_info    0x00001f97      0x22d spindle_control.o
 .debug_info    0x000021c4      0xb9b stepper.o
 .debug_info    0x00002d5f      0x469 wiring_serial.o
 .debug_info    0x000031c8      0x2da atc_control.o
 .debug_info    0x000034a2      0x20a head_control.o
 .debug_info    0x000036ac      0x293 panel_control.o
 .debug_info    0x0000393f      0x721 vacuum_control.o
 .debug_info    0x00004060      0x344 tape_knock.o
 .debug_info    0x000043a4      0x466 usb.o
 .debug_info    0x0000480a      0x372 max3421e.o
 .debug_info    0x00004b7c       0x78 SPI.o
 .debug_info    0x00004bf4      0x269 timers.o
 .debug_info    0x00004e5d      0xa4d max3421e_usb.o
 *(.gnu.linkonce.wi.*)

.debug_abbrev   0x00000000     0x1d03
 *(.debug_abbrev)
 .debug_abbrev  0x00000000       0x6c coolant_control.o
 .debug_abbrev  0x0000006c      0x109 eeprom.o
 .debug_abbrev  0x00000175      0x261 gcode.o
 .debug_abbrev  0x000003d6       0xfa main.o
 .debug_abbrev  0x000004d0       0xfd motion_control.o
 .debug_abbrev  0x000005cd      0x22a planner.o
 .debug_abbrev  0x000007f7       0xe6 serial_protocol.o
 .debug_abbrev  0x000008dd      0x10b settings.o
 .debug_abbrev  0x000009e8      0x12d spindle_control.o
 .debug_abbrev  0x00000b15      0x367 stepper.o
 .debug_abbrev  0x00000e7c      0x1d1 wiring_serial.o
 .debug_abbrev  0x0000104d      0x16c atc_control.o
 .debug_abbrev  0x000011b9      0x153 head_control.o
 .debug_abbrev  0x0000130c       0xee panel_control.o
 .debug_abbrev  0x000013fa      0x1d7 vacuum_control.o
 .debug_abbrev  0x000015d1      0x111 tape_knock.o
 .debug_abbrev  0x000016e2      0x129 usb.o
 .debug_abbrev  0x0000180b      0x187 max3421e.o
 .debug_abbrev  0x00001992       0x48 SPI.o
 .debug_abbrev  0x000019da      0x159 timers.o
 .debug_abbrev  0x00001b33      0x1d0 max3421e_usb.o

.debug_line     0x00000000     0x513a
 *(.debug_line)
 .debug_line    0x00000000       0xa2 coolant_control.o
 .debug_line    0x000000a2      0x2ad eeprom.o
 .debug_line    0x0000034f      0x8a3 gcode.o
 .debug_line    0x00000bf2      0x1c5 main.o
 .debug_line    0x00000db7      0x19d motion_control.o
 .debug_line    0x00000f54      0x74e planner.o
 .debug_line    0x000016a2      0x1d0 serial_protocol.o
 .debug_line    0x00001872      0x3f0 settings.o
 .debug_line    0x00001c62      0x1e9 spindle_control.o
 .debug_line    0x00001e4b      0xcd4 stepper.o
 .debug_line    0x00002b1f      0x3cc wiring_serial.o
 .debug_line    0x00002eeb      0x40b atc_control.o
 .debug_line    0x000032f6      0x21c head_control.o
 .debug_line    0x00003512      0x2f0 panel_control.o
 .debug_line    0x00003802      0x54a vacuum_control.o
 .debug_line    0x00003d4c      0x300 tape_knock.o
 .debug_line    0x0000404c      0x164 usb.o
 .debug_line    0x000041b0      0x448 max3421e.o
 .debug_line    0x000045f8       0x94 SPI.o
 .debug_line    0x0000468c      0x280 timers.o
 .debug_line    0x0000490c      0x82e max3421e_usb.o

.debug_frame    0x00000000      0xb80
 *(.debug_frame)
 .debug_frame   0x00000000       0x30 coolant_control.o
 .debug_frame   0x00000030       0x50 eeprom.o
 .debug_frame   0x00000080       0xa0 gcode.o
 .debug_frame   0x00000120       0x30 main.o
 .debug_frame   0x00000150       0x30 motion_control.o
 .debug_frame   0x00000180      0x110 planner.o
 .debug_frame   0x00000290       0x30 serial_protocol.o
 .debug_frame   0x000002c0       0x70 settings.o
 .debug_frame   0x00000330       0x50 spindle_control.o
 .debug_frame   0x00000380      0x1b0 stepper.o
 .debug_frame   0x00000530       0xe0 wiring_serial.o
 .debug_frame   0x00000610       0x80 atc_control.o
 .debug_frame   0x00000690       0x50 head_control.o
 .debug_frame   0x000006e0       0xd0 panel_control.o
 .debug_frame   0x000007b0       0x80 vacuum_control.o
 .debug_frame   0x00000830       0x50 tape_knock.o
 .debug_frame   0x00000880       0x60 usb.o
 .debug_frame   0x000008e0       0xd0 max3421e.o
 .debug_frame   0x000009b0       0x20 SPI.o
 .debug_frame   0x000009d0       0x90 timers.o
 .debug_frame   0x00000a60      0x120 max3421e_usb.o

.debug_str      0x00000000     0x16ba
 *(.debug_str)
 .debug_str     0x00000000       0xaa coolant_control.o
                                 0xe5 (size before relaxing)
 .debug_str     0x000000aa       0xa7 eeprom.o
                                0x168 (size before relaxing)
 .debug_str     0x00000151      0x283 gcode.o
                                0x39a (size before relaxing)
 .debug_str     0x000003d4       0xf6 main.o
                                0x1c5 (size before relaxing)
 .debug_str     0x000004ca       0x71 motion_control.o
                                0x12f (size before relaxing)
 .debug_str     0x0000053b      0x418 planner.o
                                0x60e (size before relaxing)
 .debug_str     0x00000953       0x37 serial_protocol.o
                                0x126 (size before relaxing)
 .debug_str     0x0000098a       0x7f settings.o
                                0x1d4 (size before relaxing)
 .debug_str     0x00000a09       0x64 spindle_control.o
                                0x176 (size before relaxing)
 .debug_str     0x00000a6d      0x261 stepper.o
                                0x547 (size before relaxing)
 .debug_str     0x00000cce      0x11b wiring_serial.o
                                0x1ed (size before relaxing)
 .debug_str     0x00000de9       0x61 atc_control.o
                                0x188 (size before relaxing)
 .debug_str     0x00000e4a       0x34 head_control.o
                                0x141 (size before relaxing)
 .debug_str     0x00000e7e       0x98 panel_control.o
                                0x158 (size before relaxing)
 .debug_str     0x00000f16       0x62 vacuum_control.o
                                0x196 (size before relaxing)
 .debug_str     0x00000f78       0x4c tape_knock.o
                                0x149 (size before relaxing)
 .debug_str     0x00000fc4      0x285 usb.o
                                0x440 (size before relaxing)
 .debug_str     0x00001249      0x12d max3421e.o
                                0x32d (size before relaxing)
 .debug_str     0x00001376       0x13 SPI.o
                                 0xc1 (size before relaxing)
 .debug_str     0x00001389       0xc1 timers.o
                                0x18f (size before relaxing)
 .debug_str     0x0000144a      0x270 max3421e_usb.o
                                0x646 (size before relaxing)

.debug_loc      0x00000000     0x3677
 *(.debug_loc)
 .debug_loc     0x00000000      0x1f7 eeprom.o
 .debug_loc     0x000001f7      0x9fa gcode.o
 .debug_loc     0x00000bf1       0x46 main.o
 .debug_loc     0x00000c37       0xbc motion_control.o
 .debug_loc     0x00000cf3      0x825 planner.o
 .debug_loc     0x00001518       0x76 serial_protocol.o
 .debug_loc     0x0000158e      0x1bf settings.o
 .debug_loc     0x0000174d       0x3b spindle_control.o
 .debug_loc     0x00001788      0x4dd stepper.o
 .debug_loc     0x00001c65      0x2dd wiring_serial.o
 .debug_loc     0x00001f42      0x140 atc_control.o
 .debug_loc     0x00002082       0x78 head_control.o
 .debug_loc     0x000020fa      0x389 vacuum_control.o
 .debug_loc     0x00002483      0x150 tape_knock.o
 .debug_loc     0x000025d3       0xab usb.o
 .debug_loc     0x0000267e      0x15f max3421e.o
 .debug_loc     0x000027dd       0xca timers.o
 .debug_loc     0x000028a7      0xdd0 max3421e_usb.o

.debug_macinfo
 *(.debug_macinfo)
OUTPUT(grbl.elf elf32-avr)
LOAD linker stubs

.debug_ranges   0x00000000      0xbe0
 .debug_ranges  0x00000000       0x20 coolant_control.o
 .debug_ranges  0x00000020       0x60 eeprom.o
 .debug_ranges  0x00000080       0xa0 gcode.o
 .debug_ranges  0x00000120       0x20 main.o
 .debug_ranges  0x00000140       0x50 motion_control.o
 .debug_ranges  0x00000190       0xa8 planner.o
 .debug_ranges  0x00000238       0x50 serial_protocol.o
 .debug_ranges  0x00000288       0x40 settings.o
 .debug_ranges  0x000002c8       0xf0 spindle_control.o
 .debug_ranges  0x000003b8      0x410 stepper.o
 .debug_ranges  0x000007c8       0xc8 wiring_serial.o
 .debug_ranges  0x00000890       0x48 atc_control.o
 .debug_ranges  0x000008d8       0x30 head_control.o
 .debug_ranges  0x00000908       0x70 panel_control.o
 .debug_ranges  0x00000978       0x90 vacuum_control.o
 .debug_ranges  0x00000a08       0x30 tape_knock.o
 .debug_ranges  0x00000a38       0x38 usb.o
 .debug_ranges  0x00000a70       0x70 max3421e.o
 .debug_ranges  0x00000ae0       0x18 SPI.o
 .debug_ranges  0x00000af8       0x50 timers.o
 .debug_ranges  0x00000b48       0x98 max3421e_usb.o
