Archive member included because of file (symbol)

C:\WinAVR-20100110\avr\lib\avr6\libm.a(addsf3.o)
                              gcode.o (__subsf3)
C:\WinAVR-20100110\avr\lib\avr6\libm.a(addsf3x.o)
                              C:\WinAVR-20100110\avr\lib\avr6\libm.a(addsf3.o) (__addsf3x)
C:\WinAVR-20100110\avr\lib\avr6\libm.a(atan.o)
                              gcode.o (atan)
C:\WinAVR-20100110\avr\lib\avr6\libm.a(ceil.o)
                              planner.o (ceil)
C:\WinAVR-20100110\avr\lib\avr6\libm.a(cmpsf2.o)
                              gcode.o (__eqsf2)
C:\WinAVR-20100110\avr\lib\avr6\libm.a(divsf3.o)
                              gcode.o (__divsf3)
C:\WinAVR-20100110\avr\lib\avr6\libm.a(divsf3x.o)
                              C:\WinAVR-20100110\avr\lib\avr6\libm.a(divsf3.o) (__divsf3x)
C:\WinAVR-20100110\avr\lib\avr6\libm.a(fixsfsi.o)
                              gcode.o (__fixsfsi)
C:\WinAVR-20100110\avr\lib\avr6\libm.a(fixunssfsi.o)
                              gcode.o (__fixunssfsi)
C:\WinAVR-20100110\avr\lib\avr6\libm.a(floatsisf.o)
                              motion_control.o (__floatunsisf)
C:\WinAVR-20100110\avr\lib\avr6\libm.a(floor.o)
                              planner.o (floor)
C:\WinAVR-20100110\avr\lib\avr6\libm.a(fp_cmp.o)
                              C:\WinAVR-20100110\avr\lib\avr6\libm.a(cmpsf2.o) (__fp_cmp)
C:\WinAVR-20100110\avr\lib\avr6\libm.a(fp_inf.o)
                              C:\WinAVR-20100110\avr\lib\avr6\libm.a(addsf3x.o) (__fp_inf)
C:\WinAVR-20100110\avr\lib\avr6\libm.a(fp_mintl.o)
                              C:\WinAVR-20100110\avr\lib\avr6\libm.a(ceil.o) (__fp_mintl)
C:\WinAVR-20100110\avr\lib\avr6\libm.a(fp_mpack.o)
                              C:\WinAVR-20100110\avr\lib\avr6\libm.a(ceil.o) (__fp_mpack)
C:\WinAVR-20100110\avr\lib\avr6\libm.a(fp_nan.o)
                              C:\WinAVR-20100110\avr\lib\avr6\libm.a(addsf3x.o) (__fp_nan)
C:\WinAVR-20100110\avr\lib\avr6\libm.a(fp_powser.o)
                              C:\WinAVR-20100110\avr\lib\avr6\libm.a(atan.o) (__fp_powser)
C:\WinAVR-20100110\avr\lib\avr6\libm.a(fp_pscA.o)
                              C:\WinAVR-20100110\avr\lib\avr6\libm.a(addsf3x.o) (__fp_pscA)
C:\WinAVR-20100110\avr\lib\avr6\libm.a(fp_pscB.o)
                              C:\WinAVR-20100110\avr\lib\avr6\libm.a(addsf3x.o) (__fp_pscB)
C:\WinAVR-20100110\avr\lib\avr6\libm.a(fp_round.o)
                              C:\WinAVR-20100110\avr\lib\avr6\libm.a(addsf3.o) (__fp_round)
C:\WinAVR-20100110\avr\lib\avr6\libm.a(fp_split3.o)
                              C:\WinAVR-20100110\avr\lib\avr6\libm.a(addsf3x.o) (__fp_split3)
C:\WinAVR-20100110\avr\lib\avr6\libm.a(fp_trunc.o)
                              C:\WinAVR-20100110\avr\lib\avr6\libm.a(ceil.o) (__fp_trunc)
C:\WinAVR-20100110\avr\lib\avr6\libm.a(fp_zero.o)
                              C:\WinAVR-20100110\avr\lib\avr6\libm.a(addsf3x.o) (__fp_zero)
C:\WinAVR-20100110\avr\lib\avr6\libm.a(gesf2.o)
                              gcode.o (__gtsf2)
C:\WinAVR-20100110\avr\lib\avr6\libm.a(inverse.o)
                              C:\WinAVR-20100110\avr\lib\avr6\libm.a(atan.o) (inverse)
C:\WinAVR-20100110\avr\lib\avr6\libm.a(lround.o)
                              planner.o (lround)
C:\WinAVR-20100110\avr\lib\avr6\libm.a(modf.o)
                              wiring_serial.o (modf)
C:\WinAVR-20100110\avr\lib\avr6\libm.a(mulsf3.o)
                              gcode.o (__mulsf3)
C:\WinAVR-20100110\avr\lib\avr6\libm.a(mulsf3x.o)
                              C:\WinAVR-20100110\avr\lib\avr6\libm.a(atan.o) (__mulsf3x)
C:\WinAVR-20100110\avr\lib\avr6\libm.a(round.o)
                              settings.o (round)
C:\WinAVR-20100110\avr\lib\avr6\libm.a(sqrt.o)
                              planner.o (sqrt)
C:\WinAVR-20100110\avr\lib\avr6\libm.a(square.o)
                              planner.o (square)
C:\WinAVR-20100110\avr\lib\avr6\libm.a(trunc.o)
                              gcode.o (trunc)
C:\WinAVR-20100110\avr\lib\avr6\libm.a(fp_norm2.o)
                              C:\WinAVR-20100110\avr\lib\avr6\libm.a(sqrt.o) (__fp_norm2)
c:/winavr-20100110/bin/../lib/gcc/avr/4.3.3/avr6\libgcc.a(_mulsi3.o)
                              planner.o (__mulsi3)
c:/winavr-20100110/bin/../lib/gcc/avr/4.3.3/avr6\libgcc.a(_divmodhi4.o)
                              planner.o (__divmodhi4)
c:/winavr-20100110/bin/../lib/gcc/avr/4.3.3/avr6\libgcc.a(_udivmodsi4.o)
                              stepper.o (__udivmodsi4)
c:/winavr-20100110/bin/../lib/gcc/avr/4.3.3/avr6\libgcc.a(_divmodsi4.o)
                              wiring_serial.o (__divmodsi4)
c:/winavr-20100110/bin/../lib/gcc/avr/4.3.3/avr6\libgcc.a(_exit.o)
                              c:/winavr-20100110/bin/../lib/gcc/avr/4.3.3/../../../../avr/lib/avr6/crtm2560.o (exit)
c:/winavr-20100110/bin/../lib/gcc/avr/4.3.3/avr6\libgcc.a(_clear_bss.o)
                              gcode.o (__do_clear_bss)
c:/winavr-20100110/bin/../lib/gcc/avr/4.3.3/avr6\libgcc.a(_udivmodhi4.o)
                              c:/winavr-20100110/bin/../lib/gcc/avr/4.3.3/avr6\libgcc.a(_divmodhi4.o) (__udivmodhi4)
C:\WinAVR-20100110\avr\lib\avr6\libc.a(rand.o)
                              vacuum_control.o (rand)
C:\WinAVR-20100110\avr\lib\avr6\libc.a(strtod.o)
                              gcode.o (strtod)
C:\WinAVR-20100110\avr\lib\avr6\libc.a(isspace.o)
                              C:\WinAVR-20100110\avr\lib\avr6\libc.a(strtod.o) (isspace)
C:\WinAVR-20100110\avr\lib\avr6\libc.a(strncasecmp_P.o)
                              C:\WinAVR-20100110\avr\lib\avr6\libc.a(strtod.o) (strncasecmp_P)
C:\WinAVR-20100110\avr\lib\avr6\libc.a(errno.o)
                              C:\WinAVR-20100110\avr\lib\avr6\libc.a(strtod.o) (errno)
C:\WinAVR-20100110\avr\lib\avr6\libc.a(cty_isfalse.o)
                              C:\WinAVR-20100110\avr\lib\avr6\libc.a(isspace.o) (__ctype_isfalse)

Allocating common symbols
Common symbol       size              file

max_registers       0x1               usb.o
errno               0x2               C:\WinAVR-20100110\avr\lib\avr6\libc.a(errno.o)
settings            0x26              settings.o
dir_bits            0x1               stepper.o
deviceTable         0x42              max3421e_usb.o

Memory Configuration

Name             Origin             Length             Attributes
text             0x00000000         0x00100000         xr
data             0x00800200         0x0000fe00         rw !x
eeprom           0x00810000         0x00010000         rw !x
fuse             0x00820000         0x00000400         rw !x
lock             0x00830000         0x00000400         rw !x
signature        0x00840000         0x00000400         rw !x
*default*        0x00000000         0xffffffff

Linker script and memory map

Address of section .data set to 0x800200
LOAD c:/winavr-20100110/bin/../lib/gcc/avr/4.3.3/../../../../avr/lib/avr6/crtm2560.o
LOAD coolant_control.o
LOAD eeprom.o
LOAD gcode.o
LOAD main.o
LOAD motion_control.o
LOAD planner.o
LOAD serial_protocol.o
LOAD settings.o
LOAD spindle_control.o
LOAD stepper.o
LOAD wiring_serial.o
LOAD atc_control.o
LOAD head_control.o
LOAD panel_control.o
LOAD vacuum_control.o
LOAD tape_knock.o
LOAD usb.o
LOAD max3421e.o
LOAD SPI.o
LOAD timers.o
LOAD max3421e_usb.o
LOAD C:\WinAVR-20100110\avr\lib\avr6\libm.a
LOAD c:/winavr-20100110/bin/../lib/gcc/avr/4.3.3/avr6\libgcc.a
LOAD C:\WinAVR-20100110\avr\lib\avr6\libc.a
LOAD c:/winavr-20100110/bin/../lib/gcc/avr/4.3.3/avr6\libgcc.a

.hash
 *(.hash)

.dynsym
 *(.dynsym)

.dynstr
 *(.dynstr)

.gnu.version
 *(.gnu.version)

.gnu.version_d
 *(.gnu.version_d)

.gnu.version_r
 *(.gnu.version_r)

.rel.init
 *(.rel.init)

.rela.init
 *(.rela.init)

.rel.text
 *(.rel.text)
 *(.rel.text.*)
 *(.rel.gnu.linkonce.t*)

.rela.text
 *(.rela.text)
 *(.rela.text.*)
 *(.rela.gnu.linkonce.t*)

.rel.fini
 *(.rel.fini)

.rela.fini
 *(.rela.fini)

.rel.rodata
 *(.rel.rodata)
 *(.rel.rodata.*)
 *(.rel.gnu.linkonce.r*)

.rela.rodata
 *(.rela.rodata)
 *(.rela.rodata.*)
 *(.rela.gnu.linkonce.r*)

.rel.data
 *(.rel.data)
 *(.rel.data.*)
 *(.rel.gnu.linkonce.d*)

.rela.data
 *(.rela.data)
 *(.rela.data.*)
 *(.rela.gnu.linkonce.d*)

.rel.ctors
 *(.rel.ctors)

.rela.ctors
 *(.rela.ctors)

.rel.dtors
 *(.rel.dtors)

.rela.dtors
 *(.rela.dtors)

.rel.got
 *(.rel.got)

.rela.got
 *(.rela.got)

.rel.bss
 *(.rel.bss)

.rela.bss
 *(.rela.bss)

.rel.plt
 *(.rel.plt)

.rela.plt
 *(.rela.plt)

.text           0x00000000     0x6438
 *(.vectors)
 .vectors       0x00000000       0xe4 c:/winavr-20100110/bin/../lib/gcc/avr/4.3.3/../../../../avr/lib/avr6/crtm2560.o
                0x00000000                __vectors
                0x00000000                __vector_default
 *(.vectors)
 *(.progmem.gcc*)
 .progmem.gcc_sw_table
                0x000000e4      0x138 gcode.o
 .progmem.gcc_fplib
                0x0000021c       0x2d C:\WinAVR-20100110\avr\lib\avr6\libm.a(atan.o)
 *(.progmem*)
 .progmem.data  0x00000249       0xf3 gcode.o
 .progmem.data  0x0000033c       0x17 main.o
 .progmem.data  0x00000353      0x1f5 settings.o
 .progmem.data  0x00000548       0x5d stepper.o
 .progmem.data  0x000005a5       0x12 head_control.o
 .progmem.data  0x000005b7        0x9 vacuum_control.o
 .progmem.data  0x000005c0       0x22 max3421e.o
 .progmem.data  0x000005e2       0x3b C:\WinAVR-20100110\avr\lib\avr6\libc.a(strtod.o)
                0x0000061e                . = ALIGN (0x2)
 *fill*         0x0000061d        0x1 00
                0x0000061e                __trampolines_start = .
 *(.trampolines)
 .trampolines   0x0000061e        0x0 linker stubs
 *(.trampolines*)
                0x0000061e                __trampolines_end = .
 *(.jumptables)
 *(.jumptables*)
 *(.lowtext)
 *(.lowtext*)
                0x0000061e                __ctors_start = .
 *(.ctors)
                0x0000061e                __ctors_end = .
                0x0000061e                __dtors_start = .
 *(.dtors)
                0x0000061e                __dtors_end = .
 SORT(*)(.ctors)
 SORT(*)(.dtors)
 *(.init0)
 .init0         0x0000061e        0x0 c:/winavr-20100110/bin/../lib/gcc/avr/4.3.3/../../../../avr/lib/avr6/crtm2560.o
                0x0000061e                __init
 *(.init0)
 *(.init1)
 *(.init1)
 *(.init2)
 .init2         0x0000061e       0x10 c:/winavr-20100110/bin/../lib/gcc/avr/4.3.3/../../../../avr/lib/avr6/crtm2560.o
 *(.init2)
 *(.init3)
 *(.init3)
 *(.init4)
 .init4         0x0000062e       0x1a c:/winavr-20100110/bin/../lib/gcc/avr/4.3.3/../../../../avr/lib/avr6/crtm2560.o
                0x0000062e                __do_copy_data
 .init4         0x00000648       0x10 c:/winavr-20100110/bin/../lib/gcc/avr/4.3.3/avr6\libgcc.a(_clear_bss.o)
                0x00000648                __do_clear_bss
 *(.init4)
 *(.init5)
 *(.init5)
 *(.init6)
 *(.init6)
 *(.init7)
 *(.init7)
 *(.init8)
 *(.init8)
 *(.init9)
 .init9         0x00000658        0x8 c:/winavr-20100110/bin/../lib/gcc/avr/4.3.3/../../../../avr/lib/avr6/crtm2560.o
 *(.init9)
 *(.text)
 .text          0x00000660        0x4 c:/winavr-20100110/bin/../lib/gcc/avr/4.3.3/../../../../avr/lib/avr6/crtm2560.o
                0x00000660                __vector_38
                0x00000660                __vector_22
                0x00000660                __vector_28
                0x00000660                __vector_1
                0x00000660                __vector_34
                0x00000660                __vector_24
                0x00000660                __vector_12
                0x00000660                __vector_55
                0x00000660                __vector_46
                0x00000660                __bad_interrupt
                0x00000660                __vector_6
                0x00000660                __vector_31
                0x00000660                __vector_35
                0x00000660                __vector_39
                0x00000660                __vector_3
                0x00000660                __vector_30
                0x00000660                __vector_45
                0x00000660                __vector_11
                0x00000660                __vector_54
                0x00000660                __vector_13
                0x00000660                __vector_19
                0x00000660                __vector_56
                0x00000660                __vector_7
                0x00000660                __vector_49
                0x00000660                __vector_41
                0x00000660                __vector_43
                0x00000660                __vector_27
                0x00000660                __vector_5
                0x00000660                __vector_33
                0x00000660                __vector_47
                0x00000660                __vector_52
                0x00000660                __vector_37
                0x00000660                __vector_4
                0x00000660                __vector_44
                0x00000660                __vector_51
                0x00000660                __vector_9
                0x00000660                __vector_2
                0x00000660                __vector_21
                0x00000660                __vector_36
                0x00000660                __vector_29
                0x00000660                __vector_40
                0x00000660                __vector_8
                0x00000660                __vector_26
                0x00000660                __vector_48
                0x00000660                __vector_14
                0x00000660                __vector_53
                0x00000660                __vector_10
                0x00000660                __vector_50
                0x00000660                __vector_16
                0x00000660                __vector_18
                0x00000660                __vector_42
 .text          0x00000664        0x0 coolant_control.o
 .text          0x00000664        0x0 eeprom.o
 .text          0x00000664        0x0 gcode.o
 .text          0x00000664        0x0 main.o
 .text          0x00000664        0x0 motion_control.o
 .text          0x00000664        0x0 planner.o
 .text          0x00000664        0x0 serial_protocol.o
 .text          0x00000664        0x0 settings.o
 .text          0x00000664        0x0 spindle_control.o
 .text          0x00000664        0x0 stepper.o
 .text          0x00000664        0x0 wiring_serial.o
 .text          0x00000664        0x0 atc_control.o
 .text          0x00000664        0x0 head_control.o
 .text          0x00000664        0x0 panel_control.o
 .text          0x00000664        0x0 vacuum_control.o
 .text          0x00000664        0x0 tape_knock.o
 .text          0x00000664        0x0 usb.o
 .text          0x00000664        0x0 max3421e.o
 .text          0x00000664        0x0 SPI.o
 .text          0x00000664        0x0 timers.o
 .text          0x00000664        0x0 max3421e_usb.o
 .text          0x00000664        0x0 C:\WinAVR-20100110\avr\lib\avr6\libm.a(addsf3.o)
 .text          0x00000664        0x0 C:\WinAVR-20100110\avr\lib\avr6\libm.a(addsf3x.o)
 .text          0x00000664        0x0 C:\WinAVR-20100110\avr\lib\avr6\libm.a(atan.o)
 .text          0x00000664        0x0 C:\WinAVR-20100110\avr\lib\avr6\libm.a(ceil.o)
 .text          0x00000664        0x0 C:\WinAVR-20100110\avr\lib\avr6\libm.a(cmpsf2.o)
 .text          0x00000664        0x0 C:\WinAVR-20100110\avr\lib\avr6\libm.a(divsf3.o)
 .text          0x00000664        0x0 C:\WinAVR-20100110\avr\lib\avr6\libm.a(divsf3x.o)
 .text          0x00000664        0x0 C:\WinAVR-20100110\avr\lib\avr6\libm.a(fixsfsi.o)
 .text          0x00000664        0x0 C:\WinAVR-20100110\avr\lib\avr6\libm.a(fixunssfsi.o)
 .text          0x00000664        0x0 C:\WinAVR-20100110\avr\lib\avr6\libm.a(floatsisf.o)
 .text          0x00000664        0x0 C:\WinAVR-20100110\avr\lib\avr6\libm.a(floor.o)
 .text          0x00000664        0x0 C:\WinAVR-20100110\avr\lib\avr6\libm.a(fp_cmp.o)
 .text          0x00000664        0x0 C:\WinAVR-20100110\avr\lib\avr6\libm.a(fp_inf.o)
 .text          0x00000664        0x0 C:\WinAVR-20100110\avr\lib\avr6\libm.a(fp_mintl.o)
 .text          0x00000664        0x0 C:\WinAVR-20100110\avr\lib\avr6\libm.a(fp_mpack.o)
 .text          0x00000664        0x0 C:\WinAVR-20100110\avr\lib\avr6\libm.a(fp_nan.o)
 .text          0x00000664        0x0 C:\WinAVR-20100110\avr\lib\avr6\libm.a(fp_powser.o)
 .text          0x00000664        0x0 C:\WinAVR-20100110\avr\lib\avr6\libm.a(fp_pscA.o)
 .text          0x00000664        0x0 C:\WinAVR-20100110\avr\lib\avr6\libm.a(fp_pscB.o)
 .text          0x00000664        0x0 C:\WinAVR-20100110\avr\lib\avr6\libm.a(fp_round.o)
 .text          0x00000664        0x0 C:\WinAVR-20100110\avr\lib\avr6\libm.a(fp_split3.o)
 .text          0x00000664        0x0 C:\WinAVR-20100110\avr\lib\avr6\libm.a(fp_trunc.o)
 .text          0x00000664        0x0 C:\WinAVR-20100110\avr\lib\avr6\libm.a(fp_zero.o)
 .text          0x00000664        0x0 C:\WinAVR-20100110\avr\lib\avr6\libm.a(gesf2.o)
 .text          0x00000664        0x0 C:\WinAVR-20100110\avr\lib\avr6\libm.a(inverse.o)
 .text          0x00000664        0x0 C:\WinAVR-20100110\avr\lib\avr6\libm.a(lround.o)
 .text          0x00000664        0x0 C:\WinAVR-20100110\avr\lib\avr6\libm.a(modf.o)
 .text          0x00000664        0x0 C:\WinAVR-20100110\avr\lib\avr6\libm.a(mulsf3.o)
 .text          0x00000664        0x0 C:\WinAVR-20100110\avr\lib\avr6\libm.a(mulsf3x.o)
 .text          0x00000664        0x0 C:\WinAVR-20100110\avr\lib\avr6\libm.a(round.o)
 .text          0x00000664        0x0 C:\WinAVR-20100110\avr\lib\avr6\libm.a(sqrt.o)
 .text          0x00000664        0x0 C:\WinAVR-20100110\avr\lib\avr6\libm.a(square.o)
 .text          0x00000664        0x0 C:\WinAVR-20100110\avr\lib\avr6\libm.a(trunc.o)
 .text          0x00000664        0x0 C:\WinAVR-20100110\avr\lib\avr6\libm.a(fp_norm2.o)
 .text          0x00000664        0x0 c:/winavr-20100110/bin/../lib/gcc/avr/4.3.3/avr6\libgcc.a(_mulsi3.o)
 .text          0x00000664        0x0 c:/winavr-20100110/bin/../lib/gcc/avr/4.3.3/avr6\libgcc.a(_divmodhi4.o)
 .text          0x00000664        0x0 c:/winavr-20100110/bin/../lib/gcc/avr/4.3.3/avr6\libgcc.a(_udivmodsi4.o)
 .text          0x00000664        0x0 c:/winavr-20100110/bin/../lib/gcc/avr/4.3.3/avr6\libgcc.a(_divmodsi4.o)
 .text          0x00000664        0x0 c:/winavr-20100110/bin/../lib/gcc/avr/4.3.3/avr6\libgcc.a(_exit.o)
 .text          0x00000664        0x0 c:/winavr-20100110/bin/../lib/gcc/avr/4.3.3/avr6\libgcc.a(_clear_bss.o)
 .text          0x00000664        0x0 c:/winavr-20100110/bin/../lib/gcc/avr/4.3.3/avr6\libgcc.a(_udivmodhi4.o)
 .text          0x00000664        0x0 C:\WinAVR-20100110\avr\lib\avr6\libc.a(rand.o)
 .text          0x00000664        0x0 C:\WinAVR-20100110\avr\lib\avr6\libc.a(strtod.o)
 .text          0x00000664        0x0 C:\WinAVR-20100110\avr\lib\avr6\libc.a(isspace.o)
 .text          0x00000664        0x0 C:\WinAVR-20100110\avr\lib\avr6\libc.a(strncasecmp_P.o)
 .text          0x00000664        0x0 C:\WinAVR-20100110\avr\lib\avr6\libc.a(errno.o)
 .text          0x00000664        0x0 C:\WinAVR-20100110\avr\lib\avr6\libc.a(cty_isfalse.o)
                0x00000664                . = ALIGN (0x2)
 *(.text.*)
 .text.coolant_init
                0x00000664        0x4 coolant_control.o
                0x00000664                coolant_init
 .text.coolant_flood
                0x00000668        0xc coolant_control.o
                0x00000668                coolant_flood
 .text.eeprom_get_char
                0x00000674       0x10 eeprom.o
                0x00000674                eeprom_get_char
 .text.eeprom_put_char
                0x00000684       0x42 eeprom.o
                0x00000684                eeprom_put_char
 .text.memcpy_to_eeprom_with_checksum
                0x000006c6       0x78 eeprom.o
                0x000006c6                memcpy_to_eeprom_with_checksum
 .text.memcpy_from_eeprom_with_checksum
                0x0000073e       0x7e eeprom.o
                0x0000073e                memcpy_from_eeprom_with_checksum
 .text.select_plane
                0x000007bc        0xe gcode.o
                0x000007bc                select_plane
 .text.set_feeder_x
                0x000007ca       0x12 gcode.o
                0x000007ca                set_feeder_x
 .text.set_feeder_y
                0x000007dc       0x12 gcode.o
                0x000007dc                set_feeder_y
 .text.gotoxy   0x000007ee      0x1ae gcode.o
                0x000007ee                gotoxy
 .text.read_double
                0x0000099c       0x82 gcode.o
                0x0000099c                read_double
 .text.next_statement
                0x00000a1e       0x68 gcode.o
                0x00000a1e                next_statement
 .text.gc_init  0x00000a86       0x7c gcode.o
                0x00000a86                gc_init
 .text.gc_execute_line
                0x00000b02      0x9ee gcode.o
                0x00000b02                gc_execute_line
 .text.theta    0x000014f0       0x8c gcode.o
                0x000014f0                theta
 .text.main     0x0000157c       0xb2 main.o
                0x0000157c                main
 .text.pb_usbEventHandler
                0x0000162e       0x26 main.o
 .text.mc_go_home
                0x00001654        0x6 motion_control.o
                0x00001654                mc_go_home
 .text.mc_dwell
                0x0000165a       0xa8 motion_control.o
                0x0000165a                mc_dwell
 .text.factor_for_safe_speed
                0x00001702       0x20 planner.o
                0x00001702                factor_for_safe_speed
 .text.plan_is_acceleration_manager_enabled
                0x00001722        0x8 planner.o
                0x00001722                plan_is_acceleration_manager_enabled
 .text.plan_discard_current_block
                0x0000172a       0x32 planner.o
                0x0000172a                plan_discard_current_block
 .text.plan_get_current_block
                0x0000175c       0x52 planner.o
                0x0000175c                plan_get_current_block
 .text.planner_forward_pass_kernel
                0x000017ae      0x10c planner.o
                0x000017ae                planner_forward_pass_kernel
 .text.planner_forward_pass
                0x000018ba       0x9a planner.o
                0x000018ba                planner_forward_pass
 .text.plan_set_current
                0x00001954      0x106 planner.o
                0x00001954                plan_set_current
 .text.plan_set_acceleration_manager_enabled
                0x00001a5a       0x3a planner.o
                0x00001a5a                plan_set_acceleration_manager_enabled
 .text.plan_init
                0x00001a94       0x28 planner.o
                0x00001a94                plan_init
 .text.planner_reverse_pass_kernel
                0x00001abc      0x284 planner.o
                0x00001abc                planner_reverse_pass_kernel
 .text.planner_reverse_pass
                0x00001d40       0xa4 planner.o
                0x00001d40                planner_reverse_pass
 .text.calculate_trapezoid_for_block
                0x00001de4      0x2a0 planner.o
                0x00001de4                calculate_trapezoid_for_block
 .text.planner_recalculate_trapezoids
                0x00002084       0xaa planner.o
                0x00002084                planner_recalculate_trapezoids
 .text.planner_recalculate
                0x0000212e        0xe planner.o
                0x0000212e                planner_recalculate
 .text.plan_buffer_line
                0x0000213c      0x868 planner.o
                0x0000213c                plan_buffer_line
 .text.sp_process
                0x000029a4       0xda serial_protocol.o
                0x000029a4                sp_process
 .text.sp_init  0x00002a7e        0xe serial_protocol.o
                0x00002a7e                sp_init
 .text.settings_reset
                0x00002a8c       0xc8 settings.o
                0x00002a8c                settings_reset
 .text.read_settings
                0x00002b54       0x84 settings.o
                0x00002b54                read_settings
 .text.write_settings
                0x00002bd8       0x1c settings.o
                0x00002bd8                write_settings
 .text.settings_store_setting
                0x00002bf4      0x146 settings.o
                0x00002bf4                settings_store_setting
 .text.settings_dump
                0x00002d3a      0x1a8 settings.o
                0x00002d3a                settings_dump
 .text.settings_init
                0x00002ee2       0x18 settings.o
                0x00002ee2                settings_init
 .text.spindle_init
                0x00002efa       0x10 spindle_control.o
                0x00002efa                spindle_init
 .text.spindle_run
                0x00002f0a       0x20 spindle_control.o
                0x00002f0a                spindle_run
 .text.spindle_stop
                0x00002f2a        0xc spindle_control.o
                0x00002f2a                spindle_stop
 .text.rotate_head
                0x00002f36       0x22 spindle_control.o
                0x00002f36                rotate_head
 .text.st_wake_up
                0x00002f58        0xc stepper.o
                0x00002f58                st_wake_up
 .text.set_busy
                0x00002f64        0xc stepper.o
                0x00002f64                set_busy
 .text.get_busy
                0x00002f70        0xc stepper.o
                0x00002f70                get_busy
 .text.__vector_15
                0x00002f7c       0x1e stepper.o
                0x00002f7c                __vector_15
 .text.st_enable
                0x00002f9a        0x4 stepper.o
                0x00002f9a                st_enable
 .text.st_disable
                0x00002f9e        0x4 stepper.o
                0x00002f9e                st_disable
 .text.st_is_enabled
                0x00002fa2       0x1e stepper.o
                0x00002fa2                st_is_enabled
 .text.config_step_timer
                0x00002fc0      0x14a stepper.o
                0x00002fc0                config_step_timer
 .text.set_step_events_per_minute
                0x0000310a       0x48 stepper.o
                0x0000310a                set_step_events_per_minute
 .text.st_init  0x00003152       0x80 stepper.o
                0x00003152                st_init
 .text.xHome    0x000031d2        0x6 stepper.o
                0x000031d2                xHome
 .text.yHome    0x000031d8        0x6 stepper.o
                0x000031d8                yHome
 .text.head_moving
                0x000031de        0xe stepper.o
                0x000031de                head_moving
 .text.limits_init
                0x000031ec       0x52 stepper.o
                0x000031ec                limits_init
 .text.get_limit_bits
                0x0000323e       0x20 stepper.o
                0x0000323e                get_limit_bits
 .text.yLimit2  0x0000325e       0x1e stepper.o
                0x0000325e                yLimit2
 .text.moveBack
                0x0000327c       0x6c stepper.o
                0x0000327c                moveBack
 .text.yLimit1  0x000032e8       0x1e stepper.o
                0x000032e8                yLimit1
 .text.moveForward
                0x00003306       0x5a stepper.o
                0x00003306                moveForward
 .text.xLimit2  0x00003360       0x1e stepper.o
                0x00003360                xLimit2
 .text.moveRight
                0x0000337e       0x6c stepper.o
                0x0000337e                moveRight
 .text.xLimit1  0x000033ea       0x1e stepper.o
                0x000033ea                xLimit1
 .text.moveLeft
                0x00003408       0x6a stepper.o
                0x00003408                moveLeft
 .text.st_go_home
                0x00003472       0xf6 stepper.o
                0x00003472                st_go_home
 .text.st_synchronize
                0x00003568       0x1a stepper.o
                0x00003568                st_synchronize
 .text.__vector_17
                0x00003582      0x55c stepper.o
                0x00003582                __vector_17
 .text.beginSerial
                0x00003ade       0x78 wiring_serial.o
                0x00003ade                beginSerial
 .text.serialWrite
                0x00003b56       0x10 wiring_serial.o
                0x00003b56                serialWrite
 .text.serialAvailable
                0x00003b66       0x22 wiring_serial.o
                0x00003b66                serialAvailable
 .text.serialRead
                0x00003b88       0x40 wiring_serial.o
                0x00003b88                serialRead
 .text.serialFlush
                0x00003bc8       0x12 wiring_serial.o
                0x00003bc8                serialFlush
 .text.printByte
                0x00003bda       0x10 wiring_serial.o
                0x00003bda                printByte
 .text.printString
                0x00003bea       0x1e wiring_serial.o
                0x00003bea                printString
 .text.printPgmString
                0x00003c08       0x1e wiring_serial.o
                0x00003c08                printPgmString
 .text.printIntegerInBase
                0x00003c26      0x128 wiring_serial.o
                0x00003c26                printIntegerInBase
 .text.printInteger
                0x00003d4e       0x38 wiring_serial.o
                0x00003d4e                printInteger
 .text.printBinary
                0x00003d86        0xe wiring_serial.o
                0x00003d86                printBinary
 .text.printFloat
                0x00003d94       0x86 wiring_serial.o
                0x00003d94                printFloat
 .text.__vector_25
                0x00003e1a       0x92 wiring_serial.o
                0x00003e1a                __vector_25
 .text.atc_init
                0x00003eac       0x26 atc_control.o
                0x00003eac                atc_init
 .text.has_tool
                0x00003ed2        0x4 atc_control.o
                0x00003ed2                has_tool
 .text.atc_fire
                0x00003ed6      0x14a atc_control.o
                0x00003ed6                atc_fire
 .text.DropTool
                0x00004020       0x42 atc_control.o
                0x00004020                DropTool
 .text.PickupTool
                0x00004062       0x4a atc_control.o
                0x00004062                PickupTool
 .text.atc_change
                0x000040ac       0x40 atc_control.o
                0x000040ac                atc_change
 .text.check_for_tool
                0x000040ec       0x52 atc_control.o
                0x000040ec                check_for_tool
 .text.head_init
                0x0000413e       0x1e head_control.o
                0x0000413e                head_init
 .text.is_head_down
                0x0000415c        0x6 head_control.o
                0x0000415c                is_head_down
 .text.is_rotated
                0x00004162        0xc head_control.o
                0x00004162                is_rotated
 .text.head_down
                0x0000416e       0x78 head_control.o
                0x0000416e                head_down
 .text.panel_init
                0x000041e6       0x80 panel_control.o
                0x000041e6                panel_init
 .text.is_pleft
                0x00004266        0xe panel_control.o
                0x00004266                is_pleft
 .text.is_pright
                0x00004274        0xe panel_control.o
                0x00004274                is_pright
 .text.is_pback
                0x00004282        0xc panel_control.o
                0x00004282                is_pback
 .text.is_pforward
                0x0000428e        0xc panel_control.o
                0x0000428e                is_pforward
 .text.is_phead
                0x0000429a        0xc panel_control.o
                0x0000429a                is_phead
 .text.is_pvac  0x000042a6        0xa panel_control.o
                0x000042a6                is_pvac
 .text.is_pfast
                0x000042b0        0xa panel_control.o
                0x000042b0                is_pfast
 .text.is_phome
                0x000042ba        0xe panel_control.o
                0x000042ba                is_phome
 .text.is_pteach
                0x000042c8        0xc panel_control.o
                0x000042c8                is_pteach
 .text.__vector_32
                0x000042d4       0x14 panel_control.o
                0x000042d4                __vector_32
 .text.process_panel
                0x000042e8       0x66 panel_control.o
                0x000042e8                process_panel
 .text.vacuum_init
                0x0000434e       0x1a vacuum_control.o
                0x0000434e                vacuum_init
 .text.vacuum   0x00004368       0x44 vacuum_control.o
                0x00004368                vacuum
 .text.vacuum_state
                0x000043ac        0xc vacuum_control.o
                0x000043ac                vacuum_state
 .text.run_vacuum_test
                0x000043b8       0x74 vacuum_control.o
                0x000043b8                run_vacuum_test
 .text.goto_vacpad
                0x0000442c      0x2a6 vacuum_control.o
                0x0000442c                goto_vacpad
 .text.test_mode
                0x000046d2       0xe4 vacuum_control.o
                0x000046d2                test_mode
 .text.vacuum_test
                0x000047b6       0x18 vacuum_control.o
                0x000047b6                vacuum_test
 .text.tape_init
                0x000047ce        0xc tape_knock.o
                0x000047ce                tape_init
 .text.tape_knock
                0x000047da       0x5a tape_knock.o
                0x000047da                tape_knock
 .text.putdown_part
                0x00004834       0x82 tape_knock.o
                0x00004834                putdown_part
 .text.pickup_part
                0x000048b6       0x70 tape_knock.o
                0x000048b6                pickup_part
 .text.usb_setEventHandler
                0x00004926        0xa usb.o
                0x00004926                usb_setEventHandler
 .text.usb_fireEvent
                0x00004930        0xc usb.o
                0x00004930                usb_fireEvent
 .text.usb_initEndPoint
                0x0000493c        0xe usb.o
                0x0000493c                usb_initEndPoint
 .text.usb_initDevice
                0x0000494a       0x58 usb.o
                0x0000494a                usb_initDevice
 .text.usb_printDeviceInfo
                0x000049a2       0x30 usb.o
                0x000049a2                usb_printDeviceInfo
 .text.max3421e_write
                0x000049d2       0x18 max3421e.o
                0x000049d2                max3421e_write
 .text.max3421e_writeMultiple
                0x000049ea       0x38 max3421e.o
                0x000049ea                max3421e_writeMultiple
 .text.max3421e_read
                0x00004a22       0x18 max3421e.o
                0x00004a22                max3421e_read
 .text.max3421e_readMultiple
                0x00004a3a       0x36 max3421e.o
                0x00004a3a                max3421e_readMultiple
 .text.max3421e_getVbusState
                0x00004a70        0x6 max3421e.o
                0x00004a70                max3421e_getVbusState
 .text.max3421e_busprobe
                0x00004a76       0x62 max3421e.o
                0x00004a76                max3421e_busprobe
 .text.max3421e_interruptHandler
                0x00004ad8       0x2a max3421e.o
                0x00004ad8                max3421e_interruptHandler
 .text.max3421e_gpxInterruptHandler
                0x00004b02        0x8 max3421e.o
                0x00004b02                max3421e_gpxInterruptHandler
 .text.max3421e_poll
                0x00004b0a       0x26 max3421e.o
                0x00004b0a                max3421e_poll
 .text.max3421e_reset
                0x00004b30       0x3c max3421e.o
                0x00004b30                max3421e_reset
 .text.max3421e_powerOn
                0x00004b6c       0x52 max3421e.o
                0x00004b6c                max3421e_powerOn
 .text.max3421e_init
                0x00004bbe       0x24 max3421e.o
                0x00004bbe                max3421e_init
 .text.spi_begin
                0x00004be2       0x1e SPI.o
                0x00004be2                spi_begin
 .text.__vector_23
                0x00004c00       0x90 timers.o
                0x00004c00                __vector_23
 .text.avr_millis
                0x00004c90       0x1e timers.o
                0x00004c90                avr_millis
 .text.avr_ticks
                0x00004cae       0x80 timers.o
                0x00004cae                avr_ticks
 .text.avr_delay
                0x00004d2e       0x58 timers.o
                0x00004d2e                avr_delay
 .text.avr_micros
                0x00004d86       0x40 timers.o
                0x00004d86                avr_micros
 .text.__vector_20
                0x00004dc6       0x2e timers.o
                0x00004dc6                __vector_20
 .text.avr_timer1Init
                0x00004df4       0x1c timers.o
                0x00004df4                avr_timer1Init
 .text.setup_timer
                0x00004e10       0x1e timers.o
                0x00004e10                setup_timer
 .text.usb_getUsbTaskState
                0x00004e2e        0x6 max3421e_usb.o
                0x00004e2e                usb_getUsbTaskState
 .text.usb_setUsbTaskState
                0x00004e34        0x6 max3421e_usb.o
                0x00004e34                usb_setUsbTaskState
 .text.usb_getDevice
                0x00004e3a       0x1e max3421e_usb.o
                0x00004e3a                usb_getDevice
 .text.usb_write
                0x00004e58      0x1b2 max3421e_usb.o
                0x00004e58                usb_write
 .text.usb_bulkWrite
                0x0000500a       0x12 max3421e_usb.o
                0x0000500a                usb_bulkWrite
 .text.usb_dispatchPacket
                0x0000501c       0xf2 max3421e_usb.o
                0x0000501c                usb_dispatchPacket
 .text.usb_read
                0x0000510e       0xd4 max3421e_usb.o
                0x0000510e                usb_read
 .text.usb_ctrlData
                0x000051e2       0x36 max3421e_usb.o
                0x000051e2                usb_ctrlData
 .text.usb_controlRequest
                0x00005218       0xf8 max3421e_usb.o
                0x00005218                usb_controlRequest
 .text.usb_setConfiguration
                0x00005310       0x36 max3421e_usb.o
                0x00005310                usb_setConfiguration
 .text.usb_setAddress
                0x00005346       0x36 max3421e_usb.o
                0x00005346                usb_setAddress
 .text.usb_getConfigurationDescriptor
                0x0000537c       0xa6 max3421e_usb.o
                0x0000537c                usb_getConfigurationDescriptor
 .text.usb_getDeviceDescriptor
                0x00005422       0x36 max3421e_usb.o
                0x00005422                usb_getDeviceDescriptor
 .text.usb_getString
                0x00005458      0x10a max3421e_usb.o
                0x00005458                usb_getString
 .text.usb_bulkRead
                0x00005562       0x34 max3421e_usb.o
                0x00005562                usb_bulkRead
 .text.usb_init
                0x00005596       0x2a max3421e_usb.o
                0x00005596                usb_init
 .text.usb_poll
                0x000055c0      0x220 max3421e_usb.o
                0x000055c0                usb_poll
 .text.avr-libc.fplib
                0x000057e0        0xa C:\WinAVR-20100110\avr\lib\avr6\libm.a(addsf3.o)
                0x000057e0                __subsf3
                0x000057e2                __addsf3
 .text.avr-libc.fplib
                0x000057ea       0xc0 C:\WinAVR-20100110\avr\lib\avr6\libm.a(addsf3x.o)
                0x00005804                __addsf3x
 .text.avr-libc.fplib
                0x000058aa       0x50 C:\WinAVR-20100110\avr\lib\avr6\libm.a(atan.o)
                0x000058aa                atan
 .text.avr-libc.fplib
                0x000058fa       0x26 C:\WinAVR-20100110\avr\lib\avr6\libm.a(ceil.o)
                0x000058fa                ceil
 .text.avr-libc.fplib
                0x00005920        0x8 C:\WinAVR-20100110\avr\lib\avr6\libm.a(cmpsf2.o)
                0x00005920                __lesf2
                0x00005920                __nesf2
                0x00005920                __eqsf2
                0x00005920                __cmpsf2
                0x00005920                __ltsf2
 .text.avr-libc.fplib
                0x00005928        0x4 C:\WinAVR-20100110\avr\lib\avr6\libm.a(divsf3.o)
                0x00005928                __divsf3
 .text.avr-libc.fplib
                0x0000592c       0xcc C:\WinAVR-20100110\avr\lib\avr6\libm.a(divsf3x.o)
                0x00005942                __divsf3x
                0x00005946                __divsf3_pse
 .text.avr-libc.fplib
                0x000059f8        0xa C:\WinAVR-20100110\avr\lib\avr6\libm.a(fixsfsi.o)
                0x000059f8                __fixsfsi
 .text.avr-libc.fplib
                0x00005a02       0x58 C:\WinAVR-20100110\avr\lib\avr6\libm.a(fixunssfsi.o)
                0x00005a02                __fixunssfsi
 .text.avr-libc.fplib
                0x00005a5a       0x7a C:\WinAVR-20100110\avr\lib\avr6\libm.a(floatsisf.o)
                0x00005a5e                __floatsisf
                0x00005a5a                __floatunsisf
 .text.avr-libc.fplib
                0x00005ad4       0x26 C:\WinAVR-20100110\avr\lib\avr6\libm.a(floor.o)
                0x00005ad4                floor
 .text.avr-libc.fplib
                0x00005afa       0x48 C:\WinAVR-20100110\avr\lib\avr6\libm.a(fp_cmp.o)
                0x00005afa                __fp_cmp
 .text.avr-libc.fplib
                0x00005b42        0xc C:\WinAVR-20100110\avr\lib\avr6\libm.a(fp_inf.o)
                0x00005b42                __fp_inf
 .text.avr-libc.fplib
                0x00005b4e       0x36 C:\WinAVR-20100110\avr\lib\avr6\libm.a(fp_mintl.o)
                0x00005b4e                __fp_mintl
 .text.avr-libc.fplib
                0x00005b84       0x1c C:\WinAVR-20100110\avr\lib\avr6\libm.a(fp_mpack.o)
                0x00005b88                __fp_mpack_finite
                0x00005b84                __fp_mpack
 .text.avr-libc.fplib
                0x00005ba0        0x6 C:\WinAVR-20100110\avr\lib\avr6\libm.a(fp_nan.o)
                0x00005ba0                __fp_nan
 .text.avr-libc.fplib
                0x00005ba6       0x4a C:\WinAVR-20100110\avr\lib\avr6\libm.a(fp_powser.o)
                0x00005ba6                __fp_powser
 .text.avr-libc.fplib
                0x00005bf0        0xe C:\WinAVR-20100110\avr\lib\avr6\libm.a(fp_pscA.o)
                0x00005bf0                __fp_pscA
 .text.avr-libc.fplib
                0x00005bfe        0xe C:\WinAVR-20100110\avr\lib\avr6\libm.a(fp_pscB.o)
                0x00005bfe                __fp_pscB
 .text.avr-libc.fplib
                0x00005c0c       0x22 C:\WinAVR-20100110\avr\lib\avr6\libm.a(fp_round.o)
                0x00005c0c                __fp_round
 .text.avr-libc.fplib
                0x00005c2e       0x44 C:\WinAVR-20100110\avr\lib\avr6\libm.a(fp_split3.o)
                0x00005c2e                __fp_split3
                0x00005c3e                __fp_splitA
 .text.avr-libc.fplib
                0x00005c72       0x2e C:\WinAVR-20100110\avr\lib\avr6\libm.a(fp_trunc.o)
                0x00005c72                __fp_trunc
 .text.avr-libc.fplib
                0x00005ca0        0xe C:\WinAVR-20100110\avr\lib\avr6\libm.a(fp_zero.o)
                0x00005ca0                __fp_zero
                0x00005ca2                __fp_szero
 .text.avr-libc.fplib
                0x00005cae        0x8 C:\WinAVR-20100110\avr\lib\avr6\libm.a(gesf2.o)
                0x00005cae                __gtsf2
                0x00005cae                __gesf2
 .text.avr-libc.fplib
                0x00005cb6        0xe C:\WinAVR-20100110\avr\lib\avr6\libm.a(inverse.o)
                0x00005cb6                inverse
 .text.avr-libc.fplib
                0x00005cc4       0x60 C:\WinAVR-20100110\avr\lib\avr6\libm.a(lround.o)
                0x00005cc4                lround
 .text.avr-libc.fplib
                0x00005d24       0x66 C:\WinAVR-20100110\avr\lib\avr6\libm.a(modf.o)
                0x00005d24                modff
                0x00005d24                modf
 .text.avr-libc.fplib
                0x00005d8a        0x4 C:\WinAVR-20100110\avr\lib\avr6\libm.a(mulsf3.o)
                0x00005d8a                __mulsf3
 .text.avr-libc.fplib
                0x00005d8e       0xc2 C:\WinAVR-20100110\avr\lib\avr6\libm.a(mulsf3x.o)
                0x00005da6                __mulsf3_pse
                0x00005da2                __mulsf3x
 .text.avr-libc.fplib
                0x00005e50       0x40 C:\WinAVR-20100110\avr\lib\avr6\libm.a(round.o)
                0x00005e50                round
 .text.avr-libc.fplib
                0x00005e90       0x84 C:\WinAVR-20100110\avr\lib\avr6\libm.a(sqrt.o)
                0x00005e98                sqrt
 .text.avr-libc.fplib
                0x00005f14        0x6 C:\WinAVR-20100110\avr\lib\avr6\libm.a(square.o)
                0x00005f14                square
 .text.avr-libc.fplib
                0x00005f1a        0xe C:\WinAVR-20100110\avr\lib\avr6\libm.a(trunc.o)
                0x00005f1a                trunc
 .text.avr-libc.fplib
                0x00005f28        0xe C:\WinAVR-20100110\avr\lib\avr6\libm.a(fp_norm2.o)
                0x00005f28                __fp_norm2
 .text.libgcc   0x00005f36       0x3e c:/winavr-20100110/bin/../lib/gcc/avr/4.3.3/avr6\libgcc.a(_mulsi3.o)
                0x00005f36                __mulsi3
 .text.libgcc   0x00005f74       0x26 c:/winavr-20100110/bin/../lib/gcc/avr/4.3.3/avr6\libgcc.a(_divmodhi4.o)
                0x00005f74                __divmodhi4
                0x00005f74                _div
 .text.libgcc   0x00005f9a       0x44 c:/winavr-20100110/bin/../lib/gcc/avr/4.3.3/avr6\libgcc.a(_udivmodsi4.o)
                0x00005f9a                __udivmodsi4
 .text.libgcc   0x00005fde       0x36 c:/winavr-20100110/bin/../lib/gcc/avr/4.3.3/avr6\libgcc.a(_divmodsi4.o)
                0x00005fde                __divmodsi4
 .text.libgcc   0x00006014        0x0 c:/winavr-20100110/bin/../lib/gcc/avr/4.3.3/avr6\libgcc.a(_exit.o)
 .text.libgcc   0x00006014        0x0 c:/winavr-20100110/bin/../lib/gcc/avr/4.3.3/avr6\libgcc.a(_clear_bss.o)
 .text.libgcc   0x00006014       0x28 c:/winavr-20100110/bin/../lib/gcc/avr/4.3.3/avr6\libgcc.a(_udivmodhi4.o)
                0x00006014                __udivmodhi4
 .text.avr-libc
                0x0000603c       0xd6 C:\WinAVR-20100110\avr\lib\avr6\libc.a(rand.o)
                0x000060ec                rand_r
                0x000060f2                rand
                0x000060fc                srand
 .text.avr-libc
                0x00006112      0x2dc C:\WinAVR-20100110\avr\lib\avr6\libc.a(strtod.o)
                0x00006112                strtod
 .text.avr-libc
                0x000063ee       0x10 C:\WinAVR-20100110\avr\lib\avr6\libc.a(isspace.o)
                0x000063ee                isspace
 .text.avr-libc
                0x000063fe       0x30 C:\WinAVR-20100110\avr\lib\avr6\libc.a(strncasecmp_P.o)
                0x000063fe                strncasecmp_P
 .text.avr-libc
                0x0000642e        0x6 C:\WinAVR-20100110\avr\lib\avr6\libc.a(cty_isfalse.o)
                0x00006432                __ctype_istrue
                0x0000642e                __ctype_isfalse
                0x00006434                . = ALIGN (0x2)
 *(.fini9)
 .fini9         0x00006434        0x0 c:/winavr-20100110/bin/../lib/gcc/avr/4.3.3/avr6\libgcc.a(_exit.o)
                0x00006434                exit
                0x00006434                _exit
 *(.fini9)
 *(.fini8)
 *(.fini8)
 *(.fini7)
 *(.fini7)
 *(.fini6)
 *(.fini6)
 *(.fini5)
 *(.fini5)
 *(.fini4)
 *(.fini4)
 *(.fini3)
 *(.fini3)
 *(.fini2)
 *(.fini2)
 *(.fini1)
 *(.fini1)
 *(.fini0)
 .fini0         0x00006434        0x4 c:/winavr-20100110/bin/../lib/gcc/avr/4.3.3/avr6\libgcc.a(_exit.o)
 *(.fini0)
                0x00006438                _etext = .

.data           0x00800200        0x6 load address 0x00006438
                0x00800200                PROVIDE (__data_start, .)
 *(.data)
 .data          0x00800200        0x0 c:/winavr-20100110/bin/../lib/gcc/avr/4.3.3/../../../../avr/lib/avr6/crtm2560.o
 .data          0x00800200        0x0 coolant_control.o
 .data          0x00800200        0x0 eeprom.o
 .data          0x00800200        0x0 gcode.o
 .data          0x00800200        0x0 main.o
 .data          0x00800200        0x0 motion_control.o
 .data          0x00800200        0x0 planner.o
 .data          0x00800200        0x0 serial_protocol.o
 .data          0x00800200        0x0 settings.o
 .data          0x00800200        0x0 spindle_control.o
 .data          0x00800200        0x0 stepper.o
 .data          0x00800200        0x0 wiring_serial.o
 .data          0x00800200        0x0 atc_control.o
 .data          0x00800200        0x0 head_control.o
 .data          0x00800200        0x0 panel_control.o
 .data          0x00800200        0x0 vacuum_control.o
 .data          0x00800200        0x0 tape_knock.o
 .data          0x00800200        0x0 usb.o
 .data          0x00800200        0x0 max3421e.o
 .data          0x00800200        0x0 SPI.o
 .data          0x00800200        0x0 timers.o
 .data          0x00800200        0x1 max3421e_usb.o
 .data          0x00800201        0x0 C:\WinAVR-20100110\avr\lib\avr6\libm.a(addsf3.o)
 .data          0x00800201        0x0 C:\WinAVR-20100110\avr\lib\avr6\libm.a(addsf3x.o)
 .data          0x00800201        0x0 C:\WinAVR-20100110\avr\lib\avr6\libm.a(atan.o)
 .data          0x00800201        0x0 C:\WinAVR-20100110\avr\lib\avr6\libm.a(ceil.o)
 .data          0x00800201        0x0 C:\WinAVR-20100110\avr\lib\avr6\libm.a(cmpsf2.o)
 .data          0x00800201        0x0 C:\WinAVR-20100110\avr\lib\avr6\libm.a(divsf3.o)
 .data          0x00800201        0x0 C:\WinAVR-20100110\avr\lib\avr6\libm.a(divsf3x.o)
 .data          0x00800201        0x0 C:\WinAVR-20100110\avr\lib\avr6\libm.a(fixsfsi.o)
 .data          0x00800201        0x0 C:\WinAVR-20100110\avr\lib\avr6\libm.a(fixunssfsi.o)
 .data          0x00800201        0x0 C:\WinAVR-20100110\avr\lib\avr6\libm.a(floatsisf.o)
 .data          0x00800201        0x0 C:\WinAVR-20100110\avr\lib\avr6\libm.a(floor.o)
 .data          0x00800201        0x0 C:\WinAVR-20100110\avr\lib\avr6\libm.a(fp_cmp.o)
 .data          0x00800201        0x0 C:\WinAVR-20100110\avr\lib\avr6\libm.a(fp_inf.o)
 .data          0x00800201        0x0 C:\WinAVR-20100110\avr\lib\avr6\libm.a(fp_mintl.o)
 .data          0x00800201        0x0 C:\WinAVR-20100110\avr\lib\avr6\libm.a(fp_mpack.o)
 .data          0x00800201        0x0 C:\WinAVR-20100110\avr\lib\avr6\libm.a(fp_nan.o)
 .data          0x00800201        0x0 C:\WinAVR-20100110\avr\lib\avr6\libm.a(fp_powser.o)
 .data          0x00800201        0x0 C:\WinAVR-20100110\avr\lib\avr6\libm.a(fp_pscA.o)
 .data          0x00800201        0x0 C:\WinAVR-20100110\avr\lib\avr6\libm.a(fp_pscB.o)
 .data          0x00800201        0x0 C:\WinAVR-20100110\avr\lib\avr6\libm.a(fp_round.o)
 .data          0x00800201        0x0 C:\WinAVR-20100110\avr\lib\avr6\libm.a(fp_split3.o)
 .data          0x00800201        0x0 C:\WinAVR-20100110\avr\lib\avr6\libm.a(fp_trunc.o)
 .data          0x00800201        0x0 C:\WinAVR-20100110\avr\lib\avr6\libm.a(fp_zero.o)
 .data          0x00800201        0x0 C:\WinAVR-20100110\avr\lib\avr6\libm.a(gesf2.o)
 .data          0x00800201        0x0 C:\WinAVR-20100110\avr\lib\avr6\libm.a(inverse.o)
 .data          0x00800201        0x0 C:\WinAVR-20100110\avr\lib\avr6\libm.a(lround.o)
 .data          0x00800201        0x0 C:\WinAVR-20100110\avr\lib\avr6\libm.a(modf.o)
 .data          0x00800201        0x0 C:\WinAVR-20100110\avr\lib\avr6\libm.a(mulsf3.o)
 .data          0x00800201        0x0 C:\WinAVR-20100110\avr\lib\avr6\libm.a(mulsf3x.o)
 .data          0x00800201        0x0 C:\WinAVR-20100110\avr\lib\avr6\libm.a(round.o)
 .data          0x00800201        0x0 C:\WinAVR-20100110\avr\lib\avr6\libm.a(sqrt.o)
 .data          0x00800201        0x0 C:\WinAVR-20100110\avr\lib\avr6\libm.a(square.o)
 .data          0x00800201        0x0 C:\WinAVR-20100110\avr\lib\avr6\libm.a(trunc.o)
 .data          0x00800201        0x0 C:\WinAVR-20100110\avr\lib\avr6\libm.a(fp_norm2.o)
 .data          0x00800201        0x0 c:/winavr-20100110/bin/../lib/gcc/avr/4.3.3/avr6\libgcc.a(_mulsi3.o)
 .data          0x00800201        0x0 c:/winavr-20100110/bin/../lib/gcc/avr/4.3.3/avr6\libgcc.a(_divmodhi4.o)
 .data          0x00800201        0x0 c:/winavr-20100110/bin/../lib/gcc/avr/4.3.3/avr6\libgcc.a(_udivmodsi4.o)
 .data          0x00800201        0x0 c:/winavr-20100110/bin/../lib/gcc/avr/4.3.3/avr6\libgcc.a(_divmodsi4.o)
 .data          0x00800201        0x0 c:/winavr-20100110/bin/../lib/gcc/avr/4.3.3/avr6\libgcc.a(_exit.o)
 .data          0x00800201        0x0 c:/winavr-20100110/bin/../lib/gcc/avr/4.3.3/avr6\libgcc.a(_clear_bss.o)
 .data          0x00800201        0x0 c:/winavr-20100110/bin/../lib/gcc/avr/4.3.3/avr6\libgcc.a(_udivmodhi4.o)
 .data          0x00800201        0x4 C:\WinAVR-20100110\avr\lib\avr6\libc.a(rand.o)
 .data          0x00800205        0x0 C:\WinAVR-20100110\avr\lib\avr6\libc.a(strtod.o)
 .data          0x00800205        0x0 C:\WinAVR-20100110\avr\lib\avr6\libc.a(isspace.o)
 .data          0x00800205        0x0 C:\WinAVR-20100110\avr\lib\avr6\libc.a(strncasecmp_P.o)
 .data          0x00800205        0x0 C:\WinAVR-20100110\avr\lib\avr6\libc.a(errno.o)
 .data          0x00800205        0x0 C:\WinAVR-20100110\avr\lib\avr6\libc.a(cty_isfalse.o)
 *(.data*)
 *(.rodata)
 *(.rodata*)
 *(.gnu.linkonce.d*)
                0x00800206                . = ALIGN (0x2)
 *fill*         0x00800205        0x1 00
                0x00800206                _edata = .
                0x00800206                PROVIDE (__data_end, .)

.bss            0x00800206      0x4fa
                0x00800206                PROVIDE (__bss_start, .)
 *(.bss)
 .bss           0x00800206        0x0 c:/winavr-20100110/bin/../lib/gcc/avr/4.3.3/../../../../avr/lib/avr6/crtm2560.o
 .bss           0x00800206        0x0 coolant_control.o
 .bss           0x00800206        0x0 eeprom.o
 .bss           0x00800206       0x2c gcode.o
 .bss           0x00800232        0x0 main.o
 .bss           0x00800232        0x0 motion_control.o
 .bss           0x00800232      0x2ef planner.o
 .bss           0x00800521       0x33 serial_protocol.o
 .bss           0x00800554        0x0 settings.o
 .bss           0x00800554        0x0 spindle_control.o
 .bss           0x00800554       0x27 stepper.o
                0x00800554                ackHost
                0x00800555                gHomed
 .bss           0x0080057b      0x104 wiring_serial.o
                0x0080057b                rx_buffer_head
                0x0080057d                rx_buffer_tail
 .bss           0x0080067f        0x0 atc_control.o
 .bss           0x0080067f        0x0 head_control.o
 .bss           0x0080067f        0x2 panel_control.o
 .bss           0x00800681        0x0 vacuum_control.o
 .bss           0x00800681        0x0 tape_knock.o
 .bss           0x00800681        0x2 usb.o
 .bss           0x00800683        0x1 max3421e.o
 .bss           0x00800684        0x0 SPI.o
 .bss           0x00800684        0xb timers.o
                0x00800684                timer0_overflow_count
                0x00800688                timer0_millis
                0x0080068c                timer1_overflow_count
 .bss           0x0080068f        0x5 max3421e_usb.o
 .bss           0x00800694        0x0 C:\WinAVR-20100110\avr\lib\avr6\libm.a(addsf3.o)
 .bss           0x00800694        0x0 C:\WinAVR-20100110\avr\lib\avr6\libm.a(addsf3x.o)
 .bss           0x00800694        0x0 C:\WinAVR-20100110\avr\lib\avr6\libm.a(atan.o)
 .bss           0x00800694        0x0 C:\WinAVR-20100110\avr\lib\avr6\libm.a(ceil.o)
 .bss           0x00800694        0x0 C:\WinAVR-20100110\avr\lib\avr6\libm.a(cmpsf2.o)
 .bss           0x00800694        0x0 C:\WinAVR-20100110\avr\lib\avr6\libm.a(divsf3.o)
 .bss           0x00800694        0x0 C:\WinAVR-20100110\avr\lib\avr6\libm.a(divsf3x.o)
 .bss           0x00800694        0x0 C:\WinAVR-20100110\avr\lib\avr6\libm.a(fixsfsi.o)
 .bss           0x00800694        0x0 C:\WinAVR-20100110\avr\lib\avr6\libm.a(fixunssfsi.o)
 .bss           0x00800694        0x0 C:\WinAVR-20100110\avr\lib\avr6\libm.a(floatsisf.o)
 .bss           0x00800694        0x0 C:\WinAVR-20100110\avr\lib\avr6\libm.a(floor.o)
 .bss           0x00800694        0x0 C:\WinAVR-20100110\avr\lib\avr6\libm.a(fp_cmp.o)
 .bss           0x00800694        0x0 C:\WinAVR-20100110\avr\lib\avr6\libm.a(fp_inf.o)
 .bss           0x00800694        0x0 C:\WinAVR-20100110\avr\lib\avr6\libm.a(fp_mintl.o)
 .bss           0x00800694        0x0 C:\WinAVR-20100110\avr\lib\avr6\libm.a(fp_mpack.o)
 .bss           0x00800694        0x0 C:\WinAVR-20100110\avr\lib\avr6\libm.a(fp_nan.o)
 .bss           0x00800694        0x0 C:\WinAVR-20100110\avr\lib\avr6\libm.a(fp_powser.o)
 .bss           0x00800694        0x0 C:\WinAVR-20100110\avr\lib\avr6\libm.a(fp_pscA.o)
 .bss           0x00800694        0x0 C:\WinAVR-20100110\avr\lib\avr6\libm.a(fp_pscB.o)
 .bss           0x00800694        0x0 C:\WinAVR-20100110\avr\lib\avr6\libm.a(fp_round.o)
 .bss           0x00800694        0x0 C:\WinAVR-20100110\avr\lib\avr6\libm.a(fp_split3.o)
 .bss           0x00800694        0x0 C:\WinAVR-20100110\avr\lib\avr6\libm.a(fp_trunc.o)
 .bss           0x00800694        0x0 C:\WinAVR-20100110\avr\lib\avr6\libm.a(fp_zero.o)
 .bss           0x00800694        0x0 C:\WinAVR-20100110\avr\lib\avr6\libm.a(gesf2.o)
 .bss           0x00800694        0x0 C:\WinAVR-20100110\avr\lib\avr6\libm.a(inverse.o)
 .bss           0x00800694        0x0 C:\WinAVR-20100110\avr\lib\avr6\libm.a(lround.o)
 .bss           0x00800694        0x0 C:\WinAVR-20100110\avr\lib\avr6\libm.a(modf.o)
 .bss           0x00800694        0x0 C:\WinAVR-20100110\avr\lib\avr6\libm.a(mulsf3.o)
 .bss           0x00800694        0x0 C:\WinAVR-20100110\avr\lib\avr6\libm.a(mulsf3x.o)
 .bss           0x00800694        0x0 C:\WinAVR-20100110\avr\lib\avr6\libm.a(round.o)
 .bss           0x00800694        0x0 C:\WinAVR-20100110\avr\lib\avr6\libm.a(sqrt.o)
 .bss           0x00800694        0x0 C:\WinAVR-20100110\avr\lib\avr6\libm.a(square.o)
 .bss           0x00800694        0x0 C:\WinAVR-20100110\avr\lib\avr6\libm.a(trunc.o)
 .bss           0x00800694        0x0 C:\WinAVR-20100110\avr\lib\avr6\libm.a(fp_norm2.o)
 .bss           0x00800694        0x0 c:/winavr-20100110/bin/../lib/gcc/avr/4.3.3/avr6\libgcc.a(_mulsi3.o)
 .bss           0x00800694        0x0 c:/winavr-20100110/bin/../lib/gcc/avr/4.3.3/avr6\libgcc.a(_divmodhi4.o)
 .bss           0x00800694        0x0 c:/winavr-20100110/bin/../lib/gcc/avr/4.3.3/avr6\libgcc.a(_udivmodsi4.o)
 .bss           0x00800694        0x0 c:/winavr-20100110/bin/../lib/gcc/avr/4.3.3/avr6\libgcc.a(_divmodsi4.o)
 .bss           0x00800694        0x0 c:/winavr-20100110/bin/../lib/gcc/avr/4.3.3/avr6\libgcc.a(_exit.o)
 .bss           0x00800694        0x0 c:/winavr-20100110/bin/../lib/gcc/avr/4.3.3/avr6\libgcc.a(_clear_bss.o)
 .bss           0x00800694        0x0 c:/winavr-20100110/bin/../lib/gcc/avr/4.3.3/avr6\libgcc.a(_udivmodhi4.o)
 .bss           0x00800694        0x0 C:\WinAVR-20100110\avr\lib\avr6\libc.a(rand.o)
 .bss           0x00800694        0x0 C:\WinAVR-20100110\avr\lib\avr6\libc.a(strtod.o)
 .bss           0x00800694        0x0 C:\WinAVR-20100110\avr\lib\avr6\libc.a(isspace.o)
 .bss           0x00800694        0x0 C:\WinAVR-20100110\avr\lib\avr6\libc.a(strncasecmp_P.o)
 .bss           0x00800694        0x0 C:\WinAVR-20100110\avr\lib\avr6\libc.a(errno.o)
 .bss           0x00800694        0x0 C:\WinAVR-20100110\avr\lib\avr6\libc.a(cty_isfalse.o)
 *(.bss*)
 *(COMMON)
 COMMON         0x00800694       0x26 settings.o
                0x00800694                settings
 COMMON         0x008006ba        0x1 stepper.o
                0x008006ba                dir_bits
 COMMON         0x008006bb        0x1 usb.o
                0x008006bb                max_registers
 COMMON         0x008006bc       0x42 max3421e_usb.o
                0x008006bc                deviceTable
 COMMON         0x008006fe        0x2 C:\WinAVR-20100110\avr\lib\avr6\libc.a(errno.o)
                0x008006fe                errno
                0x00800700                PROVIDE (__bss_end, .)
                0x00006438                __data_load_start = LOADADDR (.data)
                0x0000643e                __data_load_end = (__data_load_start + SIZEOF (.data))

.noinit         0x00800700        0x0
                0x00800700                PROVIDE (__noinit_start, .)
 *(.noinit*)
                0x00800700                PROVIDE (__noinit_end, .)
                0x00800700                _end = .
                0x00800700                PROVIDE (__heap_start, .)

.eeprom         0x00810000        0x0
 *(.eeprom*)
                0x00810000                __eeprom_end = .

.fuse
 *(.fuse)
 *(.lfuse)
 *(.hfuse)
 *(.efuse)

.lock
 *(.lock*)

.signature
 *(.signature*)

.stab
 *(.stab)

.stabstr
 *(.stabstr)

.stab.excl
 *(.stab.excl)

.stab.exclstr
 *(.stab.exclstr)

.stab.index
 *(.stab.index)

.stab.indexstr
 *(.stab.indexstr)

.comment
 *(.comment)

.debug
 *(.debug)

.line
 *(.line)

.debug_srcinfo
 *(.debug_srcinfo)

.debug_sfnames
 *(.debug_sfnames)

.debug_aranges  0x00000000      0x708
 *(.debug_aranges)
 .debug_aranges
                0x00000000       0x28 coolant_control.o
 .debug_aranges
                0x00000028       0x38 eeprom.o
 .debug_aranges
                0x00000060       0x60 gcode.o
 .debug_aranges
                0x000000c0       0x28 main.o
 .debug_aranges
                0x000000e8       0x28 motion_control.o
 .debug_aranges
                0x00000110       0x90 planner.o
 .debug_aranges
                0x000001a0       0x28 serial_protocol.o
 .debug_aranges
                0x000001c8       0x48 settings.o
 .debug_aranges
                0x00000210       0x38 spindle_control.o
 .debug_aranges
                0x00000248       0xe8 stepper.o
 .debug_aranges
                0x00000330       0x80 wiring_serial.o
 .debug_aranges
                0x000003b0       0x50 atc_control.o
 .debug_aranges
                0x00000400       0x38 head_control.o
 .debug_aranges
                0x00000438       0x78 panel_control.o
 .debug_aranges
                0x000004b0       0x50 vacuum_control.o
 .debug_aranges
                0x00000500       0x38 tape_knock.o
 .debug_aranges
                0x00000538       0x40 usb.o
 .debug_aranges
                0x00000578       0x78 max3421e.o
 .debug_aranges
                0x000005f0       0x20 SPI.o
 .debug_aranges
                0x00000610       0x58 timers.o
 .debug_aranges
                0x00000668       0xa0 max3421e_usb.o

.debug_pubnames
                0x00000000      0xdde
 *(.debug_pubnames)
 .debug_pubnames
                0x00000000       0x35 coolant_control.o
 .debug_pubnames
                0x00000035       0x82 eeprom.o
 .debug_pubnames
                0x000000b7       0x9d gcode.o
 .debug_pubnames
                0x00000154       0x1b main.o
 .debug_pubnames
                0x0000016f       0x2e motion_control.o
 .debug_pubnames
                0x0000019d      0x1c0 planner.o
 .debug_pubnames
                0x0000035d       0x2d serial_protocol.o
 .debug_pubnames
                0x0000038a       0x96 settings.o
 .debug_pubnames
                0x00000420       0x54 spindle_control.o
 .debug_pubnames
                0x00000474      0x1c0 stepper.o
 .debug_pubnames
                0x00000634      0x113 wiring_serial.o
 .debug_pubnames
                0x00000747       0x77 atc_control.o
 .debug_pubnames
                0x000007be       0x4e head_control.o
 .debug_pubnames
                0x0000080c       0xbc panel_control.o
 .debug_pubnames
                0x000008c8       0x80 vacuum_control.o
 .debug_pubnames
                0x00000948       0x50 tape_knock.o
 .debug_pubnames
                0x00000998       0x8e usb.o
 .debug_pubnames
                0x00000a26      0x139 max3421e.o
 .debug_pubnames
                0x00000b5f       0x20 SPI.o
 .debug_pubnames
                0x00000b7f       0xd5 timers.o
 .debug_pubnames
                0x00000c54      0x18a max3421e_usb.o

.debug_info     0x00000000     0x58bb
 *(.debug_info)
 .debug_info    0x00000000       0xa5 coolant_control.o
 .debug_info    0x000000a5      0x1da eeprom.o
 .debug_info    0x0000027f      0x9ed gcode.o
 .debug_info    0x00000c6c      0x26d main.o
 .debug_info    0x00000ed9      0x15e motion_control.o
 .debug_info    0x00001037      0x8ef planner.o
 .debug_info    0x00001926      0x135 serial_protocol.o
 .debug_info    0x00001a5b      0x522 settings.o
 .debug_info    0x00001f7d      0x22d spindle_control.o
 .debug_info    0x000021aa      0xbc6 stepper.o
 .debug_info    0x00002d70      0x469 wiring_serial.o
 .debug_info    0x000031d9      0x2da atc_control.o
 .debug_info    0x000034b3      0x20a head_control.o
 .debug_info    0x000036bd      0x293 panel_control.o
 .debug_info    0x00003950      0x721 vacuum_control.o
 .debug_info    0x00004071      0x344 tape_knock.o
 .debug_info    0x000043b5      0x466 usb.o
 .debug_info    0x0000481b      0x372 max3421e.o
 .debug_info    0x00004b8d       0x78 SPI.o
 .debug_info    0x00004c05      0x269 timers.o
 .debug_info    0x00004e6e      0xa4d max3421e_usb.o
 *(.gnu.linkonce.wi.*)

.debug_abbrev   0x00000000     0x1cd0
 *(.debug_abbrev)
 .debug_abbrev  0x00000000       0x6c coolant_control.o
 .debug_abbrev  0x0000006c      0x109 eeprom.o
 .debug_abbrev  0x00000175      0x261 gcode.o
 .debug_abbrev  0x000003d6       0xfa main.o
 .debug_abbrev  0x000004d0       0xfd motion_control.o
 .debug_abbrev  0x000005cd      0x206 planner.o
 .debug_abbrev  0x000007d3       0xe6 serial_protocol.o
 .debug_abbrev  0x000008b9      0x10b settings.o
 .debug_abbrev  0x000009c4      0x12d spindle_control.o
 .debug_abbrev  0x00000af1      0x358 stepper.o
 .debug_abbrev  0x00000e49      0x1d1 wiring_serial.o
 .debug_abbrev  0x0000101a      0x16c atc_control.o
 .debug_abbrev  0x00001186      0x153 head_control.o
 .debug_abbrev  0x000012d9       0xee panel_control.o
 .debug_abbrev  0x000013c7      0x1d7 vacuum_control.o
 .debug_abbrev  0x0000159e      0x111 tape_knock.o
 .debug_abbrev  0x000016af      0x129 usb.o
 .debug_abbrev  0x000017d8      0x187 max3421e.o
 .debug_abbrev  0x0000195f       0x48 SPI.o
 .debug_abbrev  0x000019a7      0x159 timers.o
 .debug_abbrev  0x00001b00      0x1d0 max3421e_usb.o

.debug_line     0x00000000     0x50d2
 *(.debug_line)
 .debug_line    0x00000000       0xa2 coolant_control.o
 .debug_line    0x000000a2      0x2ad eeprom.o
 .debug_line    0x0000034f      0x883 gcode.o
 .debug_line    0x00000bd2      0x1c5 main.o
 .debug_line    0x00000d97      0x19d motion_control.o
 .debug_line    0x00000f34      0x714 planner.o
 .debug_line    0x00001648      0x1d0 serial_protocol.o
 .debug_line    0x00001818      0x3f0 settings.o
 .debug_line    0x00001c08      0x1e9 spindle_control.o
 .debug_line    0x00001df1      0xcc6 stepper.o
 .debug_line    0x00002ab7      0x3cc wiring_serial.o
 .debug_line    0x00002e83      0x40b atc_control.o
 .debug_line    0x0000328e      0x21c head_control.o
 .debug_line    0x000034aa      0x2f0 panel_control.o
 .debug_line    0x0000379a      0x54a vacuum_control.o
 .debug_line    0x00003ce4      0x300 tape_knock.o
 .debug_line    0x00003fe4      0x164 usb.o
 .debug_line    0x00004148      0x448 max3421e.o
 .debug_line    0x00004590       0x94 SPI.o
 .debug_line    0x00004624      0x280 timers.o
 .debug_line    0x000048a4      0x82e max3421e_usb.o

.debug_frame    0x00000000      0xb70
 *(.debug_frame)
 .debug_frame   0x00000000       0x30 coolant_control.o
 .debug_frame   0x00000030       0x50 eeprom.o
 .debug_frame   0x00000080       0xa0 gcode.o
 .debug_frame   0x00000120       0x30 main.o
 .debug_frame   0x00000150       0x30 motion_control.o
 .debug_frame   0x00000180      0x100 planner.o
 .debug_frame   0x00000280       0x30 serial_protocol.o
 .debug_frame   0x000002b0       0x70 settings.o
 .debug_frame   0x00000320       0x50 spindle_control.o
 .debug_frame   0x00000370      0x1b0 stepper.o
 .debug_frame   0x00000520       0xe0 wiring_serial.o
 .debug_frame   0x00000600       0x80 atc_control.o
 .debug_frame   0x00000680       0x50 head_control.o
 .debug_frame   0x000006d0       0xd0 panel_control.o
 .debug_frame   0x000007a0       0x80 vacuum_control.o
 .debug_frame   0x00000820       0x50 tape_knock.o
 .debug_frame   0x00000870       0x60 usb.o
 .debug_frame   0x000008d0       0xd0 max3421e.o
 .debug_frame   0x000009a0       0x20 SPI.o
 .debug_frame   0x000009c0       0x90 timers.o
 .debug_frame   0x00000a50      0x120 max3421e_usb.o

.debug_str      0x00000000     0x16a5
 *(.debug_str)
 .debug_str     0x00000000       0xaa coolant_control.o
                                 0xe5 (size before relaxing)
 .debug_str     0x000000aa       0xa7 eeprom.o
                                0x168 (size before relaxing)
 .debug_str     0x00000151      0x283 gcode.o
                                0x39a (size before relaxing)
 .debug_str     0x000003d4       0xf6 main.o
                                0x1c5 (size before relaxing)
 .debug_str     0x000004ca       0x71 motion_control.o
                                0x12f (size before relaxing)
 .debug_str     0x0000053b      0x403 planner.o
                                0x5f9 (size before relaxing)
 .debug_str     0x0000093e       0x37 serial_protocol.o
                                0x126 (size before relaxing)
 .debug_str     0x00000975       0x7f settings.o
                                0x1d4 (size before relaxing)
 .debug_str     0x000009f4       0x64 spindle_control.o
                                0x176 (size before relaxing)
 .debug_str     0x00000a58      0x261 stepper.o
                                0x547 (size before relaxing)
 .debug_str     0x00000cb9      0x11b wiring_serial.o
                                0x1ed (size before relaxing)
 .debug_str     0x00000dd4       0x61 atc_control.o
                                0x188 (size before relaxing)
 .debug_str     0x00000e35       0x34 head_control.o
                                0x141 (size before relaxing)
 .debug_str     0x00000e69       0x98 panel_control.o
                                0x158 (size before relaxing)
 .debug_str     0x00000f01       0x62 vacuum_control.o
                                0x196 (size before relaxing)
 .debug_str     0x00000f63       0x4c tape_knock.o
                                0x149 (size before relaxing)
 .debug_str     0x00000faf      0x285 usb.o
                                0x440 (size before relaxing)
 .debug_str     0x00001234      0x12d max3421e.o
                                0x32d (size before relaxing)
 .debug_str     0x00001361       0x13 SPI.o
                                 0xc1 (size before relaxing)
 .debug_str     0x00001374       0xc1 timers.o
                                0x18f (size before relaxing)
 .debug_str     0x00001435      0x270 max3421e_usb.o
                                0x646 (size before relaxing)

.debug_loc      0x00000000     0x3600
 *(.debug_loc)
 .debug_loc     0x00000000      0x1f7 eeprom.o
 .debug_loc     0x000001f7      0x983 gcode.o
 .debug_loc     0x00000b7a       0x46 main.o
 .debug_loc     0x00000bc0       0xbc motion_control.o
 .debug_loc     0x00000c7c      0x825 planner.o
 .debug_loc     0x000014a1       0x76 serial_protocol.o
 .debug_loc     0x00001517      0x1bf settings.o
 .debug_loc     0x000016d6       0x3b spindle_control.o
 .debug_loc     0x00001711      0x4dd stepper.o
 .debug_loc     0x00001bee      0x2dd wiring_serial.o
 .debug_loc     0x00001ecb      0x140 atc_control.o
 .debug_loc     0x0000200b       0x78 head_control.o
 .debug_loc     0x00002083      0x389 vacuum_control.o
 .debug_loc     0x0000240c      0x150 tape_knock.o
 .debug_loc     0x0000255c       0xab usb.o
 .debug_loc     0x00002607      0x15f max3421e.o
 .debug_loc     0x00002766       0xca timers.o
 .debug_loc     0x00002830      0xdd0 max3421e_usb.o

.debug_macinfo
 *(.debug_macinfo)
OUTPUT(grbl.elf elf32-avr)
LOAD linker stubs

.debug_ranges   0x00000000      0xbd8
 .debug_ranges  0x00000000       0x20 coolant_control.o
 .debug_ranges  0x00000020       0x60 eeprom.o
 .debug_ranges  0x00000080       0xa0 gcode.o
 .debug_ranges  0x00000120       0x20 main.o
 .debug_ranges  0x00000140       0x50 motion_control.o
 .debug_ranges  0x00000190       0xa0 planner.o
 .debug_ranges  0x00000230       0x50 serial_protocol.o
 .debug_ranges  0x00000280       0x40 settings.o
 .debug_ranges  0x000002c0       0xf0 spindle_control.o
 .debug_ranges  0x000003b0      0x410 stepper.o
 .debug_ranges  0x000007c0       0xc8 wiring_serial.o
 .debug_ranges  0x00000888       0x48 atc_control.o
 .debug_ranges  0x000008d0       0x30 head_control.o
 .debug_ranges  0x00000900       0x70 panel_control.o
 .debug_ranges  0x00000970       0x90 vacuum_control.o
 .debug_ranges  0x00000a00       0x30 tape_knock.o
 .debug_ranges  0x00000a30       0x38 usb.o
 .debug_ranges  0x00000a68       0x70 max3421e.o
 .debug_ranges  0x00000ad8       0x18 SPI.o
 .debug_ranges  0x00000af0       0x50 timers.o
 .debug_ranges  0x00000b40       0x98 max3421e_usb.o
