Archive member included because of file (symbol)

C:\WinAVR-20100110\avr\lib\avr6\libm.a(addsf3.o)
                              gcode.o (__subsf3)
C:\WinAVR-20100110\avr\lib\avr6\libm.a(addsf3x.o)
                              C:\WinAVR-20100110\avr\lib\avr6\libm.a(addsf3.o) (__addsf3x)
C:\WinAVR-20100110\avr\lib\avr6\libm.a(atan.o)
                              gcode.o (atan)
C:\WinAVR-20100110\avr\lib\avr6\libm.a(ceil.o)
                              planner.o (ceil)
C:\WinAVR-20100110\avr\lib\avr6\libm.a(cmpsf2.o)
                              gcode.o (__eqsf2)
C:\WinAVR-20100110\avr\lib\avr6\libm.a(divsf3.o)
                              gcode.o (__divsf3)
C:\WinAVR-20100110\avr\lib\avr6\libm.a(divsf3x.o)
                              C:\WinAVR-20100110\avr\lib\avr6\libm.a(divsf3.o) (__divsf3x)
C:\WinAVR-20100110\avr\lib\avr6\libm.a(fixsfsi.o)
                              gcode.o (__fixsfsi)
C:\WinAVR-20100110\avr\lib\avr6\libm.a(fixunssfsi.o)
                              gcode.o (__fixunssfsi)
C:\WinAVR-20100110\avr\lib\avr6\libm.a(floatsisf.o)
                              motion_control.o (__floatunsisf)
C:\WinAVR-20100110\avr\lib\avr6\libm.a(floor.o)
                              planner.o (floor)
C:\WinAVR-20100110\avr\lib\avr6\libm.a(fp_cmp.o)
                              C:\WinAVR-20100110\avr\lib\avr6\libm.a(cmpsf2.o) (__fp_cmp)
C:\WinAVR-20100110\avr\lib\avr6\libm.a(fp_inf.o)
                              C:\WinAVR-20100110\avr\lib\avr6\libm.a(addsf3x.o) (__fp_inf)
C:\WinAVR-20100110\avr\lib\avr6\libm.a(fp_mintl.o)
                              C:\WinAVR-20100110\avr\lib\avr6\libm.a(ceil.o) (__fp_mintl)
C:\WinAVR-20100110\avr\lib\avr6\libm.a(fp_mpack.o)
                              C:\WinAVR-20100110\avr\lib\avr6\libm.a(ceil.o) (__fp_mpack)
C:\WinAVR-20100110\avr\lib\avr6\libm.a(fp_nan.o)
                              C:\WinAVR-20100110\avr\lib\avr6\libm.a(addsf3x.o) (__fp_nan)
C:\WinAVR-20100110\avr\lib\avr6\libm.a(fp_powser.o)
                              C:\WinAVR-20100110\avr\lib\avr6\libm.a(atan.o) (__fp_powser)
C:\WinAVR-20100110\avr\lib\avr6\libm.a(fp_pscA.o)
                              C:\WinAVR-20100110\avr\lib\avr6\libm.a(addsf3x.o) (__fp_pscA)
C:\WinAVR-20100110\avr\lib\avr6\libm.a(fp_pscB.o)
                              C:\WinAVR-20100110\avr\lib\avr6\libm.a(addsf3x.o) (__fp_pscB)
C:\WinAVR-20100110\avr\lib\avr6\libm.a(fp_round.o)
                              C:\WinAVR-20100110\avr\lib\avr6\libm.a(addsf3.o) (__fp_round)
C:\WinAVR-20100110\avr\lib\avr6\libm.a(fp_split3.o)
                              C:\WinAVR-20100110\avr\lib\avr6\libm.a(addsf3x.o) (__fp_split3)
C:\WinAVR-20100110\avr\lib\avr6\libm.a(fp_trunc.o)
                              C:\WinAVR-20100110\avr\lib\avr6\libm.a(ceil.o) (__fp_trunc)
C:\WinAVR-20100110\avr\lib\avr6\libm.a(fp_zero.o)
                              C:\WinAVR-20100110\avr\lib\avr6\libm.a(addsf3x.o) (__fp_zero)
C:\WinAVR-20100110\avr\lib\avr6\libm.a(gesf2.o)
                              gcode.o (__gtsf2)
C:\WinAVR-20100110\avr\lib\avr6\libm.a(inverse.o)
                              C:\WinAVR-20100110\avr\lib\avr6\libm.a(atan.o) (inverse)
C:\WinAVR-20100110\avr\lib\avr6\libm.a(lround.o)
                              planner.o (lround)
C:\WinAVR-20100110\avr\lib\avr6\libm.a(modf.o)
                              wiring_serial.o (modf)
C:\WinAVR-20100110\avr\lib\avr6\libm.a(mulsf3.o)
                              gcode.o (__mulsf3)
C:\WinAVR-20100110\avr\lib\avr6\libm.a(mulsf3x.o)
                              C:\WinAVR-20100110\avr\lib\avr6\libm.a(atan.o) (__mulsf3x)
C:\WinAVR-20100110\avr\lib\avr6\libm.a(round.o)
                              settings.o (round)
C:\WinAVR-20100110\avr\lib\avr6\libm.a(sqrt.o)
                              planner.o (sqrt)
C:\WinAVR-20100110\avr\lib\avr6\libm.a(square.o)
                              planner.o (square)
C:\WinAVR-20100110\avr\lib\avr6\libm.a(trunc.o)
                              gcode.o (trunc)
C:\WinAVR-20100110\avr\lib\avr6\libm.a(fp_norm2.o)
                              C:\WinAVR-20100110\avr\lib\avr6\libm.a(sqrt.o) (__fp_norm2)
c:/winavr-20100110/bin/../lib/gcc/avr/4.3.3/avr6\libgcc.a(_mulsi3.o)
                              planner.o (__mulsi3)
c:/winavr-20100110/bin/../lib/gcc/avr/4.3.3/avr6\libgcc.a(_divmodhi4.o)
                              planner.o (__divmodhi4)
c:/winavr-20100110/bin/../lib/gcc/avr/4.3.3/avr6\libgcc.a(_udivmodsi4.o)
                              stepper.o (__udivmodsi4)
c:/winavr-20100110/bin/../lib/gcc/avr/4.3.3/avr6\libgcc.a(_divmodsi4.o)
                              wiring_serial.o (__divmodsi4)
c:/winavr-20100110/bin/../lib/gcc/avr/4.3.3/avr6\libgcc.a(_exit.o)
                              c:/winavr-20100110/bin/../lib/gcc/avr/4.3.3/../../../../avr/lib/avr6/crtm2560.o (exit)
c:/winavr-20100110/bin/../lib/gcc/avr/4.3.3/avr6\libgcc.a(_clear_bss.o)
                              gcode.o (__do_clear_bss)
c:/winavr-20100110/bin/../lib/gcc/avr/4.3.3/avr6\libgcc.a(_udivmodhi4.o)
                              c:/winavr-20100110/bin/../lib/gcc/avr/4.3.3/avr6\libgcc.a(_divmodhi4.o) (__udivmodhi4)
C:\WinAVR-20100110\avr\lib\avr6\libc.a(rand.o)
                              vacuum_control.o (rand)
C:\WinAVR-20100110\avr\lib\avr6\libc.a(strtod.o)
                              gcode.o (strtod)
C:\WinAVR-20100110\avr\lib\avr6\libc.a(isspace.o)
                              C:\WinAVR-20100110\avr\lib\avr6\libc.a(strtod.o) (isspace)
C:\WinAVR-20100110\avr\lib\avr6\libc.a(strncasecmp_P.o)
                              C:\WinAVR-20100110\avr\lib\avr6\libc.a(strtod.o) (strncasecmp_P)
C:\WinAVR-20100110\avr\lib\avr6\libc.a(errno.o)
                              C:\WinAVR-20100110\avr\lib\avr6\libc.a(strtod.o) (errno)
C:\WinAVR-20100110\avr\lib\avr6\libc.a(cty_isfalse.o)
                              C:\WinAVR-20100110\avr\lib\avr6\libc.a(isspace.o) (__ctype_isfalse)

Allocating common symbols
Common symbol       size              file

max_registers       0x1               usb.o
errno               0x2               C:\WinAVR-20100110\avr\lib\avr6\libc.a(errno.o)
settings            0x26              settings.o
dir_bits            0x1               stepper.o
deviceTable         0x42              max3421e_usb.o

Memory Configuration

Name             Origin             Length             Attributes
text             0x00000000         0x00100000         xr
data             0x00800200         0x0000fe00         rw !x
eeprom           0x00810000         0x00010000         rw !x
fuse             0x00820000         0x00000400         rw !x
lock             0x00830000         0x00000400         rw !x
signature        0x00840000         0x00000400         rw !x
*default*        0x00000000         0xffffffff

Linker script and memory map

Address of section .data set to 0x800200
LOAD c:/winavr-20100110/bin/../lib/gcc/avr/4.3.3/../../../../avr/lib/avr6/crtm2560.o
LOAD coolant_control.o
LOAD eeprom.o
LOAD gcode.o
LOAD main.o
LOAD motion_control.o
LOAD planner.o
LOAD serial_protocol.o
LOAD settings.o
LOAD spindle_control.o
LOAD stepper.o
LOAD wiring_serial.o
LOAD atc_control.o
LOAD head_control.o
LOAD panel_control.o
LOAD vacuum_control.o
LOAD tape_knock.o
LOAD usb.o
LOAD max3421e.o
LOAD SPI.o
LOAD timers.o
LOAD max3421e_usb.o
LOAD C:\WinAVR-20100110\avr\lib\avr6\libm.a
LOAD c:/winavr-20100110/bin/../lib/gcc/avr/4.3.3/avr6\libgcc.a
LOAD C:\WinAVR-20100110\avr\lib\avr6\libc.a
LOAD c:/winavr-20100110/bin/../lib/gcc/avr/4.3.3/avr6\libgcc.a

.hash
 *(.hash)

.dynsym
 *(.dynsym)

.dynstr
 *(.dynstr)

.gnu.version
 *(.gnu.version)

.gnu.version_d
 *(.gnu.version_d)

.gnu.version_r
 *(.gnu.version_r)

.rel.init
 *(.rel.init)

.rela.init
 *(.rela.init)

.rel.text
 *(.rel.text)
 *(.rel.text.*)
 *(.rel.gnu.linkonce.t*)

.rela.text
 *(.rela.text)
 *(.rela.text.*)
 *(.rela.gnu.linkonce.t*)

.rel.fini
 *(.rel.fini)

.rela.fini
 *(.rela.fini)

.rel.rodata
 *(.rel.rodata)
 *(.rel.rodata.*)
 *(.rel.gnu.linkonce.r*)

.rela.rodata
 *(.rela.rodata)
 *(.rela.rodata.*)
 *(.rela.gnu.linkonce.r*)

.rel.data
 *(.rel.data)
 *(.rel.data.*)
 *(.rel.gnu.linkonce.d*)

.rela.data
 *(.rela.data)
 *(.rela.data.*)
 *(.rela.gnu.linkonce.d*)

.rel.ctors
 *(.rel.ctors)

.rela.ctors
 *(.rela.ctors)

.rel.dtors
 *(.rel.dtors)

.rela.dtors
 *(.rela.dtors)

.rel.got
 *(.rel.got)

.rela.got
 *(.rela.got)

.rel.bss
 *(.rel.bss)

.rela.bss
 *(.rela.bss)

.rel.plt
 *(.rel.plt)

.rela.plt
 *(.rela.plt)

.text           0x00000000     0x622e
 *(.vectors)
 .vectors       0x00000000       0xe4 c:/winavr-20100110/bin/../lib/gcc/avr/4.3.3/../../../../avr/lib/avr6/crtm2560.o
                0x00000000                __vectors
                0x00000000                __vector_default
 *(.vectors)
 *(.progmem.gcc*)
 .progmem.gcc_sw_table
                0x000000e4      0x138 gcode.o
 .progmem.gcc_fplib
                0x0000021c       0x2d C:\WinAVR-20100110\avr\lib\avr6\libm.a(atan.o)
 *(.progmem*)
 .progmem.data  0x00000249      0x110 gcode.o
 .progmem.data  0x00000359        0xd main.o
 .progmem.data  0x00000366      0x1f5 settings.o
 .progmem.data  0x0000055b        0xe stepper.o
 .progmem.data  0x00000569       0x12 head_control.o
 .progmem.data  0x0000057b        0x9 vacuum_control.o
 .progmem.data  0x00000584       0x22 max3421e.o
 .progmem.data  0x000005a6       0x3b C:\WinAVR-20100110\avr\lib\avr6\libc.a(strtod.o)
                0x000005e2                . = ALIGN (0x2)
 *fill*         0x000005e1        0x1 00
                0x000005e2                __trampolines_start = .
 *(.trampolines)
 .trampolines   0x000005e2        0x0 linker stubs
 *(.trampolines*)
                0x000005e2                __trampolines_end = .
 *(.jumptables)
 *(.jumptables*)
 *(.lowtext)
 *(.lowtext*)
                0x000005e2                __ctors_start = .
 *(.ctors)
                0x000005e2                __ctors_end = .
                0x000005e2                __dtors_start = .
 *(.dtors)
                0x000005e2                __dtors_end = .
 SORT(*)(.ctors)
 SORT(*)(.dtors)
 *(.init0)
 .init0         0x000005e2        0x0 c:/winavr-20100110/bin/../lib/gcc/avr/4.3.3/../../../../avr/lib/avr6/crtm2560.o
                0x000005e2                __init
 *(.init0)
 *(.init1)
 *(.init1)
 *(.init2)
 .init2         0x000005e2       0x10 c:/winavr-20100110/bin/../lib/gcc/avr/4.3.3/../../../../avr/lib/avr6/crtm2560.o
 *(.init2)
 *(.init3)
 *(.init3)
 *(.init4)
 .init4         0x000005f2       0x1a c:/winavr-20100110/bin/../lib/gcc/avr/4.3.3/../../../../avr/lib/avr6/crtm2560.o
                0x000005f2                __do_copy_data
 .init4         0x0000060c       0x10 c:/winavr-20100110/bin/../lib/gcc/avr/4.3.3/avr6\libgcc.a(_clear_bss.o)
                0x0000060c                __do_clear_bss
 *(.init4)
 *(.init5)
 *(.init5)
 *(.init6)
 *(.init6)
 *(.init7)
 *(.init7)
 *(.init8)
 *(.init8)
 *(.init9)
 .init9         0x0000061c        0x8 c:/winavr-20100110/bin/../lib/gcc/avr/4.3.3/../../../../avr/lib/avr6/crtm2560.o
 *(.init9)
 *(.text)
 .text          0x00000624        0x4 c:/winavr-20100110/bin/../lib/gcc/avr/4.3.3/../../../../avr/lib/avr6/crtm2560.o
                0x00000624                __vector_38
                0x00000624                __vector_22
                0x00000624                __vector_28
                0x00000624                __vector_1
                0x00000624                __vector_34
                0x00000624                __vector_24
                0x00000624                __vector_12
                0x00000624                __vector_55
                0x00000624                __vector_46
                0x00000624                __bad_interrupt
                0x00000624                __vector_6
                0x00000624                __vector_31
                0x00000624                __vector_35
                0x00000624                __vector_39
                0x00000624                __vector_3
                0x00000624                __vector_30
                0x00000624                __vector_45
                0x00000624                __vector_11
                0x00000624                __vector_54
                0x00000624                __vector_13
                0x00000624                __vector_19
                0x00000624                __vector_56
                0x00000624                __vector_7
                0x00000624                __vector_49
                0x00000624                __vector_41
                0x00000624                __vector_43
                0x00000624                __vector_27
                0x00000624                __vector_5
                0x00000624                __vector_33
                0x00000624                __vector_47
                0x00000624                __vector_52
                0x00000624                __vector_37
                0x00000624                __vector_4
                0x00000624                __vector_44
                0x00000624                __vector_51
                0x00000624                __vector_9
                0x00000624                __vector_2
                0x00000624                __vector_21
                0x00000624                __vector_36
                0x00000624                __vector_29
                0x00000624                __vector_40
                0x00000624                __vector_8
                0x00000624                __vector_26
                0x00000624                __vector_48
                0x00000624                __vector_14
                0x00000624                __vector_53
                0x00000624                __vector_10
                0x00000624                __vector_50
                0x00000624                __vector_16
                0x00000624                __vector_18
                0x00000624                __vector_42
 .text          0x00000628        0x0 coolant_control.o
 .text          0x00000628        0x0 eeprom.o
 .text          0x00000628        0x0 gcode.o
 .text          0x00000628        0x0 main.o
 .text          0x00000628        0x0 motion_control.o
 .text          0x00000628        0x0 planner.o
 .text          0x00000628        0x0 serial_protocol.o
 .text          0x00000628        0x0 settings.o
 .text          0x00000628        0x0 spindle_control.o
 .text          0x00000628        0x0 stepper.o
 .text          0x00000628        0x0 wiring_serial.o
 .text          0x00000628        0x0 atc_control.o
 .text          0x00000628        0x0 head_control.o
 .text          0x00000628        0x0 panel_control.o
 .text          0x00000628        0x0 vacuum_control.o
 .text          0x00000628        0x0 tape_knock.o
 .text          0x00000628        0x0 usb.o
 .text          0x00000628        0x0 max3421e.o
 .text          0x00000628        0x0 SPI.o
 .text          0x00000628        0x0 timers.o
 .text          0x00000628        0x0 max3421e_usb.o
 .text          0x00000628        0x0 C:\WinAVR-20100110\avr\lib\avr6\libm.a(addsf3.o)
 .text          0x00000628        0x0 C:\WinAVR-20100110\avr\lib\avr6\libm.a(addsf3x.o)
 .text          0x00000628        0x0 C:\WinAVR-20100110\avr\lib\avr6\libm.a(atan.o)
 .text          0x00000628        0x0 C:\WinAVR-20100110\avr\lib\avr6\libm.a(ceil.o)
 .text          0x00000628        0x0 C:\WinAVR-20100110\avr\lib\avr6\libm.a(cmpsf2.o)
 .text          0x00000628        0x0 C:\WinAVR-20100110\avr\lib\avr6\libm.a(divsf3.o)
 .text          0x00000628        0x0 C:\WinAVR-20100110\avr\lib\avr6\libm.a(divsf3x.o)
 .text          0x00000628        0x0 C:\WinAVR-20100110\avr\lib\avr6\libm.a(fixsfsi.o)
 .text          0x00000628        0x0 C:\WinAVR-20100110\avr\lib\avr6\libm.a(fixunssfsi.o)
 .text          0x00000628        0x0 C:\WinAVR-20100110\avr\lib\avr6\libm.a(floatsisf.o)
 .text          0x00000628        0x0 C:\WinAVR-20100110\avr\lib\avr6\libm.a(floor.o)
 .text          0x00000628        0x0 C:\WinAVR-20100110\avr\lib\avr6\libm.a(fp_cmp.o)
 .text          0x00000628        0x0 C:\WinAVR-20100110\avr\lib\avr6\libm.a(fp_inf.o)
 .text          0x00000628        0x0 C:\WinAVR-20100110\avr\lib\avr6\libm.a(fp_mintl.o)
 .text          0x00000628        0x0 C:\WinAVR-20100110\avr\lib\avr6\libm.a(fp_mpack.o)
 .text          0x00000628        0x0 C:\WinAVR-20100110\avr\lib\avr6\libm.a(fp_nan.o)
 .text          0x00000628        0x0 C:\WinAVR-20100110\avr\lib\avr6\libm.a(fp_powser.o)
 .text          0x00000628        0x0 C:\WinAVR-20100110\avr\lib\avr6\libm.a(fp_pscA.o)
 .text          0x00000628        0x0 C:\WinAVR-20100110\avr\lib\avr6\libm.a(fp_pscB.o)
 .text          0x00000628        0x0 C:\WinAVR-20100110\avr\lib\avr6\libm.a(fp_round.o)
 .text          0x00000628        0x0 C:\WinAVR-20100110\avr\lib\avr6\libm.a(fp_split3.o)
 .text          0x00000628        0x0 C:\WinAVR-20100110\avr\lib\avr6\libm.a(fp_trunc.o)
 .text          0x00000628        0x0 C:\WinAVR-20100110\avr\lib\avr6\libm.a(fp_zero.o)
 .text          0x00000628        0x0 C:\WinAVR-20100110\avr\lib\avr6\libm.a(gesf2.o)
 .text          0x00000628        0x0 C:\WinAVR-20100110\avr\lib\avr6\libm.a(inverse.o)
 .text          0x00000628        0x0 C:\WinAVR-20100110\avr\lib\avr6\libm.a(lround.o)
 .text          0x00000628        0x0 C:\WinAVR-20100110\avr\lib\avr6\libm.a(modf.o)
 .text          0x00000628        0x0 C:\WinAVR-20100110\avr\lib\avr6\libm.a(mulsf3.o)
 .text          0x00000628        0x0 C:\WinAVR-20100110\avr\lib\avr6\libm.a(mulsf3x.o)
 .text          0x00000628        0x0 C:\WinAVR-20100110\avr\lib\avr6\libm.a(round.o)
 .text          0x00000628        0x0 C:\WinAVR-20100110\avr\lib\avr6\libm.a(sqrt.o)
 .text          0x00000628        0x0 C:\WinAVR-20100110\avr\lib\avr6\libm.a(square.o)
 .text          0x00000628        0x0 C:\WinAVR-20100110\avr\lib\avr6\libm.a(trunc.o)
 .text          0x00000628        0x0 C:\WinAVR-20100110\avr\lib\avr6\libm.a(fp_norm2.o)
 .text          0x00000628        0x0 c:/winavr-20100110/bin/../lib/gcc/avr/4.3.3/avr6\libgcc.a(_mulsi3.o)
 .text          0x00000628        0x0 c:/winavr-20100110/bin/../lib/gcc/avr/4.3.3/avr6\libgcc.a(_divmodhi4.o)
 .text          0x00000628        0x0 c:/winavr-20100110/bin/../lib/gcc/avr/4.3.3/avr6\libgcc.a(_udivmodsi4.o)
 .text          0x00000628        0x0 c:/winavr-20100110/bin/../lib/gcc/avr/4.3.3/avr6\libgcc.a(_divmodsi4.o)
 .text          0x00000628        0x0 c:/winavr-20100110/bin/../lib/gcc/avr/4.3.3/avr6\libgcc.a(_exit.o)
 .text          0x00000628        0x0 c:/winavr-20100110/bin/../lib/gcc/avr/4.3.3/avr6\libgcc.a(_clear_bss.o)
 .text          0x00000628        0x0 c:/winavr-20100110/bin/../lib/gcc/avr/4.3.3/avr6\libgcc.a(_udivmodhi4.o)
 .text          0x00000628        0x0 C:\WinAVR-20100110\avr\lib\avr6\libc.a(rand.o)
 .text          0x00000628        0x0 C:\WinAVR-20100110\avr\lib\avr6\libc.a(strtod.o)
 .text          0x00000628        0x0 C:\WinAVR-20100110\avr\lib\avr6\libc.a(isspace.o)
 .text          0x00000628        0x0 C:\WinAVR-20100110\avr\lib\avr6\libc.a(strncasecmp_P.o)
 .text          0x00000628        0x0 C:\WinAVR-20100110\avr\lib\avr6\libc.a(errno.o)
 .text          0x00000628        0x0 C:\WinAVR-20100110\avr\lib\avr6\libc.a(cty_isfalse.o)
                0x00000628                . = ALIGN (0x2)
 *(.text.*)
 .text.coolant_init
                0x00000628        0x4 coolant_control.o
                0x00000628                coolant_init
 .text.coolant_flood
                0x0000062c        0xc coolant_control.o
                0x0000062c                coolant_flood
 .text.eeprom_get_char
                0x00000638       0x10 eeprom.o
                0x00000638                eeprom_get_char
 .text.eeprom_put_char
                0x00000648       0x42 eeprom.o
                0x00000648                eeprom_put_char
 .text.memcpy_to_eeprom_with_checksum
                0x0000068a       0x78 eeprom.o
                0x0000068a                memcpy_to_eeprom_with_checksum
 .text.memcpy_from_eeprom_with_checksum
                0x00000702       0x7e eeprom.o
                0x00000702                memcpy_from_eeprom_with_checksum
 .text.select_plane
                0x00000780        0xe gcode.o
                0x00000780                select_plane
 .text.set_feeder_x
                0x0000078e       0x12 gcode.o
                0x0000078e                set_feeder_x
 .text.set_feeder_y
                0x000007a0       0x12 gcode.o
                0x000007a0                set_feeder_y
 .text.gotoxy   0x000007b2      0x1ae gcode.o
                0x000007b2                gotoxy
 .text.read_double
                0x00000960       0x82 gcode.o
                0x00000960                read_double
 .text.next_statement
                0x000009e2       0x68 gcode.o
                0x000009e2                next_statement
 .text.gc_init  0x00000a4a       0x7c gcode.o
                0x00000a4a                gc_init
 .text.gc_execute_line
                0x00000ac6      0x9d8 gcode.o
                0x00000ac6                gc_execute_line
 .text.theta    0x0000149e       0x8c gcode.o
                0x0000149e                theta
 .text.pb_usbEventHandler
                0x0000152a       0x26 main.o
 .text.main     0x00001550       0xaa main.o
                0x00001550                main
 .text.mc_go_home
                0x000015fa        0x6 motion_control.o
                0x000015fa                mc_go_home
 .text.mc_dwell
                0x00001600       0xa8 motion_control.o
                0x00001600                mc_dwell
 .text.factor_for_safe_speed
                0x000016a8       0x20 planner.o
                0x000016a8                factor_for_safe_speed
 .text.plan_is_acceleration_manager_enabled
                0x000016c8        0x8 planner.o
                0x000016c8                plan_is_acceleration_manager_enabled
 .text.plan_discard_current_block
                0x000016d0       0x32 planner.o
                0x000016d0                plan_discard_current_block
 .text.plan_get_current_block
                0x00001702       0x52 planner.o
                0x00001702                plan_get_current_block
 .text.planner_forward_pass_kernel
                0x00001754      0x10c planner.o
                0x00001754                planner_forward_pass_kernel
 .text.planner_forward_pass
                0x00001860       0x9a planner.o
                0x00001860                planner_forward_pass
 .text.plan_set_current
                0x000018fa      0x106 planner.o
                0x000018fa                plan_set_current
 .text.plan_set_acceleration_manager_enabled
                0x00001a00       0x3a planner.o
                0x00001a00                plan_set_acceleration_manager_enabled
 .text.plan_init
                0x00001a3a       0x28 planner.o
                0x00001a3a                plan_init
 .text.planner_reverse_pass_kernel
                0x00001a62      0x284 planner.o
                0x00001a62                planner_reverse_pass_kernel
 .text.planner_reverse_pass
                0x00001ce6       0xa4 planner.o
                0x00001ce6                planner_reverse_pass
 .text.calculate_trapezoid_for_block
                0x00001d8a      0x2a0 planner.o
                0x00001d8a                calculate_trapezoid_for_block
 .text.planner_recalculate_trapezoids
                0x0000202a       0xaa planner.o
                0x0000202a                planner_recalculate_trapezoids
 .text.planner_recalculate
                0x000020d4        0xe planner.o
                0x000020d4                planner_recalculate
 .text.plan_buffer_line
                0x000020e2      0x868 planner.o
                0x000020e2                plan_buffer_line
 .text.sp_process
                0x0000294a       0xd0 serial_protocol.o
                0x0000294a                sp_process
 .text.sp_init  0x00002a1a        0xe serial_protocol.o
                0x00002a1a                sp_init
 .text.settings_reset
                0x00002a28       0xc8 settings.o
                0x00002a28                settings_reset
 .text.read_settings
                0x00002af0       0x84 settings.o
                0x00002af0                read_settings
 .text.write_settings
                0x00002b74       0x1c settings.o
                0x00002b74                write_settings
 .text.settings_store_setting
                0x00002b90      0x146 settings.o
                0x00002b90                settings_store_setting
 .text.settings_dump
                0x00002cd6      0x1a8 settings.o
                0x00002cd6                settings_dump
 .text.settings_init
                0x00002e7e       0x18 settings.o
                0x00002e7e                settings_init
 .text.spindle_init
                0x00002e96       0x10 spindle_control.o
                0x00002e96                spindle_init
 .text.spindle_run
                0x00002ea6       0x20 spindle_control.o
                0x00002ea6                spindle_run
 .text.spindle_stop
                0x00002ec6        0xc spindle_control.o
                0x00002ec6                spindle_stop
 .text.rotate_head
                0x00002ed2       0x22 spindle_control.o
                0x00002ed2                rotate_head
 .text.st_wake_up
                0x00002ef4        0xc stepper.o
                0x00002ef4                st_wake_up
 .text.set_busy
                0x00002f00        0xc stepper.o
                0x00002f00                set_busy
 .text.get_busy
                0x00002f0c        0xc stepper.o
                0x00002f0c                get_busy
 .text.__vector_15
                0x00002f18       0x1e stepper.o
                0x00002f18                __vector_15
 .text.st_enable
                0x00002f36        0x4 stepper.o
                0x00002f36                st_enable
 .text.st_disable
                0x00002f3a        0x4 stepper.o
                0x00002f3a                st_disable
 .text.st_is_enabled
                0x00002f3e       0x1e stepper.o
                0x00002f3e                st_is_enabled
 .text.config_step_timer
                0x00002f5c      0x14a stepper.o
                0x00002f5c                config_step_timer
 .text.set_step_events_per_minute
                0x000030a6       0x48 stepper.o
                0x000030a6                set_step_events_per_minute
 .text.st_init  0x000030ee       0x80 stepper.o
                0x000030ee                st_init
 .text.moveLeft
                0x0000316e       0x56 stepper.o
                0x0000316e                moveLeft
 .text.moveRight
                0x000031c4       0x58 stepper.o
                0x000031c4                moveRight
 .text.moveForward
                0x0000321c       0x56 stepper.o
                0x0000321c                moveForward
 .text.moveBack
                0x00003272       0x58 stepper.o
                0x00003272                moveBack
 .text.head_moving
                0x000032ca        0xe stepper.o
                0x000032ca                head_moving
 .text.limits_init
                0x000032d8       0x54 stepper.o
                0x000032d8                limits_init
 .text.get_limit_bits
                0x0000332c       0x20 stepper.o
                0x0000332c                get_limit_bits
 .text.st_go_home
                0x0000334c       0x3e stepper.o
                0x0000334c                st_go_home
 .text.st_synchronize
                0x0000338a       0x1a stepper.o
                0x0000338a                st_synchronize
 .text.__vector_17
                0x000033a4      0x55e stepper.o
                0x000033a4                __vector_17
 .text.beginSerial
                0x00003902       0x78 wiring_serial.o
                0x00003902                beginSerial
 .text.serialWrite
                0x0000397a       0x10 wiring_serial.o
                0x0000397a                serialWrite
 .text.serialAvailable
                0x0000398a       0x22 wiring_serial.o
                0x0000398a                serialAvailable
 .text.serialRead
                0x000039ac       0x40 wiring_serial.o
                0x000039ac                serialRead
 .text.serialFlush
                0x000039ec       0x12 wiring_serial.o
                0x000039ec                serialFlush
 .text.printByte
                0x000039fe       0x10 wiring_serial.o
                0x000039fe                printByte
 .text.printString
                0x00003a0e       0x1e wiring_serial.o
                0x00003a0e                printString
 .text.printPgmString
                0x00003a2c       0x1e wiring_serial.o
                0x00003a2c                printPgmString
 .text.printIntegerInBase
                0x00003a4a      0x128 wiring_serial.o
                0x00003a4a                printIntegerInBase
 .text.printInteger
                0x00003b72       0x38 wiring_serial.o
                0x00003b72                printInteger
 .text.printBinary
                0x00003baa        0xe wiring_serial.o
                0x00003baa                printBinary
 .text.printFloat
                0x00003bb8       0x86 wiring_serial.o
                0x00003bb8                printFloat
 .text.__vector_25
                0x00003c3e       0x92 wiring_serial.o
                0x00003c3e                __vector_25
 .text.atc_init
                0x00003cd0       0x26 atc_control.o
                0x00003cd0                atc_init
 .text.has_tool
                0x00003cf6        0x4 atc_control.o
                0x00003cf6                has_tool
 .text.atc_fire
                0x00003cfa      0x14a atc_control.o
                0x00003cfa                atc_fire
 .text.DropTool
                0x00003e44       0x42 atc_control.o
                0x00003e44                DropTool
 .text.PickupTool
                0x00003e86       0x4a atc_control.o
                0x00003e86                PickupTool
 .text.atc_change
                0x00003ed0       0x40 atc_control.o
                0x00003ed0                atc_change
 .text.check_for_tool
                0x00003f10       0x52 atc_control.o
                0x00003f10                check_for_tool
 .text.head_init
                0x00003f62       0x1e head_control.o
                0x00003f62                head_init
 .text.is_head_down
                0x00003f80        0x6 head_control.o
                0x00003f80                is_head_down
 .text.is_rotated
                0x00003f86        0xc head_control.o
                0x00003f86                is_rotated
 .text.head_down
                0x00003f92       0x7a head_control.o
                0x00003f92                head_down
 .text.panel_init
                0x0000400c       0x80 panel_control.o
                0x0000400c                panel_init
 .text.is_pleft
                0x0000408c        0xe panel_control.o
                0x0000408c                is_pleft
 .text.is_pright
                0x0000409a        0xe panel_control.o
                0x0000409a                is_pright
 .text.is_pback
                0x000040a8        0xc panel_control.o
                0x000040a8                is_pback
 .text.is_pforward
                0x000040b4        0xc panel_control.o
                0x000040b4                is_pforward
 .text.is_phead
                0x000040c0        0xc panel_control.o
                0x000040c0                is_phead
 .text.is_pvac  0x000040cc        0xa panel_control.o
                0x000040cc                is_pvac
 .text.is_pfast
                0x000040d6        0xa panel_control.o
                0x000040d6                is_pfast
 .text.is_phome
                0x000040e0        0xe panel_control.o
                0x000040e0                is_phome
 .text.is_pteach
                0x000040ee        0xc panel_control.o
                0x000040ee                is_pteach
 .text.__vector_32
                0x000040fa       0x14 panel_control.o
                0x000040fa                __vector_32
 .text.process_panel
                0x0000410e       0x66 panel_control.o
                0x0000410e                process_panel
 .text.vacuum_init
                0x00004174       0x1a vacuum_control.o
                0x00004174                vacuum_init
 .text.vacuum   0x0000418e       0x3e vacuum_control.o
                0x0000418e                vacuum
 .text.vacuum_state
                0x000041cc        0xc vacuum_control.o
                0x000041cc                vacuum_state
 .text.run_vacuum_test
                0x000041d8       0x74 vacuum_control.o
                0x000041d8                run_vacuum_test
 .text.goto_vacpad
                0x0000424c      0x2a6 vacuum_control.o
                0x0000424c                goto_vacpad
 .text.test_mode
                0x000044f2       0xe4 vacuum_control.o
                0x000044f2                test_mode
 .text.vacuum_test
                0x000045d6       0x18 vacuum_control.o
                0x000045d6                vacuum_test
 .text.tape_init
                0x000045ee        0xc tape_knock.o
                0x000045ee                tape_init
 .text.putdown_part
                0x000045fa       0x6c tape_knock.o
                0x000045fa                putdown_part
 .text.tape_knock
                0x00004666       0x5a tape_knock.o
                0x00004666                tape_knock
 .text.pickup_part
                0x000046c0       0x5c tape_knock.o
                0x000046c0                pickup_part
 .text.usb_setEventHandler
                0x0000471c        0xa usb.o
                0x0000471c                usb_setEventHandler
 .text.usb_fireEvent
                0x00004726        0xc usb.o
                0x00004726                usb_fireEvent
 .text.usb_initEndPoint
                0x00004732        0xe usb.o
                0x00004732                usb_initEndPoint
 .text.usb_initDevice
                0x00004740       0x58 usb.o
                0x00004740                usb_initDevice
 .text.usb_printDeviceInfo
                0x00004798       0x30 usb.o
                0x00004798                usb_printDeviceInfo
 .text.max3421e_write
                0x000047c8       0x18 max3421e.o
                0x000047c8                max3421e_write
 .text.max3421e_writeMultiple
                0x000047e0       0x38 max3421e.o
                0x000047e0                max3421e_writeMultiple
 .text.max3421e_read
                0x00004818       0x18 max3421e.o
                0x00004818                max3421e_read
 .text.max3421e_readMultiple
                0x00004830       0x36 max3421e.o
                0x00004830                max3421e_readMultiple
 .text.max3421e_getVbusState
                0x00004866        0x6 max3421e.o
                0x00004866                max3421e_getVbusState
 .text.max3421e_busprobe
                0x0000486c       0x62 max3421e.o
                0x0000486c                max3421e_busprobe
 .text.max3421e_interruptHandler
                0x000048ce       0x2a max3421e.o
                0x000048ce                max3421e_interruptHandler
 .text.max3421e_gpxInterruptHandler
                0x000048f8        0x8 max3421e.o
                0x000048f8                max3421e_gpxInterruptHandler
 .text.max3421e_poll
                0x00004900       0x26 max3421e.o
                0x00004900                max3421e_poll
 .text.max3421e_reset
                0x00004926       0x3c max3421e.o
                0x00004926                max3421e_reset
 .text.max3421e_powerOn
                0x00004962       0x52 max3421e.o
                0x00004962                max3421e_powerOn
 .text.max3421e_init
                0x000049b4       0x24 max3421e.o
                0x000049b4                max3421e_init
 .text.spi_begin
                0x000049d8       0x1e SPI.o
                0x000049d8                spi_begin
 .text.__vector_23
                0x000049f6       0x90 timers.o
                0x000049f6                __vector_23
 .text.avr_millis
                0x00004a86       0x1e timers.o
                0x00004a86                avr_millis
 .text.avr_ticks
                0x00004aa4       0x80 timers.o
                0x00004aa4                avr_ticks
 .text.avr_delay
                0x00004b24       0x58 timers.o
                0x00004b24                avr_delay
 .text.avr_micros
                0x00004b7c       0x40 timers.o
                0x00004b7c                avr_micros
 .text.__vector_20
                0x00004bbc       0x2e timers.o
                0x00004bbc                __vector_20
 .text.avr_timer1Init
                0x00004bea       0x1c timers.o
                0x00004bea                avr_timer1Init
 .text.setup_timer
                0x00004c06       0x1e timers.o
                0x00004c06                setup_timer
 .text.usb_getUsbTaskState
                0x00004c24        0x6 max3421e_usb.o
                0x00004c24                usb_getUsbTaskState
 .text.usb_setUsbTaskState
                0x00004c2a        0x6 max3421e_usb.o
                0x00004c2a                usb_setUsbTaskState
 .text.usb_getDevice
                0x00004c30       0x1e max3421e_usb.o
                0x00004c30                usb_getDevice
 .text.usb_write
                0x00004c4e      0x1b2 max3421e_usb.o
                0x00004c4e                usb_write
 .text.usb_bulkWrite
                0x00004e00       0x12 max3421e_usb.o
                0x00004e00                usb_bulkWrite
 .text.usb_dispatchPacket
                0x00004e12       0xf2 max3421e_usb.o
                0x00004e12                usb_dispatchPacket
 .text.usb_read
                0x00004f04       0xd4 max3421e_usb.o
                0x00004f04                usb_read
 .text.usb_ctrlData
                0x00004fd8       0x36 max3421e_usb.o
                0x00004fd8                usb_ctrlData
 .text.usb_controlRequest
                0x0000500e       0xf8 max3421e_usb.o
                0x0000500e                usb_controlRequest
 .text.usb_setConfiguration
                0x00005106       0x36 max3421e_usb.o
                0x00005106                usb_setConfiguration
 .text.usb_setAddress
                0x0000513c       0x36 max3421e_usb.o
                0x0000513c                usb_setAddress
 .text.usb_getConfigurationDescriptor
                0x00005172       0xa6 max3421e_usb.o
                0x00005172                usb_getConfigurationDescriptor
 .text.usb_getDeviceDescriptor
                0x00005218       0x36 max3421e_usb.o
                0x00005218                usb_getDeviceDescriptor
 .text.usb_getString
                0x0000524e      0x10a max3421e_usb.o
                0x0000524e                usb_getString
 .text.usb_bulkRead
                0x00005358       0x34 max3421e_usb.o
                0x00005358                usb_bulkRead
 .text.usb_init
                0x0000538c       0x2a max3421e_usb.o
                0x0000538c                usb_init
 .text.usb_poll
                0x000053b6      0x220 max3421e_usb.o
                0x000053b6                usb_poll
 .text.avr-libc.fplib
                0x000055d6        0xa C:\WinAVR-20100110\avr\lib\avr6\libm.a(addsf3.o)
                0x000055d6                __subsf3
                0x000055d8                __addsf3
 .text.avr-libc.fplib
                0x000055e0       0xc0 C:\WinAVR-20100110\avr\lib\avr6\libm.a(addsf3x.o)
                0x000055fa                __addsf3x
 .text.avr-libc.fplib
                0x000056a0       0x50 C:\WinAVR-20100110\avr\lib\avr6\libm.a(atan.o)
                0x000056a0                atan
 .text.avr-libc.fplib
                0x000056f0       0x26 C:\WinAVR-20100110\avr\lib\avr6\libm.a(ceil.o)
                0x000056f0                ceil
 .text.avr-libc.fplib
                0x00005716        0x8 C:\WinAVR-20100110\avr\lib\avr6\libm.a(cmpsf2.o)
                0x00005716                __lesf2
                0x00005716                __nesf2
                0x00005716                __eqsf2
                0x00005716                __cmpsf2
                0x00005716                __ltsf2
 .text.avr-libc.fplib
                0x0000571e        0x4 C:\WinAVR-20100110\avr\lib\avr6\libm.a(divsf3.o)
                0x0000571e                __divsf3
 .text.avr-libc.fplib
                0x00005722       0xcc C:\WinAVR-20100110\avr\lib\avr6\libm.a(divsf3x.o)
                0x00005738                __divsf3x
                0x0000573c                __divsf3_pse
 .text.avr-libc.fplib
                0x000057ee        0xa C:\WinAVR-20100110\avr\lib\avr6\libm.a(fixsfsi.o)
                0x000057ee                __fixsfsi
 .text.avr-libc.fplib
                0x000057f8       0x58 C:\WinAVR-20100110\avr\lib\avr6\libm.a(fixunssfsi.o)
                0x000057f8                __fixunssfsi
 .text.avr-libc.fplib
                0x00005850       0x7a C:\WinAVR-20100110\avr\lib\avr6\libm.a(floatsisf.o)
                0x00005854                __floatsisf
                0x00005850                __floatunsisf
 .text.avr-libc.fplib
                0x000058ca       0x26 C:\WinAVR-20100110\avr\lib\avr6\libm.a(floor.o)
                0x000058ca                floor
 .text.avr-libc.fplib
                0x000058f0       0x48 C:\WinAVR-20100110\avr\lib\avr6\libm.a(fp_cmp.o)
                0x000058f0                __fp_cmp
 .text.avr-libc.fplib
                0x00005938        0xc C:\WinAVR-20100110\avr\lib\avr6\libm.a(fp_inf.o)
                0x00005938                __fp_inf
 .text.avr-libc.fplib
                0x00005944       0x36 C:\WinAVR-20100110\avr\lib\avr6\libm.a(fp_mintl.o)
                0x00005944                __fp_mintl
 .text.avr-libc.fplib
                0x0000597a       0x1c C:\WinAVR-20100110\avr\lib\avr6\libm.a(fp_mpack.o)
                0x0000597e                __fp_mpack_finite
                0x0000597a                __fp_mpack
 .text.avr-libc.fplib
                0x00005996        0x6 C:\WinAVR-20100110\avr\lib\avr6\libm.a(fp_nan.o)
                0x00005996                __fp_nan
 .text.avr-libc.fplib
                0x0000599c       0x4a C:\WinAVR-20100110\avr\lib\avr6\libm.a(fp_powser.o)
                0x0000599c                __fp_powser
 .text.avr-libc.fplib
                0x000059e6        0xe C:\WinAVR-20100110\avr\lib\avr6\libm.a(fp_pscA.o)
                0x000059e6                __fp_pscA
 .text.avr-libc.fplib
                0x000059f4        0xe C:\WinAVR-20100110\avr\lib\avr6\libm.a(fp_pscB.o)
                0x000059f4                __fp_pscB
 .text.avr-libc.fplib
                0x00005a02       0x22 C:\WinAVR-20100110\avr\lib\avr6\libm.a(fp_round.o)
                0x00005a02                __fp_round
 .text.avr-libc.fplib
                0x00005a24       0x44 C:\WinAVR-20100110\avr\lib\avr6\libm.a(fp_split3.o)
                0x00005a24                __fp_split3
                0x00005a34                __fp_splitA
 .text.avr-libc.fplib
                0x00005a68       0x2e C:\WinAVR-20100110\avr\lib\avr6\libm.a(fp_trunc.o)
                0x00005a68                __fp_trunc
 .text.avr-libc.fplib
                0x00005a96        0xe C:\WinAVR-20100110\avr\lib\avr6\libm.a(fp_zero.o)
                0x00005a96                __fp_zero
                0x00005a98                __fp_szero
 .text.avr-libc.fplib
                0x00005aa4        0x8 C:\WinAVR-20100110\avr\lib\avr6\libm.a(gesf2.o)
                0x00005aa4                __gtsf2
                0x00005aa4                __gesf2
 .text.avr-libc.fplib
                0x00005aac        0xe C:\WinAVR-20100110\avr\lib\avr6\libm.a(inverse.o)
                0x00005aac                inverse
 .text.avr-libc.fplib
                0x00005aba       0x60 C:\WinAVR-20100110\avr\lib\avr6\libm.a(lround.o)
                0x00005aba                lround
 .text.avr-libc.fplib
                0x00005b1a       0x66 C:\WinAVR-20100110\avr\lib\avr6\libm.a(modf.o)
                0x00005b1a                modff
                0x00005b1a                modf
 .text.avr-libc.fplib
                0x00005b80        0x4 C:\WinAVR-20100110\avr\lib\avr6\libm.a(mulsf3.o)
                0x00005b80                __mulsf3
 .text.avr-libc.fplib
                0x00005b84       0xc2 C:\WinAVR-20100110\avr\lib\avr6\libm.a(mulsf3x.o)
                0x00005b9c                __mulsf3_pse
                0x00005b98                __mulsf3x
 .text.avr-libc.fplib
                0x00005c46       0x40 C:\WinAVR-20100110\avr\lib\avr6\libm.a(round.o)
                0x00005c46                round
 .text.avr-libc.fplib
                0x00005c86       0x84 C:\WinAVR-20100110\avr\lib\avr6\libm.a(sqrt.o)
                0x00005c8e                sqrt
 .text.avr-libc.fplib
                0x00005d0a        0x6 C:\WinAVR-20100110\avr\lib\avr6\libm.a(square.o)
                0x00005d0a                square
 .text.avr-libc.fplib
                0x00005d10        0xe C:\WinAVR-20100110\avr\lib\avr6\libm.a(trunc.o)
                0x00005d10                trunc
 .text.avr-libc.fplib
                0x00005d1e        0xe C:\WinAVR-20100110\avr\lib\avr6\libm.a(fp_norm2.o)
                0x00005d1e                __fp_norm2
 .text.libgcc   0x00005d2c       0x3e c:/winavr-20100110/bin/../lib/gcc/avr/4.3.3/avr6\libgcc.a(_mulsi3.o)
                0x00005d2c                __mulsi3
 .text.libgcc   0x00005d6a       0x26 c:/winavr-20100110/bin/../lib/gcc/avr/4.3.3/avr6\libgcc.a(_divmodhi4.o)
                0x00005d6a                __divmodhi4
                0x00005d6a                _div
 .text.libgcc   0x00005d90       0x44 c:/winavr-20100110/bin/../lib/gcc/avr/4.3.3/avr6\libgcc.a(_udivmodsi4.o)
                0x00005d90                __udivmodsi4
 .text.libgcc   0x00005dd4       0x36 c:/winavr-20100110/bin/../lib/gcc/avr/4.3.3/avr6\libgcc.a(_divmodsi4.o)
                0x00005dd4                __divmodsi4
 .text.libgcc   0x00005e0a        0x0 c:/winavr-20100110/bin/../lib/gcc/avr/4.3.3/avr6\libgcc.a(_exit.o)
 .text.libgcc   0x00005e0a        0x0 c:/winavr-20100110/bin/../lib/gcc/avr/4.3.3/avr6\libgcc.a(_clear_bss.o)
 .text.libgcc   0x00005e0a       0x28 c:/winavr-20100110/bin/../lib/gcc/avr/4.3.3/avr6\libgcc.a(_udivmodhi4.o)
                0x00005e0a                __udivmodhi4
 .text.avr-libc
                0x00005e32       0xd6 C:\WinAVR-20100110\avr\lib\avr6\libc.a(rand.o)
                0x00005ee2                rand_r
                0x00005ee8                rand
                0x00005ef2                srand
 .text.avr-libc
                0x00005f08      0x2dc C:\WinAVR-20100110\avr\lib\avr6\libc.a(strtod.o)
                0x00005f08                strtod
 .text.avr-libc
                0x000061e4       0x10 C:\WinAVR-20100110\avr\lib\avr6\libc.a(isspace.o)
                0x000061e4                isspace
 .text.avr-libc
                0x000061f4       0x30 C:\WinAVR-20100110\avr\lib\avr6\libc.a(strncasecmp_P.o)
                0x000061f4                strncasecmp_P
 .text.avr-libc
                0x00006224        0x6 C:\WinAVR-20100110\avr\lib\avr6\libc.a(cty_isfalse.o)
                0x00006228                __ctype_istrue
                0x00006224                __ctype_isfalse
                0x0000622a                . = ALIGN (0x2)
 *(.fini9)
 .fini9         0x0000622a        0x0 c:/winavr-20100110/bin/../lib/gcc/avr/4.3.3/avr6\libgcc.a(_exit.o)
                0x0000622a                exit
                0x0000622a                _exit
 *(.fini9)
 *(.fini8)
 *(.fini8)
 *(.fini7)
 *(.fini7)
 *(.fini6)
 *(.fini6)
 *(.fini5)
 *(.fini5)
 *(.fini4)
 *(.fini4)
 *(.fini3)
 *(.fini3)
 *(.fini2)
 *(.fini2)
 *(.fini1)
 *(.fini1)
 *(.fini0)
 .fini0         0x0000622a        0x4 c:/winavr-20100110/bin/../lib/gcc/avr/4.3.3/avr6\libgcc.a(_exit.o)
 *(.fini0)
                0x0000622e                _etext = .

.data           0x00800200        0x6 load address 0x0000622e
                0x00800200                PROVIDE (__data_start, .)
 *(.data)
 .data          0x00800200        0x0 c:/winavr-20100110/bin/../lib/gcc/avr/4.3.3/../../../../avr/lib/avr6/crtm2560.o
 .data          0x00800200        0x0 coolant_control.o
 .data          0x00800200        0x0 eeprom.o
 .data          0x00800200        0x0 gcode.o
 .data          0x00800200        0x0 main.o
 .data          0x00800200        0x0 motion_control.o
 .data          0x00800200        0x0 planner.o
 .data          0x00800200        0x0 serial_protocol.o
 .data          0x00800200        0x0 settings.o
 .data          0x00800200        0x0 spindle_control.o
 .data          0x00800200        0x0 stepper.o
 .data          0x00800200        0x0 wiring_serial.o
 .data          0x00800200        0x0 atc_control.o
 .data          0x00800200        0x0 head_control.o
 .data          0x00800200        0x0 panel_control.o
 .data          0x00800200        0x0 vacuum_control.o
 .data          0x00800200        0x0 tape_knock.o
 .data          0x00800200        0x0 usb.o
 .data          0x00800200        0x0 max3421e.o
 .data          0x00800200        0x0 SPI.o
 .data          0x00800200        0x0 timers.o
 .data          0x00800200        0x1 max3421e_usb.o
 .data          0x00800201        0x0 C:\WinAVR-20100110\avr\lib\avr6\libm.a(addsf3.o)
 .data          0x00800201        0x0 C:\WinAVR-20100110\avr\lib\avr6\libm.a(addsf3x.o)
 .data          0x00800201        0x0 C:\WinAVR-20100110\avr\lib\avr6\libm.a(atan.o)
 .data          0x00800201        0x0 C:\WinAVR-20100110\avr\lib\avr6\libm.a(ceil.o)
 .data          0x00800201        0x0 C:\WinAVR-20100110\avr\lib\avr6\libm.a(cmpsf2.o)
 .data          0x00800201        0x0 C:\WinAVR-20100110\avr\lib\avr6\libm.a(divsf3.o)
 .data          0x00800201        0x0 C:\WinAVR-20100110\avr\lib\avr6\libm.a(divsf3x.o)
 .data          0x00800201        0x0 C:\WinAVR-20100110\avr\lib\avr6\libm.a(fixsfsi.o)
 .data          0x00800201        0x0 C:\WinAVR-20100110\avr\lib\avr6\libm.a(fixunssfsi.o)
 .data          0x00800201        0x0 C:\WinAVR-20100110\avr\lib\avr6\libm.a(floatsisf.o)
 .data          0x00800201        0x0 C:\WinAVR-20100110\avr\lib\avr6\libm.a(floor.o)
 .data          0x00800201        0x0 C:\WinAVR-20100110\avr\lib\avr6\libm.a(fp_cmp.o)
 .data          0x00800201        0x0 C:\WinAVR-20100110\avr\lib\avr6\libm.a(fp_inf.o)
 .data          0x00800201        0x0 C:\WinAVR-20100110\avr\lib\avr6\libm.a(fp_mintl.o)
 .data          0x00800201        0x0 C:\WinAVR-20100110\avr\lib\avr6\libm.a(fp_mpack.o)
 .data          0x00800201        0x0 C:\WinAVR-20100110\avr\lib\avr6\libm.a(fp_nan.o)
 .data          0x00800201        0x0 C:\WinAVR-20100110\avr\lib\avr6\libm.a(fp_powser.o)
 .data          0x00800201        0x0 C:\WinAVR-20100110\avr\lib\avr6\libm.a(fp_pscA.o)
 .data          0x00800201        0x0 C:\WinAVR-20100110\avr\lib\avr6\libm.a(fp_pscB.o)
 .data          0x00800201        0x0 C:\WinAVR-20100110\avr\lib\avr6\libm.a(fp_round.o)
 .data          0x00800201        0x0 C:\WinAVR-20100110\avr\lib\avr6\libm.a(fp_split3.o)
 .data          0x00800201        0x0 C:\WinAVR-20100110\avr\lib\avr6\libm.a(fp_trunc.o)
 .data          0x00800201        0x0 C:\WinAVR-20100110\avr\lib\avr6\libm.a(fp_zero.o)
 .data          0x00800201        0x0 C:\WinAVR-20100110\avr\lib\avr6\libm.a(gesf2.o)
 .data          0x00800201        0x0 C:\WinAVR-20100110\avr\lib\avr6\libm.a(inverse.o)
 .data          0x00800201        0x0 C:\WinAVR-20100110\avr\lib\avr6\libm.a(lround.o)
 .data          0x00800201        0x0 C:\WinAVR-20100110\avr\lib\avr6\libm.a(modf.o)
 .data          0x00800201        0x0 C:\WinAVR-20100110\avr\lib\avr6\libm.a(mulsf3.o)
 .data          0x00800201        0x0 C:\WinAVR-20100110\avr\lib\avr6\libm.a(mulsf3x.o)
 .data          0x00800201        0x0 C:\WinAVR-20100110\avr\lib\avr6\libm.a(round.o)
 .data          0x00800201        0x0 C:\WinAVR-20100110\avr\lib\avr6\libm.a(sqrt.o)
 .data          0x00800201        0x0 C:\WinAVR-20100110\avr\lib\avr6\libm.a(square.o)
 .data          0x00800201        0x0 C:\WinAVR-20100110\avr\lib\avr6\libm.a(trunc.o)
 .data          0x00800201        0x0 C:\WinAVR-20100110\avr\lib\avr6\libm.a(fp_norm2.o)
 .data          0x00800201        0x0 c:/winavr-20100110/bin/../lib/gcc/avr/4.3.3/avr6\libgcc.a(_mulsi3.o)
 .data          0x00800201        0x0 c:/winavr-20100110/bin/../lib/gcc/avr/4.3.3/avr6\libgcc.a(_divmodhi4.o)
 .data          0x00800201        0x0 c:/winavr-20100110/bin/../lib/gcc/avr/4.3.3/avr6\libgcc.a(_udivmodsi4.o)
 .data          0x00800201        0x0 c:/winavr-20100110/bin/../lib/gcc/avr/4.3.3/avr6\libgcc.a(_divmodsi4.o)
 .data          0x00800201        0x0 c:/winavr-20100110/bin/../lib/gcc/avr/4.3.3/avr6\libgcc.a(_exit.o)
 .data          0x00800201        0x0 c:/winavr-20100110/bin/../lib/gcc/avr/4.3.3/avr6\libgcc.a(_clear_bss.o)
 .data          0x00800201        0x0 c:/winavr-20100110/bin/../lib/gcc/avr/4.3.3/avr6\libgcc.a(_udivmodhi4.o)
 .data          0x00800201        0x4 C:\WinAVR-20100110\avr\lib\avr6\libc.a(rand.o)
 .data          0x00800205        0x0 C:\WinAVR-20100110\avr\lib\avr6\libc.a(strtod.o)
 .data          0x00800205        0x0 C:\WinAVR-20100110\avr\lib\avr6\libc.a(isspace.o)
 .data          0x00800205        0x0 C:\WinAVR-20100110\avr\lib\avr6\libc.a(strncasecmp_P.o)
 .data          0x00800205        0x0 C:\WinAVR-20100110\avr\lib\avr6\libc.a(errno.o)
 .data          0x00800205        0x0 C:\WinAVR-20100110\avr\lib\avr6\libc.a(cty_isfalse.o)
 *(.data*)
 *(.rodata)
 *(.rodata*)
 *(.gnu.linkonce.d*)
                0x00800206                . = ALIGN (0x2)
 *fill*         0x00800205        0x1 00
                0x00800206                _edata = .
                0x00800206                PROVIDE (__data_end, .)

.bss            0x00800206      0x4fb
                0x00800206                PROVIDE (__bss_start, .)
 *(.bss)
 .bss           0x00800206        0x0 c:/winavr-20100110/bin/../lib/gcc/avr/4.3.3/../../../../avr/lib/avr6/crtm2560.o
 .bss           0x00800206        0x0 coolant_control.o
 .bss           0x00800206        0x0 eeprom.o
 .bss           0x00800206       0x2c gcode.o
 .bss           0x00800232        0x0 main.o
 .bss           0x00800232        0x0 motion_control.o
 .bss           0x00800232      0x2ef planner.o
 .bss           0x00800521       0x33 serial_protocol.o
 .bss           0x00800554        0x0 settings.o
 .bss           0x00800554        0x0 spindle_control.o
 .bss           0x00800554       0x27 stepper.o
                0x00800554                ackHost
                0x00800555                gHomed
 .bss           0x0080057b      0x104 wiring_serial.o
                0x0080057b                rx_buffer_head
                0x0080057d                rx_buffer_tail
 .bss           0x0080067f        0x0 atc_control.o
 .bss           0x0080067f        0x1 head_control.o
 .bss           0x00800680        0x2 panel_control.o
 .bss           0x00800682        0x0 vacuum_control.o
 .bss           0x00800682        0x0 tape_knock.o
 .bss           0x00800682        0x2 usb.o
 .bss           0x00800684        0x1 max3421e.o
 .bss           0x00800685        0x0 SPI.o
 .bss           0x00800685        0xb timers.o
                0x00800685                timer0_overflow_count
                0x00800689                timer0_millis
                0x0080068d                timer1_overflow_count
 .bss           0x00800690        0x5 max3421e_usb.o
 .bss           0x00800695        0x0 C:\WinAVR-20100110\avr\lib\avr6\libm.a(addsf3.o)
 .bss           0x00800695        0x0 C:\WinAVR-20100110\avr\lib\avr6\libm.a(addsf3x.o)
 .bss           0x00800695        0x0 C:\WinAVR-20100110\avr\lib\avr6\libm.a(atan.o)
 .bss           0x00800695        0x0 C:\WinAVR-20100110\avr\lib\avr6\libm.a(ceil.o)
 .bss           0x00800695        0x0 C:\WinAVR-20100110\avr\lib\avr6\libm.a(cmpsf2.o)
 .bss           0x00800695        0x0 C:\WinAVR-20100110\avr\lib\avr6\libm.a(divsf3.o)
 .bss           0x00800695        0x0 C:\WinAVR-20100110\avr\lib\avr6\libm.a(divsf3x.o)
 .bss           0x00800695        0x0 C:\WinAVR-20100110\avr\lib\avr6\libm.a(fixsfsi.o)
 .bss           0x00800695        0x0 C:\WinAVR-20100110\avr\lib\avr6\libm.a(fixunssfsi.o)
 .bss           0x00800695        0x0 C:\WinAVR-20100110\avr\lib\avr6\libm.a(floatsisf.o)
 .bss           0x00800695        0x0 C:\WinAVR-20100110\avr\lib\avr6\libm.a(floor.o)
 .bss           0x00800695        0x0 C:\WinAVR-20100110\avr\lib\avr6\libm.a(fp_cmp.o)
 .bss           0x00800695        0x0 C:\WinAVR-20100110\avr\lib\avr6\libm.a(fp_inf.o)
 .bss           0x00800695        0x0 C:\WinAVR-20100110\avr\lib\avr6\libm.a(fp_mintl.o)
 .bss           0x00800695        0x0 C:\WinAVR-20100110\avr\lib\avr6\libm.a(fp_mpack.o)
 .bss           0x00800695        0x0 C:\WinAVR-20100110\avr\lib\avr6\libm.a(fp_nan.o)
 .bss           0x00800695        0x0 C:\WinAVR-20100110\avr\lib\avr6\libm.a(fp_powser.o)
 .bss           0x00800695        0x0 C:\WinAVR-20100110\avr\lib\avr6\libm.a(fp_pscA.o)
 .bss           0x00800695        0x0 C:\WinAVR-20100110\avr\lib\avr6\libm.a(fp_pscB.o)
 .bss           0x00800695        0x0 C:\WinAVR-20100110\avr\lib\avr6\libm.a(fp_round.o)
 .bss           0x00800695        0x0 C:\WinAVR-20100110\avr\lib\avr6\libm.a(fp_split3.o)
 .bss           0x00800695        0x0 C:\WinAVR-20100110\avr\lib\avr6\libm.a(fp_trunc.o)
 .bss           0x00800695        0x0 C:\WinAVR-20100110\avr\lib\avr6\libm.a(fp_zero.o)
 .bss           0x00800695        0x0 C:\WinAVR-20100110\avr\lib\avr6\libm.a(gesf2.o)
 .bss           0x00800695        0x0 C:\WinAVR-20100110\avr\lib\avr6\libm.a(inverse.o)
 .bss           0x00800695        0x0 C:\WinAVR-20100110\avr\lib\avr6\libm.a(lround.o)
 .bss           0x00800695        0x0 C:\WinAVR-20100110\avr\lib\avr6\libm.a(modf.o)
 .bss           0x00800695        0x0 C:\WinAVR-20100110\avr\lib\avr6\libm.a(mulsf3.o)
 .bss           0x00800695        0x0 C:\WinAVR-20100110\avr\lib\avr6\libm.a(mulsf3x.o)
 .bss           0x00800695        0x0 C:\WinAVR-20100110\avr\lib\avr6\libm.a(round.o)
 .bss           0x00800695        0x0 C:\WinAVR-20100110\avr\lib\avr6\libm.a(sqrt.o)
 .bss           0x00800695        0x0 C:\WinAVR-20100110\avr\lib\avr6\libm.a(square.o)
 .bss           0x00800695        0x0 C:\WinAVR-20100110\avr\lib\avr6\libm.a(trunc.o)
 .bss           0x00800695        0x0 C:\WinAVR-20100110\avr\lib\avr6\libm.a(fp_norm2.o)
 .bss           0x00800695        0x0 c:/winavr-20100110/bin/../lib/gcc/avr/4.3.3/avr6\libgcc.a(_mulsi3.o)
 .bss           0x00800695        0x0 c:/winavr-20100110/bin/../lib/gcc/avr/4.3.3/avr6\libgcc.a(_divmodhi4.o)
 .bss           0x00800695        0x0 c:/winavr-20100110/bin/../lib/gcc/avr/4.3.3/avr6\libgcc.a(_udivmodsi4.o)
 .bss           0x00800695        0x0 c:/winavr-20100110/bin/../lib/gcc/avr/4.3.3/avr6\libgcc.a(_divmodsi4.o)
 .bss           0x00800695        0x0 c:/winavr-20100110/bin/../lib/gcc/avr/4.3.3/avr6\libgcc.a(_exit.o)
 .bss           0x00800695        0x0 c:/winavr-20100110/bin/../lib/gcc/avr/4.3.3/avr6\libgcc.a(_clear_bss.o)
 .bss           0x00800695        0x0 c:/winavr-20100110/bin/../lib/gcc/avr/4.3.3/avr6\libgcc.a(_udivmodhi4.o)
 .bss           0x00800695        0x0 C:\WinAVR-20100110\avr\lib\avr6\libc.a(rand.o)
 .bss           0x00800695        0x0 C:\WinAVR-20100110\avr\lib\avr6\libc.a(strtod.o)
 .bss           0x00800695        0x0 C:\WinAVR-20100110\avr\lib\avr6\libc.a(isspace.o)
 .bss           0x00800695        0x0 C:\WinAVR-20100110\avr\lib\avr6\libc.a(strncasecmp_P.o)
 .bss           0x00800695        0x0 C:\WinAVR-20100110\avr\lib\avr6\libc.a(errno.o)
 .bss           0x00800695        0x0 C:\WinAVR-20100110\avr\lib\avr6\libc.a(cty_isfalse.o)
 *(.bss*)
 *(COMMON)
 COMMON         0x00800695       0x26 settings.o
                0x00800695                settings
 COMMON         0x008006bb        0x1 stepper.o
                0x008006bb                dir_bits
 COMMON         0x008006bc        0x1 usb.o
                0x008006bc                max_registers
 COMMON         0x008006bd       0x42 max3421e_usb.o
                0x008006bd                deviceTable
 COMMON         0x008006ff        0x2 C:\WinAVR-20100110\avr\lib\avr6\libc.a(errno.o)
                0x008006ff                errno
                0x00800701                PROVIDE (__bss_end, .)
                0x0000622e                __data_load_start = LOADADDR (.data)
                0x00006234                __data_load_end = (__data_load_start + SIZEOF (.data))

.noinit         0x00800701        0x0
                0x00800701                PROVIDE (__noinit_start, .)
 *(.noinit*)
                0x00800701                PROVIDE (__noinit_end, .)
                0x00800701                _end = .
                0x00800701                PROVIDE (__heap_start, .)

.eeprom         0x00810000        0x0
 *(.eeprom*)
                0x00810000                __eeprom_end = .

.fuse
 *(.fuse)
 *(.lfuse)
 *(.hfuse)
 *(.efuse)

.lock
 *(.lock*)

.signature
 *(.signature*)

.stab
 *(.stab)

.stabstr
 *(.stabstr)

.stab.excl
 *(.stab.excl)

.stab.exclstr
 *(.stab.exclstr)

.stab.index
 *(.stab.index)

.stab.indexstr
 *(.stab.indexstr)

.comment
 *(.comment)

.debug
 *(.debug)

.line
 *(.line)

.debug_srcinfo
 *(.debug_srcinfo)

.debug_sfnames
 *(.debug_sfnames)

.debug_aranges  0x00000000      0x6d8
 *(.debug_aranges)
 .debug_aranges
                0x00000000       0x28 coolant_control.o
 .debug_aranges
                0x00000028       0x38 eeprom.o
 .debug_aranges
                0x00000060       0x60 gcode.o
 .debug_aranges
                0x000000c0       0x28 main.o
 .debug_aranges
                0x000000e8       0x28 motion_control.o
 .debug_aranges
                0x00000110       0x90 planner.o
 .debug_aranges
                0x000001a0       0x28 serial_protocol.o
 .debug_aranges
                0x000001c8       0x48 settings.o
 .debug_aranges
                0x00000210       0x38 spindle_control.o
 .debug_aranges
                0x00000248       0xb8 stepper.o
 .debug_aranges
                0x00000300       0x80 wiring_serial.o
 .debug_aranges
                0x00000380       0x50 atc_control.o
 .debug_aranges
                0x000003d0       0x38 head_control.o
 .debug_aranges
                0x00000408       0x78 panel_control.o
 .debug_aranges
                0x00000480       0x50 vacuum_control.o
 .debug_aranges
                0x000004d0       0x38 tape_knock.o
 .debug_aranges
                0x00000508       0x40 usb.o
 .debug_aranges
                0x00000548       0x78 max3421e.o
 .debug_aranges
                0x000005c0       0x20 SPI.o
 .debug_aranges
                0x000005e0       0x58 timers.o
 .debug_aranges
                0x00000638       0xa0 max3421e_usb.o

.debug_pubnames
                0x00000000      0xd9a
 *(.debug_pubnames)
 .debug_pubnames
                0x00000000       0x35 coolant_control.o
 .debug_pubnames
                0x00000035       0x82 eeprom.o
 .debug_pubnames
                0x000000b7       0x9d gcode.o
 .debug_pubnames
                0x00000154       0x1b main.o
 .debug_pubnames
                0x0000016f       0x2e motion_control.o
 .debug_pubnames
                0x0000019d      0x1c0 planner.o
 .debug_pubnames
                0x0000035d       0x2d serial_protocol.o
 .debug_pubnames
                0x0000038a       0x96 settings.o
 .debug_pubnames
                0x00000420       0x54 spindle_control.o
 .debug_pubnames
                0x00000474      0x17c stepper.o
 .debug_pubnames
                0x000005f0      0x113 wiring_serial.o
 .debug_pubnames
                0x00000703       0x77 atc_control.o
 .debug_pubnames
                0x0000077a       0x4e head_control.o
 .debug_pubnames
                0x000007c8       0xbc panel_control.o
 .debug_pubnames
                0x00000884       0x80 vacuum_control.o
 .debug_pubnames
                0x00000904       0x50 tape_knock.o
 .debug_pubnames
                0x00000954       0x8e usb.o
 .debug_pubnames
                0x000009e2      0x139 max3421e.o
 .debug_pubnames
                0x00000b1b       0x20 SPI.o
 .debug_pubnames
                0x00000b3b       0xd5 timers.o
 .debug_pubnames
                0x00000c10      0x18a max3421e_usb.o

.debug_info     0x00000000     0x55f5
 *(.debug_info)
 .debug_info    0x00000000       0xa5 coolant_control.o
 .debug_info    0x000000a5      0x1da eeprom.o
 .debug_info    0x0000027f      0xa13 gcode.o
 .debug_info    0x00000c92      0x241 main.o
 .debug_info    0x00000ed3      0x15e motion_control.o
 .debug_info    0x00001031      0x8ef planner.o
 .debug_info    0x00001920      0x135 serial_protocol.o
 .debug_info    0x00001a55      0x522 settings.o
 .debug_info    0x00001f77      0x22d spindle_control.o
 .debug_info    0x000021a4      0x92f stepper.o
 .debug_info    0x00002ad3      0x469 wiring_serial.o
 .debug_info    0x00002f3c      0x2da atc_control.o
 .debug_info    0x00003216      0x1de head_control.o
 .debug_info    0x000033f4      0x293 panel_control.o
 .debug_info    0x00003687      0x721 vacuum_control.o
 .debug_info    0x00003da8      0x347 tape_knock.o
 .debug_info    0x000040ef      0x466 usb.o
 .debug_info    0x00004555      0x372 max3421e.o
 .debug_info    0x000048c7       0x78 SPI.o
 .debug_info    0x0000493f      0x269 timers.o
 .debug_info    0x00004ba8      0xa4d max3421e_usb.o
 *(.gnu.linkonce.wi.*)

.debug_abbrev   0x00000000     0x1c9b
 *(.debug_abbrev)
 .debug_abbrev  0x00000000       0x6c coolant_control.o
 .debug_abbrev  0x0000006c      0x109 eeprom.o
 .debug_abbrev  0x00000175      0x261 gcode.o
 .debug_abbrev  0x000003d6       0xfa main.o
 .debug_abbrev  0x000004d0       0xfd motion_control.o
 .debug_abbrev  0x000005cd      0x206 planner.o
 .debug_abbrev  0x000007d3       0xe6 serial_protocol.o
 .debug_abbrev  0x000008b9      0x10b settings.o
 .debug_abbrev  0x000009c4      0x12d spindle_control.o
 .debug_abbrev  0x00000af1      0x30f stepper.o
 .debug_abbrev  0x00000e00      0x1d1 wiring_serial.o
 .debug_abbrev  0x00000fd1      0x16c atc_control.o
 .debug_abbrev  0x0000113d      0x15e head_control.o
 .debug_abbrev  0x0000129b       0xee panel_control.o
 .debug_abbrev  0x00001389      0x1d7 vacuum_control.o
 .debug_abbrev  0x00001560      0x11a tape_knock.o
 .debug_abbrev  0x0000167a      0x129 usb.o
 .debug_abbrev  0x000017a3      0x187 max3421e.o
 .debug_abbrev  0x0000192a       0x48 SPI.o
 .debug_abbrev  0x00001972      0x159 timers.o
 .debug_abbrev  0x00001acb      0x1d0 max3421e_usb.o

.debug_line     0x00000000     0x4e40
 *(.debug_line)
 .debug_line    0x00000000       0xa2 coolant_control.o
 .debug_line    0x000000a2      0x2ad eeprom.o
 .debug_line    0x0000034f      0x88b gcode.o
 .debug_line    0x00000bda      0x1bb main.o
 .debug_line    0x00000d95      0x19d motion_control.o
 .debug_line    0x00000f32      0x714 planner.o
 .debug_line    0x00001646      0x1be serial_protocol.o
 .debug_line    0x00001804      0x3f0 settings.o
 .debug_line    0x00001bf4      0x1e9 spindle_control.o
 .debug_line    0x00001ddd      0xa89 stepper.o
 .debug_line    0x00002866      0x3cc wiring_serial.o
 .debug_line    0x00002c32      0x40b atc_control.o
 .debug_line    0x0000303d      0x212 head_control.o
 .debug_line    0x0000324f      0x2f0 panel_control.o
 .debug_line    0x0000353f      0x542 vacuum_control.o
 .debug_line    0x00003a81      0x2d1 tape_knock.o
 .debug_line    0x00003d52      0x164 usb.o
 .debug_line    0x00003eb6      0x448 max3421e.o
 .debug_line    0x000042fe       0x94 SPI.o
 .debug_line    0x00004392      0x280 timers.o
 .debug_line    0x00004612      0x82e max3421e_usb.o

.debug_frame    0x00000000      0xb10
 *(.debug_frame)
 .debug_frame   0x00000000       0x30 coolant_control.o
 .debug_frame   0x00000030       0x50 eeprom.o
 .debug_frame   0x00000080       0xa0 gcode.o
 .debug_frame   0x00000120       0x30 main.o
 .debug_frame   0x00000150       0x30 motion_control.o
 .debug_frame   0x00000180      0x100 planner.o
 .debug_frame   0x00000280       0x30 serial_protocol.o
 .debug_frame   0x000002b0       0x70 settings.o
 .debug_frame   0x00000320       0x50 spindle_control.o
 .debug_frame   0x00000370      0x150 stepper.o
 .debug_frame   0x000004c0       0xe0 wiring_serial.o
 .debug_frame   0x000005a0       0x80 atc_control.o
 .debug_frame   0x00000620       0x50 head_control.o
 .debug_frame   0x00000670       0xd0 panel_control.o
 .debug_frame   0x00000740       0x80 vacuum_control.o
 .debug_frame   0x000007c0       0x50 tape_knock.o
 .debug_frame   0x00000810       0x60 usb.o
 .debug_frame   0x00000870       0xd0 max3421e.o
 .debug_frame   0x00000940       0x20 SPI.o
 .debug_frame   0x00000960       0x90 timers.o
 .debug_frame   0x000009f0      0x120 max3421e_usb.o

.debug_str      0x00000000     0x1685
 *(.debug_str)
 .debug_str     0x00000000       0xae coolant_control.o
                                 0xe9 (size before relaxing)
 .debug_str     0x000000ae       0xa7 eeprom.o
                                0x16c (size before relaxing)
 .debug_str     0x00000155      0x283 gcode.o
                                0x39e (size before relaxing)
 .debug_str     0x000003d8       0xf6 main.o
                                0x1c9 (size before relaxing)
 .debug_str     0x000004ce       0x71 motion_control.o
                                0x133 (size before relaxing)
 .debug_str     0x0000053f      0x403 planner.o
                                0x5fd (size before relaxing)
 .debug_str     0x00000942       0x37 serial_protocol.o
                                0x12a (size before relaxing)
 .debug_str     0x00000979       0x7f settings.o
                                0x1d8 (size before relaxing)
 .debug_str     0x000009f8       0x64 spindle_control.o
                                0x17a (size before relaxing)
 .debug_str     0x00000a5c      0x229 stepper.o
                                0x50d (size before relaxing)
 .debug_str     0x00000c85      0x11b wiring_serial.o
                                0x1f1 (size before relaxing)
 .debug_str     0x00000da0       0x61 atc_control.o
                                0x18c (size before relaxing)
 .debug_str     0x00000e01       0x48 head_control.o
                                0x159 (size before relaxing)
 .debug_str     0x00000e49       0x98 panel_control.o
                                0x15c (size before relaxing)
 .debug_str     0x00000ee1       0x62 vacuum_control.o
                                0x19a (size before relaxing)
 .debug_str     0x00000f43       0x4c tape_knock.o
                                0x14d (size before relaxing)
 .debug_str     0x00000f8f      0x285 usb.o
                                0x444 (size before relaxing)
 .debug_str     0x00001214      0x12d max3421e.o
                                0x331 (size before relaxing)
 .debug_str     0x00001341       0x13 SPI.o
                                 0xc5 (size before relaxing)
 .debug_str     0x00001354       0xc1 timers.o
                                0x193 (size before relaxing)
 .debug_str     0x00001415      0x270 max3421e_usb.o
                                0x64a (size before relaxing)

.debug_loc      0x00000000     0x33dc
 *(.debug_loc)
 .debug_loc     0x00000000      0x1f7 eeprom.o
 .debug_loc     0x000001f7      0x983 gcode.o
 .debug_loc     0x00000b7a       0x46 main.o
 .debug_loc     0x00000bc0       0xbc motion_control.o
 .debug_loc     0x00000c7c      0x825 planner.o
 .debug_loc     0x000014a1       0x76 serial_protocol.o
 .debug_loc     0x00001517      0x1bf settings.o
 .debug_loc     0x000016d6       0x3b spindle_control.o
 .debug_loc     0x00001711      0x2d1 stepper.o
 .debug_loc     0x000019e2      0x2dd wiring_serial.o
 .debug_loc     0x00001cbf      0x140 atc_control.o
 .debug_loc     0x00001dff       0x78 head_control.o
 .debug_loc     0x00001e77      0x389 vacuum_control.o
 .debug_loc     0x00002200      0x138 tape_knock.o
 .debug_loc     0x00002338       0xab usb.o
 .debug_loc     0x000023e3      0x15f max3421e.o
 .debug_loc     0x00002542       0xca timers.o
 .debug_loc     0x0000260c      0xdd0 max3421e_usb.o

.debug_macinfo
 *(.debug_macinfo)
OUTPUT(grbl.elf elf32-avr)
LOAD linker stubs

.debug_ranges   0x00000000      0xb90
 .debug_ranges  0x00000000       0x20 coolant_control.o
 .debug_ranges  0x00000020       0x60 eeprom.o
 .debug_ranges  0x00000080       0xa0 gcode.o
 .debug_ranges  0x00000120       0x20 main.o
 .debug_ranges  0x00000140       0x50 motion_control.o
 .debug_ranges  0x00000190       0xa0 planner.o
 .debug_ranges  0x00000230       0x50 serial_protocol.o
 .debug_ranges  0x00000280       0x40 settings.o
 .debug_ranges  0x000002c0       0xf0 spindle_control.o
 .debug_ranges  0x000003b0      0x3c8 stepper.o
 .debug_ranges  0x00000778       0xc8 wiring_serial.o
 .debug_ranges  0x00000840       0x48 atc_control.o
 .debug_ranges  0x00000888       0x30 head_control.o
 .debug_ranges  0x000008b8       0x70 panel_control.o
 .debug_ranges  0x00000928       0x90 vacuum_control.o
 .debug_ranges  0x000009b8       0x30 tape_knock.o
 .debug_ranges  0x000009e8       0x38 usb.o
 .debug_ranges  0x00000a20       0x70 max3421e.o
 .debug_ranges  0x00000a90       0x18 SPI.o
 .debug_ranges  0x00000aa8       0x50 timers.o
 .debug_ranges  0x00000af8       0x98 max3421e_usb.o
