Archive member included because of file (symbol)

C:\WinAVR-20100110\avr\lib\avr6\libm.a(addsf3.o)
                              gcode.o (__subsf3)
C:\WinAVR-20100110\avr\lib\avr6\libm.a(addsf3x.o)
                              C:\WinAVR-20100110\avr\lib\avr6\libm.a(addsf3.o) (__addsf3x)
C:\WinAVR-20100110\avr\lib\avr6\libm.a(atan.o)
                              gcode.o (atan)
C:\WinAVR-20100110\avr\lib\avr6\libm.a(ceil.o)
                              planner.o (ceil)
C:\WinAVR-20100110\avr\lib\avr6\libm.a(cmpsf2.o)
                              gcode.o (__eqsf2)
C:\WinAVR-20100110\avr\lib\avr6\libm.a(divsf3.o)
                              gcode.o (__divsf3)
C:\WinAVR-20100110\avr\lib\avr6\libm.a(divsf3x.o)
                              C:\WinAVR-20100110\avr\lib\avr6\libm.a(divsf3.o) (__divsf3x)
C:\WinAVR-20100110\avr\lib\avr6\libm.a(fixsfsi.o)
                              gcode.o (__fixsfsi)
C:\WinAVR-20100110\avr\lib\avr6\libm.a(fixunssfsi.o)
                              gcode.o (__fixunssfsi)
C:\WinAVR-20100110\avr\lib\avr6\libm.a(floatsisf.o)
                              motion_control.o (__floatunsisf)
C:\WinAVR-20100110\avr\lib\avr6\libm.a(floor.o)
                              planner.o (floor)
C:\WinAVR-20100110\avr\lib\avr6\libm.a(fp_cmp.o)
                              C:\WinAVR-20100110\avr\lib\avr6\libm.a(cmpsf2.o) (__fp_cmp)
C:\WinAVR-20100110\avr\lib\avr6\libm.a(fp_inf.o)
                              C:\WinAVR-20100110\avr\lib\avr6\libm.a(addsf3x.o) (__fp_inf)
C:\WinAVR-20100110\avr\lib\avr6\libm.a(fp_mintl.o)
                              C:\WinAVR-20100110\avr\lib\avr6\libm.a(ceil.o) (__fp_mintl)
C:\WinAVR-20100110\avr\lib\avr6\libm.a(fp_mpack.o)
                              C:\WinAVR-20100110\avr\lib\avr6\libm.a(ceil.o) (__fp_mpack)
C:\WinAVR-20100110\avr\lib\avr6\libm.a(fp_nan.o)
                              C:\WinAVR-20100110\avr\lib\avr6\libm.a(addsf3x.o) (__fp_nan)
C:\WinAVR-20100110\avr\lib\avr6\libm.a(fp_powser.o)
                              C:\WinAVR-20100110\avr\lib\avr6\libm.a(atan.o) (__fp_powser)
C:\WinAVR-20100110\avr\lib\avr6\libm.a(fp_pscA.o)
                              C:\WinAVR-20100110\avr\lib\avr6\libm.a(addsf3x.o) (__fp_pscA)
C:\WinAVR-20100110\avr\lib\avr6\libm.a(fp_pscB.o)
                              C:\WinAVR-20100110\avr\lib\avr6\libm.a(addsf3x.o) (__fp_pscB)
C:\WinAVR-20100110\avr\lib\avr6\libm.a(fp_round.o)
                              C:\WinAVR-20100110\avr\lib\avr6\libm.a(addsf3.o) (__fp_round)
C:\WinAVR-20100110\avr\lib\avr6\libm.a(fp_split3.o)
                              C:\WinAVR-20100110\avr\lib\avr6\libm.a(addsf3x.o) (__fp_split3)
C:\WinAVR-20100110\avr\lib\avr6\libm.a(fp_trunc.o)
                              C:\WinAVR-20100110\avr\lib\avr6\libm.a(ceil.o) (__fp_trunc)
C:\WinAVR-20100110\avr\lib\avr6\libm.a(fp_zero.o)
                              C:\WinAVR-20100110\avr\lib\avr6\libm.a(addsf3x.o) (__fp_zero)
C:\WinAVR-20100110\avr\lib\avr6\libm.a(gesf2.o)
                              gcode.o (__gtsf2)
C:\WinAVR-20100110\avr\lib\avr6\libm.a(inverse.o)
                              C:\WinAVR-20100110\avr\lib\avr6\libm.a(atan.o) (inverse)
C:\WinAVR-20100110\avr\lib\avr6\libm.a(lround.o)
                              planner.o (lround)
C:\WinAVR-20100110\avr\lib\avr6\libm.a(modf.o)
                              wiring_serial.o (modf)
C:\WinAVR-20100110\avr\lib\avr6\libm.a(mulsf3.o)
                              gcode.o (__mulsf3)
C:\WinAVR-20100110\avr\lib\avr6\libm.a(mulsf3x.o)
                              C:\WinAVR-20100110\avr\lib\avr6\libm.a(atan.o) (__mulsf3x)
C:\WinAVR-20100110\avr\lib\avr6\libm.a(round.o)
                              settings.o (round)
C:\WinAVR-20100110\avr\lib\avr6\libm.a(sqrt.o)
                              planner.o (sqrt)
C:\WinAVR-20100110\avr\lib\avr6\libm.a(square.o)
                              planner.o (square)
C:\WinAVR-20100110\avr\lib\avr6\libm.a(trunc.o)
                              gcode.o (trunc)
C:\WinAVR-20100110\avr\lib\avr6\libm.a(fp_norm2.o)
                              C:\WinAVR-20100110\avr\lib\avr6\libm.a(sqrt.o) (__fp_norm2)
d:/winavr-20100110/bin/../lib/gcc/avr/4.3.3/avr6\libgcc.a(_mulsi3.o)
                              planner.o (__mulsi3)
d:/winavr-20100110/bin/../lib/gcc/avr/4.3.3/avr6\libgcc.a(_divmodhi4.o)
                              planner.o (__divmodhi4)
d:/winavr-20100110/bin/../lib/gcc/avr/4.3.3/avr6\libgcc.a(_udivmodsi4.o)
                              stepper.o (__udivmodsi4)
d:/winavr-20100110/bin/../lib/gcc/avr/4.3.3/avr6\libgcc.a(_divmodsi4.o)
                              wiring_serial.o (__divmodsi4)
d:/winavr-20100110/bin/../lib/gcc/avr/4.3.3/avr6\libgcc.a(_exit.o)
                              d:/winavr-20100110/bin/../lib/gcc/avr/4.3.3/../../../../avr/lib/avr6/crtm2560.o (exit)
d:/winavr-20100110/bin/../lib/gcc/avr/4.3.3/avr6\libgcc.a(_clear_bss.o)
                              gcode.o (__do_clear_bss)
d:/winavr-20100110/bin/../lib/gcc/avr/4.3.3/avr6\libgcc.a(_udivmodhi4.o)
                              d:/winavr-20100110/bin/../lib/gcc/avr/4.3.3/avr6\libgcc.a(_divmodhi4.o) (__udivmodhi4)
C:\WinAVR-20100110\avr\lib\avr6\libc.a(strtod.o)
                              gcode.o (strtod)
C:\WinAVR-20100110\avr\lib\avr6\libc.a(isspace.o)
                              C:\WinAVR-20100110\avr\lib\avr6\libc.a(strtod.o) (isspace)
C:\WinAVR-20100110\avr\lib\avr6\libc.a(strncasecmp_P.o)
                              C:\WinAVR-20100110\avr\lib\avr6\libc.a(strtod.o) (strncasecmp_P)
C:\WinAVR-20100110\avr\lib\avr6\libc.a(errno.o)
                              C:\WinAVR-20100110\avr\lib\avr6\libc.a(strtod.o) (errno)
C:\WinAVR-20100110\avr\lib\avr6\libc.a(cty_isfalse.o)
                              C:\WinAVR-20100110\avr\lib\avr6\libc.a(isspace.o) (__ctype_isfalse)

Allocating common symbols
Common symbol       size              file

errno               0x2               C:\WinAVR-20100110\avr\lib\avr6\libc.a(errno.o)
settings            0x26              settings.o
dir_bits            0x1               stepper.o

Memory Configuration

Name             Origin             Length             Attributes
text             0x00000000         0x00100000         xr
data             0x00800200         0x0000fe00         rw !x
eeprom           0x00810000         0x00010000         rw !x
fuse             0x00820000         0x00000400         rw !x
lock             0x00830000         0x00000400         rw !x
signature        0x00840000         0x00000400         rw !x
*default*        0x00000000         0xffffffff

Linker script and memory map

Address of section .data set to 0x800200
LOAD d:/winavr-20100110/bin/../lib/gcc/avr/4.3.3/../../../../avr/lib/avr6/crtm2560.o
LOAD coolant_control.o
LOAD eeprom.o
LOAD gcode.o
LOAD main.o
LOAD motion_control.o
LOAD planner.o
LOAD serial_protocol.o
LOAD settings.o
LOAD spindle_control.o
LOAD stepper.o
LOAD wiring_serial.o
LOAD atc_control.o
LOAD head_control.o
LOAD panel_control.o
LOAD vacuum_control.o
LOAD tape_knock.o
LOAD C:\WinAVR-20100110\avr\lib\avr6\libm.a
LOAD d:/winavr-20100110/bin/../lib/gcc/avr/4.3.3/avr6\libgcc.a
LOAD C:\WinAVR-20100110\avr\lib\avr6\libc.a
LOAD d:/winavr-20100110/bin/../lib/gcc/avr/4.3.3/avr6\libgcc.a

.hash
 *(.hash)

.dynsym
 *(.dynsym)

.dynstr
 *(.dynstr)

.gnu.version
 *(.gnu.version)

.gnu.version_d
 *(.gnu.version_d)

.gnu.version_r
 *(.gnu.version_r)

.rel.init
 *(.rel.init)

.rela.init
 *(.rela.init)

.rel.text
 *(.rel.text)
 *(.rel.text.*)
 *(.rel.gnu.linkonce.t*)

.rela.text
 *(.rela.text)
 *(.rela.text.*)
 *(.rela.gnu.linkonce.t*)

.rel.fini
 *(.rel.fini)

.rela.fini
 *(.rela.fini)

.rel.rodata
 *(.rel.rodata)
 *(.rel.rodata.*)
 *(.rel.gnu.linkonce.r*)

.rela.rodata
 *(.rela.rodata)
 *(.rela.rodata.*)
 *(.rela.gnu.linkonce.r*)

.rel.data
 *(.rel.data)
 *(.rel.data.*)
 *(.rel.gnu.linkonce.d*)

.rela.data
 *(.rela.data)
 *(.rela.data.*)
 *(.rela.gnu.linkonce.d*)

.rel.ctors
 *(.rel.ctors)

.rela.ctors
 *(.rela.ctors)

.rel.dtors
 *(.rel.dtors)

.rela.dtors
 *(.rela.dtors)

.rel.got
 *(.rel.got)

.rela.got
 *(.rela.got)

.rel.bss
 *(.rel.bss)

.rela.bss
 *(.rela.bss)

.rel.plt
 *(.rel.plt)

.rela.plt
 *(.rela.plt)

.text           0x00000000     0x52b4
 *(.vectors)
 .vectors       0x00000000       0xe4 d:/winavr-20100110/bin/../lib/gcc/avr/4.3.3/../../../../avr/lib/avr6/crtm2560.o
                0x00000000                __vectors
                0x00000000                __vector_default
 *(.vectors)
 *(.progmem.gcc*)
 .progmem.gcc_sw_table
                0x000000e4      0x138 gcode.o
 .progmem.gcc_fplib
                0x0000021c       0x2d C:\WinAVR-20100110\avr\lib\avr6\libm.a(atan.o)
 *(.progmem*)
 .progmem.data  0x00000249       0xc6 gcode.o
 .progmem.data  0x0000030f        0x5 main.o
 .progmem.data  0x00000314       0xb4 serial_protocol.o
 .progmem.data  0x000003c8      0x1f5 settings.o
 .progmem.data  0x000005bd       0x22 stepper.o
 .progmem.data  0x000005df       0x12 head_control.o
 .progmem.data  0x000005f1        0xb vacuum_control.o
 .progmem.data  0x000005fc       0x3b C:\WinAVR-20100110\avr\lib\avr6\libc.a(strtod.o)
                0x00000638                . = ALIGN (0x2)
 *fill*         0x00000637        0x1 00
                0x00000638                __trampolines_start = .
 *(.trampolines)
 .trampolines   0x00000638        0x0 linker stubs
 *(.trampolines*)
                0x00000638                __trampolines_end = .
 *(.jumptables)
 *(.jumptables*)
 *(.lowtext)
 *(.lowtext*)
                0x00000638                __ctors_start = .
 *(.ctors)
                0x00000638                __ctors_end = .
                0x00000638                __dtors_start = .
 *(.dtors)
                0x00000638                __dtors_end = .
 SORT(*)(.ctors)
 SORT(*)(.dtors)
 *(.init0)
 .init0         0x00000638        0x0 d:/winavr-20100110/bin/../lib/gcc/avr/4.3.3/../../../../avr/lib/avr6/crtm2560.o
                0x00000638                __init
 *(.init0)
 *(.init1)
 *(.init1)
 *(.init2)
 .init2         0x00000638       0x10 d:/winavr-20100110/bin/../lib/gcc/avr/4.3.3/../../../../avr/lib/avr6/crtm2560.o
 *(.init2)
 *(.init3)
 *(.init3)
 *(.init4)
 .init4         0x00000648       0x1a d:/winavr-20100110/bin/../lib/gcc/avr/4.3.3/../../../../avr/lib/avr6/crtm2560.o
                0x00000648                __do_copy_data
 .init4         0x00000662       0x10 d:/winavr-20100110/bin/../lib/gcc/avr/4.3.3/avr6\libgcc.a(_clear_bss.o)
                0x00000662                __do_clear_bss
 *(.init4)
 *(.init5)
 *(.init5)
 *(.init6)
 *(.init6)
 *(.init7)
 *(.init7)
 *(.init8)
 *(.init8)
 *(.init9)
 .init9         0x00000672        0x8 d:/winavr-20100110/bin/../lib/gcc/avr/4.3.3/../../../../avr/lib/avr6/crtm2560.o
 *(.init9)
 *(.text)
 .text          0x0000067a        0x4 d:/winavr-20100110/bin/../lib/gcc/avr/4.3.3/../../../../avr/lib/avr6/crtm2560.o
                0x0000067a                __vector_38
                0x0000067a                __vector_22
                0x0000067a                __vector_28
                0x0000067a                __vector_1
                0x0000067a                __vector_34
                0x0000067a                __vector_24
                0x0000067a                __vector_12
                0x0000067a                __vector_55
                0x0000067a                __vector_46
                0x0000067a                __bad_interrupt
                0x0000067a                __vector_6
                0x0000067a                __vector_31
                0x0000067a                __vector_35
                0x0000067a                __vector_39
                0x0000067a                __vector_3
                0x0000067a                __vector_23
                0x0000067a                __vector_30
                0x0000067a                __vector_45
                0x0000067a                __vector_11
                0x0000067a                __vector_54
                0x0000067a                __vector_13
                0x0000067a                __vector_19
                0x0000067a                __vector_56
                0x0000067a                __vector_7
                0x0000067a                __vector_49
                0x0000067a                __vector_41
                0x0000067a                __vector_43
                0x0000067a                __vector_27
                0x0000067a                __vector_5
                0x0000067a                __vector_33
                0x0000067a                __vector_47
                0x0000067a                __vector_52
                0x0000067a                __vector_37
                0x0000067a                __vector_4
                0x0000067a                __vector_44
                0x0000067a                __vector_51
                0x0000067a                __vector_9
                0x0000067a                __vector_2
                0x0000067a                __vector_21
                0x0000067a                __vector_36
                0x0000067a                __vector_29
                0x0000067a                __vector_40
                0x0000067a                __vector_8
                0x0000067a                __vector_26
                0x0000067a                __vector_48
                0x0000067a                __vector_14
                0x0000067a                __vector_53
                0x0000067a                __vector_10
                0x0000067a                __vector_50
                0x0000067a                __vector_16
                0x0000067a                __vector_18
                0x0000067a                __vector_20
                0x0000067a                __vector_42
 .text          0x0000067e        0x0 coolant_control.o
 .text          0x0000067e        0x0 eeprom.o
 .text          0x0000067e        0x0 gcode.o
 .text          0x0000067e        0x0 main.o
 .text          0x0000067e        0x0 motion_control.o
 .text          0x0000067e        0x0 planner.o
 .text          0x0000067e        0x0 serial_protocol.o
 .text          0x0000067e        0x0 settings.o
 .text          0x0000067e        0x0 spindle_control.o
 .text          0x0000067e        0x0 stepper.o
 .text          0x0000067e        0x0 wiring_serial.o
 .text          0x0000067e        0x0 atc_control.o
 .text          0x0000067e        0x0 head_control.o
 .text          0x0000067e        0x0 panel_control.o
 .text          0x0000067e        0x0 vacuum_control.o
 .text          0x0000067e        0x0 tape_knock.o
 .text          0x0000067e        0x0 C:\WinAVR-20100110\avr\lib\avr6\libm.a(addsf3.o)
 .text          0x0000067e        0x0 C:\WinAVR-20100110\avr\lib\avr6\libm.a(addsf3x.o)
 .text          0x0000067e        0x0 C:\WinAVR-20100110\avr\lib\avr6\libm.a(atan.o)
 .text          0x0000067e        0x0 C:\WinAVR-20100110\avr\lib\avr6\libm.a(ceil.o)
 .text          0x0000067e        0x0 C:\WinAVR-20100110\avr\lib\avr6\libm.a(cmpsf2.o)
 .text          0x0000067e        0x0 C:\WinAVR-20100110\avr\lib\avr6\libm.a(divsf3.o)
 .text          0x0000067e        0x0 C:\WinAVR-20100110\avr\lib\avr6\libm.a(divsf3x.o)
 .text          0x0000067e        0x0 C:\WinAVR-20100110\avr\lib\avr6\libm.a(fixsfsi.o)
 .text          0x0000067e        0x0 C:\WinAVR-20100110\avr\lib\avr6\libm.a(fixunssfsi.o)
 .text          0x0000067e        0x0 C:\WinAVR-20100110\avr\lib\avr6\libm.a(floatsisf.o)
 .text          0x0000067e        0x0 C:\WinAVR-20100110\avr\lib\avr6\libm.a(floor.o)
 .text          0x0000067e        0x0 C:\WinAVR-20100110\avr\lib\avr6\libm.a(fp_cmp.o)
 .text          0x0000067e        0x0 C:\WinAVR-20100110\avr\lib\avr6\libm.a(fp_inf.o)
 .text          0x0000067e        0x0 C:\WinAVR-20100110\avr\lib\avr6\libm.a(fp_mintl.o)
 .text          0x0000067e        0x0 C:\WinAVR-20100110\avr\lib\avr6\libm.a(fp_mpack.o)
 .text          0x0000067e        0x0 C:\WinAVR-20100110\avr\lib\avr6\libm.a(fp_nan.o)
 .text          0x0000067e        0x0 C:\WinAVR-20100110\avr\lib\avr6\libm.a(fp_powser.o)
 .text          0x0000067e        0x0 C:\WinAVR-20100110\avr\lib\avr6\libm.a(fp_pscA.o)
 .text          0x0000067e        0x0 C:\WinAVR-20100110\avr\lib\avr6\libm.a(fp_pscB.o)
 .text          0x0000067e        0x0 C:\WinAVR-20100110\avr\lib\avr6\libm.a(fp_round.o)
 .text          0x0000067e        0x0 C:\WinAVR-20100110\avr\lib\avr6\libm.a(fp_split3.o)
 .text          0x0000067e        0x0 C:\WinAVR-20100110\avr\lib\avr6\libm.a(fp_trunc.o)
 .text          0x0000067e        0x0 C:\WinAVR-20100110\avr\lib\avr6\libm.a(fp_zero.o)
 .text          0x0000067e        0x0 C:\WinAVR-20100110\avr\lib\avr6\libm.a(gesf2.o)
 .text          0x0000067e        0x0 C:\WinAVR-20100110\avr\lib\avr6\libm.a(inverse.o)
 .text          0x0000067e        0x0 C:\WinAVR-20100110\avr\lib\avr6\libm.a(lround.o)
 .text          0x0000067e        0x0 C:\WinAVR-20100110\avr\lib\avr6\libm.a(modf.o)
 .text          0x0000067e        0x0 C:\WinAVR-20100110\avr\lib\avr6\libm.a(mulsf3.o)
 .text          0x0000067e        0x0 C:\WinAVR-20100110\avr\lib\avr6\libm.a(mulsf3x.o)
 .text          0x0000067e        0x0 C:\WinAVR-20100110\avr\lib\avr6\libm.a(round.o)
 .text          0x0000067e        0x0 C:\WinAVR-20100110\avr\lib\avr6\libm.a(sqrt.o)
 .text          0x0000067e        0x0 C:\WinAVR-20100110\avr\lib\avr6\libm.a(square.o)
 .text          0x0000067e        0x0 C:\WinAVR-20100110\avr\lib\avr6\libm.a(trunc.o)
 .text          0x0000067e        0x0 C:\WinAVR-20100110\avr\lib\avr6\libm.a(fp_norm2.o)
 .text          0x0000067e        0x0 d:/winavr-20100110/bin/../lib/gcc/avr/4.3.3/avr6\libgcc.a(_mulsi3.o)
 .text          0x0000067e        0x0 d:/winavr-20100110/bin/../lib/gcc/avr/4.3.3/avr6\libgcc.a(_divmodhi4.o)
 .text          0x0000067e        0x0 d:/winavr-20100110/bin/../lib/gcc/avr/4.3.3/avr6\libgcc.a(_udivmodsi4.o)
 .text          0x0000067e        0x0 d:/winavr-20100110/bin/../lib/gcc/avr/4.3.3/avr6\libgcc.a(_divmodsi4.o)
 .text          0x0000067e        0x0 d:/winavr-20100110/bin/../lib/gcc/avr/4.3.3/avr6\libgcc.a(_exit.o)
 .text          0x0000067e        0x0 d:/winavr-20100110/bin/../lib/gcc/avr/4.3.3/avr6\libgcc.a(_clear_bss.o)
 .text          0x0000067e        0x0 d:/winavr-20100110/bin/../lib/gcc/avr/4.3.3/avr6\libgcc.a(_udivmodhi4.o)
 .text          0x0000067e        0x0 C:\WinAVR-20100110\avr\lib\avr6\libc.a(strtod.o)
 .text          0x0000067e        0x0 C:\WinAVR-20100110\avr\lib\avr6\libc.a(isspace.o)
 .text          0x0000067e        0x0 C:\WinAVR-20100110\avr\lib\avr6\libc.a(strncasecmp_P.o)
 .text          0x0000067e        0x0 C:\WinAVR-20100110\avr\lib\avr6\libc.a(errno.o)
 .text          0x0000067e        0x0 C:\WinAVR-20100110\avr\lib\avr6\libc.a(cty_isfalse.o)
                0x0000067e                . = ALIGN (0x2)
 *(.text.*)
 .text.coolant_init
                0x0000067e        0x4 coolant_control.o
                0x0000067e                coolant_init
 .text.coolant_flood
                0x00000682        0xc coolant_control.o
                0x00000682                coolant_flood
 .text.eeprom_get_char
                0x0000068e       0x10 eeprom.o
                0x0000068e                eeprom_get_char
 .text.eeprom_put_char
                0x0000069e       0x42 eeprom.o
                0x0000069e                eeprom_put_char
 .text.memcpy_to_eeprom_with_checksum
                0x000006e0       0x78 eeprom.o
                0x000006e0                memcpy_to_eeprom_with_checksum
 .text.memcpy_from_eeprom_with_checksum
                0x00000758       0x7e eeprom.o
                0x00000758                memcpy_from_eeprom_with_checksum
 .text.select_plane
                0x000007d6        0xe gcode.o
                0x000007d6                select_plane
 .text.set_feeder_x
                0x000007e4       0x12 gcode.o
                0x000007e4                set_feeder_x
 .text.set_feeder_y
                0x000007f6       0x12 gcode.o
                0x000007f6                set_feeder_y
 .text.gotoxy   0x00000808      0x1ae gcode.o
                0x00000808                gotoxy
 .text.read_double
                0x000009b6       0x82 gcode.o
                0x000009b6                read_double
 .text.next_statement
                0x00000a38       0x68 gcode.o
                0x00000a38                next_statement
 .text.gc_init  0x00000aa0       0x7c gcode.o
                0x00000aa0                gc_init
 .text.gc_execute_line
                0x00000b1c      0x954 gcode.o
                0x00000b1c                gc_execute_line
 .text.theta    0x00001470       0x8c gcode.o
                0x00001470                theta
 .text.main     0x000014fc       0x62 main.o
                0x000014fc                main
 .text.mc_go_home
                0x0000155e        0x6 motion_control.o
                0x0000155e                mc_go_home
 .text.mc_dwell
                0x00001564       0xa8 motion_control.o
                0x00001564                mc_dwell
 .text.factor_for_safe_speed
                0x0000160c       0x20 planner.o
                0x0000160c                factor_for_safe_speed
 .text.plan_is_acceleration_manager_enabled
                0x0000162c        0x8 planner.o
                0x0000162c                plan_is_acceleration_manager_enabled
 .text.plan_discard_current_block
                0x00001634       0x32 planner.o
                0x00001634                plan_discard_current_block
 .text.plan_get_current_block
                0x00001666       0x52 planner.o
                0x00001666                plan_get_current_block
 .text.planner_forward_pass_kernel
                0x000016b8      0x10c planner.o
                0x000016b8                planner_forward_pass_kernel
 .text.planner_forward_pass
                0x000017c4       0x9a planner.o
                0x000017c4                planner_forward_pass
 .text.plan_set_current
                0x0000185e      0x106 planner.o
                0x0000185e                plan_set_current
 .text.plan_set_acceleration_manager_enabled
                0x00001964       0x3a planner.o
                0x00001964                plan_set_acceleration_manager_enabled
 .text.plan_init
                0x0000199e       0x28 planner.o
                0x0000199e                plan_init
 .text.planner_reverse_pass_kernel
                0x000019c6      0x284 planner.o
                0x000019c6                planner_reverse_pass_kernel
 .text.planner_reverse_pass
                0x00001c4a       0xa4 planner.o
                0x00001c4a                planner_reverse_pass
 .text.calculate_trapezoid_for_block
                0x00001cee      0x2a0 planner.o
                0x00001cee                calculate_trapezoid_for_block
 .text.planner_recalculate_trapezoids
                0x00001f8e       0xaa planner.o
                0x00001f8e                planner_recalculate_trapezoids
 .text.planner_recalculate
                0x00002038        0xe planner.o
                0x00002038                planner_recalculate
 .text.plan_buffer_line
                0x00002046      0x872 planner.o
                0x00002046                plan_buffer_line
 .text.sp_process
                0x000028b8      0x12a serial_protocol.o
                0x000028b8                sp_process
 .text.sp_init  0x000029e2        0xe serial_protocol.o
                0x000029e2                sp_init
 .text.settings_reset
                0x000029f0       0xd0 settings.o
                0x000029f0                settings_reset
 .text.read_settings
                0x00002ac0       0x84 settings.o
                0x00002ac0                read_settings
 .text.write_settings
                0x00002b44       0x1c settings.o
                0x00002b44                write_settings
 .text.settings_store_setting
                0x00002b60      0x146 settings.o
                0x00002b60                settings_store_setting
 .text.settings_dump
                0x00002ca6      0x1a8 settings.o
                0x00002ca6                settings_dump
 .text.settings_init
                0x00002e4e       0x18 settings.o
                0x00002e4e                settings_init
 .text.spindle_init
                0x00002e66       0x10 spindle_control.o
                0x00002e66                spindle_init
 .text.spindle_run
                0x00002e76       0x20 spindle_control.o
                0x00002e76                spindle_run
 .text.spindle_stop
                0x00002e96        0xc spindle_control.o
                0x00002e96                spindle_stop
 .text.rotate_head
                0x00002ea2       0x22 spindle_control.o
                0x00002ea2                rotate_head
 .text.st_wake_up
                0x00002ec4        0xc stepper.o
                0x00002ec4                st_wake_up
 .text.set_busy
                0x00002ed0        0xc stepper.o
                0x00002ed0                set_busy
 .text.get_busy
                0x00002edc        0xc stepper.o
                0x00002edc                get_busy
 .text.__vector_15
                0x00002ee8       0x1e stepper.o
                0x00002ee8                __vector_15
 .text.st_enable
                0x00002f06        0x4 stepper.o
                0x00002f06                st_enable
 .text.st_disable
                0x00002f0a        0x4 stepper.o
                0x00002f0a                st_disable
 .text.st_is_enabled
                0x00002f0e       0x1e stepper.o
                0x00002f0e                st_is_enabled
 .text.config_step_timer
                0x00002f2c      0x14a stepper.o
                0x00002f2c                config_step_timer
 .text.set_step_events_per_minute
                0x00003076       0x48 stepper.o
                0x00003076                set_step_events_per_minute
 .text.st_init  0x000030be       0x80 stepper.o
                0x000030be                st_init
 .text.moveLeft
                0x0000313e       0x4e stepper.o
                0x0000313e                moveLeft
 .text.moveRight
                0x0000318c       0x50 stepper.o
                0x0000318c                moveRight
 .text.moveForward
                0x000031dc       0x4e stepper.o
                0x000031dc                moveForward
 .text.moveBack
                0x0000322a       0x50 stepper.o
                0x0000322a                moveBack
 .text.head_moving
                0x0000327a        0xe stepper.o
                0x0000327a                head_moving
 .text.limits_init
                0x00003288       0x52 stepper.o
                0x00003288                limits_init
 .text.st_go_home
                0x000032da       0xfc stepper.o
                0x000032da                st_go_home
 .text.st_synchronize
                0x000033d6       0x1a stepper.o
                0x000033d6                st_synchronize
 .text.__vector_17
                0x000033f0      0x552 stepper.o
                0x000033f0                __vector_17
 .text.beginSerial
                0x00003942       0x78 wiring_serial.o
                0x00003942                beginSerial
 .text.serialWrite
                0x000039ba       0x10 wiring_serial.o
                0x000039ba                serialWrite
 .text.serialAvailable
                0x000039ca       0x22 wiring_serial.o
                0x000039ca                serialAvailable
 .text.serialRead
                0x000039ec       0x40 wiring_serial.o
                0x000039ec                serialRead
 .text.serialFlush
                0x00003a2c       0x12 wiring_serial.o
                0x00003a2c                serialFlush
 .text.__vector_25
                0x00003a3e       0x82 wiring_serial.o
                0x00003a3e                __vector_25
 .text.printByte
                0x00003ac0       0x10 wiring_serial.o
                0x00003ac0                printByte
 .text.printString
                0x00003ad0       0x1e wiring_serial.o
                0x00003ad0                printString
 .text.printPgmString
                0x00003aee       0x1e wiring_serial.o
                0x00003aee                printPgmString
 .text.printIntegerInBase
                0x00003b0c      0x128 wiring_serial.o
                0x00003b0c                printIntegerInBase
 .text.printInteger
                0x00003c34       0x38 wiring_serial.o
                0x00003c34                printInteger
 .text.printBinary
                0x00003c6c        0xe wiring_serial.o
                0x00003c6c                printBinary
 .text.printFloat
                0x00003c7a       0x86 wiring_serial.o
                0x00003c7a                printFloat
 .text.atc_init
                0x00003d00       0x26 atc_control.o
                0x00003d00                atc_init
 .text.has_tool
                0x00003d26        0x4 atc_control.o
                0x00003d26                has_tool
 .text.atc_fire
                0x00003d2a      0x14a atc_control.o
                0x00003d2a                atc_fire
 .text.DropTool
                0x00003e74       0x42 atc_control.o
                0x00003e74                DropTool
 .text.PickupTool
                0x00003eb6       0x4a atc_control.o
                0x00003eb6                PickupTool
 .text.atc_change
                0x00003f00       0x40 atc_control.o
                0x00003f00                atc_change
 .text.check_for_tool
                0x00003f40       0x52 atc_control.o
                0x00003f40                check_for_tool
 .text.head_init
                0x00003f92       0x1e head_control.o
                0x00003f92                head_init
 .text.is_head_down
                0x00003fb0        0x6 head_control.o
                0x00003fb0                is_head_down
 .text.is_rotated
                0x00003fb6        0xc head_control.o
                0x00003fb6                is_rotated
 .text.head_down
                0x00003fc2       0x7c head_control.o
                0x00003fc2                head_down
 .text.panel_init
                0x0000403e       0x80 panel_control.o
                0x0000403e                panel_init
 .text.is_pleft
                0x000040be        0xe panel_control.o
                0x000040be                is_pleft
 .text.is_pright
                0x000040cc        0xe panel_control.o
                0x000040cc                is_pright
 .text.is_pback
                0x000040da        0xc panel_control.o
                0x000040da                is_pback
 .text.is_pforward
                0x000040e6        0xc panel_control.o
                0x000040e6                is_pforward
 .text.is_phead
                0x000040f2        0xc panel_control.o
                0x000040f2                is_phead
 .text.is_pvac  0x000040fe        0xa panel_control.o
                0x000040fe                is_pvac
 .text.is_pfast
                0x00004108        0xa panel_control.o
                0x00004108                is_pfast
 .text.is_phome
                0x00004112        0xe panel_control.o
                0x00004112                is_phome
 .text.is_pteach
                0x00004120        0xc panel_control.o
                0x00004120                is_pteach
 .text.__vector_32
                0x0000412c       0x14 panel_control.o
                0x0000412c                __vector_32
 .text.process_panel
                0x00004140       0x66 panel_control.o
                0x00004140                process_panel
 .text.vacuum_init
                0x000041a6       0x1a vacuum_control.o
                0x000041a6                vacuum_init
 .text.vacuum   0x000041c0       0x3e vacuum_control.o
                0x000041c0                vacuum
 .text.vacuum_state
                0x000041fe        0xc vacuum_control.o
                0x000041fe                vacuum_state
 .text.run_vacuum_test
                0x0000420a       0x74 vacuum_control.o
                0x0000420a                run_vacuum_test
 .text.goto_vacpad
                0x0000427e      0x2a6 vacuum_control.o
                0x0000427e                goto_vacpad
 .text.vacuum_test
                0x00004524       0x18 vacuum_control.o
                0x00004524                vacuum_test
 .text.tape_init
                0x0000453c        0xc tape_knock.o
                0x0000453c                tape_init
 .text.putdown_part
                0x00004548       0x68 tape_knock.o
                0x00004548                putdown_part
 .text.tape_knock
                0x000045b0       0x5a tape_knock.o
                0x000045b0                tape_knock
 .text.pickup_part
                0x0000460a      0x128 tape_knock.o
                0x0000460a                pickup_part
 .text.avr-libc.fplib
                0x00004732        0xa C:\WinAVR-20100110\avr\lib\avr6\libm.a(addsf3.o)
                0x00004732                __subsf3
                0x00004734                __addsf3
 .text.avr-libc.fplib
                0x0000473c       0xc0 C:\WinAVR-20100110\avr\lib\avr6\libm.a(addsf3x.o)
                0x00004756                __addsf3x
 .text.avr-libc.fplib
                0x000047fc       0x50 C:\WinAVR-20100110\avr\lib\avr6\libm.a(atan.o)
                0x000047fc                atan
 .text.avr-libc.fplib
                0x0000484c       0x26 C:\WinAVR-20100110\avr\lib\avr6\libm.a(ceil.o)
                0x0000484c                ceil
 .text.avr-libc.fplib
                0x00004872        0x8 C:\WinAVR-20100110\avr\lib\avr6\libm.a(cmpsf2.o)
                0x00004872                __lesf2
                0x00004872                __nesf2
                0x00004872                __eqsf2
                0x00004872                __cmpsf2
                0x00004872                __ltsf2
 .text.avr-libc.fplib
                0x0000487a        0x4 C:\WinAVR-20100110\avr\lib\avr6\libm.a(divsf3.o)
                0x0000487a                __divsf3
 .text.avr-libc.fplib
                0x0000487e       0xcc C:\WinAVR-20100110\avr\lib\avr6\libm.a(divsf3x.o)
                0x00004894                __divsf3x
                0x00004898                __divsf3_pse
 .text.avr-libc.fplib
                0x0000494a        0xa C:\WinAVR-20100110\avr\lib\avr6\libm.a(fixsfsi.o)
                0x0000494a                __fixsfsi
 .text.avr-libc.fplib
                0x00004954       0x58 C:\WinAVR-20100110\avr\lib\avr6\libm.a(fixunssfsi.o)
                0x00004954                __fixunssfsi
 .text.avr-libc.fplib
                0x000049ac       0x7a C:\WinAVR-20100110\avr\lib\avr6\libm.a(floatsisf.o)
                0x000049b0                __floatsisf
                0x000049ac                __floatunsisf
 .text.avr-libc.fplib
                0x00004a26       0x26 C:\WinAVR-20100110\avr\lib\avr6\libm.a(floor.o)
                0x00004a26                floor
 .text.avr-libc.fplib
                0x00004a4c       0x48 C:\WinAVR-20100110\avr\lib\avr6\libm.a(fp_cmp.o)
                0x00004a4c                __fp_cmp
 .text.avr-libc.fplib
                0x00004a94        0xc C:\WinAVR-20100110\avr\lib\avr6\libm.a(fp_inf.o)
                0x00004a94                __fp_inf
 .text.avr-libc.fplib
                0x00004aa0       0x36 C:\WinAVR-20100110\avr\lib\avr6\libm.a(fp_mintl.o)
                0x00004aa0                __fp_mintl
 .text.avr-libc.fplib
                0x00004ad6       0x1c C:\WinAVR-20100110\avr\lib\avr6\libm.a(fp_mpack.o)
                0x00004ada                __fp_mpack_finite
                0x00004ad6                __fp_mpack
 .text.avr-libc.fplib
                0x00004af2        0x6 C:\WinAVR-20100110\avr\lib\avr6\libm.a(fp_nan.o)
                0x00004af2                __fp_nan
 .text.avr-libc.fplib
                0x00004af8       0x4a C:\WinAVR-20100110\avr\lib\avr6\libm.a(fp_powser.o)
                0x00004af8                __fp_powser
 .text.avr-libc.fplib
                0x00004b42        0xe C:\WinAVR-20100110\avr\lib\avr6\libm.a(fp_pscA.o)
                0x00004b42                __fp_pscA
 .text.avr-libc.fplib
                0x00004b50        0xe C:\WinAVR-20100110\avr\lib\avr6\libm.a(fp_pscB.o)
                0x00004b50                __fp_pscB
 .text.avr-libc.fplib
                0x00004b5e       0x22 C:\WinAVR-20100110\avr\lib\avr6\libm.a(fp_round.o)
                0x00004b5e                __fp_round
 .text.avr-libc.fplib
                0x00004b80       0x44 C:\WinAVR-20100110\avr\lib\avr6\libm.a(fp_split3.o)
                0x00004b80                __fp_split3
                0x00004b90                __fp_splitA
 .text.avr-libc.fplib
                0x00004bc4       0x2e C:\WinAVR-20100110\avr\lib\avr6\libm.a(fp_trunc.o)
                0x00004bc4                __fp_trunc
 .text.avr-libc.fplib
                0x00004bf2        0xe C:\WinAVR-20100110\avr\lib\avr6\libm.a(fp_zero.o)
                0x00004bf2                __fp_zero
                0x00004bf4                __fp_szero
 .text.avr-libc.fplib
                0x00004c00        0x8 C:\WinAVR-20100110\avr\lib\avr6\libm.a(gesf2.o)
                0x00004c00                __gtsf2
                0x00004c00                __gesf2
 .text.avr-libc.fplib
                0x00004c08        0xe C:\WinAVR-20100110\avr\lib\avr6\libm.a(inverse.o)
                0x00004c08                inverse
 .text.avr-libc.fplib
                0x00004c16       0x60 C:\WinAVR-20100110\avr\lib\avr6\libm.a(lround.o)
                0x00004c16                lround
 .text.avr-libc.fplib
                0x00004c76       0x66 C:\WinAVR-20100110\avr\lib\avr6\libm.a(modf.o)
                0x00004c76                modff
                0x00004c76                modf
 .text.avr-libc.fplib
                0x00004cdc        0x4 C:\WinAVR-20100110\avr\lib\avr6\libm.a(mulsf3.o)
                0x00004cdc                __mulsf3
 .text.avr-libc.fplib
                0x00004ce0       0xc2 C:\WinAVR-20100110\avr\lib\avr6\libm.a(mulsf3x.o)
                0x00004cf8                __mulsf3_pse
                0x00004cf4                __mulsf3x
 .text.avr-libc.fplib
                0x00004da2       0x40 C:\WinAVR-20100110\avr\lib\avr6\libm.a(round.o)
                0x00004da2                round
 .text.avr-libc.fplib
                0x00004de2       0x84 C:\WinAVR-20100110\avr\lib\avr6\libm.a(sqrt.o)
                0x00004dea                sqrt
 .text.avr-libc.fplib
                0x00004e66        0x6 C:\WinAVR-20100110\avr\lib\avr6\libm.a(square.o)
                0x00004e66                square
 .text.avr-libc.fplib
                0x00004e6c        0xe C:\WinAVR-20100110\avr\lib\avr6\libm.a(trunc.o)
                0x00004e6c                trunc
 .text.avr-libc.fplib
                0x00004e7a        0xe C:\WinAVR-20100110\avr\lib\avr6\libm.a(fp_norm2.o)
                0x00004e7a                __fp_norm2
 .text.libgcc   0x00004e88       0x3e d:/winavr-20100110/bin/../lib/gcc/avr/4.3.3/avr6\libgcc.a(_mulsi3.o)
                0x00004e88                __mulsi3
 .text.libgcc   0x00004ec6       0x26 d:/winavr-20100110/bin/../lib/gcc/avr/4.3.3/avr6\libgcc.a(_divmodhi4.o)
                0x00004ec6                __divmodhi4
                0x00004ec6                _div
 .text.libgcc   0x00004eec       0x44 d:/winavr-20100110/bin/../lib/gcc/avr/4.3.3/avr6\libgcc.a(_udivmodsi4.o)
                0x00004eec                __udivmodsi4
 .text.libgcc   0x00004f30       0x36 d:/winavr-20100110/bin/../lib/gcc/avr/4.3.3/avr6\libgcc.a(_divmodsi4.o)
                0x00004f30                __divmodsi4
 .text.libgcc   0x00004f66        0x0 d:/winavr-20100110/bin/../lib/gcc/avr/4.3.3/avr6\libgcc.a(_exit.o)
 .text.libgcc   0x00004f66        0x0 d:/winavr-20100110/bin/../lib/gcc/avr/4.3.3/avr6\libgcc.a(_clear_bss.o)
 .text.libgcc   0x00004f66       0x28 d:/winavr-20100110/bin/../lib/gcc/avr/4.3.3/avr6\libgcc.a(_udivmodhi4.o)
                0x00004f66                __udivmodhi4
 .text.avr-libc
                0x00004f8e      0x2dc C:\WinAVR-20100110\avr\lib\avr6\libc.a(strtod.o)
                0x00004f8e                strtod
 .text.avr-libc
                0x0000526a       0x10 C:\WinAVR-20100110\avr\lib\avr6\libc.a(isspace.o)
                0x0000526a                isspace
 .text.avr-libc
                0x0000527a       0x30 C:\WinAVR-20100110\avr\lib\avr6\libc.a(strncasecmp_P.o)
                0x0000527a                strncasecmp_P
 .text.avr-libc
                0x000052aa        0x6 C:\WinAVR-20100110\avr\lib\avr6\libc.a(cty_isfalse.o)
                0x000052ae                __ctype_istrue
                0x000052aa                __ctype_isfalse
                0x000052b0                . = ALIGN (0x2)
 *(.fini9)
 .fini9         0x000052b0        0x0 d:/winavr-20100110/bin/../lib/gcc/avr/4.3.3/avr6\libgcc.a(_exit.o)
                0x000052b0                exit
                0x000052b0                _exit
 *(.fini9)
 *(.fini8)
 *(.fini8)
 *(.fini7)
 *(.fini7)
 *(.fini6)
 *(.fini6)
 *(.fini5)
 *(.fini5)
 *(.fini4)
 *(.fini4)
 *(.fini3)
 *(.fini3)
 *(.fini2)
 *(.fini2)
 *(.fini1)
 *(.fini1)
 *(.fini0)
 .fini0         0x000052b0        0x4 d:/winavr-20100110/bin/../lib/gcc/avr/4.3.3/avr6\libgcc.a(_exit.o)
 *(.fini0)
                0x000052b4                _etext = .

.data           0x00800200        0x0 load address 0x000052b4
                0x00800200                PROVIDE (__data_start, .)
 *(.data)
 .data          0x00800200        0x0 d:/winavr-20100110/bin/../lib/gcc/avr/4.3.3/../../../../avr/lib/avr6/crtm2560.o
 .data          0x00800200        0x0 coolant_control.o
 .data          0x00800200        0x0 eeprom.o
 .data          0x00800200        0x0 gcode.o
 .data          0x00800200        0x0 main.o
 .data          0x00800200        0x0 motion_control.o
 .data          0x00800200        0x0 planner.o
 .data          0x00800200        0x0 serial_protocol.o
 .data          0x00800200        0x0 settings.o
 .data          0x00800200        0x0 spindle_control.o
 .data          0x00800200        0x0 stepper.o
 .data          0x00800200        0x0 wiring_serial.o
 .data          0x00800200        0x0 atc_control.o
 .data          0x00800200        0x0 head_control.o
 .data          0x00800200        0x0 panel_control.o
 .data          0x00800200        0x0 vacuum_control.o
 .data          0x00800200        0x0 tape_knock.o
 .data          0x00800200        0x0 C:\WinAVR-20100110\avr\lib\avr6\libm.a(addsf3.o)
 .data          0x00800200        0x0 C:\WinAVR-20100110\avr\lib\avr6\libm.a(addsf3x.o)
 .data          0x00800200        0x0 C:\WinAVR-20100110\avr\lib\avr6\libm.a(atan.o)
 .data          0x00800200        0x0 C:\WinAVR-20100110\avr\lib\avr6\libm.a(ceil.o)
 .data          0x00800200        0x0 C:\WinAVR-20100110\avr\lib\avr6\libm.a(cmpsf2.o)
 .data          0x00800200        0x0 C:\WinAVR-20100110\avr\lib\avr6\libm.a(divsf3.o)
 .data          0x00800200        0x0 C:\WinAVR-20100110\avr\lib\avr6\libm.a(divsf3x.o)
 .data          0x00800200        0x0 C:\WinAVR-20100110\avr\lib\avr6\libm.a(fixsfsi.o)
 .data          0x00800200        0x0 C:\WinAVR-20100110\avr\lib\avr6\libm.a(fixunssfsi.o)
 .data          0x00800200        0x0 C:\WinAVR-20100110\avr\lib\avr6\libm.a(floatsisf.o)
 .data          0x00800200        0x0 C:\WinAVR-20100110\avr\lib\avr6\libm.a(floor.o)
 .data          0x00800200        0x0 C:\WinAVR-20100110\avr\lib\avr6\libm.a(fp_cmp.o)
 .data          0x00800200        0x0 C:\WinAVR-20100110\avr\lib\avr6\libm.a(fp_inf.o)
 .data          0x00800200        0x0 C:\WinAVR-20100110\avr\lib\avr6\libm.a(fp_mintl.o)
 .data          0x00800200        0x0 C:\WinAVR-20100110\avr\lib\avr6\libm.a(fp_mpack.o)
 .data          0x00800200        0x0 C:\WinAVR-20100110\avr\lib\avr6\libm.a(fp_nan.o)
 .data          0x00800200        0x0 C:\WinAVR-20100110\avr\lib\avr6\libm.a(fp_powser.o)
 .data          0x00800200        0x0 C:\WinAVR-20100110\avr\lib\avr6\libm.a(fp_pscA.o)
 .data          0x00800200        0x0 C:\WinAVR-20100110\avr\lib\avr6\libm.a(fp_pscB.o)
 .data          0x00800200        0x0 C:\WinAVR-20100110\avr\lib\avr6\libm.a(fp_round.o)
 .data          0x00800200        0x0 C:\WinAVR-20100110\avr\lib\avr6\libm.a(fp_split3.o)
 .data          0x00800200        0x0 C:\WinAVR-20100110\avr\lib\avr6\libm.a(fp_trunc.o)
 .data          0x00800200        0x0 C:\WinAVR-20100110\avr\lib\avr6\libm.a(fp_zero.o)
 .data          0x00800200        0x0 C:\WinAVR-20100110\avr\lib\avr6\libm.a(gesf2.o)
 .data          0x00800200        0x0 C:\WinAVR-20100110\avr\lib\avr6\libm.a(inverse.o)
 .data          0x00800200        0x0 C:\WinAVR-20100110\avr\lib\avr6\libm.a(lround.o)
 .data          0x00800200        0x0 C:\WinAVR-20100110\avr\lib\avr6\libm.a(modf.o)
 .data          0x00800200        0x0 C:\WinAVR-20100110\avr\lib\avr6\libm.a(mulsf3.o)
 .data          0x00800200        0x0 C:\WinAVR-20100110\avr\lib\avr6\libm.a(mulsf3x.o)
 .data          0x00800200        0x0 C:\WinAVR-20100110\avr\lib\avr6\libm.a(round.o)
 .data          0x00800200        0x0 C:\WinAVR-20100110\avr\lib\avr6\libm.a(sqrt.o)
 .data          0x00800200        0x0 C:\WinAVR-20100110\avr\lib\avr6\libm.a(square.o)
 .data          0x00800200        0x0 C:\WinAVR-20100110\avr\lib\avr6\libm.a(trunc.o)
 .data          0x00800200        0x0 C:\WinAVR-20100110\avr\lib\avr6\libm.a(fp_norm2.o)
 .data          0x00800200        0x0 d:/winavr-20100110/bin/../lib/gcc/avr/4.3.3/avr6\libgcc.a(_mulsi3.o)
 .data          0x00800200        0x0 d:/winavr-20100110/bin/../lib/gcc/avr/4.3.3/avr6\libgcc.a(_divmodhi4.o)
 .data          0x00800200        0x0 d:/winavr-20100110/bin/../lib/gcc/avr/4.3.3/avr6\libgcc.a(_udivmodsi4.o)
 .data          0x00800200        0x0 d:/winavr-20100110/bin/../lib/gcc/avr/4.3.3/avr6\libgcc.a(_divmodsi4.o)
 .data          0x00800200        0x0 d:/winavr-20100110/bin/../lib/gcc/avr/4.3.3/avr6\libgcc.a(_exit.o)
 .data          0x00800200        0x0 d:/winavr-20100110/bin/../lib/gcc/avr/4.3.3/avr6\libgcc.a(_clear_bss.o)
 .data          0x00800200        0x0 d:/winavr-20100110/bin/../lib/gcc/avr/4.3.3/avr6\libgcc.a(_udivmodhi4.o)
 .data          0x00800200        0x0 C:\WinAVR-20100110\avr\lib\avr6\libc.a(strtod.o)
 .data          0x00800200        0x0 C:\WinAVR-20100110\avr\lib\avr6\libc.a(isspace.o)
 .data          0x00800200        0x0 C:\WinAVR-20100110\avr\lib\avr6\libc.a(strncasecmp_P.o)
 .data          0x00800200        0x0 C:\WinAVR-20100110\avr\lib\avr6\libc.a(errno.o)
 .data          0x00800200        0x0 C:\WinAVR-20100110\avr\lib\avr6\libc.a(cty_isfalse.o)
 *(.data*)
 *(.rodata)
 *(.rodata*)
 *(.gnu.linkonce.d*)
                0x00800200                . = ALIGN (0x2)
                0x00800200                _edata = .
                0x00800200                PROVIDE (__data_end, .)

.bss            0x00800200      0x4a4
                0x00800200                PROVIDE (__bss_start, .)
 *(.bss)
 .bss           0x00800200        0x0 d:/winavr-20100110/bin/../lib/gcc/avr/4.3.3/../../../../avr/lib/avr6/crtm2560.o
 .bss           0x00800200        0x0 coolant_control.o
 .bss           0x00800200        0x0 eeprom.o
 .bss           0x00800200       0x2c gcode.o
 .bss           0x0080022c        0x0 main.o
 .bss           0x0080022c        0x0 motion_control.o
 .bss           0x0080022c      0x2ef planner.o
 .bss           0x0080051b       0x33 serial_protocol.o
 .bss           0x0080054e        0x0 settings.o
 .bss           0x0080054e        0x0 spindle_control.o
 .bss           0x0080054e       0x27 stepper.o
                0x0080054e                ackHost
                0x0080054f                gHomed
 .bss           0x00800575      0x104 wiring_serial.o
                0x00800575                rx_buffer_head
                0x00800577                rx_buffer_tail
 .bss           0x00800679        0x0 atc_control.o
 .bss           0x00800679        0x0 head_control.o
 .bss           0x00800679        0x2 panel_control.o
 .bss           0x0080067b        0x0 vacuum_control.o
 .bss           0x0080067b        0x0 tape_knock.o
 .bss           0x0080067b        0x0 C:\WinAVR-20100110\avr\lib\avr6\libm.a(addsf3.o)
 .bss           0x0080067b        0x0 C:\WinAVR-20100110\avr\lib\avr6\libm.a(addsf3x.o)
 .bss           0x0080067b        0x0 C:\WinAVR-20100110\avr\lib\avr6\libm.a(atan.o)
 .bss           0x0080067b        0x0 C:\WinAVR-20100110\avr\lib\avr6\libm.a(ceil.o)
 .bss           0x0080067b        0x0 C:\WinAVR-20100110\avr\lib\avr6\libm.a(cmpsf2.o)
 .bss           0x0080067b        0x0 C:\WinAVR-20100110\avr\lib\avr6\libm.a(divsf3.o)
 .bss           0x0080067b        0x0 C:\WinAVR-20100110\avr\lib\avr6\libm.a(divsf3x.o)
 .bss           0x0080067b        0x0 C:\WinAVR-20100110\avr\lib\avr6\libm.a(fixsfsi.o)
 .bss           0x0080067b        0x0 C:\WinAVR-20100110\avr\lib\avr6\libm.a(fixunssfsi.o)
 .bss           0x0080067b        0x0 C:\WinAVR-20100110\avr\lib\avr6\libm.a(floatsisf.o)
 .bss           0x0080067b        0x0 C:\WinAVR-20100110\avr\lib\avr6\libm.a(floor.o)
 .bss           0x0080067b        0x0 C:\WinAVR-20100110\avr\lib\avr6\libm.a(fp_cmp.o)
 .bss           0x0080067b        0x0 C:\WinAVR-20100110\avr\lib\avr6\libm.a(fp_inf.o)
 .bss           0x0080067b        0x0 C:\WinAVR-20100110\avr\lib\avr6\libm.a(fp_mintl.o)
 .bss           0x0080067b        0x0 C:\WinAVR-20100110\avr\lib\avr6\libm.a(fp_mpack.o)
 .bss           0x0080067b        0x0 C:\WinAVR-20100110\avr\lib\avr6\libm.a(fp_nan.o)
 .bss           0x0080067b        0x0 C:\WinAVR-20100110\avr\lib\avr6\libm.a(fp_powser.o)
 .bss           0x0080067b        0x0 C:\WinAVR-20100110\avr\lib\avr6\libm.a(fp_pscA.o)
 .bss           0x0080067b        0x0 C:\WinAVR-20100110\avr\lib\avr6\libm.a(fp_pscB.o)
 .bss           0x0080067b        0x0 C:\WinAVR-20100110\avr\lib\avr6\libm.a(fp_round.o)
 .bss           0x0080067b        0x0 C:\WinAVR-20100110\avr\lib\avr6\libm.a(fp_split3.o)
 .bss           0x0080067b        0x0 C:\WinAVR-20100110\avr\lib\avr6\libm.a(fp_trunc.o)
 .bss           0x0080067b        0x0 C:\WinAVR-20100110\avr\lib\avr6\libm.a(fp_zero.o)
 .bss           0x0080067b        0x0 C:\WinAVR-20100110\avr\lib\avr6\libm.a(gesf2.o)
 .bss           0x0080067b        0x0 C:\WinAVR-20100110\avr\lib\avr6\libm.a(inverse.o)
 .bss           0x0080067b        0x0 C:\WinAVR-20100110\avr\lib\avr6\libm.a(lround.o)
 .bss           0x0080067b        0x0 C:\WinAVR-20100110\avr\lib\avr6\libm.a(modf.o)
 .bss           0x0080067b        0x0 C:\WinAVR-20100110\avr\lib\avr6\libm.a(mulsf3.o)
 .bss           0x0080067b        0x0 C:\WinAVR-20100110\avr\lib\avr6\libm.a(mulsf3x.o)
 .bss           0x0080067b        0x0 C:\WinAVR-20100110\avr\lib\avr6\libm.a(round.o)
 .bss           0x0080067b        0x0 C:\WinAVR-20100110\avr\lib\avr6\libm.a(sqrt.o)
 .bss           0x0080067b        0x0 C:\WinAVR-20100110\avr\lib\avr6\libm.a(square.o)
 .bss           0x0080067b        0x0 C:\WinAVR-20100110\avr\lib\avr6\libm.a(trunc.o)
 .bss           0x0080067b        0x0 C:\WinAVR-20100110\avr\lib\avr6\libm.a(fp_norm2.o)
 .bss           0x0080067b        0x0 d:/winavr-20100110/bin/../lib/gcc/avr/4.3.3/avr6\libgcc.a(_mulsi3.o)
 .bss           0x0080067b        0x0 d:/winavr-20100110/bin/../lib/gcc/avr/4.3.3/avr6\libgcc.a(_divmodhi4.o)
 .bss           0x0080067b        0x0 d:/winavr-20100110/bin/../lib/gcc/avr/4.3.3/avr6\libgcc.a(_udivmodsi4.o)
 .bss           0x0080067b        0x0 d:/winavr-20100110/bin/../lib/gcc/avr/4.3.3/avr6\libgcc.a(_divmodsi4.o)
 .bss           0x0080067b        0x0 d:/winavr-20100110/bin/../lib/gcc/avr/4.3.3/avr6\libgcc.a(_exit.o)
 .bss           0x0080067b        0x0 d:/winavr-20100110/bin/../lib/gcc/avr/4.3.3/avr6\libgcc.a(_clear_bss.o)
 .bss           0x0080067b        0x0 d:/winavr-20100110/bin/../lib/gcc/avr/4.3.3/avr6\libgcc.a(_udivmodhi4.o)
 .bss           0x0080067b        0x0 C:\WinAVR-20100110\avr\lib\avr6\libc.a(strtod.o)
 .bss           0x0080067b        0x0 C:\WinAVR-20100110\avr\lib\avr6\libc.a(isspace.o)
 .bss           0x0080067b        0x0 C:\WinAVR-20100110\avr\lib\avr6\libc.a(strncasecmp_P.o)
 .bss           0x0080067b        0x0 C:\WinAVR-20100110\avr\lib\avr6\libc.a(errno.o)
 .bss           0x0080067b        0x0 C:\WinAVR-20100110\avr\lib\avr6\libc.a(cty_isfalse.o)
 *(.bss*)
 *(COMMON)
 COMMON         0x0080067b       0x26 settings.o
                0x0080067b                settings
 COMMON         0x008006a1        0x1 stepper.o
                0x008006a1                dir_bits
 COMMON         0x008006a2        0x2 C:\WinAVR-20100110\avr\lib\avr6\libc.a(errno.o)
                0x008006a2                errno
                0x008006a4                PROVIDE (__bss_end, .)
                0x000052b4                __data_load_start = LOADADDR (.data)
                0x000052b4                __data_load_end = (__data_load_start + SIZEOF (.data))

.noinit         0x008006a4        0x0
                0x008006a4                PROVIDE (__noinit_start, .)
 *(.noinit*)
                0x008006a4                PROVIDE (__noinit_end, .)
                0x008006a4                _end = .
                0x008006a4                PROVIDE (__heap_start, .)

.eeprom         0x00810000        0x0
 *(.eeprom*)
                0x00810000                __eeprom_end = .

.fuse
 *(.fuse)
 *(.lfuse)
 *(.hfuse)
 *(.efuse)

.lock
 *(.lock*)

.signature
 *(.signature*)

.stab
 *(.stab)

.stabstr
 *(.stabstr)

.stab.excl
 *(.stab.excl)

.stab.exclstr
 *(.stab.exclstr)

.stab.index
 *(.stab.index)

.stab.indexstr
 *(.stab.indexstr)

.comment
 *(.comment)

.debug
 *(.debug)

.line
 *(.line)

.debug_srcinfo
 *(.debug_srcinfo)

.debug_sfnames
 *(.debug_sfnames)

.debug_aranges  0x00000000      0x4f0
 *(.debug_aranges)
 .debug_aranges
                0x00000000       0x28 coolant_control.o
 .debug_aranges
                0x00000028       0x38 eeprom.o
 .debug_aranges
                0x00000060       0x60 gcode.o
 .debug_aranges
                0x000000c0       0x20 main.o
 .debug_aranges
                0x000000e0       0x28 motion_control.o
 .debug_aranges
                0x00000108       0x90 planner.o
 .debug_aranges
                0x00000198       0x28 serial_protocol.o
 .debug_aranges
                0x000001c0       0x48 settings.o
 .debug_aranges
                0x00000208       0x38 spindle_control.o
 .debug_aranges
                0x00000240       0xb0 stepper.o
 .debug_aranges
                0x000002f0       0x80 wiring_serial.o
 .debug_aranges
                0x00000370       0x50 atc_control.o
 .debug_aranges
                0x000003c0       0x38 head_control.o
 .debug_aranges
                0x000003f8       0x78 panel_control.o
 .debug_aranges
                0x00000470       0x48 vacuum_control.o
 .debug_aranges
                0x000004b8       0x38 tape_knock.o

.debug_pubnames
                0x00000000      0x933
 *(.debug_pubnames)
 .debug_pubnames
                0x00000000       0x35 coolant_control.o
 .debug_pubnames
                0x00000035       0x82 eeprom.o
 .debug_pubnames
                0x000000b7       0x9d gcode.o
 .debug_pubnames
                0x00000154       0x1b main.o
 .debug_pubnames
                0x0000016f       0x2e motion_control.o
 .debug_pubnames
                0x0000019d      0x1c0 planner.o
 .debug_pubnames
                0x0000035d       0x2d serial_protocol.o
 .debug_pubnames
                0x0000038a       0x96 settings.o
 .debug_pubnames
                0x00000420       0x54 spindle_control.o
 .debug_pubnames
                0x00000474      0x169 stepper.o
 .debug_pubnames
                0x000005dd      0x113 wiring_serial.o
 .debug_pubnames
                0x000006f0       0x77 atc_control.o
 .debug_pubnames
                0x00000767       0x4e head_control.o
 .debug_pubnames
                0x000007b5       0xbc panel_control.o
 .debug_pubnames
                0x00000871       0x72 vacuum_control.o
 .debug_pubnames
                0x000008e3       0x50 tape_knock.o

.debug_info     0x00000000     0x40e9
 *(.debug_info)
 .debug_info    0x00000000       0xa5 coolant_control.o
 .debug_info    0x000000a5      0x1da eeprom.o
 .debug_info    0x0000027f      0x96d gcode.o
 .debug_info    0x00000bec       0xc6 main.o
 .debug_info    0x00000cb2      0x15e motion_control.o
 .debug_info    0x00000e10      0x8d6 planner.o
 .debug_info    0x000016e6      0x286 serial_protocol.o
 .debug_info    0x0000196c      0x522 settings.o
 .debug_info    0x00001e8e      0x22d spindle_control.o
 .debug_info    0x000020bb      0xab3 stepper.o
 .debug_info    0x00002b6e      0x45c wiring_serial.o
 .debug_info    0x00002fca      0x2da atc_control.o
 .debug_info    0x000032a4      0x20a head_control.o
 .debug_info    0x000034ae      0x293 panel_control.o
 .debug_info    0x00003741      0x6a9 vacuum_control.o
 .debug_info    0x00003dea      0x2ff tape_knock.o
 *(.gnu.linkonce.wi.*)

.debug_abbrev   0x00000000     0x1623
 *(.debug_abbrev)
 .debug_abbrev  0x00000000       0x6c coolant_control.o
 .debug_abbrev  0x0000006c      0x109 eeprom.o
 .debug_abbrev  0x00000175      0x254 gcode.o
 .debug_abbrev  0x000003c9       0x87 main.o
 .debug_abbrev  0x00000450       0xfd motion_control.o
 .debug_abbrev  0x0000054d      0x206 planner.o
 .debug_abbrev  0x00000753       0xfc serial_protocol.o
 .debug_abbrev  0x0000084f      0x10b settings.o
 .debug_abbrev  0x0000095a      0x12d spindle_control.o
 .debug_abbrev  0x00000a87      0x354 stepper.o
 .debug_abbrev  0x00000ddb      0x1c0 wiring_serial.o
 .debug_abbrev  0x00000f9b      0x16c atc_control.o
 .debug_abbrev  0x00001107      0x153 head_control.o
 .debug_abbrev  0x0000125a       0xee panel_control.o
 .debug_abbrev  0x00001348      0x1a7 vacuum_control.o
 .debug_abbrev  0x000014ef      0x134 tape_knock.o

.debug_line     0x00000000     0x3cc1
 *(.debug_line)
 .debug_line    0x00000000       0xa2 coolant_control.o
 .debug_line    0x000000a2      0x2ad eeprom.o
 .debug_line    0x0000034f      0x831 gcode.o
 .debug_line    0x00000b80       0xf5 main.o
 .debug_line    0x00000c75      0x19d motion_control.o
 .debug_line    0x00000e12      0x716 planner.o
 .debug_line    0x00001528      0x1db serial_protocol.o
 .debug_line    0x00001703      0x3f0 settings.o
 .debug_line    0x00001af3      0x1e9 spindle_control.o
 .debug_line    0x00001cdc      0xb19 stepper.o
 .debug_line    0x000027f5      0x3ab wiring_serial.o
 .debug_line    0x00002ba0      0x40b atc_control.o
 .debug_line    0x00002fab      0x21c head_control.o
 .debug_line    0x000031c7      0x2f0 panel_control.o
 .debug_line    0x000034b7      0x4b7 vacuum_control.o
 .debug_line    0x0000396e      0x353 tape_knock.o

.debug_frame    0x00000000      0x7e0
 *(.debug_frame)
 .debug_frame   0x00000000       0x30 coolant_control.o
 .debug_frame   0x00000030       0x50 eeprom.o
 .debug_frame   0x00000080       0xa0 gcode.o
 .debug_frame   0x00000120       0x20 main.o
 .debug_frame   0x00000140       0x30 motion_control.o
 .debug_frame   0x00000170      0x100 planner.o
 .debug_frame   0x00000270       0x30 serial_protocol.o
 .debug_frame   0x000002a0       0x70 settings.o
 .debug_frame   0x00000310       0x50 spindle_control.o
 .debug_frame   0x00000360      0x140 stepper.o
 .debug_frame   0x000004a0       0xe0 wiring_serial.o
 .debug_frame   0x00000580       0x80 atc_control.o
 .debug_frame   0x00000600       0x50 head_control.o
 .debug_frame   0x00000650       0xd0 panel_control.o
 .debug_frame   0x00000720       0x70 vacuum_control.o
 .debug_frame   0x00000790       0x50 tape_knock.o

.debug_str      0x00000000      0xea9
 *(.debug_str)
 .debug_str     0x00000000       0xaa coolant_control.o
                                 0xe5 (size before relaxing)
 .debug_str     0x000000aa       0xac eeprom.o
                                0x168 (size before relaxing)
 .debug_str     0x00000156      0x283 gcode.o
                                0x39a (size before relaxing)
 .debug_str     0x000003d9       0x17 main.o
                                 0xd1 (size before relaxing)
 .debug_str     0x000003f0       0x7a motion_control.o
                                0x12f (size before relaxing)
 .debug_str     0x0000046a      0x403 planner.o
                                0x5ec (size before relaxing)
 .debug_str     0x0000086d       0x37 serial_protocol.o
                                0x11e (size before relaxing)
 .debug_str     0x000008a4       0x7f settings.o
                                0x1d4 (size before relaxing)
 .debug_str     0x00000923       0x64 spindle_control.o
                                0x176 (size before relaxing)
 .debug_str     0x00000987      0x236 stepper.o
                                0x510 (size before relaxing)
 .debug_str     0x00000bbd      0x11b wiring_serial.o
                                0x1e6 (size before relaxing)
 .debug_str     0x00000cd8       0x61 atc_control.o
                                0x188 (size before relaxing)
 .debug_str     0x00000d39       0x34 head_control.o
                                0x141 (size before relaxing)
 .debug_str     0x00000d6d       0x98 panel_control.o
                                0x158 (size before relaxing)
 .debug_str     0x00000e05       0x58 vacuum_control.o
                                0x18c (size before relaxing)
 .debug_str     0x00000e5d       0x4c tape_knock.o
                                0x149 (size before relaxing)

.debug_loc      0x00000000     0x246c
 *(.debug_loc)
 .debug_loc     0x00000000      0x1f7 eeprom.o
 .debug_loc     0x000001f7      0x96c gcode.o
 .debug_loc     0x00000b63       0xbc motion_control.o
 .debug_loc     0x00000c1f      0x86f planner.o
 .debug_loc     0x0000148e       0xce serial_protocol.o
 .debug_loc     0x0000155c      0x1bf settings.o
 .debug_loc     0x0000171b       0x3b spindle_control.o
 .debug_loc     0x00001756      0x3e3 stepper.o
 .debug_loc     0x00001b39      0x2c2 wiring_serial.o
 .debug_loc     0x00001dfb      0x140 atc_control.o
 .debug_loc     0x00001f3b       0x78 head_control.o
 .debug_loc     0x00001fb3      0x311 vacuum_control.o
 .debug_loc     0x000022c4      0x1a8 tape_knock.o

.debug_macinfo
 *(.debug_macinfo)
OUTPUT(grbl.elf elf32-avr)
LOAD linker stubs

.debug_ranges   0x00000000      0xa68
 .debug_ranges  0x00000000       0x20 coolant_control.o
 .debug_ranges  0x00000020       0x60 eeprom.o
 .debug_ranges  0x00000080       0x90 gcode.o
 .debug_ranges  0x00000110       0x18 main.o
 .debug_ranges  0x00000128       0x50 motion_control.o
 .debug_ranges  0x00000178       0xa0 planner.o
 .debug_ranges  0x00000218       0x40 serial_protocol.o
 .debug_ranges  0x00000258       0x40 settings.o
 .debug_ranges  0x00000298       0xf0 spindle_control.o
 .debug_ranges  0x00000388      0x420 stepper.o
 .debug_ranges  0x000007a8       0xc8 wiring_serial.o
 .debug_ranges  0x00000870       0x48 atc_control.o
 .debug_ranges  0x000008b8       0x30 head_control.o
 .debug_ranges  0x000008e8       0x70 panel_control.o
 .debug_ranges  0x00000958       0x40 vacuum_control.o
 .debug_ranges  0x00000998       0xd0 tape_knock.o
