Archive member included because of file (symbol)

C:\WinAVR-20100110\avr\lib\avr6\libm.a(addsf3.o)
                              gcode.o (__subsf3)
C:\WinAVR-20100110\avr\lib\avr6\libm.a(addsf3x.o)
                              C:\WinAVR-20100110\avr\lib\avr6\libm.a(addsf3.o) (__addsf3x)
C:\WinAVR-20100110\avr\lib\avr6\libm.a(atan.o)
                              gcode.o (atan)
C:\WinAVR-20100110\avr\lib\avr6\libm.a(ceil.o)
                              planner.o (ceil)
C:\WinAVR-20100110\avr\lib\avr6\libm.a(cmpsf2.o)
                              settings.o (__nesf2)
C:\WinAVR-20100110\avr\lib\avr6\libm.a(divsf3.o)
                              gcode.o (__divsf3)
C:\WinAVR-20100110\avr\lib\avr6\libm.a(divsf3x.o)
                              C:\WinAVR-20100110\avr\lib\avr6\libm.a(divsf3.o) (__divsf3x)
C:\WinAVR-20100110\avr\lib\avr6\libm.a(fixsfsi.o)
                              gcode.o (__fixsfsi)
C:\WinAVR-20100110\avr\lib\avr6\libm.a(fixunssfsi.o)
                              gcode.o (__fixunssfsi)
C:\WinAVR-20100110\avr\lib\avr6\libm.a(floatsisf.o)
                              motion_control.o (__floatunsisf)
C:\WinAVR-20100110\avr\lib\avr6\libm.a(floor.o)
                              planner.o (floor)
C:\WinAVR-20100110\avr\lib\avr6\libm.a(fp_cmp.o)
                              C:\WinAVR-20100110\avr\lib\avr6\libm.a(cmpsf2.o) (__fp_cmp)
C:\WinAVR-20100110\avr\lib\avr6\libm.a(fp_inf.o)
                              C:\WinAVR-20100110\avr\lib\avr6\libm.a(addsf3x.o) (__fp_inf)
C:\WinAVR-20100110\avr\lib\avr6\libm.a(fp_mintl.o)
                              C:\WinAVR-20100110\avr\lib\avr6\libm.a(ceil.o) (__fp_mintl)
C:\WinAVR-20100110\avr\lib\avr6\libm.a(fp_mpack.o)
                              C:\WinAVR-20100110\avr\lib\avr6\libm.a(ceil.o) (__fp_mpack)
C:\WinAVR-20100110\avr\lib\avr6\libm.a(fp_nan.o)
                              C:\WinAVR-20100110\avr\lib\avr6\libm.a(addsf3x.o) (__fp_nan)
C:\WinAVR-20100110\avr\lib\avr6\libm.a(fp_powser.o)
                              C:\WinAVR-20100110\avr\lib\avr6\libm.a(atan.o) (__fp_powser)
C:\WinAVR-20100110\avr\lib\avr6\libm.a(fp_pscA.o)
                              C:\WinAVR-20100110\avr\lib\avr6\libm.a(addsf3x.o) (__fp_pscA)
C:\WinAVR-20100110\avr\lib\avr6\libm.a(fp_pscB.o)
                              C:\WinAVR-20100110\avr\lib\avr6\libm.a(addsf3x.o) (__fp_pscB)
C:\WinAVR-20100110\avr\lib\avr6\libm.a(fp_round.o)
                              C:\WinAVR-20100110\avr\lib\avr6\libm.a(addsf3.o) (__fp_round)
C:\WinAVR-20100110\avr\lib\avr6\libm.a(fp_split3.o)
                              C:\WinAVR-20100110\avr\lib\avr6\libm.a(addsf3x.o) (__fp_split3)
C:\WinAVR-20100110\avr\lib\avr6\libm.a(fp_trunc.o)
                              C:\WinAVR-20100110\avr\lib\avr6\libm.a(ceil.o) (__fp_trunc)
C:\WinAVR-20100110\avr\lib\avr6\libm.a(fp_zero.o)
                              C:\WinAVR-20100110\avr\lib\avr6\libm.a(addsf3x.o) (__fp_zero)
C:\WinAVR-20100110\avr\lib\avr6\libm.a(gesf2.o)
                              gcode.o (__gtsf2)
C:\WinAVR-20100110\avr\lib\avr6\libm.a(inverse.o)
                              C:\WinAVR-20100110\avr\lib\avr6\libm.a(atan.o) (inverse)
C:\WinAVR-20100110\avr\lib\avr6\libm.a(lround.o)
                              planner.o (lround)
C:\WinAVR-20100110\avr\lib\avr6\libm.a(modf.o)
                              wiring_serial.o (modf)
C:\WinAVR-20100110\avr\lib\avr6\libm.a(mulsf3.o)
                              gcode.o (__mulsf3)
C:\WinAVR-20100110\avr\lib\avr6\libm.a(mulsf3x.o)
                              C:\WinAVR-20100110\avr\lib\avr6\libm.a(atan.o) (__mulsf3x)
C:\WinAVR-20100110\avr\lib\avr6\libm.a(round.o)
                              settings.o (round)
C:\WinAVR-20100110\avr\lib\avr6\libm.a(sqrt.o)
                              planner.o (sqrt)
C:\WinAVR-20100110\avr\lib\avr6\libm.a(square.o)
                              planner.o (square)
C:\WinAVR-20100110\avr\lib\avr6\libm.a(trunc.o)
                              gcode.o (trunc)
C:\WinAVR-20100110\avr\lib\avr6\libm.a(fp_norm2.o)
                              C:\WinAVR-20100110\avr\lib\avr6\libm.a(sqrt.o) (__fp_norm2)
d:/winavr-20100110/bin/../lib/gcc/avr/4.3.3/avr6\libgcc.a(_mulsi3.o)
                              planner.o (__mulsi3)
d:/winavr-20100110/bin/../lib/gcc/avr/4.3.3/avr6\libgcc.a(_divmodhi4.o)
                              planner.o (__divmodhi4)
d:/winavr-20100110/bin/../lib/gcc/avr/4.3.3/avr6\libgcc.a(_udivmodsi4.o)
                              stepper.o (__udivmodsi4)
d:/winavr-20100110/bin/../lib/gcc/avr/4.3.3/avr6\libgcc.a(_divmodsi4.o)
                              wiring_serial.o (__divmodsi4)
d:/winavr-20100110/bin/../lib/gcc/avr/4.3.3/avr6\libgcc.a(_exit.o)
                              d:/winavr-20100110/bin/../lib/gcc/avr/4.3.3/../../../../avr/lib/avr6/crtm2560.o (exit)
d:/winavr-20100110/bin/../lib/gcc/avr/4.3.3/avr6\libgcc.a(_clear_bss.o)
                              gcode.o (__do_clear_bss)
d:/winavr-20100110/bin/../lib/gcc/avr/4.3.3/avr6\libgcc.a(_udivmodhi4.o)
                              d:/winavr-20100110/bin/../lib/gcc/avr/4.3.3/avr6\libgcc.a(_divmodhi4.o) (__udivmodhi4)
C:\WinAVR-20100110\avr\lib\avr6\libc.a(strtod.o)
                              gcode.o (strtod)
C:\WinAVR-20100110\avr\lib\avr6\libc.a(isspace.o)
                              C:\WinAVR-20100110\avr\lib\avr6\libc.a(strtod.o) (isspace)
C:\WinAVR-20100110\avr\lib\avr6\libc.a(strncasecmp_P.o)
                              C:\WinAVR-20100110\avr\lib\avr6\libc.a(strtod.o) (strncasecmp_P)
C:\WinAVR-20100110\avr\lib\avr6\libc.a(errno.o)
                              C:\WinAVR-20100110\avr\lib\avr6\libc.a(strtod.o) (errno)
C:\WinAVR-20100110\avr\lib\avr6\libc.a(cty_isfalse.o)
                              C:\WinAVR-20100110\avr\lib\avr6\libc.a(isspace.o) (__ctype_isfalse)

Allocating common symbols
Common symbol       size              file

errno               0x2               C:\WinAVR-20100110\avr\lib\avr6\libc.a(errno.o)
settings            0x26              settings.o
dir_bits            0x1               stepper.o

Memory Configuration

Name             Origin             Length             Attributes
text             0x00000000         0x00100000         xr
data             0x00800200         0x0000fe00         rw !x
eeprom           0x00810000         0x00010000         rw !x
fuse             0x00820000         0x00000400         rw !x
lock             0x00830000         0x00000400         rw !x
signature        0x00840000         0x00000400         rw !x
*default*        0x00000000         0xffffffff

Linker script and memory map

Address of section .data set to 0x800200
LOAD d:/winavr-20100110/bin/../lib/gcc/avr/4.3.3/../../../../avr/lib/avr6/crtm2560.o
LOAD coolant_control.o
LOAD eeprom.o
LOAD gcode.o
LOAD main.o
LOAD motion_control.o
LOAD planner.o
LOAD serial_protocol.o
LOAD settings.o
LOAD spindle_control.o
LOAD stepper.o
LOAD wiring_serial.o
LOAD atc_control.o
LOAD head_control.o
LOAD panel_control.o
LOAD vacuum_control.o
LOAD tape_knock.o
LOAD C:\WinAVR-20100110\avr\lib\avr6\libm.a
LOAD d:/winavr-20100110/bin/../lib/gcc/avr/4.3.3/avr6\libgcc.a
LOAD C:\WinAVR-20100110\avr\lib\avr6\libc.a
LOAD d:/winavr-20100110/bin/../lib/gcc/avr/4.3.3/avr6\libgcc.a

.hash
 *(.hash)

.dynsym
 *(.dynsym)

.dynstr
 *(.dynstr)

.gnu.version
 *(.gnu.version)

.gnu.version_d
 *(.gnu.version_d)

.gnu.version_r
 *(.gnu.version_r)

.rel.init
 *(.rel.init)

.rela.init
 *(.rela.init)

.rel.text
 *(.rel.text)
 *(.rel.text.*)
 *(.rel.gnu.linkonce.t*)

.rela.text
 *(.rela.text)
 *(.rela.text.*)
 *(.rela.gnu.linkonce.t*)

.rel.fini
 *(.rel.fini)

.rela.fini
 *(.rela.fini)

.rel.rodata
 *(.rel.rodata)
 *(.rel.rodata.*)
 *(.rel.gnu.linkonce.r*)

.rela.rodata
 *(.rela.rodata)
 *(.rela.rodata.*)
 *(.rela.gnu.linkonce.r*)

.rel.data
 *(.rel.data)
 *(.rel.data.*)
 *(.rel.gnu.linkonce.d*)

.rela.data
 *(.rela.data)
 *(.rela.data.*)
 *(.rela.gnu.linkonce.d*)

.rel.ctors
 *(.rel.ctors)

.rela.ctors
 *(.rela.ctors)

.rel.dtors
 *(.rel.dtors)

.rela.dtors
 *(.rela.dtors)

.rel.got
 *(.rel.got)

.rela.got
 *(.rela.got)

.rel.bss
 *(.rel.bss)

.rela.bss
 *(.rela.bss)

.rel.plt
 *(.rel.plt)

.rela.plt
 *(.rela.plt)

.text           0x00000000     0x4564
 *(.vectors)
 .vectors       0x00000000       0xe4 d:/winavr-20100110/bin/../lib/gcc/avr/4.3.3/../../../../avr/lib/avr6/crtm2560.o
                0x00000000                __vectors
                0x00000000                __vector_default
 *(.vectors)
 *(.progmem.gcc*)
 .progmem.gcc_sw_table
                0x000000e4       0x7a gcode.o
 .progmem.gcc_fplib
                0x0000015e       0x2d C:\WinAVR-20100110\avr\lib\avr6\libm.a(atan.o)
 *(.progmem*)
 .progmem.data  0x0000018b       0x77 gcode.o
 .progmem.data  0x00000202        0x5 main.o
 .progmem.data  0x00000207       0xae serial_protocol.o
 .progmem.data  0x000002b5      0x24d settings.o
 .progmem.data  0x00000502       0x22 stepper.o
 .progmem.data  0x00000524       0x12 head_control.o
 .progmem.data  0x00000536       0x3b C:\WinAVR-20100110\avr\lib\avr6\libc.a(strtod.o)
                0x00000572                . = ALIGN (0x2)
 *fill*         0x00000571        0x1 00
                0x00000572                __trampolines_start = .
 *(.trampolines)
 .trampolines   0x00000572        0x0 linker stubs
 *(.trampolines*)
                0x00000572                __trampolines_end = .
 *(.jumptables)
 *(.jumptables*)
 *(.lowtext)
 *(.lowtext*)
                0x00000572                __ctors_start = .
 *(.ctors)
                0x00000572                __ctors_end = .
                0x00000572                __dtors_start = .
 *(.dtors)
                0x00000572                __dtors_end = .
 SORT(*)(.ctors)
 SORT(*)(.dtors)
 *(.init0)
 .init0         0x00000572        0x0 d:/winavr-20100110/bin/../lib/gcc/avr/4.3.3/../../../../avr/lib/avr6/crtm2560.o
                0x00000572                __init
 *(.init0)
 *(.init1)
 *(.init1)
 *(.init2)
 .init2         0x00000572       0x10 d:/winavr-20100110/bin/../lib/gcc/avr/4.3.3/../../../../avr/lib/avr6/crtm2560.o
 *(.init2)
 *(.init3)
 *(.init3)
 *(.init4)
 .init4         0x00000582       0x1a d:/winavr-20100110/bin/../lib/gcc/avr/4.3.3/../../../../avr/lib/avr6/crtm2560.o
                0x00000582                __do_copy_data
 .init4         0x0000059c       0x10 d:/winavr-20100110/bin/../lib/gcc/avr/4.3.3/avr6\libgcc.a(_clear_bss.o)
                0x0000059c                __do_clear_bss
 *(.init4)
 *(.init5)
 *(.init5)
 *(.init6)
 *(.init6)
 *(.init7)
 *(.init7)
 *(.init8)
 *(.init8)
 *(.init9)
 .init9         0x000005ac        0x8 d:/winavr-20100110/bin/../lib/gcc/avr/4.3.3/../../../../avr/lib/avr6/crtm2560.o
 *(.init9)
 *(.text)
 .text          0x000005b4        0x4 d:/winavr-20100110/bin/../lib/gcc/avr/4.3.3/../../../../avr/lib/avr6/crtm2560.o
                0x000005b4                __vector_38
                0x000005b4                __vector_22
                0x000005b4                __vector_28
                0x000005b4                __vector_1
                0x000005b4                __vector_32
                0x000005b4                __vector_34
                0x000005b4                __vector_24
                0x000005b4                __vector_12
                0x000005b4                __vector_55
                0x000005b4                __vector_46
                0x000005b4                __bad_interrupt
                0x000005b4                __vector_6
                0x000005b4                __vector_31
                0x000005b4                __vector_35
                0x000005b4                __vector_39
                0x000005b4                __vector_3
                0x000005b4                __vector_23
                0x000005b4                __vector_30
                0x000005b4                __vector_45
                0x000005b4                __vector_11
                0x000005b4                __vector_54
                0x000005b4                __vector_13
                0x000005b4                __vector_19
                0x000005b4                __vector_56
                0x000005b4                __vector_7
                0x000005b4                __vector_49
                0x000005b4                __vector_41
                0x000005b4                __vector_43
                0x000005b4                __vector_27
                0x000005b4                __vector_5
                0x000005b4                __vector_33
                0x000005b4                __vector_47
                0x000005b4                __vector_52
                0x000005b4                __vector_37
                0x000005b4                __vector_4
                0x000005b4                __vector_44
                0x000005b4                __vector_51
                0x000005b4                __vector_9
                0x000005b4                __vector_2
                0x000005b4                __vector_21
                0x000005b4                __vector_36
                0x000005b4                __vector_29
                0x000005b4                __vector_40
                0x000005b4                __vector_8
                0x000005b4                __vector_26
                0x000005b4                __vector_48
                0x000005b4                __vector_14
                0x000005b4                __vector_53
                0x000005b4                __vector_10
                0x000005b4                __vector_50
                0x000005b4                __vector_16
                0x000005b4                __vector_18
                0x000005b4                __vector_20
                0x000005b4                __vector_42
 .text          0x000005b8        0x0 coolant_control.o
 .text          0x000005b8        0x0 eeprom.o
 .text          0x000005b8        0x0 gcode.o
 .text          0x000005b8        0x0 main.o
 .text          0x000005b8        0x0 motion_control.o
 .text          0x000005b8        0x0 planner.o
 .text          0x000005b8        0x0 serial_protocol.o
 .text          0x000005b8        0x0 settings.o
 .text          0x000005b8        0x0 spindle_control.o
 .text          0x000005b8        0x0 stepper.o
 .text          0x000005b8        0x0 wiring_serial.o
 .text          0x000005b8        0x0 atc_control.o
 .text          0x000005b8        0x0 head_control.o
 .text          0x000005b8        0x0 panel_control.o
 .text          0x000005b8        0x0 vacuum_control.o
 .text          0x000005b8        0x0 tape_knock.o
 .text          0x000005b8        0x0 C:\WinAVR-20100110\avr\lib\avr6\libm.a(addsf3.o)
 .text          0x000005b8        0x0 C:\WinAVR-20100110\avr\lib\avr6\libm.a(addsf3x.o)
 .text          0x000005b8        0x0 C:\WinAVR-20100110\avr\lib\avr6\libm.a(atan.o)
 .text          0x000005b8        0x0 C:\WinAVR-20100110\avr\lib\avr6\libm.a(ceil.o)
 .text          0x000005b8        0x0 C:\WinAVR-20100110\avr\lib\avr6\libm.a(cmpsf2.o)
 .text          0x000005b8        0x0 C:\WinAVR-20100110\avr\lib\avr6\libm.a(divsf3.o)
 .text          0x000005b8        0x0 C:\WinAVR-20100110\avr\lib\avr6\libm.a(divsf3x.o)
 .text          0x000005b8        0x0 C:\WinAVR-20100110\avr\lib\avr6\libm.a(fixsfsi.o)
 .text          0x000005b8        0x0 C:\WinAVR-20100110\avr\lib\avr6\libm.a(fixunssfsi.o)
 .text          0x000005b8        0x0 C:\WinAVR-20100110\avr\lib\avr6\libm.a(floatsisf.o)
 .text          0x000005b8        0x0 C:\WinAVR-20100110\avr\lib\avr6\libm.a(floor.o)
 .text          0x000005b8        0x0 C:\WinAVR-20100110\avr\lib\avr6\libm.a(fp_cmp.o)
 .text          0x000005b8        0x0 C:\WinAVR-20100110\avr\lib\avr6\libm.a(fp_inf.o)
 .text          0x000005b8        0x0 C:\WinAVR-20100110\avr\lib\avr6\libm.a(fp_mintl.o)
 .text          0x000005b8        0x0 C:\WinAVR-20100110\avr\lib\avr6\libm.a(fp_mpack.o)
 .text          0x000005b8        0x0 C:\WinAVR-20100110\avr\lib\avr6\libm.a(fp_nan.o)
 .text          0x000005b8        0x0 C:\WinAVR-20100110\avr\lib\avr6\libm.a(fp_powser.o)
 .text          0x000005b8        0x0 C:\WinAVR-20100110\avr\lib\avr6\libm.a(fp_pscA.o)
 .text          0x000005b8        0x0 C:\WinAVR-20100110\avr\lib\avr6\libm.a(fp_pscB.o)
 .text          0x000005b8        0x0 C:\WinAVR-20100110\avr\lib\avr6\libm.a(fp_round.o)
 .text          0x000005b8        0x0 C:\WinAVR-20100110\avr\lib\avr6\libm.a(fp_split3.o)
 .text          0x000005b8        0x0 C:\WinAVR-20100110\avr\lib\avr6\libm.a(fp_trunc.o)
 .text          0x000005b8        0x0 C:\WinAVR-20100110\avr\lib\avr6\libm.a(fp_zero.o)
 .text          0x000005b8        0x0 C:\WinAVR-20100110\avr\lib\avr6\libm.a(gesf2.o)
 .text          0x000005b8        0x0 C:\WinAVR-20100110\avr\lib\avr6\libm.a(inverse.o)
 .text          0x000005b8        0x0 C:\WinAVR-20100110\avr\lib\avr6\libm.a(lround.o)
 .text          0x000005b8        0x0 C:\WinAVR-20100110\avr\lib\avr6\libm.a(modf.o)
 .text          0x000005b8        0x0 C:\WinAVR-20100110\avr\lib\avr6\libm.a(mulsf3.o)
 .text          0x000005b8        0x0 C:\WinAVR-20100110\avr\lib\avr6\libm.a(mulsf3x.o)
 .text          0x000005b8        0x0 C:\WinAVR-20100110\avr\lib\avr6\libm.a(round.o)
 .text          0x000005b8        0x0 C:\WinAVR-20100110\avr\lib\avr6\libm.a(sqrt.o)
 .text          0x000005b8        0x0 C:\WinAVR-20100110\avr\lib\avr6\libm.a(square.o)
 .text          0x000005b8        0x0 C:\WinAVR-20100110\avr\lib\avr6\libm.a(trunc.o)
 .text          0x000005b8        0x0 C:\WinAVR-20100110\avr\lib\avr6\libm.a(fp_norm2.o)
 .text          0x000005b8        0x0 d:/winavr-20100110/bin/../lib/gcc/avr/4.3.3/avr6\libgcc.a(_mulsi3.o)
 .text          0x000005b8        0x0 d:/winavr-20100110/bin/../lib/gcc/avr/4.3.3/avr6\libgcc.a(_divmodhi4.o)
 .text          0x000005b8        0x0 d:/winavr-20100110/bin/../lib/gcc/avr/4.3.3/avr6\libgcc.a(_udivmodsi4.o)
 .text          0x000005b8        0x0 d:/winavr-20100110/bin/../lib/gcc/avr/4.3.3/avr6\libgcc.a(_divmodsi4.o)
 .text          0x000005b8        0x0 d:/winavr-20100110/bin/../lib/gcc/avr/4.3.3/avr6\libgcc.a(_exit.o)
 .text          0x000005b8        0x0 d:/winavr-20100110/bin/../lib/gcc/avr/4.3.3/avr6\libgcc.a(_clear_bss.o)
 .text          0x000005b8        0x0 d:/winavr-20100110/bin/../lib/gcc/avr/4.3.3/avr6\libgcc.a(_udivmodhi4.o)
 .text          0x000005b8        0x0 C:\WinAVR-20100110\avr\lib\avr6\libc.a(strtod.o)
 .text          0x000005b8        0x0 C:\WinAVR-20100110\avr\lib\avr6\libc.a(isspace.o)
 .text          0x000005b8        0x0 C:\WinAVR-20100110\avr\lib\avr6\libc.a(strncasecmp_P.o)
 .text          0x000005b8        0x0 C:\WinAVR-20100110\avr\lib\avr6\libc.a(errno.o)
 .text          0x000005b8        0x0 C:\WinAVR-20100110\avr\lib\avr6\libc.a(cty_isfalse.o)
                0x000005b8                . = ALIGN (0x2)
 *(.text.*)
 .text.coolant_init
                0x000005b8        0x4 coolant_control.o
                0x000005b8                coolant_init
 .text.coolant_flood
                0x000005bc        0xc coolant_control.o
                0x000005bc                coolant_flood
 .text.eeprom_get_char
                0x000005c8       0x10 eeprom.o
                0x000005c8                eeprom_get_char
 .text.eeprom_put_char
                0x000005d8       0x36 eeprom.o
                0x000005d8                eeprom_put_char
 .text.memcpy_to_eeprom_with_checksum
                0x0000060e       0x94 eeprom.o
                0x0000060e                memcpy_to_eeprom_with_checksum
 .text.memcpy_from_eeprom_with_checksum
                0x000006a2       0x6e eeprom.o
                0x000006a2                memcpy_from_eeprom_with_checksum
 .text.select_plane
                0x00000710        0xe gcode.o
                0x00000710                select_plane
 .text.read_double
                0x0000071e       0x82 gcode.o
                0x0000071e                read_double
 .text.next_statement
                0x000007a0       0x5e gcode.o
                0x000007a0                next_statement
 .text.gc_init  0x000007fe       0x7c gcode.o
                0x000007fe                gc_init
 .text.gc_execute_line
                0x0000087a      0x868 gcode.o
                0x0000087a                gc_execute_line
 .text.theta    0x000010e2       0x7e gcode.o
                0x000010e2                theta
 .text.main     0x00001160       0x4c main.o
                0x00001160                main
 .text.mc_go_home
                0x000011ac        0x6 motion_control.o
                0x000011ac                mc_go_home
 .text.mc_dwell
                0x000011b2       0xaa motion_control.o
                0x000011b2                mc_dwell
 .text.factor_for_safe_speed
                0x0000125c       0x20 planner.o
                0x0000125c                factor_for_safe_speed
 .text.plan_is_acceleration_manager_enabled
                0x0000127c        0x8 planner.o
                0x0000127c                plan_is_acceleration_manager_enabled
 .text.plan_discard_current_block
                0x00001284       0x32 planner.o
                0x00001284                plan_discard_current_block
 .text.plan_get_current_block
                0x000012b6       0x3e planner.o
                0x000012b6                plan_get_current_block
 .text.planner_forward_pass_kernel
                0x000012f4      0x10a planner.o
                0x000012f4                planner_forward_pass_kernel
 .text.planner_forward_pass
                0x000013fe       0x78 planner.o
                0x000013fe                planner_forward_pass
 .text.plan_set_current
                0x00001476      0x106 planner.o
                0x00001476                plan_set_current
 .text.plan_set_acceleration_manager_enabled
                0x0000157c       0x34 planner.o
                0x0000157c                plan_set_acceleration_manager_enabled
 .text.plan_init
                0x000015b0       0x28 planner.o
                0x000015b0                plan_init
 .text.planner_reverse_pass_kernel
                0x000015d8      0x278 planner.o
                0x000015d8                planner_reverse_pass_kernel
 .text.planner_reverse_pass
                0x00001850       0x6e planner.o
                0x00001850                planner_reverse_pass
 .text.calculate_trapezoid_for_block
                0x000018be      0x29e planner.o
                0x000018be                calculate_trapezoid_for_block
 .text.planner_recalculate_trapezoids
                0x00001b5c       0x9c planner.o
                0x00001b5c                planner_recalculate_trapezoids
 .text.planner_recalculate
                0x00001bf8        0xe planner.o
                0x00001bf8                planner_recalculate
 .text.plan_buffer_line
                0x00001c06      0x770 planner.o
                0x00001c06                plan_buffer_line
 .text.sp_process
                0x00002376       0xda serial_protocol.o
                0x00002376                sp_process
 .text.sp_init  0x00002450       0x1e serial_protocol.o
                0x00002450                sp_init
 .text.settings_reset
                0x0000246e       0xc8 settings.o
                0x0000246e                settings_reset
 .text.read_settings
                0x00002536       0x82 settings.o
                0x00002536                read_settings
 .text.write_settings
                0x000025b8       0x1c settings.o
                0x000025b8                write_settings
 .text.settings_store_setting
                0x000025d4       0xf8 settings.o
                0x000025d4                settings_store_setting
 .text.settings_dump
                0x000026cc      0x1a8 settings.o
                0x000026cc                settings_dump
 .text.settings_init
                0x00002874       0x28 settings.o
                0x00002874                settings_init
 .text.spindle_init
                0x0000289c        0xe spindle_control.o
                0x0000289c                spindle_init
 .text.spindle_run
                0x000028aa       0x16 spindle_control.o
                0x000028aa                spindle_run
 .text.spindle_stop
                0x000028c0        0xc spindle_control.o
                0x000028c0                spindle_stop
 .text.st_wake_up
                0x000028cc        0xc stepper.o
                0x000028cc                st_wake_up
 .text.set_busy
                0x000028d8        0xc stepper.o
                0x000028d8                set_busy
 .text.__vector_15
                0x000028e4       0x1e stepper.o
                0x000028e4                __vector_15
 .text.st_enable
                0x00002902        0x4 stepper.o
                0x00002902                st_enable
 .text.st_disable
                0x00002906        0x4 stepper.o
                0x00002906                st_disable
 .text.st_is_enabled
                0x0000290a       0x1c stepper.o
                0x0000290a                st_is_enabled
 .text.config_step_timer
                0x00002926      0x11e stepper.o
                0x00002926                config_step_timer
 .text.set_step_events_per_minute
                0x00002a44       0x42 stepper.o
                0x00002a44                set_step_events_per_minute
 .text.st_init  0x00002a86       0x80 stepper.o
                0x00002a86                st_init
 .text.moveLeft
                0x00002b06       0x40 stepper.o
                0x00002b06                moveLeft
 .text.moveRight
                0x00002b46       0x42 stepper.o
                0x00002b46                moveRight
 .text.moveForward
                0x00002b88       0x38 stepper.o
                0x00002b88                moveForward
 .text.moveBack
                0x00002bc0       0x3a stepper.o
                0x00002bc0                moveBack
 .text.limits_init
                0x00002bfa       0x52 stepper.o
                0x00002bfa                limits_init
 .text.st_go_home
                0x00002c4c       0xe0 stepper.o
                0x00002c4c                st_go_home
 .text.st_synchronize
                0x00002d2c       0x1a stepper.o
                0x00002d2c                st_synchronize
 .text.__vector_17
                0x00002d46      0x550 stepper.o
                0x00002d46                __vector_17
 .text.beginSerial
                0x00003296       0x78 wiring_serial.o
                0x00003296                beginSerial
 .text.serialWrite
                0x0000330e       0x10 wiring_serial.o
                0x0000330e                serialWrite
 .text.serialAvailable
                0x0000331e       0x22 wiring_serial.o
                0x0000331e                serialAvailable
 .text.serialRead
                0x00003340       0x3e wiring_serial.o
                0x00003340                serialRead
 .text.serialFlush
                0x0000337e       0x12 wiring_serial.o
                0x0000337e                serialFlush
 .text.__vector_25
                0x00003390       0x82 wiring_serial.o
                0x00003390                __vector_25
 .text.printByte
                0x00003412       0x10 wiring_serial.o
                0x00003412                printByte
 .text.printString
                0x00003422       0x1a wiring_serial.o
                0x00003422                printString
 .text.printPgmString
                0x0000343c       0x1e wiring_serial.o
                0x0000343c                printPgmString
 .text.printIntegerInBase
                0x0000345a      0x11a wiring_serial.o
                0x0000345a                printIntegerInBase
 .text.printInteger
                0x00003574       0x36 wiring_serial.o
                0x00003574                printInteger
 .text.printBinary
                0x000035aa        0xe wiring_serial.o
                0x000035aa                printBinary
 .text.printFloat
                0x000035b8       0x84 wiring_serial.o
                0x000035b8                printFloat
 .text.atc_init
                0x0000363c       0x26 atc_control.o
                0x0000363c                atc_init
 .text.has_tool
                0x00003662        0x4 atc_control.o
                0x00003662                has_tool
 .text.atc_change
                0x00003666      0x13a atc_control.o
                0x00003666                atc_change
 .text.goto_vacpad
                0x000037a0       0x12 atc_control.o
                0x000037a0                goto_vacpad
 .text.check_for_tool
                0x000037b2       0x44 atc_control.o
                0x000037b2                check_for_tool
 .text.head_init
                0x000037f6       0x1e head_control.o
                0x000037f6                head_init
 .text.is_head_down
                0x00003814        0x6 head_control.o
                0x00003814                is_head_down
 .text.is_rotated
                0x0000381a        0xa head_control.o
                0x0000381a                is_rotated
 .text.head_down
                0x00003824       0x58 head_control.o
                0x00003824                head_down
 .text.panel_init
                0x0000387c       0x52 panel_control.o
                0x0000387c                panel_init
 .text.is_pleft
                0x000038ce        0xe panel_control.o
                0x000038ce                is_pleft
 .text.is_pright
                0x000038dc        0xe panel_control.o
                0x000038dc                is_pright
 .text.is_pback
                0x000038ea        0xc panel_control.o
                0x000038ea                is_pback
 .text.is_pforward
                0x000038f6        0xc panel_control.o
                0x000038f6                is_pforward
 .text.is_phead
                0x00003902        0xc panel_control.o
                0x00003902                is_phead
 .text.is_pvac  0x0000390e        0xa panel_control.o
                0x0000390e                is_pvac
 .text.is_pfast
                0x00003918        0xa panel_control.o
                0x00003918                is_pfast
 .text.is_phome
                0x00003922        0xe panel_control.o
                0x00003922                is_phome
 .text.is_pteach
                0x00003930        0xc panel_control.o
                0x00003930                is_pteach
 .text.vacuum_init
                0x0000393c       0x1a vacuum_control.o
                0x0000393c                vacuum_init
 .text.vacuum   0x00003956       0x2a vacuum_control.o
                0x00003956                vacuum
 .text.vacuum_state
                0x00003980        0xc vacuum_control.o
                0x00003980                vacuum_state
 .text.tape_init
                0x0000398c        0xc tape_knock.o
                0x0000398c                tape_init
 .text.tape_knock
                0x00003998       0x4a tape_knock.o
                0x00003998                tape_knock
 .text.avr-libc.fplib
                0x000039e2        0xa C:\WinAVR-20100110\avr\lib\avr6\libm.a(addsf3.o)
                0x000039e2                __subsf3
                0x000039e4                __addsf3
 .text.avr-libc.fplib
                0x000039ec       0xc0 C:\WinAVR-20100110\avr\lib\avr6\libm.a(addsf3x.o)
                0x00003a06                __addsf3x
 .text.avr-libc.fplib
                0x00003aac       0x50 C:\WinAVR-20100110\avr\lib\avr6\libm.a(atan.o)
                0x00003aac                atan
 .text.avr-libc.fplib
                0x00003afc       0x26 C:\WinAVR-20100110\avr\lib\avr6\libm.a(ceil.o)
                0x00003afc                ceil
 .text.avr-libc.fplib
                0x00003b22        0x8 C:\WinAVR-20100110\avr\lib\avr6\libm.a(cmpsf2.o)
                0x00003b22                __lesf2
                0x00003b22                __nesf2
                0x00003b22                __eqsf2
                0x00003b22                __cmpsf2
                0x00003b22                __ltsf2
 .text.avr-libc.fplib
                0x00003b2a        0x4 C:\WinAVR-20100110\avr\lib\avr6\libm.a(divsf3.o)
                0x00003b2a                __divsf3
 .text.avr-libc.fplib
                0x00003b2e       0xcc C:\WinAVR-20100110\avr\lib\avr6\libm.a(divsf3x.o)
                0x00003b44                __divsf3x
                0x00003b48                __divsf3_pse
 .text.avr-libc.fplib
                0x00003bfa        0xa C:\WinAVR-20100110\avr\lib\avr6\libm.a(fixsfsi.o)
                0x00003bfa                __fixsfsi
 .text.avr-libc.fplib
                0x00003c04       0x58 C:\WinAVR-20100110\avr\lib\avr6\libm.a(fixunssfsi.o)
                0x00003c04                __fixunssfsi
 .text.avr-libc.fplib
                0x00003c5c       0x7a C:\WinAVR-20100110\avr\lib\avr6\libm.a(floatsisf.o)
                0x00003c60                __floatsisf
                0x00003c5c                __floatunsisf
 .text.avr-libc.fplib
                0x00003cd6       0x26 C:\WinAVR-20100110\avr\lib\avr6\libm.a(floor.o)
                0x00003cd6                floor
 .text.avr-libc.fplib
                0x00003cfc       0x48 C:\WinAVR-20100110\avr\lib\avr6\libm.a(fp_cmp.o)
                0x00003cfc                __fp_cmp
 .text.avr-libc.fplib
                0x00003d44        0xc C:\WinAVR-20100110\avr\lib\avr6\libm.a(fp_inf.o)
                0x00003d44                __fp_inf
 .text.avr-libc.fplib
                0x00003d50       0x36 C:\WinAVR-20100110\avr\lib\avr6\libm.a(fp_mintl.o)
                0x00003d50                __fp_mintl
 .text.avr-libc.fplib
                0x00003d86       0x1c C:\WinAVR-20100110\avr\lib\avr6\libm.a(fp_mpack.o)
                0x00003d8a                __fp_mpack_finite
                0x00003d86                __fp_mpack
 .text.avr-libc.fplib
                0x00003da2        0x6 C:\WinAVR-20100110\avr\lib\avr6\libm.a(fp_nan.o)
                0x00003da2                __fp_nan
 .text.avr-libc.fplib
                0x00003da8       0x4a C:\WinAVR-20100110\avr\lib\avr6\libm.a(fp_powser.o)
                0x00003da8                __fp_powser
 .text.avr-libc.fplib
                0x00003df2        0xe C:\WinAVR-20100110\avr\lib\avr6\libm.a(fp_pscA.o)
                0x00003df2                __fp_pscA
 .text.avr-libc.fplib
                0x00003e00        0xe C:\WinAVR-20100110\avr\lib\avr6\libm.a(fp_pscB.o)
                0x00003e00                __fp_pscB
 .text.avr-libc.fplib
                0x00003e0e       0x22 C:\WinAVR-20100110\avr\lib\avr6\libm.a(fp_round.o)
                0x00003e0e                __fp_round
 .text.avr-libc.fplib
                0x00003e30       0x44 C:\WinAVR-20100110\avr\lib\avr6\libm.a(fp_split3.o)
                0x00003e30                __fp_split3
                0x00003e40                __fp_splitA
 .text.avr-libc.fplib
                0x00003e74       0x2e C:\WinAVR-20100110\avr\lib\avr6\libm.a(fp_trunc.o)
                0x00003e74                __fp_trunc
 .text.avr-libc.fplib
                0x00003ea2        0xe C:\WinAVR-20100110\avr\lib\avr6\libm.a(fp_zero.o)
                0x00003ea2                __fp_zero
                0x00003ea4                __fp_szero
 .text.avr-libc.fplib
                0x00003eb0        0x8 C:\WinAVR-20100110\avr\lib\avr6\libm.a(gesf2.o)
                0x00003eb0                __gtsf2
                0x00003eb0                __gesf2
 .text.avr-libc.fplib
                0x00003eb8        0xe C:\WinAVR-20100110\avr\lib\avr6\libm.a(inverse.o)
                0x00003eb8                inverse
 .text.avr-libc.fplib
                0x00003ec6       0x60 C:\WinAVR-20100110\avr\lib\avr6\libm.a(lround.o)
                0x00003ec6                lround
 .text.avr-libc.fplib
                0x00003f26       0x66 C:\WinAVR-20100110\avr\lib\avr6\libm.a(modf.o)
                0x00003f26                modff
                0x00003f26                modf
 .text.avr-libc.fplib
                0x00003f8c        0x4 C:\WinAVR-20100110\avr\lib\avr6\libm.a(mulsf3.o)
                0x00003f8c                __mulsf3
 .text.avr-libc.fplib
                0x00003f90       0xc2 C:\WinAVR-20100110\avr\lib\avr6\libm.a(mulsf3x.o)
                0x00003fa8                __mulsf3_pse
                0x00003fa4                __mulsf3x
 .text.avr-libc.fplib
                0x00004052       0x40 C:\WinAVR-20100110\avr\lib\avr6\libm.a(round.o)
                0x00004052                round
 .text.avr-libc.fplib
                0x00004092       0x84 C:\WinAVR-20100110\avr\lib\avr6\libm.a(sqrt.o)
                0x0000409a                sqrt
 .text.avr-libc.fplib
                0x00004116        0x6 C:\WinAVR-20100110\avr\lib\avr6\libm.a(square.o)
                0x00004116                square
 .text.avr-libc.fplib
                0x0000411c        0xe C:\WinAVR-20100110\avr\lib\avr6\libm.a(trunc.o)
                0x0000411c                trunc
 .text.avr-libc.fplib
                0x0000412a        0xe C:\WinAVR-20100110\avr\lib\avr6\libm.a(fp_norm2.o)
                0x0000412a                __fp_norm2
 .text.libgcc   0x00004138       0x3e d:/winavr-20100110/bin/../lib/gcc/avr/4.3.3/avr6\libgcc.a(_mulsi3.o)
                0x00004138                __mulsi3
 .text.libgcc   0x00004176       0x26 d:/winavr-20100110/bin/../lib/gcc/avr/4.3.3/avr6\libgcc.a(_divmodhi4.o)
                0x00004176                __divmodhi4
                0x00004176                _div
 .text.libgcc   0x0000419c       0x44 d:/winavr-20100110/bin/../lib/gcc/avr/4.3.3/avr6\libgcc.a(_udivmodsi4.o)
                0x0000419c                __udivmodsi4
 .text.libgcc   0x000041e0       0x36 d:/winavr-20100110/bin/../lib/gcc/avr/4.3.3/avr6\libgcc.a(_divmodsi4.o)
                0x000041e0                __divmodsi4
 .text.libgcc   0x00004216        0x0 d:/winavr-20100110/bin/../lib/gcc/avr/4.3.3/avr6\libgcc.a(_exit.o)
 .text.libgcc   0x00004216        0x0 d:/winavr-20100110/bin/../lib/gcc/avr/4.3.3/avr6\libgcc.a(_clear_bss.o)
 .text.libgcc   0x00004216       0x28 d:/winavr-20100110/bin/../lib/gcc/avr/4.3.3/avr6\libgcc.a(_udivmodhi4.o)
                0x00004216                __udivmodhi4
 .text.avr-libc
                0x0000423e      0x2dc C:\WinAVR-20100110\avr\lib\avr6\libc.a(strtod.o)
                0x0000423e                strtod
 .text.avr-libc
                0x0000451a       0x10 C:\WinAVR-20100110\avr\lib\avr6\libc.a(isspace.o)
                0x0000451a                isspace
 .text.avr-libc
                0x0000452a       0x30 C:\WinAVR-20100110\avr\lib\avr6\libc.a(strncasecmp_P.o)
                0x0000452a                strncasecmp_P
 .text.avr-libc
                0x0000455a        0x6 C:\WinAVR-20100110\avr\lib\avr6\libc.a(cty_isfalse.o)
                0x0000455e                __ctype_istrue
                0x0000455a                __ctype_isfalse
                0x00004560                . = ALIGN (0x2)
 *(.fini9)
 .fini9         0x00004560        0x0 d:/winavr-20100110/bin/../lib/gcc/avr/4.3.3/avr6\libgcc.a(_exit.o)
                0x00004560                exit
                0x00004560                _exit
 *(.fini9)
 *(.fini8)
 *(.fini8)
 *(.fini7)
 *(.fini7)
 *(.fini6)
 *(.fini6)
 *(.fini5)
 *(.fini5)
 *(.fini4)
 *(.fini4)
 *(.fini3)
 *(.fini3)
 *(.fini2)
 *(.fini2)
 *(.fini1)
 *(.fini1)
 *(.fini0)
 .fini0         0x00004560        0x4 d:/winavr-20100110/bin/../lib/gcc/avr/4.3.3/avr6\libgcc.a(_exit.o)
 *(.fini0)
                0x00004564                _etext = .

.data           0x00800200        0x0 load address 0x00004564
                0x00800200                PROVIDE (__data_start, .)
 *(.data)
 .data          0x00800200        0x0 d:/winavr-20100110/bin/../lib/gcc/avr/4.3.3/../../../../avr/lib/avr6/crtm2560.o
 .data          0x00800200        0x0 coolant_control.o
 .data          0x00800200        0x0 eeprom.o
 .data          0x00800200        0x0 gcode.o
 .data          0x00800200        0x0 main.o
 .data          0x00800200        0x0 motion_control.o
 .data          0x00800200        0x0 planner.o
 .data          0x00800200        0x0 serial_protocol.o
 .data          0x00800200        0x0 settings.o
 .data          0x00800200        0x0 spindle_control.o
 .data          0x00800200        0x0 stepper.o
 .data          0x00800200        0x0 wiring_serial.o
 .data          0x00800200        0x0 atc_control.o
 .data          0x00800200        0x0 head_control.o
 .data          0x00800200        0x0 panel_control.o
 .data          0x00800200        0x0 vacuum_control.o
 .data          0x00800200        0x0 tape_knock.o
 .data          0x00800200        0x0 C:\WinAVR-20100110\avr\lib\avr6\libm.a(addsf3.o)
 .data          0x00800200        0x0 C:\WinAVR-20100110\avr\lib\avr6\libm.a(addsf3x.o)
 .data          0x00800200        0x0 C:\WinAVR-20100110\avr\lib\avr6\libm.a(atan.o)
 .data          0x00800200        0x0 C:\WinAVR-20100110\avr\lib\avr6\libm.a(ceil.o)
 .data          0x00800200        0x0 C:\WinAVR-20100110\avr\lib\avr6\libm.a(cmpsf2.o)
 .data          0x00800200        0x0 C:\WinAVR-20100110\avr\lib\avr6\libm.a(divsf3.o)
 .data          0x00800200        0x0 C:\WinAVR-20100110\avr\lib\avr6\libm.a(divsf3x.o)
 .data          0x00800200        0x0 C:\WinAVR-20100110\avr\lib\avr6\libm.a(fixsfsi.o)
 .data          0x00800200        0x0 C:\WinAVR-20100110\avr\lib\avr6\libm.a(fixunssfsi.o)
 .data          0x00800200        0x0 C:\WinAVR-20100110\avr\lib\avr6\libm.a(floatsisf.o)
 .data          0x00800200        0x0 C:\WinAVR-20100110\avr\lib\avr6\libm.a(floor.o)
 .data          0x00800200        0x0 C:\WinAVR-20100110\avr\lib\avr6\libm.a(fp_cmp.o)
 .data          0x00800200        0x0 C:\WinAVR-20100110\avr\lib\avr6\libm.a(fp_inf.o)
 .data          0x00800200        0x0 C:\WinAVR-20100110\avr\lib\avr6\libm.a(fp_mintl.o)
 .data          0x00800200        0x0 C:\WinAVR-20100110\avr\lib\avr6\libm.a(fp_mpack.o)
 .data          0x00800200        0x0 C:\WinAVR-20100110\avr\lib\avr6\libm.a(fp_nan.o)
 .data          0x00800200        0x0 C:\WinAVR-20100110\avr\lib\avr6\libm.a(fp_powser.o)
 .data          0x00800200        0x0 C:\WinAVR-20100110\avr\lib\avr6\libm.a(fp_pscA.o)
 .data          0x00800200        0x0 C:\WinAVR-20100110\avr\lib\avr6\libm.a(fp_pscB.o)
 .data          0x00800200        0x0 C:\WinAVR-20100110\avr\lib\avr6\libm.a(fp_round.o)
 .data          0x00800200        0x0 C:\WinAVR-20100110\avr\lib\avr6\libm.a(fp_split3.o)
 .data          0x00800200        0x0 C:\WinAVR-20100110\avr\lib\avr6\libm.a(fp_trunc.o)
 .data          0x00800200        0x0 C:\WinAVR-20100110\avr\lib\avr6\libm.a(fp_zero.o)
 .data          0x00800200        0x0 C:\WinAVR-20100110\avr\lib\avr6\libm.a(gesf2.o)
 .data          0x00800200        0x0 C:\WinAVR-20100110\avr\lib\avr6\libm.a(inverse.o)
 .data          0x00800200        0x0 C:\WinAVR-20100110\avr\lib\avr6\libm.a(lround.o)
 .data          0x00800200        0x0 C:\WinAVR-20100110\avr\lib\avr6\libm.a(modf.o)
 .data          0x00800200        0x0 C:\WinAVR-20100110\avr\lib\avr6\libm.a(mulsf3.o)
 .data          0x00800200        0x0 C:\WinAVR-20100110\avr\lib\avr6\libm.a(mulsf3x.o)
 .data          0x00800200        0x0 C:\WinAVR-20100110\avr\lib\avr6\libm.a(round.o)
 .data          0x00800200        0x0 C:\WinAVR-20100110\avr\lib\avr6\libm.a(sqrt.o)
 .data          0x00800200        0x0 C:\WinAVR-20100110\avr\lib\avr6\libm.a(square.o)
 .data          0x00800200        0x0 C:\WinAVR-20100110\avr\lib\avr6\libm.a(trunc.o)
 .data          0x00800200        0x0 C:\WinAVR-20100110\avr\lib\avr6\libm.a(fp_norm2.o)
 .data          0x00800200        0x0 d:/winavr-20100110/bin/../lib/gcc/avr/4.3.3/avr6\libgcc.a(_mulsi3.o)
 .data          0x00800200        0x0 d:/winavr-20100110/bin/../lib/gcc/avr/4.3.3/avr6\libgcc.a(_divmodhi4.o)
 .data          0x00800200        0x0 d:/winavr-20100110/bin/../lib/gcc/avr/4.3.3/avr6\libgcc.a(_udivmodsi4.o)
 .data          0x00800200        0x0 d:/winavr-20100110/bin/../lib/gcc/avr/4.3.3/avr6\libgcc.a(_divmodsi4.o)
 .data          0x00800200        0x0 d:/winavr-20100110/bin/../lib/gcc/avr/4.3.3/avr6\libgcc.a(_exit.o)
 .data          0x00800200        0x0 d:/winavr-20100110/bin/../lib/gcc/avr/4.3.3/avr6\libgcc.a(_clear_bss.o)
 .data          0x00800200        0x0 d:/winavr-20100110/bin/../lib/gcc/avr/4.3.3/avr6\libgcc.a(_udivmodhi4.o)
 .data          0x00800200        0x0 C:\WinAVR-20100110\avr\lib\avr6\libc.a(strtod.o)
 .data          0x00800200        0x0 C:\WinAVR-20100110\avr\lib\avr6\libc.a(isspace.o)
 .data          0x00800200        0x0 C:\WinAVR-20100110\avr\lib\avr6\libc.a(strncasecmp_P.o)
 .data          0x00800200        0x0 C:\WinAVR-20100110\avr\lib\avr6\libc.a(errno.o)
 .data          0x00800200        0x0 C:\WinAVR-20100110\avr\lib\avr6\libc.a(cty_isfalse.o)
 *(.data*)
 *(.rodata)
 *(.rodata*)
 *(.gnu.linkonce.d*)
                0x00800200                . = ALIGN (0x2)
                0x00800200                _edata = .
                0x00800200                PROVIDE (__data_end, .)

.bss            0x00800200      0x49d
                0x00800200                PROVIDE (__bss_start, .)
 *(.bss)
 .bss           0x00800200        0x0 d:/winavr-20100110/bin/../lib/gcc/avr/4.3.3/../../../../avr/lib/avr6/crtm2560.o
 .bss           0x00800200        0x0 coolant_control.o
 .bss           0x00800200        0x0 eeprom.o
 .bss           0x00800200       0x28 gcode.o
 .bss           0x00800228        0x0 main.o
 .bss           0x00800228        0x0 motion_control.o
 .bss           0x00800228      0x2ef planner.o
 .bss           0x00800517       0x33 serial_protocol.o
 .bss           0x0080054a        0x0 settings.o
 .bss           0x0080054a        0x0 spindle_control.o
 .bss           0x0080054a       0x26 stepper.o
                0x0080054a                gHomed
 .bss           0x00800570      0x104 wiring_serial.o
                0x00800570                rx_buffer_head
                0x00800572                rx_buffer_tail
 .bss           0x00800674        0x0 atc_control.o
 .bss           0x00800674        0x0 head_control.o
 .bss           0x00800674        0x0 panel_control.o
 .bss           0x00800674        0x0 vacuum_control.o
 .bss           0x00800674        0x0 tape_knock.o
 .bss           0x00800674        0x0 C:\WinAVR-20100110\avr\lib\avr6\libm.a(addsf3.o)
 .bss           0x00800674        0x0 C:\WinAVR-20100110\avr\lib\avr6\libm.a(addsf3x.o)
 .bss           0x00800674        0x0 C:\WinAVR-20100110\avr\lib\avr6\libm.a(atan.o)
 .bss           0x00800674        0x0 C:\WinAVR-20100110\avr\lib\avr6\libm.a(ceil.o)
 .bss           0x00800674        0x0 C:\WinAVR-20100110\avr\lib\avr6\libm.a(cmpsf2.o)
 .bss           0x00800674        0x0 C:\WinAVR-20100110\avr\lib\avr6\libm.a(divsf3.o)
 .bss           0x00800674        0x0 C:\WinAVR-20100110\avr\lib\avr6\libm.a(divsf3x.o)
 .bss           0x00800674        0x0 C:\WinAVR-20100110\avr\lib\avr6\libm.a(fixsfsi.o)
 .bss           0x00800674        0x0 C:\WinAVR-20100110\avr\lib\avr6\libm.a(fixunssfsi.o)
 .bss           0x00800674        0x0 C:\WinAVR-20100110\avr\lib\avr6\libm.a(floatsisf.o)
 .bss           0x00800674        0x0 C:\WinAVR-20100110\avr\lib\avr6\libm.a(floor.o)
 .bss           0x00800674        0x0 C:\WinAVR-20100110\avr\lib\avr6\libm.a(fp_cmp.o)
 .bss           0x00800674        0x0 C:\WinAVR-20100110\avr\lib\avr6\libm.a(fp_inf.o)
 .bss           0x00800674        0x0 C:\WinAVR-20100110\avr\lib\avr6\libm.a(fp_mintl.o)
 .bss           0x00800674        0x0 C:\WinAVR-20100110\avr\lib\avr6\libm.a(fp_mpack.o)
 .bss           0x00800674        0x0 C:\WinAVR-20100110\avr\lib\avr6\libm.a(fp_nan.o)
 .bss           0x00800674        0x0 C:\WinAVR-20100110\avr\lib\avr6\libm.a(fp_powser.o)
 .bss           0x00800674        0x0 C:\WinAVR-20100110\avr\lib\avr6\libm.a(fp_pscA.o)
 .bss           0x00800674        0x0 C:\WinAVR-20100110\avr\lib\avr6\libm.a(fp_pscB.o)
 .bss           0x00800674        0x0 C:\WinAVR-20100110\avr\lib\avr6\libm.a(fp_round.o)
 .bss           0x00800674        0x0 C:\WinAVR-20100110\avr\lib\avr6\libm.a(fp_split3.o)
 .bss           0x00800674        0x0 C:\WinAVR-20100110\avr\lib\avr6\libm.a(fp_trunc.o)
 .bss           0x00800674        0x0 C:\WinAVR-20100110\avr\lib\avr6\libm.a(fp_zero.o)
 .bss           0x00800674        0x0 C:\WinAVR-20100110\avr\lib\avr6\libm.a(gesf2.o)
 .bss           0x00800674        0x0 C:\WinAVR-20100110\avr\lib\avr6\libm.a(inverse.o)
 .bss           0x00800674        0x0 C:\WinAVR-20100110\avr\lib\avr6\libm.a(lround.o)
 .bss           0x00800674        0x0 C:\WinAVR-20100110\avr\lib\avr6\libm.a(modf.o)
 .bss           0x00800674        0x0 C:\WinAVR-20100110\avr\lib\avr6\libm.a(mulsf3.o)
 .bss           0x00800674        0x0 C:\WinAVR-20100110\avr\lib\avr6\libm.a(mulsf3x.o)
 .bss           0x00800674        0x0 C:\WinAVR-20100110\avr\lib\avr6\libm.a(round.o)
 .bss           0x00800674        0x0 C:\WinAVR-20100110\avr\lib\avr6\libm.a(sqrt.o)
 .bss           0x00800674        0x0 C:\WinAVR-20100110\avr\lib\avr6\libm.a(square.o)
 .bss           0x00800674        0x0 C:\WinAVR-20100110\avr\lib\avr6\libm.a(trunc.o)
 .bss           0x00800674        0x0 C:\WinAVR-20100110\avr\lib\avr6\libm.a(fp_norm2.o)
 .bss           0x00800674        0x0 d:/winavr-20100110/bin/../lib/gcc/avr/4.3.3/avr6\libgcc.a(_mulsi3.o)
 .bss           0x00800674        0x0 d:/winavr-20100110/bin/../lib/gcc/avr/4.3.3/avr6\libgcc.a(_divmodhi4.o)
 .bss           0x00800674        0x0 d:/winavr-20100110/bin/../lib/gcc/avr/4.3.3/avr6\libgcc.a(_udivmodsi4.o)
 .bss           0x00800674        0x0 d:/winavr-20100110/bin/../lib/gcc/avr/4.3.3/avr6\libgcc.a(_divmodsi4.o)
 .bss           0x00800674        0x0 d:/winavr-20100110/bin/../lib/gcc/avr/4.3.3/avr6\libgcc.a(_exit.o)
 .bss           0x00800674        0x0 d:/winavr-20100110/bin/../lib/gcc/avr/4.3.3/avr6\libgcc.a(_clear_bss.o)
 .bss           0x00800674        0x0 d:/winavr-20100110/bin/../lib/gcc/avr/4.3.3/avr6\libgcc.a(_udivmodhi4.o)
 .bss           0x00800674        0x0 C:\WinAVR-20100110\avr\lib\avr6\libc.a(strtod.o)
 .bss           0x00800674        0x0 C:\WinAVR-20100110\avr\lib\avr6\libc.a(isspace.o)
 .bss           0x00800674        0x0 C:\WinAVR-20100110\avr\lib\avr6\libc.a(strncasecmp_P.o)
 .bss           0x00800674        0x0 C:\WinAVR-20100110\avr\lib\avr6\libc.a(errno.o)
 .bss           0x00800674        0x0 C:\WinAVR-20100110\avr\lib\avr6\libc.a(cty_isfalse.o)
 *(.bss*)
 *(COMMON)
 COMMON         0x00800674       0x26 settings.o
                0x00800674                settings
 COMMON         0x0080069a        0x1 stepper.o
                0x0080069a                dir_bits
 COMMON         0x0080069b        0x2 C:\WinAVR-20100110\avr\lib\avr6\libc.a(errno.o)
                0x0080069b                errno
                0x0080069d                PROVIDE (__bss_end, .)
                0x00004564                __data_load_start = LOADADDR (.data)
                0x00004564                __data_load_end = (__data_load_start + SIZEOF (.data))

.noinit         0x0080069d        0x0
                0x0080069d                PROVIDE (__noinit_start, .)
 *(.noinit*)
                0x0080069d                PROVIDE (__noinit_end, .)
                0x0080069d                _end = .
                0x0080069d                PROVIDE (__heap_start, .)

.eeprom         0x00810000        0x0
 *(.eeprom*)
                0x00810000                __eeprom_end = .

.fuse
 *(.fuse)
 *(.lfuse)
 *(.hfuse)
 *(.efuse)

.lock
 *(.lock*)

.signature
 *(.signature*)

.stab
 *(.stab)

.stabstr
 *(.stabstr)

.stab.excl
 *(.stab.excl)

.stab.exclstr
 *(.stab.exclstr)

.stab.index
 *(.stab.index)

.stab.indexstr
 *(.stab.indexstr)

.comment
 *(.comment)

.debug
 *(.debug)

.line
 *(.line)

.debug_srcinfo
 *(.debug_srcinfo)

.debug_sfnames
 *(.debug_sfnames)

.debug_aranges  0x00000000      0x478
 *(.debug_aranges)
 .debug_aranges
                0x00000000       0x28 coolant_control.o
 .debug_aranges
                0x00000028       0x38 eeprom.o
 .debug_aranges
                0x00000060       0x48 gcode.o
 .debug_aranges
                0x000000a8       0x20 main.o
 .debug_aranges
                0x000000c8       0x28 motion_control.o
 .debug_aranges
                0x000000f0       0x90 planner.o
 .debug_aranges
                0x00000180       0x28 serial_protocol.o
 .debug_aranges
                0x000001a8       0x48 settings.o
 .debug_aranges
                0x000001f0       0x30 spindle_control.o
 .debug_aranges
                0x00000220       0xa0 stepper.o
 .debug_aranges
                0x000002c0       0x80 wiring_serial.o
 .debug_aranges
                0x00000340       0x40 atc_control.o
 .debug_aranges
                0x00000380       0x38 head_control.o
 .debug_aranges
                0x000003b8       0x68 panel_control.o
 .debug_aranges
                0x00000420       0x30 vacuum_control.o
 .debug_aranges
                0x00000450       0x28 tape_knock.o

.debug_pubnames
                0x00000000      0x83d
 *(.debug_pubnames)
 .debug_pubnames
                0x00000000       0x35 coolant_control.o
 .debug_pubnames
                0x00000035       0x82 eeprom.o
 .debug_pubnames
                0x000000b7       0x70 gcode.o
 .debug_pubnames
                0x00000127       0x1b main.o
 .debug_pubnames
                0x00000142       0x2e motion_control.o
 .debug_pubnames
                0x00000170      0x1c0 planner.o
 .debug_pubnames
                0x00000330       0x2d serial_protocol.o
 .debug_pubnames
                0x0000035d       0x96 settings.o
 .debug_pubnames
                0x000003f3       0x44 spindle_control.o
 .debug_pubnames
                0x00000437      0x140 stepper.o
 .debug_pubnames
                0x00000577      0x113 wiring_serial.o
 .debug_pubnames
                0x0000068a       0x5e atc_control.o
 .debug_pubnames
                0x000006e8       0x4e head_control.o
 .debug_pubnames
                0x00000736       0x9a panel_control.o
 .debug_pubnames
                0x000007d0       0x3e vacuum_control.o
 .debug_pubnames
                0x0000080e       0x2f tape_knock.o

.debug_info     0x00000000     0x34ca
 *(.debug_info)
 .debug_info    0x00000000       0xa5 coolant_control.o
 .debug_info    0x000000a5      0x1db eeprom.o
 .debug_info    0x00000280      0x765 gcode.o
 .debug_info    0x000009e5       0xb9 main.o
 .debug_info    0x00000a9e      0x169 motion_control.o
 .debug_info    0x00000c07      0x8d2 planner.o
 .debug_info    0x000014d9      0x2a0 serial_protocol.o
 .debug_info    0x00001779      0x573 settings.o
 .debug_info    0x00001cec       0xdd spindle_control.o
 .debug_info    0x00001dc9      0xa3f stepper.o
 .debug_info    0x00002808      0x467 wiring_serial.o
 .debug_info    0x00002c6f      0x18f atc_control.o
 .debug_info    0x00002dfe      0x1f9 head_control.o
 .debug_info    0x00002ff7      0x1e6 panel_control.o
 .debug_info    0x000031dd      0x170 vacuum_control.o
 .debug_info    0x0000334d      0x17d tape_knock.o
 *(.gnu.linkonce.wi.*)

.debug_abbrev   0x00000000     0x130d
 *(.debug_abbrev)
 .debug_abbrev  0x00000000       0x6c coolant_control.o
 .debug_abbrev  0x0000006c      0x10d eeprom.o
 .debug_abbrev  0x00000179      0x207 gcode.o
 .debug_abbrev  0x00000380       0x76 main.o
 .debug_abbrev  0x000003f6       0xfb motion_control.o
 .debug_abbrev  0x000004f1      0x1ff planner.o
 .debug_abbrev  0x000006f0       0xfe serial_protocol.o
 .debug_abbrev  0x000007ee      0x10b settings.o
 .debug_abbrev  0x000008f9       0x8a spindle_control.o
 .debug_abbrev  0x00000983      0x310 stepper.o
 .debug_abbrev  0x00000c93      0x1ac wiring_serial.o
 .debug_abbrev  0x00000e3f      0x10f atc_control.o
 .debug_abbrev  0x00000f4e      0x159 head_control.o
 .debug_abbrev  0x000010a7       0x85 panel_control.o
 .debug_abbrev  0x0000112c       0xfc vacuum_control.o
 .debug_abbrev  0x00001228       0xe5 tape_knock.o

.debug_line     0x00000000     0x2f38
 *(.debug_line)
 .debug_line    0x00000000       0xa2 coolant_control.o
 .debug_line    0x000000a2      0x203 eeprom.o
 .debug_line    0x000002a5      0x655 gcode.o
 .debug_line    0x000008fa       0xd5 main.o
 .debug_line    0x000009cf      0x18b motion_control.o
 .debug_line    0x00000b5a      0x670 planner.o
 .debug_line    0x000011ca      0x19b serial_protocol.o
 .debug_line    0x00001365      0x37a settings.o
 .debug_line    0x000016df      0x115 spindle_control.o
 .debug_line    0x000017f4      0x9bd stepper.o
 .debug_line    0x000021b1      0x38e wiring_serial.o
 .debug_line    0x0000253f      0x2d6 atc_control.o
 .debug_line    0x00002815      0x1ee head_control.o
 .debug_line    0x00002a03      0x220 panel_control.o
 .debug_line    0x00002c23      0x195 vacuum_control.o
 .debug_line    0x00002db8      0x180 tape_knock.o

.debug_frame    0x00000000      0x6f0
 *(.debug_frame)
 .debug_frame   0x00000000       0x30 coolant_control.o
 .debug_frame   0x00000030       0x50 eeprom.o
 .debug_frame   0x00000080       0x70 gcode.o
 .debug_frame   0x000000f0       0x20 main.o
 .debug_frame   0x00000110       0x30 motion_control.o
 .debug_frame   0x00000140      0x100 planner.o
 .debug_frame   0x00000240       0x30 serial_protocol.o
 .debug_frame   0x00000270       0x70 settings.o
 .debug_frame   0x000002e0       0x40 spindle_control.o
 .debug_frame   0x00000320      0x120 stepper.o
 .debug_frame   0x00000440       0xe0 wiring_serial.o
 .debug_frame   0x00000520       0x60 atc_control.o
 .debug_frame   0x00000580       0x50 head_control.o
 .debug_frame   0x000005d0       0xb0 panel_control.o
 .debug_frame   0x00000680       0x40 vacuum_control.o
 .debug_frame   0x000006c0       0x30 tape_knock.o

.debug_str      0x00000000      0xda9
 *(.debug_str)
 .debug_str     0x00000000       0xaa coolant_control.o
                                 0xe5 (size before relaxing)
 .debug_str     0x000000aa       0xac eeprom.o
                                0x168 (size before relaxing)
 .debug_str     0x00000156      0x23d gcode.o
                                0x34f (size before relaxing)
 .debug_str     0x00000393        0xf main.o
                                 0xc9 (size before relaxing)
 .debug_str     0x000003a2       0x7a motion_control.o
                                0x12f (size before relaxing)
 .debug_str     0x0000041c      0x403 planner.o
                                0x5eb (size before relaxing)
 .debug_str     0x0000081f       0x37 serial_protocol.o
                                0x11e (size before relaxing)
 .debug_str     0x00000856       0x7f settings.o
                                0x1d3 (size before relaxing)
 .debug_str     0x000008d5       0x3b spindle_control.o
                                0x103 (size before relaxing)
 .debug_str     0x00000910      0x235 stepper.o
                                0x4ea (size before relaxing)
 .debug_str     0x00000b45      0x11b wiring_serial.o
                                0x1e6 (size before relaxing)
 .debug_str     0x00000c60       0x49 atc_control.o
                                0x13f (size before relaxing)
 .debug_str     0x00000ca9       0x34 head_control.o
                                0x13a (size before relaxing)
 .debug_str     0x00000cdd       0x73 panel_control.o
                                0x12e (size before relaxing)
 .debug_str     0x00000d50       0x34 vacuum_control.o
                                0x12b (size before relaxing)
 .debug_str     0x00000d84       0x25 tape_knock.o
                                0x116 (size before relaxing)

.debug_loc      0x00000000     0x190b
 *(.debug_loc)
 .debug_loc     0x00000000      0x16b eeprom.o
 .debug_loc     0x0000016b      0x757 gcode.o
 .debug_loc     0x000008c2       0x94 motion_control.o
 .debug_loc     0x00000956      0x68f planner.o
 .debug_loc     0x00000fe5       0x82 serial_protocol.o
 .debug_loc     0x00001067      0x121 settings.o
 .debug_loc     0x00001188       0x18 spindle_control.o
 .debug_loc     0x000011a0      0x415 stepper.o
 .debug_loc     0x000015b5      0x23e wiring_serial.o
 .debug_loc     0x000017f3       0x28 atc_control.o
 .debug_loc     0x0000181b       0x68 head_control.o
 .debug_loc     0x00001883       0x28 vacuum_control.o
 .debug_loc     0x000018ab       0x60 tape_knock.o

.debug_macinfo
 *(.debug_macinfo)
OUTPUT(grbl.elf elf32-avr)
LOAD linker stubs

.debug_ranges   0x00000000      0x740
 .debug_ranges  0x00000000       0x20 coolant_control.o
 .debug_ranges  0x00000020       0x30 eeprom.o
 .debug_ranges  0x00000050       0x40 gcode.o
 .debug_ranges  0x00000090       0x18 main.o
 .debug_ranges  0x000000a8       0x20 motion_control.o
 .debug_ranges  0x000000c8       0x88 planner.o
 .debug_ranges  0x00000150       0x38 serial_protocol.o
 .debug_ranges  0x00000188       0x40 settings.o
 .debug_ranges  0x000001c8       0x28 spindle_control.o
 .debug_ranges  0x000001f0      0x398 stepper.o
 .debug_ranges  0x00000588       0xa8 wiring_serial.o
 .debug_ranges  0x00000630       0x38 atc_control.o
 .debug_ranges  0x00000668       0x30 head_control.o
 .debug_ranges  0x00000698       0x60 panel_control.o
 .debug_ranges  0x000006f8       0x28 vacuum_control.o
 .debug_ranges  0x00000720       0x20 tape_knock.o
