Archive member included because of file (symbol)

C:\WinAVR-20100110\avr\lib\avr6\libm.a(addsf3.o)
                              gcode.o (__subsf3)
C:\WinAVR-20100110\avr\lib\avr6\libm.a(addsf3x.o)
                              C:\WinAVR-20100110\avr\lib\avr6\libm.a(addsf3.o) (__addsf3x)
C:\WinAVR-20100110\avr\lib\avr6\libm.a(atan.o)
                              gcode.o (atan)
C:\WinAVR-20100110\avr\lib\avr6\libm.a(ceil.o)
                              planner.o (ceil)
C:\WinAVR-20100110\avr\lib\avr6\libm.a(cmpsf2.o)
                              settings.o (__nesf2)
C:\WinAVR-20100110\avr\lib\avr6\libm.a(divsf3.o)
                              gcode.o (__divsf3)
C:\WinAVR-20100110\avr\lib\avr6\libm.a(divsf3x.o)
                              C:\WinAVR-20100110\avr\lib\avr6\libm.a(divsf3.o) (__divsf3x)
C:\WinAVR-20100110\avr\lib\avr6\libm.a(fixsfsi.o)
                              gcode.o (__fixsfsi)
C:\WinAVR-20100110\avr\lib\avr6\libm.a(fixunssfsi.o)
                              gcode.o (__fixunssfsi)
C:\WinAVR-20100110\avr\lib\avr6\libm.a(floatsisf.o)
                              motion_control.o (__floatunsisf)
C:\WinAVR-20100110\avr\lib\avr6\libm.a(floor.o)
                              planner.o (floor)
C:\WinAVR-20100110\avr\lib\avr6\libm.a(fp_cmp.o)
                              C:\WinAVR-20100110\avr\lib\avr6\libm.a(cmpsf2.o) (__fp_cmp)
C:\WinAVR-20100110\avr\lib\avr6\libm.a(fp_inf.o)
                              C:\WinAVR-20100110\avr\lib\avr6\libm.a(addsf3x.o) (__fp_inf)
C:\WinAVR-20100110\avr\lib\avr6\libm.a(fp_mintl.o)
                              C:\WinAVR-20100110\avr\lib\avr6\libm.a(ceil.o) (__fp_mintl)
C:\WinAVR-20100110\avr\lib\avr6\libm.a(fp_mpack.o)
                              C:\WinAVR-20100110\avr\lib\avr6\libm.a(ceil.o) (__fp_mpack)
C:\WinAVR-20100110\avr\lib\avr6\libm.a(fp_nan.o)
                              C:\WinAVR-20100110\avr\lib\avr6\libm.a(addsf3x.o) (__fp_nan)
C:\WinAVR-20100110\avr\lib\avr6\libm.a(fp_powser.o)
                              C:\WinAVR-20100110\avr\lib\avr6\libm.a(atan.o) (__fp_powser)
C:\WinAVR-20100110\avr\lib\avr6\libm.a(fp_pscA.o)
                              C:\WinAVR-20100110\avr\lib\avr6\libm.a(addsf3x.o) (__fp_pscA)
C:\WinAVR-20100110\avr\lib\avr6\libm.a(fp_pscB.o)
                              C:\WinAVR-20100110\avr\lib\avr6\libm.a(addsf3x.o) (__fp_pscB)
C:\WinAVR-20100110\avr\lib\avr6\libm.a(fp_round.o)
                              C:\WinAVR-20100110\avr\lib\avr6\libm.a(addsf3.o) (__fp_round)
C:\WinAVR-20100110\avr\lib\avr6\libm.a(fp_split3.o)
                              C:\WinAVR-20100110\avr\lib\avr6\libm.a(addsf3x.o) (__fp_split3)
C:\WinAVR-20100110\avr\lib\avr6\libm.a(fp_trunc.o)
                              C:\WinAVR-20100110\avr\lib\avr6\libm.a(ceil.o) (__fp_trunc)
C:\WinAVR-20100110\avr\lib\avr6\libm.a(fp_zero.o)
                              C:\WinAVR-20100110\avr\lib\avr6\libm.a(addsf3x.o) (__fp_zero)
C:\WinAVR-20100110\avr\lib\avr6\libm.a(gesf2.o)
                              gcode.o (__gtsf2)
C:\WinAVR-20100110\avr\lib\avr6\libm.a(inverse.o)
                              C:\WinAVR-20100110\avr\lib\avr6\libm.a(atan.o) (inverse)
C:\WinAVR-20100110\avr\lib\avr6\libm.a(lround.o)
                              planner.o (lround)
C:\WinAVR-20100110\avr\lib\avr6\libm.a(modf.o)
                              wiring_serial.o (modf)
C:\WinAVR-20100110\avr\lib\avr6\libm.a(mulsf3.o)
                              gcode.o (__mulsf3)
C:\WinAVR-20100110\avr\lib\avr6\libm.a(mulsf3x.o)
                              C:\WinAVR-20100110\avr\lib\avr6\libm.a(atan.o) (__mulsf3x)
C:\WinAVR-20100110\avr\lib\avr6\libm.a(round.o)
                              settings.o (round)
C:\WinAVR-20100110\avr\lib\avr6\libm.a(sqrt.o)
                              planner.o (sqrt)
C:\WinAVR-20100110\avr\lib\avr6\libm.a(square.o)
                              planner.o (square)
C:\WinAVR-20100110\avr\lib\avr6\libm.a(trunc.o)
                              gcode.o (trunc)
C:\WinAVR-20100110\avr\lib\avr6\libm.a(fp_norm2.o)
                              C:\WinAVR-20100110\avr\lib\avr6\libm.a(sqrt.o) (__fp_norm2)
d:/winavr-20100110/bin/../lib/gcc/avr/4.3.3/avr6\libgcc.a(_mulsi3.o)
                              planner.o (__mulsi3)
d:/winavr-20100110/bin/../lib/gcc/avr/4.3.3/avr6\libgcc.a(_divmodhi4.o)
                              planner.o (__divmodhi4)
d:/winavr-20100110/bin/../lib/gcc/avr/4.3.3/avr6\libgcc.a(_udivmodsi4.o)
                              stepper.o (__udivmodsi4)
d:/winavr-20100110/bin/../lib/gcc/avr/4.3.3/avr6\libgcc.a(_divmodsi4.o)
                              wiring_serial.o (__divmodsi4)
d:/winavr-20100110/bin/../lib/gcc/avr/4.3.3/avr6\libgcc.a(_exit.o)
                              d:/winavr-20100110/bin/../lib/gcc/avr/4.3.3/../../../../avr/lib/avr6/crtm2560.o (exit)
d:/winavr-20100110/bin/../lib/gcc/avr/4.3.3/avr6\libgcc.a(_clear_bss.o)
                              gcode.o (__do_clear_bss)
d:/winavr-20100110/bin/../lib/gcc/avr/4.3.3/avr6\libgcc.a(_udivmodhi4.o)
                              d:/winavr-20100110/bin/../lib/gcc/avr/4.3.3/avr6\libgcc.a(_divmodhi4.o) (__udivmodhi4)
C:\WinAVR-20100110\avr\lib\avr6\libc.a(strtod.o)
                              gcode.o (strtod)
C:\WinAVR-20100110\avr\lib\avr6\libc.a(isspace.o)
                              C:\WinAVR-20100110\avr\lib\avr6\libc.a(strtod.o) (isspace)
C:\WinAVR-20100110\avr\lib\avr6\libc.a(strncasecmp_P.o)
                              C:\WinAVR-20100110\avr\lib\avr6\libc.a(strtod.o) (strncasecmp_P)
C:\WinAVR-20100110\avr\lib\avr6\libc.a(errno.o)
                              C:\WinAVR-20100110\avr\lib\avr6\libc.a(strtod.o) (errno)
C:\WinAVR-20100110\avr\lib\avr6\libc.a(cty_isfalse.o)
                              C:\WinAVR-20100110\avr\lib\avr6\libc.a(isspace.o) (__ctype_isfalse)

Allocating common symbols
Common symbol       size              file

errno               0x2               C:\WinAVR-20100110\avr\lib\avr6\libc.a(errno.o)
settings            0x26              settings.o

Memory Configuration

Name             Origin             Length             Attributes
text             0x00000000         0x00100000         xr
data             0x00800200         0x0000fe00         rw !x
eeprom           0x00810000         0x00010000         rw !x
fuse             0x00820000         0x00000400         rw !x
lock             0x00830000         0x00000400         rw !x
signature        0x00840000         0x00000400         rw !x
*default*        0x00000000         0xffffffff

Linker script and memory map

Address of section .data set to 0x800200
LOAD d:/winavr-20100110/bin/../lib/gcc/avr/4.3.3/../../../../avr/lib/avr6/crtm2560.o
LOAD coolant_control.o
LOAD eeprom.o
LOAD gcode.o
LOAD main.o
LOAD motion_control.o
LOAD planner.o
LOAD serial_protocol.o
LOAD settings.o
LOAD spindle_control.o
LOAD stepper.o
LOAD wiring_serial.o
LOAD C:\WinAVR-20100110\avr\lib\avr6\libm.a
LOAD d:/winavr-20100110/bin/../lib/gcc/avr/4.3.3/avr6\libgcc.a
LOAD C:\WinAVR-20100110\avr\lib\avr6\libc.a
LOAD d:/winavr-20100110/bin/../lib/gcc/avr/4.3.3/avr6\libgcc.a

.hash
 *(.hash)

.dynsym
 *(.dynsym)

.dynstr
 *(.dynstr)

.gnu.version
 *(.gnu.version)

.gnu.version_d
 *(.gnu.version_d)

.gnu.version_r
 *(.gnu.version_r)

.rel.init
 *(.rel.init)

.rela.init
 *(.rela.init)

.rel.text
 *(.rel.text)
 *(.rel.text.*)
 *(.rel.gnu.linkonce.t*)

.rela.text
 *(.rela.text)
 *(.rela.text.*)
 *(.rela.gnu.linkonce.t*)

.rel.fini
 *(.rel.fini)

.rela.fini
 *(.rela.fini)

.rel.rodata
 *(.rel.rodata)
 *(.rel.rodata.*)
 *(.rel.gnu.linkonce.r*)

.rela.rodata
 *(.rela.rodata)
 *(.rela.rodata.*)
 *(.rela.gnu.linkonce.r*)

.rel.data
 *(.rel.data)
 *(.rel.data.*)
 *(.rel.gnu.linkonce.d*)

.rela.data
 *(.rela.data)
 *(.rela.data.*)
 *(.rela.gnu.linkonce.d*)

.rel.ctors
 *(.rel.ctors)

.rela.ctors
 *(.rela.ctors)

.rel.dtors
 *(.rel.dtors)

.rela.dtors
 *(.rela.dtors)

.rel.got
 *(.rel.got)

.rela.got
 *(.rela.got)

.rel.bss
 *(.rel.bss)

.rela.bss
 *(.rela.bss)

.rel.plt
 *(.rel.plt)

.rela.plt
 *(.rela.plt)

.text           0x00000000     0x50ae
 *(.vectors)
 .vectors       0x00000000       0xe4 d:/winavr-20100110/bin/../lib/gcc/avr/4.3.3/../../../../avr/lib/avr6/crtm2560.o
                0x00000000                __vectors
                0x00000000                __vector_default
 *(.vectors)
 *(.progmem.gcc*)
 .progmem.gcc_sw_table
                0x000000e4       0xbe gcode.o
 .progmem.gcc_fplib
                0x000001a2       0x2d C:\WinAVR-20100110\avr\lib\avr6\libm.a(atan.o)
 *(.progmem*)
 .progmem.data  0x000001cf       0x2a gcode.o
 .progmem.data  0x000001f9       0x15 main.o
 .progmem.data  0x0000020e       0xac serial_protocol.o
 .progmem.data  0x000002ba      0x24d settings.o
 .progmem.data  0x00000507       0x4b stepper.o
 .progmem.data  0x00000552       0x3b C:\WinAVR-20100110\avr\lib\avr6\libc.a(strtod.o)
                0x0000058e                . = ALIGN (0x2)
 *fill*         0x0000058d        0x1 00
                0x0000058e                __trampolines_start = .
 *(.trampolines)
 .trampolines   0x0000058e        0x0 linker stubs
 *(.trampolines*)
                0x0000058e                __trampolines_end = .
 *(.jumptables)
 *(.jumptables*)
 *(.lowtext)
 *(.lowtext*)
                0x0000058e                __ctors_start = .
 *(.ctors)
                0x0000058e                __ctors_end = .
                0x0000058e                __dtors_start = .
 *(.dtors)
                0x0000058e                __dtors_end = .
 SORT(*)(.ctors)
 SORT(*)(.dtors)
 *(.init0)
 .init0         0x0000058e        0x0 d:/winavr-20100110/bin/../lib/gcc/avr/4.3.3/../../../../avr/lib/avr6/crtm2560.o
                0x0000058e                __init
 *(.init0)
 *(.init1)
 *(.init1)
 *(.init2)
 .init2         0x0000058e       0x10 d:/winavr-20100110/bin/../lib/gcc/avr/4.3.3/../../../../avr/lib/avr6/crtm2560.o
 *(.init2)
 *(.init3)
 *(.init3)
 *(.init4)
 .init4         0x0000059e       0x1a d:/winavr-20100110/bin/../lib/gcc/avr/4.3.3/../../../../avr/lib/avr6/crtm2560.o
                0x0000059e                __do_copy_data
 .init4         0x000005b8       0x10 d:/winavr-20100110/bin/../lib/gcc/avr/4.3.3/avr6\libgcc.a(_clear_bss.o)
                0x000005b8                __do_clear_bss
 *(.init4)
 *(.init5)
 *(.init5)
 *(.init6)
 *(.init6)
 *(.init7)
 *(.init7)
 *(.init8)
 *(.init8)
 *(.init9)
 .init9         0x000005c8        0x8 d:/winavr-20100110/bin/../lib/gcc/avr/4.3.3/../../../../avr/lib/avr6/crtm2560.o
 *(.init9)
 *(.text)
 .text          0x000005d0        0x4 d:/winavr-20100110/bin/../lib/gcc/avr/4.3.3/../../../../avr/lib/avr6/crtm2560.o
                0x000005d0                __vector_38
                0x000005d0                __vector_22
                0x000005d0                __vector_28
                0x000005d0                __vector_1
                0x000005d0                __vector_32
                0x000005d0                __vector_34
                0x000005d0                __vector_24
                0x000005d0                __vector_12
                0x000005d0                __vector_55
                0x000005d0                __vector_46
                0x000005d0                __bad_interrupt
                0x000005d0                __vector_6
                0x000005d0                __vector_31
                0x000005d0                __vector_35
                0x000005d0                __vector_39
                0x000005d0                __vector_3
                0x000005d0                __vector_23
                0x000005d0                __vector_30
                0x000005d0                __vector_45
                0x000005d0                __vector_11
                0x000005d0                __vector_54
                0x000005d0                __vector_13
                0x000005d0                __vector_19
                0x000005d0                __vector_56
                0x000005d0                __vector_7
                0x000005d0                __vector_49
                0x000005d0                __vector_41
                0x000005d0                __vector_43
                0x000005d0                __vector_27
                0x000005d0                __vector_5
                0x000005d0                __vector_33
                0x000005d0                __vector_47
                0x000005d0                __vector_52
                0x000005d0                __vector_37
                0x000005d0                __vector_4
                0x000005d0                __vector_44
                0x000005d0                __vector_51
                0x000005d0                __vector_9
                0x000005d0                __vector_2
                0x000005d0                __vector_21
                0x000005d0                __vector_36
                0x000005d0                __vector_29
                0x000005d0                __vector_40
                0x000005d0                __vector_8
                0x000005d0                __vector_26
                0x000005d0                __vector_48
                0x000005d0                __vector_14
                0x000005d0                __vector_53
                0x000005d0                __vector_10
                0x000005d0                __vector_50
                0x000005d0                __vector_16
                0x000005d0                __vector_18
                0x000005d0                __vector_20
                0x000005d0                __vector_42
 .text          0x000005d4        0x0 coolant_control.o
 .text          0x000005d4        0x0 eeprom.o
 .text          0x000005d4        0x0 gcode.o
 .text          0x000005d4        0x0 main.o
 .text          0x000005d4        0x0 motion_control.o
 .text          0x000005d4        0x0 planner.o
 .text          0x000005d4        0x0 serial_protocol.o
 .text          0x000005d4        0x0 settings.o
 .text          0x000005d4        0x0 spindle_control.o
 .text          0x000005d4        0x0 stepper.o
 .text          0x000005d4        0x0 wiring_serial.o
 .text          0x000005d4        0x0 C:\WinAVR-20100110\avr\lib\avr6\libm.a(addsf3.o)
 .text          0x000005d4        0x0 C:\WinAVR-20100110\avr\lib\avr6\libm.a(addsf3x.o)
 .text          0x000005d4        0x0 C:\WinAVR-20100110\avr\lib\avr6\libm.a(atan.o)
 .text          0x000005d4        0x0 C:\WinAVR-20100110\avr\lib\avr6\libm.a(ceil.o)
 .text          0x000005d4        0x0 C:\WinAVR-20100110\avr\lib\avr6\libm.a(cmpsf2.o)
 .text          0x000005d4        0x0 C:\WinAVR-20100110\avr\lib\avr6\libm.a(divsf3.o)
 .text          0x000005d4        0x0 C:\WinAVR-20100110\avr\lib\avr6\libm.a(divsf3x.o)
 .text          0x000005d4        0x0 C:\WinAVR-20100110\avr\lib\avr6\libm.a(fixsfsi.o)
 .text          0x000005d4        0x0 C:\WinAVR-20100110\avr\lib\avr6\libm.a(fixunssfsi.o)
 .text          0x000005d4        0x0 C:\WinAVR-20100110\avr\lib\avr6\libm.a(floatsisf.o)
 .text          0x000005d4        0x0 C:\WinAVR-20100110\avr\lib\avr6\libm.a(floor.o)
 .text          0x000005d4        0x0 C:\WinAVR-20100110\avr\lib\avr6\libm.a(fp_cmp.o)
 .text          0x000005d4        0x0 C:\WinAVR-20100110\avr\lib\avr6\libm.a(fp_inf.o)
 .text          0x000005d4        0x0 C:\WinAVR-20100110\avr\lib\avr6\libm.a(fp_mintl.o)
 .text          0x000005d4        0x0 C:\WinAVR-20100110\avr\lib\avr6\libm.a(fp_mpack.o)
 .text          0x000005d4        0x0 C:\WinAVR-20100110\avr\lib\avr6\libm.a(fp_nan.o)
 .text          0x000005d4        0x0 C:\WinAVR-20100110\avr\lib\avr6\libm.a(fp_powser.o)
 .text          0x000005d4        0x0 C:\WinAVR-20100110\avr\lib\avr6\libm.a(fp_pscA.o)
 .text          0x000005d4        0x0 C:\WinAVR-20100110\avr\lib\avr6\libm.a(fp_pscB.o)
 .text          0x000005d4        0x0 C:\WinAVR-20100110\avr\lib\avr6\libm.a(fp_round.o)
 .text          0x000005d4        0x0 C:\WinAVR-20100110\avr\lib\avr6\libm.a(fp_split3.o)
 .text          0x000005d4        0x0 C:\WinAVR-20100110\avr\lib\avr6\libm.a(fp_trunc.o)
 .text          0x000005d4        0x0 C:\WinAVR-20100110\avr\lib\avr6\libm.a(fp_zero.o)
 .text          0x000005d4        0x0 C:\WinAVR-20100110\avr\lib\avr6\libm.a(gesf2.o)
 .text          0x000005d4        0x0 C:\WinAVR-20100110\avr\lib\avr6\libm.a(inverse.o)
 .text          0x000005d4        0x0 C:\WinAVR-20100110\avr\lib\avr6\libm.a(lround.o)
 .text          0x000005d4        0x0 C:\WinAVR-20100110\avr\lib\avr6\libm.a(modf.o)
 .text          0x000005d4        0x0 C:\WinAVR-20100110\avr\lib\avr6\libm.a(mulsf3.o)
 .text          0x000005d4        0x0 C:\WinAVR-20100110\avr\lib\avr6\libm.a(mulsf3x.o)
 .text          0x000005d4        0x0 C:\WinAVR-20100110\avr\lib\avr6\libm.a(round.o)
 .text          0x000005d4        0x0 C:\WinAVR-20100110\avr\lib\avr6\libm.a(sqrt.o)
 .text          0x000005d4        0x0 C:\WinAVR-20100110\avr\lib\avr6\libm.a(square.o)
 .text          0x000005d4        0x0 C:\WinAVR-20100110\avr\lib\avr6\libm.a(trunc.o)
 .text          0x000005d4        0x0 C:\WinAVR-20100110\avr\lib\avr6\libm.a(fp_norm2.o)
 .text          0x000005d4        0x0 d:/winavr-20100110/bin/../lib/gcc/avr/4.3.3/avr6\libgcc.a(_mulsi3.o)
 .text          0x000005d4        0x0 d:/winavr-20100110/bin/../lib/gcc/avr/4.3.3/avr6\libgcc.a(_divmodhi4.o)
 .text          0x000005d4        0x0 d:/winavr-20100110/bin/../lib/gcc/avr/4.3.3/avr6\libgcc.a(_udivmodsi4.o)
 .text          0x000005d4        0x0 d:/winavr-20100110/bin/../lib/gcc/avr/4.3.3/avr6\libgcc.a(_divmodsi4.o)
 .text          0x000005d4        0x0 d:/winavr-20100110/bin/../lib/gcc/avr/4.3.3/avr6\libgcc.a(_exit.o)
 .text          0x000005d4        0x0 d:/winavr-20100110/bin/../lib/gcc/avr/4.3.3/avr6\libgcc.a(_clear_bss.o)
 .text          0x000005d4        0x0 d:/winavr-20100110/bin/../lib/gcc/avr/4.3.3/avr6\libgcc.a(_udivmodhi4.o)
 .text          0x000005d4        0x0 C:\WinAVR-20100110\avr\lib\avr6\libc.a(strtod.o)
 .text          0x000005d4        0x0 C:\WinAVR-20100110\avr\lib\avr6\libc.a(isspace.o)
 .text          0x000005d4        0x0 C:\WinAVR-20100110\avr\lib\avr6\libc.a(strncasecmp_P.o)
 .text          0x000005d4        0x0 C:\WinAVR-20100110\avr\lib\avr6\libc.a(errno.o)
 .text          0x000005d4        0x0 C:\WinAVR-20100110\avr\lib\avr6\libc.a(cty_isfalse.o)
                0x000005d4                . = ALIGN (0x2)
 *(.text.*)
 .text.coolant_init
                0x000005d4        0x4 coolant_control.o
                0x000005d4                coolant_init
 .text.coolant_flood
                0x000005d8        0xc coolant_control.o
                0x000005d8                coolant_flood
 .text.eeprom_get_char
                0x000005e4       0x10 eeprom.o
                0x000005e4                eeprom_get_char
 .text.eeprom_put_char
                0x000005f4       0x42 eeprom.o
                0x000005f4                eeprom_put_char
 .text.memcpy_from_eeprom_with_checksum
                0x00000636       0x7e eeprom.o
                0x00000636                memcpy_from_eeprom_with_checksum
 .text.memcpy_to_eeprom_with_checksum
                0x000006b4       0xe4 eeprom.o
                0x000006b4                memcpy_to_eeprom_with_checksum
 .text.select_plane
                0x00000798        0xe gcode.o
                0x00000798                select_plane
 .text.read_double
                0x000007a6       0x82 gcode.o
                0x000007a6                read_double
 .text.gc_init  0x00000828       0x7c gcode.o
                0x00000828                gc_init
 .text.theta    0x000008a4       0x8c gcode.o
                0x000008a4                theta
 .text.next_statement
                0x00000930       0xb2 gcode.o
                0x00000930                next_statement
 .text.gc_execute_line
                0x000009e2      0x7c4 gcode.o
                0x000009e2                gc_execute_line
 .text.main     0x000011a6       0x3c main.o
                0x000011a6                main
 .text.mc_go_home
                0x000011e2        0x6 motion_control.o
                0x000011e2                mc_go_home
 .text.mc_dwell
                0x000011e8       0xa8 motion_control.o
                0x000011e8                mc_dwell
 .text.factor_for_safe_speed
                0x00001290       0x20 planner.o
                0x00001290                factor_for_safe_speed
 .text.plan_is_acceleration_manager_enabled
                0x000012b0        0x8 planner.o
                0x000012b0                plan_is_acceleration_manager_enabled
 .text.plan_discard_current_block
                0x000012b8       0x32 planner.o
                0x000012b8                plan_discard_current_block
 .text.plan_get_current_block
                0x000012ea       0x52 planner.o
                0x000012ea                plan_get_current_block
 .text.planner_forward_pass_kernel
                0x0000133c      0x10c planner.o
                0x0000133c                planner_forward_pass_kernel
 .text.plan_set_current
                0x00001448      0x106 planner.o
                0x00001448                plan_set_current
 .text.plan_set_acceleration_manager_enabled
                0x0000154e       0x3a planner.o
                0x0000154e                plan_set_acceleration_manager_enabled
 .text.calculate_trapezoid_for_block
                0x00001588      0x2a0 planner.o
                0x00001588                calculate_trapezoid_for_block
 .text.plan_init
                0x00001828       0x32 planner.o
                0x00001828                plan_init
 .text.planner_recalculate_trapezoids
                0x0000185a       0xce planner.o
                0x0000185a                planner_recalculate_trapezoids
 .text.planner_reverse_pass_kernel
                0x00001928      0x2a0 planner.o
                0x00001928                planner_reverse_pass_kernel
 .text.planner_reverse_pass
                0x00001bc8       0xa4 planner.o
                0x00001bc8                planner_reverse_pass
 .text.planner_forward_pass
                0x00001c6c      0x298 planner.o
                0x00001c6c                planner_forward_pass
 .text.planner_recalculate
                0x00001f04      0x3d6 planner.o
                0x00001f04                planner_recalculate
 .text.plan_buffer_line
                0x000022da      0x92e planner.o
                0x000022da                plan_buffer_line
 .text.sp_process
                0x00002c08       0xf2 serial_protocol.o
                0x00002c08                sp_process
 .text.sp_init  0x00002cfa       0x1e serial_protocol.o
                0x00002cfa                sp_init
 .text.settings_reset
                0x00002d18       0xc8 settings.o
                0x00002d18                settings_reset
 .text.read_settings
                0x00002de0       0x84 settings.o
                0x00002de0                read_settings
 .text.write_settings
                0x00002e64       0x1c settings.o
                0x00002e64                write_settings
 .text.settings_dump
                0x00002e80      0x1a8 settings.o
                0x00002e80                settings_dump
 .text.settings_store_setting
                0x00003028      0x112 settings.o
                0x00003028                settings_store_setting
 .text.settings_init
                0x0000313a      0x16a settings.o
                0x0000313a                settings_init
 .text.spindle_init
                0x000032a4        0xe spindle_control.o
                0x000032a4                spindle_init
 .text.spindle_run
                0x000032b2       0x20 spindle_control.o
                0x000032b2                spindle_run
 .text.spindle_stop
                0x000032d2        0xc spindle_control.o
                0x000032d2                spindle_stop
 .text.st_wake_up
                0x000032de        0xc stepper.o
                0x000032de                st_wake_up
 .text.__vector_15
                0x000032ea       0x1e stepper.o
                0x000032ea                __vector_15
 .text.st_enable
                0x00003308        0x4 stepper.o
                0x00003308                st_enable
 .text.st_disable
                0x0000330c        0x4 stepper.o
                0x0000330c                st_disable
 .text.st_is_enabled
                0x00003310       0x1e stepper.o
                0x00003310                st_is_enabled
 .text.config_step_timer
                0x0000332e      0x14a stepper.o
                0x0000332e                config_step_timer
 .text.moveLeft
                0x00003478       0x36 stepper.o
                0x00003478                moveLeft
 .text.moveRight
                0x000034ae       0x38 stepper.o
                0x000034ae                moveRight
 .text.moveForward
                0x000034e6       0x36 stepper.o
                0x000034e6                moveForward
 .text.moveBack
                0x0000351c       0x38 stepper.o
                0x0000351c                moveBack
 .text.limits_init
                0x00003554       0x52 stepper.o
                0x00003554                limits_init
 .text.st_synchronize
                0x000035a6       0x1a stepper.o
                0x000035a6                st_synchronize
 .text.set_step_events_per_minute
                0x000035c0      0x100 stepper.o
                0x000035c0                set_step_events_per_minute
 .text.__vector_17
                0x000036c0      0x51c stepper.o
                0x000036c0                __vector_17
 .text.st_go_home
                0x00003bdc      0x124 stepper.o
                0x00003bdc                st_go_home
 .text.st_init  0x00003d00       0xa0 stepper.o
                0x00003d00                st_init
 .text.beginSerial
                0x00003da0       0x78 wiring_serial.o
                0x00003da0                beginSerial
 .text.serialWrite
                0x00003e18       0x10 wiring_serial.o
                0x00003e18                serialWrite
 .text.serialAvailable
                0x00003e28       0x22 wiring_serial.o
                0x00003e28                serialAvailable
 .text.serialRead
                0x00003e4a       0x40 wiring_serial.o
                0x00003e4a                serialRead
 .text.serialFlush
                0x00003e8a       0x12 wiring_serial.o
                0x00003e8a                serialFlush
 .text.__vector_25
                0x00003e9c       0x82 wiring_serial.o
                0x00003e9c                __vector_25
 .text.printByte
                0x00003f1e       0x10 wiring_serial.o
                0x00003f1e                printByte
 .text.printString
                0x00003f2e       0x1e wiring_serial.o
                0x00003f2e                printString
 .text.printPgmString
                0x00003f4c       0x1e wiring_serial.o
                0x00003f4c                printPgmString
 .text.printIntegerInBase
                0x00003f6a      0x128 wiring_serial.o
                0x00003f6a                printIntegerInBase
 .text.printInteger
                0x00004092      0x142 wiring_serial.o
                0x00004092                printInteger
 .text.printBinary
                0x000041d4       0xe4 wiring_serial.o
                0x000041d4                printBinary
 .text.printFloat
                0x000042b8      0x274 wiring_serial.o
                0x000042b8                printFloat
 .text.avr-libc.fplib
                0x0000452c        0xa C:\WinAVR-20100110\avr\lib\avr6\libm.a(addsf3.o)
                0x0000452c                __subsf3
                0x0000452e                __addsf3
 .text.avr-libc.fplib
                0x00004536       0xc0 C:\WinAVR-20100110\avr\lib\avr6\libm.a(addsf3x.o)
                0x00004550                __addsf3x
 .text.avr-libc.fplib
                0x000045f6       0x50 C:\WinAVR-20100110\avr\lib\avr6\libm.a(atan.o)
                0x000045f6                atan
 .text.avr-libc.fplib
                0x00004646       0x26 C:\WinAVR-20100110\avr\lib\avr6\libm.a(ceil.o)
                0x00004646                ceil
 .text.avr-libc.fplib
                0x0000466c        0x8 C:\WinAVR-20100110\avr\lib\avr6\libm.a(cmpsf2.o)
                0x0000466c                __lesf2
                0x0000466c                __nesf2
                0x0000466c                __eqsf2
                0x0000466c                __cmpsf2
                0x0000466c                __ltsf2
 .text.avr-libc.fplib
                0x00004674        0x4 C:\WinAVR-20100110\avr\lib\avr6\libm.a(divsf3.o)
                0x00004674                __divsf3
 .text.avr-libc.fplib
                0x00004678       0xcc C:\WinAVR-20100110\avr\lib\avr6\libm.a(divsf3x.o)
                0x0000468e                __divsf3x
                0x00004692                __divsf3_pse
 .text.avr-libc.fplib
                0x00004744        0xa C:\WinAVR-20100110\avr\lib\avr6\libm.a(fixsfsi.o)
                0x00004744                __fixsfsi
 .text.avr-libc.fplib
                0x0000474e       0x58 C:\WinAVR-20100110\avr\lib\avr6\libm.a(fixunssfsi.o)
                0x0000474e                __fixunssfsi
 .text.avr-libc.fplib
                0x000047a6       0x7a C:\WinAVR-20100110\avr\lib\avr6\libm.a(floatsisf.o)
                0x000047aa                __floatsisf
                0x000047a6                __floatunsisf
 .text.avr-libc.fplib
                0x00004820       0x26 C:\WinAVR-20100110\avr\lib\avr6\libm.a(floor.o)
                0x00004820                floor
 .text.avr-libc.fplib
                0x00004846       0x48 C:\WinAVR-20100110\avr\lib\avr6\libm.a(fp_cmp.o)
                0x00004846                __fp_cmp
 .text.avr-libc.fplib
                0x0000488e        0xc C:\WinAVR-20100110\avr\lib\avr6\libm.a(fp_inf.o)
                0x0000488e                __fp_inf
 .text.avr-libc.fplib
                0x0000489a       0x36 C:\WinAVR-20100110\avr\lib\avr6\libm.a(fp_mintl.o)
                0x0000489a                __fp_mintl
 .text.avr-libc.fplib
                0x000048d0       0x1c C:\WinAVR-20100110\avr\lib\avr6\libm.a(fp_mpack.o)
                0x000048d4                __fp_mpack_finite
                0x000048d0                __fp_mpack
 .text.avr-libc.fplib
                0x000048ec        0x6 C:\WinAVR-20100110\avr\lib\avr6\libm.a(fp_nan.o)
                0x000048ec                __fp_nan
 .text.avr-libc.fplib
                0x000048f2       0x4a C:\WinAVR-20100110\avr\lib\avr6\libm.a(fp_powser.o)
                0x000048f2                __fp_powser
 .text.avr-libc.fplib
                0x0000493c        0xe C:\WinAVR-20100110\avr\lib\avr6\libm.a(fp_pscA.o)
                0x0000493c                __fp_pscA
 .text.avr-libc.fplib
                0x0000494a        0xe C:\WinAVR-20100110\avr\lib\avr6\libm.a(fp_pscB.o)
                0x0000494a                __fp_pscB
 .text.avr-libc.fplib
                0x00004958       0x22 C:\WinAVR-20100110\avr\lib\avr6\libm.a(fp_round.o)
                0x00004958                __fp_round
 .text.avr-libc.fplib
                0x0000497a       0x44 C:\WinAVR-20100110\avr\lib\avr6\libm.a(fp_split3.o)
                0x0000497a                __fp_split3
                0x0000498a                __fp_splitA
 .text.avr-libc.fplib
                0x000049be       0x2e C:\WinAVR-20100110\avr\lib\avr6\libm.a(fp_trunc.o)
                0x000049be                __fp_trunc
 .text.avr-libc.fplib
                0x000049ec        0xe C:\WinAVR-20100110\avr\lib\avr6\libm.a(fp_zero.o)
                0x000049ec                __fp_zero
                0x000049ee                __fp_szero
 .text.avr-libc.fplib
                0x000049fa        0x8 C:\WinAVR-20100110\avr\lib\avr6\libm.a(gesf2.o)
                0x000049fa                __gtsf2
                0x000049fa                __gesf2
 .text.avr-libc.fplib
                0x00004a02        0xe C:\WinAVR-20100110\avr\lib\avr6\libm.a(inverse.o)
                0x00004a02                inverse
 .text.avr-libc.fplib
                0x00004a10       0x60 C:\WinAVR-20100110\avr\lib\avr6\libm.a(lround.o)
                0x00004a10                lround
 .text.avr-libc.fplib
                0x00004a70       0x66 C:\WinAVR-20100110\avr\lib\avr6\libm.a(modf.o)
                0x00004a70                modff
                0x00004a70                modf
 .text.avr-libc.fplib
                0x00004ad6        0x4 C:\WinAVR-20100110\avr\lib\avr6\libm.a(mulsf3.o)
                0x00004ad6                __mulsf3
 .text.avr-libc.fplib
                0x00004ada       0xc2 C:\WinAVR-20100110\avr\lib\avr6\libm.a(mulsf3x.o)
                0x00004af2                __mulsf3_pse
                0x00004aee                __mulsf3x
 .text.avr-libc.fplib
                0x00004b9c       0x40 C:\WinAVR-20100110\avr\lib\avr6\libm.a(round.o)
                0x00004b9c                round
 .text.avr-libc.fplib
                0x00004bdc       0x84 C:\WinAVR-20100110\avr\lib\avr6\libm.a(sqrt.o)
                0x00004be4                sqrt
 .text.avr-libc.fplib
                0x00004c60        0x6 C:\WinAVR-20100110\avr\lib\avr6\libm.a(square.o)
                0x00004c60                square
 .text.avr-libc.fplib
                0x00004c66        0xe C:\WinAVR-20100110\avr\lib\avr6\libm.a(trunc.o)
                0x00004c66                trunc
 .text.avr-libc.fplib
                0x00004c74        0xe C:\WinAVR-20100110\avr\lib\avr6\libm.a(fp_norm2.o)
                0x00004c74                __fp_norm2
 .text.libgcc   0x00004c82       0x3e d:/winavr-20100110/bin/../lib/gcc/avr/4.3.3/avr6\libgcc.a(_mulsi3.o)
                0x00004c82                __mulsi3
 .text.libgcc   0x00004cc0       0x26 d:/winavr-20100110/bin/../lib/gcc/avr/4.3.3/avr6\libgcc.a(_divmodhi4.o)
                0x00004cc0                __divmodhi4
                0x00004cc0                _div
 .text.libgcc   0x00004ce6       0x44 d:/winavr-20100110/bin/../lib/gcc/avr/4.3.3/avr6\libgcc.a(_udivmodsi4.o)
                0x00004ce6                __udivmodsi4
 .text.libgcc   0x00004d2a       0x36 d:/winavr-20100110/bin/../lib/gcc/avr/4.3.3/avr6\libgcc.a(_divmodsi4.o)
                0x00004d2a                __divmodsi4
 .text.libgcc   0x00004d60        0x0 d:/winavr-20100110/bin/../lib/gcc/avr/4.3.3/avr6\libgcc.a(_exit.o)
 .text.libgcc   0x00004d60        0x0 d:/winavr-20100110/bin/../lib/gcc/avr/4.3.3/avr6\libgcc.a(_clear_bss.o)
 .text.libgcc   0x00004d60       0x28 d:/winavr-20100110/bin/../lib/gcc/avr/4.3.3/avr6\libgcc.a(_udivmodhi4.o)
                0x00004d60                __udivmodhi4
 .text.avr-libc
                0x00004d88      0x2dc C:\WinAVR-20100110\avr\lib\avr6\libc.a(strtod.o)
                0x00004d88                strtod
 .text.avr-libc
                0x00005064       0x10 C:\WinAVR-20100110\avr\lib\avr6\libc.a(isspace.o)
                0x00005064                isspace
 .text.avr-libc
                0x00005074       0x30 C:\WinAVR-20100110\avr\lib\avr6\libc.a(strncasecmp_P.o)
                0x00005074                strncasecmp_P
 .text.avr-libc
                0x000050a4        0x6 C:\WinAVR-20100110\avr\lib\avr6\libc.a(cty_isfalse.o)
                0x000050a8                __ctype_istrue
                0x000050a4                __ctype_isfalse
                0x000050aa                . = ALIGN (0x2)
 *(.fini9)
 .fini9         0x000050aa        0x0 d:/winavr-20100110/bin/../lib/gcc/avr/4.3.3/avr6\libgcc.a(_exit.o)
                0x000050aa                exit
                0x000050aa                _exit
 *(.fini9)
 *(.fini8)
 *(.fini8)
 *(.fini7)
 *(.fini7)
 *(.fini6)
 *(.fini6)
 *(.fini5)
 *(.fini5)
 *(.fini4)
 *(.fini4)
 *(.fini3)
 *(.fini3)
 *(.fini2)
 *(.fini2)
 *(.fini1)
 *(.fini1)
 *(.fini0)
 .fini0         0x000050aa        0x4 d:/winavr-20100110/bin/../lib/gcc/avr/4.3.3/avr6\libgcc.a(_exit.o)
 *(.fini0)
                0x000050ae                _etext = .

.data           0x00800200        0x0 load address 0x000050ae
                0x00800200                PROVIDE (__data_start, .)
 *(.data)
 .data          0x00800200        0x0 d:/winavr-20100110/bin/../lib/gcc/avr/4.3.3/../../../../avr/lib/avr6/crtm2560.o
 .data          0x00800200        0x0 coolant_control.o
 .data          0x00800200        0x0 eeprom.o
 .data          0x00800200        0x0 gcode.o
 .data          0x00800200        0x0 main.o
 .data          0x00800200        0x0 motion_control.o
 .data          0x00800200        0x0 planner.o
 .data          0x00800200        0x0 serial_protocol.o
 .data          0x00800200        0x0 settings.o
 .data          0x00800200        0x0 spindle_control.o
 .data          0x00800200        0x0 stepper.o
 .data          0x00800200        0x0 wiring_serial.o
 .data          0x00800200        0x0 C:\WinAVR-20100110\avr\lib\avr6\libm.a(addsf3.o)
 .data          0x00800200        0x0 C:\WinAVR-20100110\avr\lib\avr6\libm.a(addsf3x.o)
 .data          0x00800200        0x0 C:\WinAVR-20100110\avr\lib\avr6\libm.a(atan.o)
 .data          0x00800200        0x0 C:\WinAVR-20100110\avr\lib\avr6\libm.a(ceil.o)
 .data          0x00800200        0x0 C:\WinAVR-20100110\avr\lib\avr6\libm.a(cmpsf2.o)
 .data          0x00800200        0x0 C:\WinAVR-20100110\avr\lib\avr6\libm.a(divsf3.o)
 .data          0x00800200        0x0 C:\WinAVR-20100110\avr\lib\avr6\libm.a(divsf3x.o)
 .data          0x00800200        0x0 C:\WinAVR-20100110\avr\lib\avr6\libm.a(fixsfsi.o)
 .data          0x00800200        0x0 C:\WinAVR-20100110\avr\lib\avr6\libm.a(fixunssfsi.o)
 .data          0x00800200        0x0 C:\WinAVR-20100110\avr\lib\avr6\libm.a(floatsisf.o)
 .data          0x00800200        0x0 C:\WinAVR-20100110\avr\lib\avr6\libm.a(floor.o)
 .data          0x00800200        0x0 C:\WinAVR-20100110\avr\lib\avr6\libm.a(fp_cmp.o)
 .data          0x00800200        0x0 C:\WinAVR-20100110\avr\lib\avr6\libm.a(fp_inf.o)
 .data          0x00800200        0x0 C:\WinAVR-20100110\avr\lib\avr6\libm.a(fp_mintl.o)
 .data          0x00800200        0x0 C:\WinAVR-20100110\avr\lib\avr6\libm.a(fp_mpack.o)
 .data          0x00800200        0x0 C:\WinAVR-20100110\avr\lib\avr6\libm.a(fp_nan.o)
 .data          0x00800200        0x0 C:\WinAVR-20100110\avr\lib\avr6\libm.a(fp_powser.o)
 .data          0x00800200        0x0 C:\WinAVR-20100110\avr\lib\avr6\libm.a(fp_pscA.o)
 .data          0x00800200        0x0 C:\WinAVR-20100110\avr\lib\avr6\libm.a(fp_pscB.o)
 .data          0x00800200        0x0 C:\WinAVR-20100110\avr\lib\avr6\libm.a(fp_round.o)
 .data          0x00800200        0x0 C:\WinAVR-20100110\avr\lib\avr6\libm.a(fp_split3.o)
 .data          0x00800200        0x0 C:\WinAVR-20100110\avr\lib\avr6\libm.a(fp_trunc.o)
 .data          0x00800200        0x0 C:\WinAVR-20100110\avr\lib\avr6\libm.a(fp_zero.o)
 .data          0x00800200        0x0 C:\WinAVR-20100110\avr\lib\avr6\libm.a(gesf2.o)
 .data          0x00800200        0x0 C:\WinAVR-20100110\avr\lib\avr6\libm.a(inverse.o)
 .data          0x00800200        0x0 C:\WinAVR-20100110\avr\lib\avr6\libm.a(lround.o)
 .data          0x00800200        0x0 C:\WinAVR-20100110\avr\lib\avr6\libm.a(modf.o)
 .data          0x00800200        0x0 C:\WinAVR-20100110\avr\lib\avr6\libm.a(mulsf3.o)
 .data          0x00800200        0x0 C:\WinAVR-20100110\avr\lib\avr6\libm.a(mulsf3x.o)
 .data          0x00800200        0x0 C:\WinAVR-20100110\avr\lib\avr6\libm.a(round.o)
 .data          0x00800200        0x0 C:\WinAVR-20100110\avr\lib\avr6\libm.a(sqrt.o)
 .data          0x00800200        0x0 C:\WinAVR-20100110\avr\lib\avr6\libm.a(square.o)
 .data          0x00800200        0x0 C:\WinAVR-20100110\avr\lib\avr6\libm.a(trunc.o)
 .data          0x00800200        0x0 C:\WinAVR-20100110\avr\lib\avr6\libm.a(fp_norm2.o)
 .data          0x00800200        0x0 d:/winavr-20100110/bin/../lib/gcc/avr/4.3.3/avr6\libgcc.a(_mulsi3.o)
 .data          0x00800200        0x0 d:/winavr-20100110/bin/../lib/gcc/avr/4.3.3/avr6\libgcc.a(_divmodhi4.o)
 .data          0x00800200        0x0 d:/winavr-20100110/bin/../lib/gcc/avr/4.3.3/avr6\libgcc.a(_udivmodsi4.o)
 .data          0x00800200        0x0 d:/winavr-20100110/bin/../lib/gcc/avr/4.3.3/avr6\libgcc.a(_divmodsi4.o)
 .data          0x00800200        0x0 d:/winavr-20100110/bin/../lib/gcc/avr/4.3.3/avr6\libgcc.a(_exit.o)
 .data          0x00800200        0x0 d:/winavr-20100110/bin/../lib/gcc/avr/4.3.3/avr6\libgcc.a(_clear_bss.o)
 .data          0x00800200        0x0 d:/winavr-20100110/bin/../lib/gcc/avr/4.3.3/avr6\libgcc.a(_udivmodhi4.o)
 .data          0x00800200        0x0 C:\WinAVR-20100110\avr\lib\avr6\libc.a(strtod.o)
 .data          0x00800200        0x0 C:\WinAVR-20100110\avr\lib\avr6\libc.a(isspace.o)
 .data          0x00800200        0x0 C:\WinAVR-20100110\avr\lib\avr6\libc.a(strncasecmp_P.o)
 .data          0x00800200        0x0 C:\WinAVR-20100110\avr\lib\avr6\libc.a(errno.o)
 .data          0x00800200        0x0 C:\WinAVR-20100110\avr\lib\avr6\libc.a(cty_isfalse.o)
 *(.data*)
 *(.rodata)
 *(.rodata*)
 *(.gnu.linkonce.d*)
                0x00800200                . = ALIGN (0x2)
                0x00800200                _edata = .
                0x00800200                PROVIDE (__data_end, .)

.bss            0x00800200      0x330
                0x00800200                PROVIDE (__bss_start, .)
 *(.bss)
 .bss           0x00800200        0x0 d:/winavr-20100110/bin/../lib/gcc/avr/4.3.3/../../../../avr/lib/avr6/crtm2560.o
 .bss           0x00800200        0x0 coolant_control.o
 .bss           0x00800200        0x0 eeprom.o
 .bss           0x00800200       0x28 gcode.o
 .bss           0x00800228        0x0 main.o
 .bss           0x00800228        0x0 motion_control.o
 .bss           0x00800228      0x182 planner.o
 .bss           0x008003aa       0x33 serial_protocol.o
 .bss           0x008003dd        0x0 settings.o
 .bss           0x008003dd        0x0 spindle_control.o
 .bss           0x008003dd       0x27 stepper.o
                0x008003dd                gHomed
 .bss           0x00800404      0x104 wiring_serial.o
                0x00800404                rx_buffer_head
                0x00800406                rx_buffer_tail
 .bss           0x00800508        0x0 C:\WinAVR-20100110\avr\lib\avr6\libm.a(addsf3.o)
 .bss           0x00800508        0x0 C:\WinAVR-20100110\avr\lib\avr6\libm.a(addsf3x.o)
 .bss           0x00800508        0x0 C:\WinAVR-20100110\avr\lib\avr6\libm.a(atan.o)
 .bss           0x00800508        0x0 C:\WinAVR-20100110\avr\lib\avr6\libm.a(ceil.o)
 .bss           0x00800508        0x0 C:\WinAVR-20100110\avr\lib\avr6\libm.a(cmpsf2.o)
 .bss           0x00800508        0x0 C:\WinAVR-20100110\avr\lib\avr6\libm.a(divsf3.o)
 .bss           0x00800508        0x0 C:\WinAVR-20100110\avr\lib\avr6\libm.a(divsf3x.o)
 .bss           0x00800508        0x0 C:\WinAVR-20100110\avr\lib\avr6\libm.a(fixsfsi.o)
 .bss           0x00800508        0x0 C:\WinAVR-20100110\avr\lib\avr6\libm.a(fixunssfsi.o)
 .bss           0x00800508        0x0 C:\WinAVR-20100110\avr\lib\avr6\libm.a(floatsisf.o)
 .bss           0x00800508        0x0 C:\WinAVR-20100110\avr\lib\avr6\libm.a(floor.o)
 .bss           0x00800508        0x0 C:\WinAVR-20100110\avr\lib\avr6\libm.a(fp_cmp.o)
 .bss           0x00800508        0x0 C:\WinAVR-20100110\avr\lib\avr6\libm.a(fp_inf.o)
 .bss           0x00800508        0x0 C:\WinAVR-20100110\avr\lib\avr6\libm.a(fp_mintl.o)
 .bss           0x00800508        0x0 C:\WinAVR-20100110\avr\lib\avr6\libm.a(fp_mpack.o)
 .bss           0x00800508        0x0 C:\WinAVR-20100110\avr\lib\avr6\libm.a(fp_nan.o)
 .bss           0x00800508        0x0 C:\WinAVR-20100110\avr\lib\avr6\libm.a(fp_powser.o)
 .bss           0x00800508        0x0 C:\WinAVR-20100110\avr\lib\avr6\libm.a(fp_pscA.o)
 .bss           0x00800508        0x0 C:\WinAVR-20100110\avr\lib\avr6\libm.a(fp_pscB.o)
 .bss           0x00800508        0x0 C:\WinAVR-20100110\avr\lib\avr6\libm.a(fp_round.o)
 .bss           0x00800508        0x0 C:\WinAVR-20100110\avr\lib\avr6\libm.a(fp_split3.o)
 .bss           0x00800508        0x0 C:\WinAVR-20100110\avr\lib\avr6\libm.a(fp_trunc.o)
 .bss           0x00800508        0x0 C:\WinAVR-20100110\avr\lib\avr6\libm.a(fp_zero.o)
 .bss           0x00800508        0x0 C:\WinAVR-20100110\avr\lib\avr6\libm.a(gesf2.o)
 .bss           0x00800508        0x0 C:\WinAVR-20100110\avr\lib\avr6\libm.a(inverse.o)
 .bss           0x00800508        0x0 C:\WinAVR-20100110\avr\lib\avr6\libm.a(lround.o)
 .bss           0x00800508        0x0 C:\WinAVR-20100110\avr\lib\avr6\libm.a(modf.o)
 .bss           0x00800508        0x0 C:\WinAVR-20100110\avr\lib\avr6\libm.a(mulsf3.o)
 .bss           0x00800508        0x0 C:\WinAVR-20100110\avr\lib\avr6\libm.a(mulsf3x.o)
 .bss           0x00800508        0x0 C:\WinAVR-20100110\avr\lib\avr6\libm.a(round.o)
 .bss           0x00800508        0x0 C:\WinAVR-20100110\avr\lib\avr6\libm.a(sqrt.o)
 .bss           0x00800508        0x0 C:\WinAVR-20100110\avr\lib\avr6\libm.a(square.o)
 .bss           0x00800508        0x0 C:\WinAVR-20100110\avr\lib\avr6\libm.a(trunc.o)
 .bss           0x00800508        0x0 C:\WinAVR-20100110\avr\lib\avr6\libm.a(fp_norm2.o)
 .bss           0x00800508        0x0 d:/winavr-20100110/bin/../lib/gcc/avr/4.3.3/avr6\libgcc.a(_mulsi3.o)
 .bss           0x00800508        0x0 d:/winavr-20100110/bin/../lib/gcc/avr/4.3.3/avr6\libgcc.a(_divmodhi4.o)
 .bss           0x00800508        0x0 d:/winavr-20100110/bin/../lib/gcc/avr/4.3.3/avr6\libgcc.a(_udivmodsi4.o)
 .bss           0x00800508        0x0 d:/winavr-20100110/bin/../lib/gcc/avr/4.3.3/avr6\libgcc.a(_divmodsi4.o)
 .bss           0x00800508        0x0 d:/winavr-20100110/bin/../lib/gcc/avr/4.3.3/avr6\libgcc.a(_exit.o)
 .bss           0x00800508        0x0 d:/winavr-20100110/bin/../lib/gcc/avr/4.3.3/avr6\libgcc.a(_clear_bss.o)
 .bss           0x00800508        0x0 d:/winavr-20100110/bin/../lib/gcc/avr/4.3.3/avr6\libgcc.a(_udivmodhi4.o)
 .bss           0x00800508        0x0 C:\WinAVR-20100110\avr\lib\avr6\libc.a(strtod.o)
 .bss           0x00800508        0x0 C:\WinAVR-20100110\avr\lib\avr6\libc.a(isspace.o)
 .bss           0x00800508        0x0 C:\WinAVR-20100110\avr\lib\avr6\libc.a(strncasecmp_P.o)
 .bss           0x00800508        0x0 C:\WinAVR-20100110\avr\lib\avr6\libc.a(errno.o)
 .bss           0x00800508        0x0 C:\WinAVR-20100110\avr\lib\avr6\libc.a(cty_isfalse.o)
 *(.bss*)
 *(COMMON)
 COMMON         0x00800508       0x26 settings.o
                0x00800508                settings
 COMMON         0x0080052e        0x2 C:\WinAVR-20100110\avr\lib\avr6\libc.a(errno.o)
                0x0080052e                errno
                0x00800530                PROVIDE (__bss_end, .)
                0x000050ae                __data_load_start = LOADADDR (.data)
                0x000050ae                __data_load_end = (__data_load_start + SIZEOF (.data))

.noinit         0x00800530        0x0
                0x00800530                PROVIDE (__noinit_start, .)
 *(.noinit*)
                0x00800530                PROVIDE (__noinit_end, .)
                0x00800530                _end = .
                0x00800530                PROVIDE (__heap_start, .)

.eeprom         0x00810000        0x0
 *(.eeprom*)
                0x00810000                __eeprom_end = .

.fuse
 *(.fuse)
 *(.lfuse)
 *(.hfuse)
 *(.efuse)

.lock
 *(.lock*)

.signature
 *(.signature*)

.stab
 *(.stab)

.stabstr
 *(.stabstr)

.stab.excl
 *(.stab.excl)

.stab.exclstr
 *(.stab.exclstr)

.stab.index
 *(.stab.index)

.stab.indexstr
 *(.stab.indexstr)

.comment
 *(.comment)

.debug
 *(.debug)

.line
 *(.line)

.debug_srcinfo
 *(.debug_srcinfo)

.debug_sfnames
 *(.debug_sfnames)

.debug_aranges  0x00000000      0x338
 *(.debug_aranges)
 .debug_aranges
                0x00000000       0x28 coolant_control.o
 .debug_aranges
                0x00000028       0x38 eeprom.o
 .debug_aranges
                0x00000060       0x48 gcode.o
 .debug_aranges
                0x000000a8       0x20 main.o
 .debug_aranges
                0x000000c8       0x28 motion_control.o
 .debug_aranges
                0x000000f0       0x90 planner.o
 .debug_aranges
                0x00000180       0x28 serial_protocol.o
 .debug_aranges
                0x000001a8       0x48 settings.o
 .debug_aranges
                0x000001f0       0x30 spindle_control.o
 .debug_aranges
                0x00000220       0x98 stepper.o
 .debug_aranges
                0x000002b8       0x80 wiring_serial.o

.debug_pubnames
                0x00000000      0x670
 *(.debug_pubnames)
 .debug_pubnames
                0x00000000       0x35 coolant_control.o
 .debug_pubnames
                0x00000035       0x82 eeprom.o
 .debug_pubnames
                0x000000b7       0x70 gcode.o
 .debug_pubnames
                0x00000127       0x1b main.o
 .debug_pubnames
                0x00000142       0x2e motion_control.o
 .debug_pubnames
                0x00000170      0x1c0 planner.o
 .debug_pubnames
                0x00000330       0x2d serial_protocol.o
 .debug_pubnames
                0x0000035d       0x96 settings.o
 .debug_pubnames
                0x000003f3       0x44 spindle_control.o
 .debug_pubnames
                0x00000437      0x126 stepper.o
 .debug_pubnames
                0x0000055d      0x113 wiring_serial.o

.debug_info     0x00000000     0x36fa
 *(.debug_info)
 .debug_info    0x00000000       0xa5 coolant_control.o
 .debug_info    0x000000a5      0x251 eeprom.o
 .debug_info    0x000002f6      0x789 gcode.o
 .debug_info    0x00000a7f       0xc2 main.o
 .debug_info    0x00000b41      0x15e motion_control.o
 .debug_info    0x00000c9f      0xc0d planner.o
 .debug_info    0x000018ac      0x29c serial_protocol.o
 .debug_info    0x00001b48      0x5db settings.o
 .debug_info    0x00002123       0xdd spindle_control.o
 .debug_info    0x00002200      0xdac stepper.o
 .debug_info    0x00002fac      0x74e wiring_serial.o
 *(.gnu.linkonce.wi.*)

.debug_abbrev   0x00000000      0xfcd
 *(.debug_abbrev)
 .debug_abbrev  0x00000000       0x6c coolant_control.o
 .debug_abbrev  0x0000006c      0x136 eeprom.o
 .debug_abbrev  0x000001a2      0x249 gcode.o
 .debug_abbrev  0x000003eb       0x83 main.o
 .debug_abbrev  0x0000046e       0xfd motion_control.o
 .debug_abbrev  0x0000056b      0x2af planner.o
 .debug_abbrev  0x0000081a       0xfc serial_protocol.o
 .debug_abbrev  0x00000916      0x14b settings.o
 .debug_abbrev  0x00000a61       0x8a spindle_control.o
 .debug_abbrev  0x00000aeb      0x2ec stepper.o
 .debug_abbrev  0x00000dd7      0x1f6 wiring_serial.o

.debug_line     0x00000000     0x2dc6
 *(.debug_line)
 .debug_line    0x00000000       0xa2 coolant_control.o
 .debug_line    0x000000a2      0x3fb eeprom.o
 .debug_line    0x0000049d      0x6b5 gcode.o
 .debug_line    0x00000b52       0xb5 main.o
 .debug_line    0x00000c07      0x19d motion_control.o
 .debug_line    0x00000da4      0x8af planner.o
 .debug_line    0x00001653      0x1b5 serial_protocol.o
 .debug_line    0x00001808      0x42b settings.o
 .debug_line    0x00001c33      0x125 spindle_control.o
 .debug_line    0x00001d58      0xacb stepper.o
 .debug_line    0x00002823      0x5a3 wiring_serial.o

.debug_frame    0x00000000      0x510
 *(.debug_frame)
 .debug_frame   0x00000000       0x30 coolant_control.o
 .debug_frame   0x00000030       0x50 eeprom.o
 .debug_frame   0x00000080       0x70 gcode.o
 .debug_frame   0x000000f0       0x20 main.o
 .debug_frame   0x00000110       0x30 motion_control.o
 .debug_frame   0x00000140      0x100 planner.o
 .debug_frame   0x00000240       0x30 serial_protocol.o
 .debug_frame   0x00000270       0x70 settings.o
 .debug_frame   0x000002e0       0x40 spindle_control.o
 .debug_frame   0x00000320      0x110 stepper.o
 .debug_frame   0x00000430       0xe0 wiring_serial.o

.debug_str      0x00000000      0xc5b
 *(.debug_str)
 .debug_str     0x00000000       0xaa coolant_control.o
                                 0xe5 (size before relaxing)
 .debug_str     0x000000aa       0xac eeprom.o
                                0x168 (size before relaxing)
 .debug_str     0x00000156      0x239 gcode.o
                                0x346 (size before relaxing)
 .debug_str     0x0000038f        0xf main.o
                                 0xc9 (size before relaxing)
 .debug_str     0x0000039e       0x7a motion_control.o
                                0x12f (size before relaxing)
 .debug_str     0x00000418      0x3fc planner.o
                                0x5e4 (size before relaxing)
 .debug_str     0x00000814       0x3e serial_protocol.o
                                0x11e (size before relaxing)
 .debug_str     0x00000852       0x7f settings.o
                                0x1d3 (size before relaxing)
 .debug_str     0x000008d1       0x3b spindle_control.o
                                0x103 (size before relaxing)
 .debug_str     0x0000090c      0x234 stepper.o
                                0x4d5 (size before relaxing)
 .debug_str     0x00000b40      0x11b wiring_serial.o
                                0x1e6 (size before relaxing)

.debug_loc      0x00000000     0x218c
 *(.debug_loc)
 .debug_loc     0x00000000      0x263 eeprom.o
 .debug_loc     0x00000263      0x9c2 gcode.o
 .debug_loc     0x00000c25       0xbc motion_control.o
 .debug_loc     0x00000ce1      0x89b planner.o
 .debug_loc     0x0000157c       0x76 serial_protocol.o
 .debug_loc     0x000015f2      0x160 settings.o
 .debug_loc     0x00001752       0x28 spindle_control.o
 .debug_loc     0x0000177a      0x424 stepper.o
 .debug_loc     0x00001b9e      0x5ee wiring_serial.o

.debug_macinfo
 *(.debug_macinfo)
OUTPUT(grbl.elf elf32-avr)
LOAD linker stubs

.debug_ranges   0x00000000      0xed0
 .debug_ranges  0x00000000       0x20 coolant_control.o
 .debug_ranges  0x00000020       0xe0 eeprom.o
 .debug_ranges  0x00000100      0x168 gcode.o
 .debug_ranges  0x00000268       0x18 main.o
 .debug_ranges  0x00000280       0x50 motion_control.o
 .debug_ranges  0x000002d0      0x130 planner.o
 .debug_ranges  0x00000400       0x40 serial_protocol.o
 .debug_ranges  0x00000440       0x80 settings.o
 .debug_ranges  0x000004c0       0x28 spindle_control.o
 .debug_ranges  0x000004e8      0x778 stepper.o
 .debug_ranges  0x00000c60      0x270 wiring_serial.o
