Archive member included because of file (symbol)

C:\WinAVR-20100110\avr\lib\avr6\libm.a(addsf3.o)
                              gcode.o (__subsf3)
C:\WinAVR-20100110\avr\lib\avr6\libm.a(addsf3x.o)
                              C:\WinAVR-20100110\avr\lib\avr6\libm.a(addsf3.o) (__addsf3x)
C:\WinAVR-20100110\avr\lib\avr6\libm.a(atan.o)
                              gcode.o (atan)
C:\WinAVR-20100110\avr\lib\avr6\libm.a(ceil.o)
                              planner.o (ceil)
C:\WinAVR-20100110\avr\lib\avr6\libm.a(cmpsf2.o)
                              gcode.o (__eqsf2)
C:\WinAVR-20100110\avr\lib\avr6\libm.a(divsf3.o)
                              gcode.o (__divsf3)
C:\WinAVR-20100110\avr\lib\avr6\libm.a(divsf3x.o)
                              C:\WinAVR-20100110\avr\lib\avr6\libm.a(divsf3.o) (__divsf3x)
C:\WinAVR-20100110\avr\lib\avr6\libm.a(fixsfsi.o)
                              gcode.o (__fixsfsi)
C:\WinAVR-20100110\avr\lib\avr6\libm.a(fixunssfsi.o)
                              gcode.o (__fixunssfsi)
C:\WinAVR-20100110\avr\lib\avr6\libm.a(floatsisf.o)
                              motion_control.o (__floatunsisf)
C:\WinAVR-20100110\avr\lib\avr6\libm.a(floor.o)
                              planner.o (floor)
C:\WinAVR-20100110\avr\lib\avr6\libm.a(fp_cmp.o)
                              C:\WinAVR-20100110\avr\lib\avr6\libm.a(cmpsf2.o) (__fp_cmp)
C:\WinAVR-20100110\avr\lib\avr6\libm.a(fp_inf.o)
                              C:\WinAVR-20100110\avr\lib\avr6\libm.a(addsf3x.o) (__fp_inf)
C:\WinAVR-20100110\avr\lib\avr6\libm.a(fp_mintl.o)
                              C:\WinAVR-20100110\avr\lib\avr6\libm.a(ceil.o) (__fp_mintl)
C:\WinAVR-20100110\avr\lib\avr6\libm.a(fp_mpack.o)
                              C:\WinAVR-20100110\avr\lib\avr6\libm.a(ceil.o) (__fp_mpack)
C:\WinAVR-20100110\avr\lib\avr6\libm.a(fp_nan.o)
                              C:\WinAVR-20100110\avr\lib\avr6\libm.a(addsf3x.o) (__fp_nan)
C:\WinAVR-20100110\avr\lib\avr6\libm.a(fp_powser.o)
                              C:\WinAVR-20100110\avr\lib\avr6\libm.a(atan.o) (__fp_powser)
C:\WinAVR-20100110\avr\lib\avr6\libm.a(fp_pscA.o)
                              C:\WinAVR-20100110\avr\lib\avr6\libm.a(addsf3x.o) (__fp_pscA)
C:\WinAVR-20100110\avr\lib\avr6\libm.a(fp_pscB.o)
                              C:\WinAVR-20100110\avr\lib\avr6\libm.a(addsf3x.o) (__fp_pscB)
C:\WinAVR-20100110\avr\lib\avr6\libm.a(fp_round.o)
                              C:\WinAVR-20100110\avr\lib\avr6\libm.a(addsf3.o) (__fp_round)
C:\WinAVR-20100110\avr\lib\avr6\libm.a(fp_split3.o)
                              C:\WinAVR-20100110\avr\lib\avr6\libm.a(addsf3x.o) (__fp_split3)
C:\WinAVR-20100110\avr\lib\avr6\libm.a(fp_trunc.o)
                              C:\WinAVR-20100110\avr\lib\avr6\libm.a(ceil.o) (__fp_trunc)
C:\WinAVR-20100110\avr\lib\avr6\libm.a(fp_zero.o)
                              C:\WinAVR-20100110\avr\lib\avr6\libm.a(addsf3x.o) (__fp_zero)
C:\WinAVR-20100110\avr\lib\avr6\libm.a(gesf2.o)
                              gcode.o (__gtsf2)
C:\WinAVR-20100110\avr\lib\avr6\libm.a(inverse.o)
                              C:\WinAVR-20100110\avr\lib\avr6\libm.a(atan.o) (inverse)
C:\WinAVR-20100110\avr\lib\avr6\libm.a(lround.o)
                              planner.o (lround)
C:\WinAVR-20100110\avr\lib\avr6\libm.a(modf.o)
                              wiring_serial.o (modf)
C:\WinAVR-20100110\avr\lib\avr6\libm.a(mulsf3.o)
                              gcode.o (__mulsf3)
C:\WinAVR-20100110\avr\lib\avr6\libm.a(mulsf3x.o)
                              C:\WinAVR-20100110\avr\lib\avr6\libm.a(atan.o) (__mulsf3x)
C:\WinAVR-20100110\avr\lib\avr6\libm.a(round.o)
                              settings.o (round)
C:\WinAVR-20100110\avr\lib\avr6\libm.a(sqrt.o)
                              planner.o (sqrt)
C:\WinAVR-20100110\avr\lib\avr6\libm.a(square.o)
                              planner.o (square)
C:\WinAVR-20100110\avr\lib\avr6\libm.a(trunc.o)
                              gcode.o (trunc)
C:\WinAVR-20100110\avr\lib\avr6\libm.a(fp_norm2.o)
                              C:\WinAVR-20100110\avr\lib\avr6\libm.a(sqrt.o) (__fp_norm2)
c:/winavr-20100110/bin/../lib/gcc/avr/4.3.3/avr6\libgcc.a(_mulsi3.o)
                              planner.o (__mulsi3)
c:/winavr-20100110/bin/../lib/gcc/avr/4.3.3/avr6\libgcc.a(_divmodhi4.o)
                              planner.o (__divmodhi4)
c:/winavr-20100110/bin/../lib/gcc/avr/4.3.3/avr6\libgcc.a(_udivmodsi4.o)
                              stepper.o (__udivmodsi4)
c:/winavr-20100110/bin/../lib/gcc/avr/4.3.3/avr6\libgcc.a(_divmodsi4.o)
                              wiring_serial.o (__divmodsi4)
c:/winavr-20100110/bin/../lib/gcc/avr/4.3.3/avr6\libgcc.a(_exit.o)
                              c:/winavr-20100110/bin/../lib/gcc/avr/4.3.3/../../../../avr/lib/avr6/crtm2560.o (exit)
c:/winavr-20100110/bin/../lib/gcc/avr/4.3.3/avr6\libgcc.a(_clear_bss.o)
                              gcode.o (__do_clear_bss)
c:/winavr-20100110/bin/../lib/gcc/avr/4.3.3/avr6\libgcc.a(_udivmodhi4.o)
                              c:/winavr-20100110/bin/../lib/gcc/avr/4.3.3/avr6\libgcc.a(_divmodhi4.o) (__udivmodhi4)
C:\WinAVR-20100110\avr\lib\avr6\libc.a(rand.o)
                              vacuum_control.o (rand)
C:\WinAVR-20100110\avr\lib\avr6\libc.a(strtod.o)
                              gcode.o (strtod)
C:\WinAVR-20100110\avr\lib\avr6\libc.a(isspace.o)
                              C:\WinAVR-20100110\avr\lib\avr6\libc.a(strtod.o) (isspace)
C:\WinAVR-20100110\avr\lib\avr6\libc.a(strncasecmp_P.o)
                              C:\WinAVR-20100110\avr\lib\avr6\libc.a(strtod.o) (strncasecmp_P)
C:\WinAVR-20100110\avr\lib\avr6\libc.a(errno.o)
                              C:\WinAVR-20100110\avr\lib\avr6\libc.a(strtod.o) (errno)
C:\WinAVR-20100110\avr\lib\avr6\libc.a(cty_isfalse.o)
                              C:\WinAVR-20100110\avr\lib\avr6\libc.a(isspace.o) (__ctype_isfalse)

Allocating common symbols
Common symbol       size              file

max_registers       0x1               usb.o
errno               0x2               C:\WinAVR-20100110\avr\lib\avr6\libc.a(errno.o)
settings            0x26              settings.o
dir_bits            0x1               stepper.o
deviceTable         0x42              max3421e_usb.o

Memory Configuration

Name             Origin             Length             Attributes
text             0x00000000         0x00100000         xr
data             0x00800200         0x0000fe00         rw !x
eeprom           0x00810000         0x00010000         rw !x
fuse             0x00820000         0x00000400         rw !x
lock             0x00830000         0x00000400         rw !x
signature        0x00840000         0x00000400         rw !x
*default*        0x00000000         0xffffffff

Linker script and memory map

Address of section .data set to 0x800200
LOAD c:/winavr-20100110/bin/../lib/gcc/avr/4.3.3/../../../../avr/lib/avr6/crtm2560.o
LOAD coolant_control.o
LOAD eeprom.o
LOAD gcode.o
LOAD main.o
LOAD motion_control.o
LOAD planner.o
LOAD serial_protocol.o
LOAD settings.o
LOAD spindle_control.o
LOAD stepper.o
LOAD wiring_serial.o
LOAD atc_control.o
LOAD head_control.o
LOAD panel_control.o
LOAD vacuum_control.o
LOAD tape_knock.o
LOAD usb.o
LOAD max3421e.o
LOAD SPI.o
LOAD timers.o
LOAD max3421e_usb.o
LOAD C:\WinAVR-20100110\avr\lib\avr6\libm.a
LOAD c:/winavr-20100110/bin/../lib/gcc/avr/4.3.3/avr6\libgcc.a
LOAD C:\WinAVR-20100110\avr\lib\avr6\libc.a
LOAD c:/winavr-20100110/bin/../lib/gcc/avr/4.3.3/avr6\libgcc.a

.hash
 *(.hash)

.dynsym
 *(.dynsym)

.dynstr
 *(.dynstr)

.gnu.version
 *(.gnu.version)

.gnu.version_d
 *(.gnu.version_d)

.gnu.version_r
 *(.gnu.version_r)

.rel.init
 *(.rel.init)

.rela.init
 *(.rela.init)

.rel.text
 *(.rel.text)
 *(.rel.text.*)
 *(.rel.gnu.linkonce.t*)

.rela.text
 *(.rela.text)
 *(.rela.text.*)
 *(.rela.gnu.linkonce.t*)

.rel.fini
 *(.rel.fini)

.rela.fini
 *(.rela.fini)

.rel.rodata
 *(.rel.rodata)
 *(.rel.rodata.*)
 *(.rel.gnu.linkonce.r*)

.rela.rodata
 *(.rela.rodata)
 *(.rela.rodata.*)
 *(.rela.gnu.linkonce.r*)

.rel.data
 *(.rel.data)
 *(.rel.data.*)
 *(.rel.gnu.linkonce.d*)

.rela.data
 *(.rela.data)
 *(.rela.data.*)
 *(.rela.gnu.linkonce.d*)

.rel.ctors
 *(.rel.ctors)

.rela.ctors
 *(.rela.ctors)

.rel.dtors
 *(.rel.dtors)

.rela.dtors
 *(.rela.dtors)

.rel.got
 *(.rel.got)

.rela.got
 *(.rela.got)

.rel.bss
 *(.rel.bss)

.rela.bss
 *(.rela.bss)

.rel.plt
 *(.rel.plt)

.rela.plt
 *(.rela.plt)

.text           0x00000000     0x6452
 *(.vectors)
 .vectors       0x00000000       0xe4 c:/winavr-20100110/bin/../lib/gcc/avr/4.3.3/../../../../avr/lib/avr6/crtm2560.o
                0x00000000                __vectors
                0x00000000                __vector_default
 *(.vectors)
 *(.progmem.gcc*)
 .progmem.gcc_sw_table
                0x000000e4      0x138 gcode.o
 .progmem.gcc_fplib
                0x0000021c       0x2d C:\WinAVR-20100110\avr\lib\avr6\libm.a(atan.o)
 *(.progmem*)
 .progmem.data  0x00000249       0xf3 gcode.o
 .progmem.data  0x0000033c       0x17 main.o
 .progmem.data  0x00000353      0x1f5 settings.o
 .progmem.data  0x00000548       0x4f stepper.o
 .progmem.data  0x00000597       0x12 head_control.o
 .progmem.data  0x000005a9        0x9 vacuum_control.o
 .progmem.data  0x000005b2       0x22 max3421e.o
 .progmem.data  0x000005d4       0x3b C:\WinAVR-20100110\avr\lib\avr6\libc.a(strtod.o)
                0x00000610                . = ALIGN (0x2)
 *fill*         0x0000060f        0x1 00
                0x00000610                __trampolines_start = .
 *(.trampolines)
 .trampolines   0x00000610        0x0 linker stubs
 *(.trampolines*)
                0x00000610                __trampolines_end = .
 *(.jumptables)
 *(.jumptables*)
 *(.lowtext)
 *(.lowtext*)
                0x00000610                __ctors_start = .
 *(.ctors)
                0x00000610                __ctors_end = .
                0x00000610                __dtors_start = .
 *(.dtors)
                0x00000610                __dtors_end = .
 SORT(*)(.ctors)
 SORT(*)(.dtors)
 *(.init0)
 .init0         0x00000610        0x0 c:/winavr-20100110/bin/../lib/gcc/avr/4.3.3/../../../../avr/lib/avr6/crtm2560.o
                0x00000610                __init
 *(.init0)
 *(.init1)
 *(.init1)
 *(.init2)
 .init2         0x00000610       0x10 c:/winavr-20100110/bin/../lib/gcc/avr/4.3.3/../../../../avr/lib/avr6/crtm2560.o
 *(.init2)
 *(.init3)
 *(.init3)
 *(.init4)
 .init4         0x00000620       0x1a c:/winavr-20100110/bin/../lib/gcc/avr/4.3.3/../../../../avr/lib/avr6/crtm2560.o
                0x00000620                __do_copy_data
 .init4         0x0000063a       0x10 c:/winavr-20100110/bin/../lib/gcc/avr/4.3.3/avr6\libgcc.a(_clear_bss.o)
                0x0000063a                __do_clear_bss
 *(.init4)
 *(.init5)
 *(.init5)
 *(.init6)
 *(.init6)
 *(.init7)
 *(.init7)
 *(.init8)
 *(.init8)
 *(.init9)
 .init9         0x0000064a        0x8 c:/winavr-20100110/bin/../lib/gcc/avr/4.3.3/../../../../avr/lib/avr6/crtm2560.o
 *(.init9)
 *(.text)
 .text          0x00000652        0x4 c:/winavr-20100110/bin/../lib/gcc/avr/4.3.3/../../../../avr/lib/avr6/crtm2560.o
                0x00000652                __vector_38
                0x00000652                __vector_22
                0x00000652                __vector_28
                0x00000652                __vector_1
                0x00000652                __vector_34
                0x00000652                __vector_24
                0x00000652                __vector_12
                0x00000652                __vector_55
                0x00000652                __vector_46
                0x00000652                __bad_interrupt
                0x00000652                __vector_6
                0x00000652                __vector_31
                0x00000652                __vector_35
                0x00000652                __vector_39
                0x00000652                __vector_3
                0x00000652                __vector_30
                0x00000652                __vector_45
                0x00000652                __vector_11
                0x00000652                __vector_54
                0x00000652                __vector_13
                0x00000652                __vector_19
                0x00000652                __vector_56
                0x00000652                __vector_7
                0x00000652                __vector_49
                0x00000652                __vector_41
                0x00000652                __vector_43
                0x00000652                __vector_27
                0x00000652                __vector_5
                0x00000652                __vector_33
                0x00000652                __vector_47
                0x00000652                __vector_52
                0x00000652                __vector_37
                0x00000652                __vector_4
                0x00000652                __vector_44
                0x00000652                __vector_51
                0x00000652                __vector_9
                0x00000652                __vector_2
                0x00000652                __vector_21
                0x00000652                __vector_36
                0x00000652                __vector_29
                0x00000652                __vector_40
                0x00000652                __vector_8
                0x00000652                __vector_26
                0x00000652                __vector_48
                0x00000652                __vector_14
                0x00000652                __vector_53
                0x00000652                __vector_10
                0x00000652                __vector_50
                0x00000652                __vector_16
                0x00000652                __vector_18
                0x00000652                __vector_42
 .text          0x00000656        0x0 coolant_control.o
 .text          0x00000656        0x0 eeprom.o
 .text          0x00000656        0x0 gcode.o
 .text          0x00000656        0x0 main.o
 .text          0x00000656        0x0 motion_control.o
 .text          0x00000656        0x0 planner.o
 .text          0x00000656        0x0 serial_protocol.o
 .text          0x00000656        0x0 settings.o
 .text          0x00000656        0x0 spindle_control.o
 .text          0x00000656        0x0 stepper.o
 .text          0x00000656        0x0 wiring_serial.o
 .text          0x00000656        0x0 atc_control.o
 .text          0x00000656        0x0 head_control.o
 .text          0x00000656        0x0 panel_control.o
 .text          0x00000656        0x0 vacuum_control.o
 .text          0x00000656        0x0 tape_knock.o
 .text          0x00000656        0x0 usb.o
 .text          0x00000656        0x0 max3421e.o
 .text          0x00000656        0x0 SPI.o
 .text          0x00000656        0x0 timers.o
 .text          0x00000656        0x0 max3421e_usb.o
 .text          0x00000656        0x0 C:\WinAVR-20100110\avr\lib\avr6\libm.a(addsf3.o)
 .text          0x00000656        0x0 C:\WinAVR-20100110\avr\lib\avr6\libm.a(addsf3x.o)
 .text          0x00000656        0x0 C:\WinAVR-20100110\avr\lib\avr6\libm.a(atan.o)
 .text          0x00000656        0x0 C:\WinAVR-20100110\avr\lib\avr6\libm.a(ceil.o)
 .text          0x00000656        0x0 C:\WinAVR-20100110\avr\lib\avr6\libm.a(cmpsf2.o)
 .text          0x00000656        0x0 C:\WinAVR-20100110\avr\lib\avr6\libm.a(divsf3.o)
 .text          0x00000656        0x0 C:\WinAVR-20100110\avr\lib\avr6\libm.a(divsf3x.o)
 .text          0x00000656        0x0 C:\WinAVR-20100110\avr\lib\avr6\libm.a(fixsfsi.o)
 .text          0x00000656        0x0 C:\WinAVR-20100110\avr\lib\avr6\libm.a(fixunssfsi.o)
 .text          0x00000656        0x0 C:\WinAVR-20100110\avr\lib\avr6\libm.a(floatsisf.o)
 .text          0x00000656        0x0 C:\WinAVR-20100110\avr\lib\avr6\libm.a(floor.o)
 .text          0x00000656        0x0 C:\WinAVR-20100110\avr\lib\avr6\libm.a(fp_cmp.o)
 .text          0x00000656        0x0 C:\WinAVR-20100110\avr\lib\avr6\libm.a(fp_inf.o)
 .text          0x00000656        0x0 C:\WinAVR-20100110\avr\lib\avr6\libm.a(fp_mintl.o)
 .text          0x00000656        0x0 C:\WinAVR-20100110\avr\lib\avr6\libm.a(fp_mpack.o)
 .text          0x00000656        0x0 C:\WinAVR-20100110\avr\lib\avr6\libm.a(fp_nan.o)
 .text          0x00000656        0x0 C:\WinAVR-20100110\avr\lib\avr6\libm.a(fp_powser.o)
 .text          0x00000656        0x0 C:\WinAVR-20100110\avr\lib\avr6\libm.a(fp_pscA.o)
 .text          0x00000656        0x0 C:\WinAVR-20100110\avr\lib\avr6\libm.a(fp_pscB.o)
 .text          0x00000656        0x0 C:\WinAVR-20100110\avr\lib\avr6\libm.a(fp_round.o)
 .text          0x00000656        0x0 C:\WinAVR-20100110\avr\lib\avr6\libm.a(fp_split3.o)
 .text          0x00000656        0x0 C:\WinAVR-20100110\avr\lib\avr6\libm.a(fp_trunc.o)
 .text          0x00000656        0x0 C:\WinAVR-20100110\avr\lib\avr6\libm.a(fp_zero.o)
 .text          0x00000656        0x0 C:\WinAVR-20100110\avr\lib\avr6\libm.a(gesf2.o)
 .text          0x00000656        0x0 C:\WinAVR-20100110\avr\lib\avr6\libm.a(inverse.o)
 .text          0x00000656        0x0 C:\WinAVR-20100110\avr\lib\avr6\libm.a(lround.o)
 .text          0x00000656        0x0 C:\WinAVR-20100110\avr\lib\avr6\libm.a(modf.o)
 .text          0x00000656        0x0 C:\WinAVR-20100110\avr\lib\avr6\libm.a(mulsf3.o)
 .text          0x00000656        0x0 C:\WinAVR-20100110\avr\lib\avr6\libm.a(mulsf3x.o)
 .text          0x00000656        0x0 C:\WinAVR-20100110\avr\lib\avr6\libm.a(round.o)
 .text          0x00000656        0x0 C:\WinAVR-20100110\avr\lib\avr6\libm.a(sqrt.o)
 .text          0x00000656        0x0 C:\WinAVR-20100110\avr\lib\avr6\libm.a(square.o)
 .text          0x00000656        0x0 C:\WinAVR-20100110\avr\lib\avr6\libm.a(trunc.o)
 .text          0x00000656        0x0 C:\WinAVR-20100110\avr\lib\avr6\libm.a(fp_norm2.o)
 .text          0x00000656        0x0 c:/winavr-20100110/bin/../lib/gcc/avr/4.3.3/avr6\libgcc.a(_mulsi3.o)
 .text          0x00000656        0x0 c:/winavr-20100110/bin/../lib/gcc/avr/4.3.3/avr6\libgcc.a(_divmodhi4.o)
 .text          0x00000656        0x0 c:/winavr-20100110/bin/../lib/gcc/avr/4.3.3/avr6\libgcc.a(_udivmodsi4.o)
 .text          0x00000656        0x0 c:/winavr-20100110/bin/../lib/gcc/avr/4.3.3/avr6\libgcc.a(_divmodsi4.o)
 .text          0x00000656        0x0 c:/winavr-20100110/bin/../lib/gcc/avr/4.3.3/avr6\libgcc.a(_exit.o)
 .text          0x00000656        0x0 c:/winavr-20100110/bin/../lib/gcc/avr/4.3.3/avr6\libgcc.a(_clear_bss.o)
 .text          0x00000656        0x0 c:/winavr-20100110/bin/../lib/gcc/avr/4.3.3/avr6\libgcc.a(_udivmodhi4.o)
 .text          0x00000656        0x0 C:\WinAVR-20100110\avr\lib\avr6\libc.a(rand.o)
 .text          0x00000656        0x0 C:\WinAVR-20100110\avr\lib\avr6\libc.a(strtod.o)
 .text          0x00000656        0x0 C:\WinAVR-20100110\avr\lib\avr6\libc.a(isspace.o)
 .text          0x00000656        0x0 C:\WinAVR-20100110\avr\lib\avr6\libc.a(strncasecmp_P.o)
 .text          0x00000656        0x0 C:\WinAVR-20100110\avr\lib\avr6\libc.a(errno.o)
 .text          0x00000656        0x0 C:\WinAVR-20100110\avr\lib\avr6\libc.a(cty_isfalse.o)
                0x00000656                . = ALIGN (0x2)
 *(.text.*)
 .text.coolant_init
                0x00000656        0x4 coolant_control.o
                0x00000656                coolant_init
 .text.coolant_flood
                0x0000065a        0xc coolant_control.o
                0x0000065a                coolant_flood
 .text.eeprom_get_char
                0x00000666       0x10 eeprom.o
                0x00000666                eeprom_get_char
 .text.eeprom_put_char
                0x00000676       0x42 eeprom.o
                0x00000676                eeprom_put_char
 .text.memcpy_to_eeprom_with_checksum
                0x000006b8       0x78 eeprom.o
                0x000006b8                memcpy_to_eeprom_with_checksum
 .text.memcpy_from_eeprom_with_checksum
                0x00000730       0x7e eeprom.o
                0x00000730                memcpy_from_eeprom_with_checksum
 .text.select_plane
                0x000007ae        0xe gcode.o
                0x000007ae                select_plane
 .text.set_feeder_x
                0x000007bc       0x12 gcode.o
                0x000007bc                set_feeder_x
 .text.set_feeder_y
                0x000007ce       0x12 gcode.o
                0x000007ce                set_feeder_y
 .text.gotoxy   0x000007e0      0x1ae gcode.o
                0x000007e0                gotoxy
 .text.read_double
                0x0000098e       0x82 gcode.o
                0x0000098e                read_double
 .text.next_statement
                0x00000a10       0x68 gcode.o
                0x00000a10                next_statement
 .text.gc_init  0x00000a78       0x7c gcode.o
                0x00000a78                gc_init
 .text.gc_execute_line
                0x00000af4      0x9ee gcode.o
                0x00000af4                gc_execute_line
 .text.theta    0x000014e2       0x8c gcode.o
                0x000014e2                theta
 .text.main     0x0000156e       0xb2 main.o
                0x0000156e                main
 .text.pb_usbEventHandler
                0x00001620       0x26 main.o
 .text.mc_go_home
                0x00001646        0x6 motion_control.o
                0x00001646                mc_go_home
 .text.mc_dwell
                0x0000164c       0xa8 motion_control.o
                0x0000164c                mc_dwell
 .text.factor_for_safe_speed
                0x000016f4       0x20 planner.o
                0x000016f4                factor_for_safe_speed
 .text.plan_is_acceleration_manager_enabled
                0x00001714        0x8 planner.o
                0x00001714                plan_is_acceleration_manager_enabled
 .text.plan_discard_current_block
                0x0000171c       0x32 planner.o
                0x0000171c                plan_discard_current_block
 .text.plan_get_current_block
                0x0000174e       0x52 planner.o
                0x0000174e                plan_get_current_block
 .text.planner_forward_pass_kernel
                0x000017a0      0x10c planner.o
                0x000017a0                planner_forward_pass_kernel
 .text.planner_forward_pass
                0x000018ac       0x9a planner.o
                0x000018ac                planner_forward_pass
 .text.plan_set_current
                0x00001946      0x106 planner.o
                0x00001946                plan_set_current
 .text.plan_set_acceleration_manager_enabled
                0x00001a4c       0x3a planner.o
                0x00001a4c                plan_set_acceleration_manager_enabled
 .text.plan_init
                0x00001a86       0x28 planner.o
                0x00001a86                plan_init
 .text.planner_reverse_pass_kernel
                0x00001aae      0x284 planner.o
                0x00001aae                planner_reverse_pass_kernel
 .text.planner_reverse_pass
                0x00001d32       0xa4 planner.o
                0x00001d32                planner_reverse_pass
 .text.calculate_trapezoid_for_block
                0x00001dd6      0x2a0 planner.o
                0x00001dd6                calculate_trapezoid_for_block
 .text.planner_recalculate_trapezoids
                0x00002076       0xaa planner.o
                0x00002076                planner_recalculate_trapezoids
 .text.planner_recalculate
                0x00002120        0xe planner.o
                0x00002120                planner_recalculate
 .text.plan_buffer_line
                0x0000212e      0x868 planner.o
                0x0000212e                plan_buffer_line
 .text.sp_process
                0x00002996       0xda serial_protocol.o
                0x00002996                sp_process
 .text.sp_init  0x00002a70        0xe serial_protocol.o
                0x00002a70                sp_init
 .text.settings_reset
                0x00002a7e       0xc8 settings.o
                0x00002a7e                settings_reset
 .text.read_settings
                0x00002b46       0x84 settings.o
                0x00002b46                read_settings
 .text.write_settings
                0x00002bca       0x1c settings.o
                0x00002bca                write_settings
 .text.settings_store_setting
                0x00002be6      0x146 settings.o
                0x00002be6                settings_store_setting
 .text.settings_dump
                0x00002d2c      0x1a8 settings.o
                0x00002d2c                settings_dump
 .text.settings_init
                0x00002ed4       0x18 settings.o
                0x00002ed4                settings_init
 .text.spindle_init
                0x00002eec       0x10 spindle_control.o
                0x00002eec                spindle_init
 .text.spindle_run
                0x00002efc       0x20 spindle_control.o
                0x00002efc                spindle_run
 .text.spindle_stop
                0x00002f1c        0xc spindle_control.o
                0x00002f1c                spindle_stop
 .text.rotate_head
                0x00002f28       0x22 spindle_control.o
                0x00002f28                rotate_head
 .text.st_wake_up
                0x00002f4a        0xc stepper.o
                0x00002f4a                st_wake_up
 .text.set_busy
                0x00002f56        0xc stepper.o
                0x00002f56                set_busy
 .text.get_busy
                0x00002f62        0xc stepper.o
                0x00002f62                get_busy
 .text.__vector_15
                0x00002f6e       0x1e stepper.o
                0x00002f6e                __vector_15
 .text.st_enable
                0x00002f8c        0x4 stepper.o
                0x00002f8c                st_enable
 .text.st_disable
                0x00002f90        0x4 stepper.o
                0x00002f90                st_disable
 .text.st_is_enabled
                0x00002f94       0x1e stepper.o
                0x00002f94                st_is_enabled
 .text.config_step_timer
                0x00002fb2      0x14a stepper.o
                0x00002fb2                config_step_timer
 .text.set_step_events_per_minute
                0x000030fc       0x48 stepper.o
                0x000030fc                set_step_events_per_minute
 .text.st_init  0x00003144       0x80 stepper.o
                0x00003144                st_init
 .text.xHome    0x000031c4        0x6 stepper.o
                0x000031c4                xHome
 .text.yHome    0x000031ca        0x6 stepper.o
                0x000031ca                yHome
 .text.head_moving
                0x000031d0        0xe stepper.o
                0x000031d0                head_moving
 .text.limits_init
                0x000031de       0x52 stepper.o
                0x000031de                limits_init
 .text.get_limit_bits
                0x00003230       0x20 stepper.o
                0x00003230                get_limit_bits
 .text.yLimit2  0x00003250       0x1e stepper.o
                0x00003250                yLimit2
 .text.moveBack
                0x0000326e       0x6c stepper.o
                0x0000326e                moveBack
 .text.yLimit1  0x000032da       0x1e stepper.o
                0x000032da                yLimit1
 .text.moveForward
                0x000032f8       0x5a stepper.o
                0x000032f8                moveForward
 .text.xLimit2  0x00003352       0x1e stepper.o
                0x00003352                xLimit2
 .text.moveRight
                0x00003370       0x6c stepper.o
                0x00003370                moveRight
 .text.xLimit1  0x000033dc       0x1e stepper.o
                0x000033dc                xLimit1
 .text.moveLeft
                0x000033fa       0x6a stepper.o
                0x000033fa                moveLeft
 .text.st_go_home
                0x00003464       0xf4 stepper.o
                0x00003464                st_go_home
 .text.st_synchronize
                0x00003558       0x1a stepper.o
                0x00003558                st_synchronize
 .text.__vector_17
                0x00003572      0x55c stepper.o
                0x00003572                __vector_17
 .text.beginSerial
                0x00003ace       0x78 wiring_serial.o
                0x00003ace                beginSerial
 .text.serialWrite
                0x00003b46       0x10 wiring_serial.o
                0x00003b46                serialWrite
 .text.serialAvailable
                0x00003b56       0x22 wiring_serial.o
                0x00003b56                serialAvailable
 .text.serialRead
                0x00003b78       0x40 wiring_serial.o
                0x00003b78                serialRead
 .text.serialFlush
                0x00003bb8       0x12 wiring_serial.o
                0x00003bb8                serialFlush
 .text.printByte
                0x00003bca       0x10 wiring_serial.o
                0x00003bca                printByte
 .text.printString
                0x00003bda       0x1e wiring_serial.o
                0x00003bda                printString
 .text.printPgmString
                0x00003bf8       0x1e wiring_serial.o
                0x00003bf8                printPgmString
 .text.printIntegerInBase
                0x00003c16      0x128 wiring_serial.o
                0x00003c16                printIntegerInBase
 .text.printInteger
                0x00003d3e       0x38 wiring_serial.o
                0x00003d3e                printInteger
 .text.printBinary
                0x00003d76        0xe wiring_serial.o
                0x00003d76                printBinary
 .text.printFloat
                0x00003d84       0x86 wiring_serial.o
                0x00003d84                printFloat
 .text.__vector_25
                0x00003e0a       0x92 wiring_serial.o
                0x00003e0a                __vector_25
 .text.atc_init
                0x00003e9c       0x26 atc_control.o
                0x00003e9c                atc_init
 .text.has_tool
                0x00003ec2        0x4 atc_control.o
                0x00003ec2                has_tool
 .text.atc_fire
                0x00003ec6      0x14a atc_control.o
                0x00003ec6                atc_fire
 .text.DropTool
                0x00004010       0x42 atc_control.o
                0x00004010                DropTool
 .text.PickupTool
                0x00004052       0x4a atc_control.o
                0x00004052                PickupTool
 .text.atc_change
                0x0000409c       0x40 atc_control.o
                0x0000409c                atc_change
 .text.check_for_tool
                0x000040dc       0x52 atc_control.o
                0x000040dc                check_for_tool
 .text.head_init
                0x0000412e       0x1e head_control.o
                0x0000412e                head_init
 .text.is_head_down
                0x0000414c        0x6 head_control.o
                0x0000414c                is_head_down
 .text.is_rotated
                0x00004152        0xc head_control.o
                0x00004152                is_rotated
 .text.head_down
                0x0000415e       0x78 head_control.o
                0x0000415e                head_down
 .text.panel_init
                0x000041d6       0x80 panel_control.o
                0x000041d6                panel_init
 .text.is_pleft
                0x00004256        0xe panel_control.o
                0x00004256                is_pleft
 .text.is_pright
                0x00004264        0xe panel_control.o
                0x00004264                is_pright
 .text.is_pback
                0x00004272        0xc panel_control.o
                0x00004272                is_pback
 .text.is_pforward
                0x0000427e        0xc panel_control.o
                0x0000427e                is_pforward
 .text.is_phead
                0x0000428a        0xc panel_control.o
                0x0000428a                is_phead
 .text.is_pvac  0x00004296        0xa panel_control.o
                0x00004296                is_pvac
 .text.is_pfast
                0x000042a0        0xa panel_control.o
                0x000042a0                is_pfast
 .text.is_phome
                0x000042aa        0xe panel_control.o
                0x000042aa                is_phome
 .text.is_pteach
                0x000042b8        0xc panel_control.o
                0x000042b8                is_pteach
 .text.__vector_32
                0x000042c4       0x14 panel_control.o
                0x000042c4                __vector_32
 .text.process_panel
                0x000042d8       0x66 panel_control.o
                0x000042d8                process_panel
 .text.vacuum_init
                0x0000433e       0x1a vacuum_control.o
                0x0000433e                vacuum_init
 .text.vacuum   0x00004358       0x44 vacuum_control.o
                0x00004358                vacuum
 .text.vacuum_state
                0x0000439c        0xc vacuum_control.o
                0x0000439c                vacuum_state
 .text.run_vacuum_test
                0x000043a8       0x74 vacuum_control.o
                0x000043a8                run_vacuum_test
 .text.goto_vacpad
                0x0000441c      0x2a6 vacuum_control.o
                0x0000441c                goto_vacpad
 .text.test_mode
                0x000046c2       0xe4 vacuum_control.o
                0x000046c2                test_mode
 .text.vacuum_test
                0x000047a6       0x18 vacuum_control.o
                0x000047a6                vacuum_test
 .text.tape_init
                0x000047be        0xc tape_knock.o
                0x000047be                tape_init
 .text.tape_knock
                0x000047ca       0x84 tape_knock.o
                0x000047ca                tape_knock
 .text.putdown_part
                0x0000484e       0x82 tape_knock.o
                0x0000484e                putdown_part
 .text.pickup_part
                0x000048d0       0x70 tape_knock.o
                0x000048d0                pickup_part
 .text.usb_setEventHandler
                0x00004940        0xa usb.o
                0x00004940                usb_setEventHandler
 .text.usb_fireEvent
                0x0000494a        0xc usb.o
                0x0000494a                usb_fireEvent
 .text.usb_initEndPoint
                0x00004956        0xe usb.o
                0x00004956                usb_initEndPoint
 .text.usb_initDevice
                0x00004964       0x58 usb.o
                0x00004964                usb_initDevice
 .text.usb_printDeviceInfo
                0x000049bc       0x30 usb.o
                0x000049bc                usb_printDeviceInfo
 .text.max3421e_write
                0x000049ec       0x18 max3421e.o
                0x000049ec                max3421e_write
 .text.max3421e_writeMultiple
                0x00004a04       0x38 max3421e.o
                0x00004a04                max3421e_writeMultiple
 .text.max3421e_read
                0x00004a3c       0x18 max3421e.o
                0x00004a3c                max3421e_read
 .text.max3421e_readMultiple
                0x00004a54       0x36 max3421e.o
                0x00004a54                max3421e_readMultiple
 .text.max3421e_getVbusState
                0x00004a8a        0x6 max3421e.o
                0x00004a8a                max3421e_getVbusState
 .text.max3421e_busprobe
                0x00004a90       0x62 max3421e.o
                0x00004a90                max3421e_busprobe
 .text.max3421e_interruptHandler
                0x00004af2       0x2a max3421e.o
                0x00004af2                max3421e_interruptHandler
 .text.max3421e_gpxInterruptHandler
                0x00004b1c        0x8 max3421e.o
                0x00004b1c                max3421e_gpxInterruptHandler
 .text.max3421e_poll
                0x00004b24       0x26 max3421e.o
                0x00004b24                max3421e_poll
 .text.max3421e_reset
                0x00004b4a       0x3c max3421e.o
                0x00004b4a                max3421e_reset
 .text.max3421e_powerOn
                0x00004b86       0x52 max3421e.o
                0x00004b86                max3421e_powerOn
 .text.max3421e_init
                0x00004bd8       0x24 max3421e.o
                0x00004bd8                max3421e_init
 .text.spi_begin
                0x00004bfc       0x1e SPI.o
                0x00004bfc                spi_begin
 .text.__vector_23
                0x00004c1a       0x90 timers.o
                0x00004c1a                __vector_23
 .text.avr_millis
                0x00004caa       0x1e timers.o
                0x00004caa                avr_millis
 .text.avr_ticks
                0x00004cc8       0x80 timers.o
                0x00004cc8                avr_ticks
 .text.avr_delay
                0x00004d48       0x58 timers.o
                0x00004d48                avr_delay
 .text.avr_micros
                0x00004da0       0x40 timers.o
                0x00004da0                avr_micros
 .text.__vector_20
                0x00004de0       0x2e timers.o
                0x00004de0                __vector_20
 .text.avr_timer1Init
                0x00004e0e       0x1c timers.o
                0x00004e0e                avr_timer1Init
 .text.setup_timer
                0x00004e2a       0x1e timers.o
                0x00004e2a                setup_timer
 .text.usb_getUsbTaskState
                0x00004e48        0x6 max3421e_usb.o
                0x00004e48                usb_getUsbTaskState
 .text.usb_setUsbTaskState
                0x00004e4e        0x6 max3421e_usb.o
                0x00004e4e                usb_setUsbTaskState
 .text.usb_getDevice
                0x00004e54       0x1e max3421e_usb.o
                0x00004e54                usb_getDevice
 .text.usb_write
                0x00004e72      0x1b2 max3421e_usb.o
                0x00004e72                usb_write
 .text.usb_bulkWrite
                0x00005024       0x12 max3421e_usb.o
                0x00005024                usb_bulkWrite
 .text.usb_dispatchPacket
                0x00005036       0xf2 max3421e_usb.o
                0x00005036                usb_dispatchPacket
 .text.usb_read
                0x00005128       0xd4 max3421e_usb.o
                0x00005128                usb_read
 .text.usb_ctrlData
                0x000051fc       0x36 max3421e_usb.o
                0x000051fc                usb_ctrlData
 .text.usb_controlRequest
                0x00005232       0xf8 max3421e_usb.o
                0x00005232                usb_controlRequest
 .text.usb_setConfiguration
                0x0000532a       0x36 max3421e_usb.o
                0x0000532a                usb_setConfiguration
 .text.usb_setAddress
                0x00005360       0x36 max3421e_usb.o
                0x00005360                usb_setAddress
 .text.usb_getConfigurationDescriptor
                0x00005396       0xa6 max3421e_usb.o
                0x00005396                usb_getConfigurationDescriptor
 .text.usb_getDeviceDescriptor
                0x0000543c       0x36 max3421e_usb.o
                0x0000543c                usb_getDeviceDescriptor
 .text.usb_getString
                0x00005472      0x10a max3421e_usb.o
                0x00005472                usb_getString
 .text.usb_bulkRead
                0x0000557c       0x34 max3421e_usb.o
                0x0000557c                usb_bulkRead
 .text.usb_init
                0x000055b0       0x2a max3421e_usb.o
                0x000055b0                usb_init
 .text.usb_poll
                0x000055da      0x220 max3421e_usb.o
                0x000055da                usb_poll
 .text.avr-libc.fplib
                0x000057fa        0xa C:\WinAVR-20100110\avr\lib\avr6\libm.a(addsf3.o)
                0x000057fa                __subsf3
                0x000057fc                __addsf3
 .text.avr-libc.fplib
                0x00005804       0xc0 C:\WinAVR-20100110\avr\lib\avr6\libm.a(addsf3x.o)
                0x0000581e                __addsf3x
 .text.avr-libc.fplib
                0x000058c4       0x50 C:\WinAVR-20100110\avr\lib\avr6\libm.a(atan.o)
                0x000058c4                atan
 .text.avr-libc.fplib
                0x00005914       0x26 C:\WinAVR-20100110\avr\lib\avr6\libm.a(ceil.o)
                0x00005914                ceil
 .text.avr-libc.fplib
                0x0000593a        0x8 C:\WinAVR-20100110\avr\lib\avr6\libm.a(cmpsf2.o)
                0x0000593a                __lesf2
                0x0000593a                __nesf2
                0x0000593a                __eqsf2
                0x0000593a                __cmpsf2
                0x0000593a                __ltsf2
 .text.avr-libc.fplib
                0x00005942        0x4 C:\WinAVR-20100110\avr\lib\avr6\libm.a(divsf3.o)
                0x00005942                __divsf3
 .text.avr-libc.fplib
                0x00005946       0xcc C:\WinAVR-20100110\avr\lib\avr6\libm.a(divsf3x.o)
                0x0000595c                __divsf3x
                0x00005960                __divsf3_pse
 .text.avr-libc.fplib
                0x00005a12        0xa C:\WinAVR-20100110\avr\lib\avr6\libm.a(fixsfsi.o)
                0x00005a12                __fixsfsi
 .text.avr-libc.fplib
                0x00005a1c       0x58 C:\WinAVR-20100110\avr\lib\avr6\libm.a(fixunssfsi.o)
                0x00005a1c                __fixunssfsi
 .text.avr-libc.fplib
                0x00005a74       0x7a C:\WinAVR-20100110\avr\lib\avr6\libm.a(floatsisf.o)
                0x00005a78                __floatsisf
                0x00005a74                __floatunsisf
 .text.avr-libc.fplib
                0x00005aee       0x26 C:\WinAVR-20100110\avr\lib\avr6\libm.a(floor.o)
                0x00005aee                floor
 .text.avr-libc.fplib
                0x00005b14       0x48 C:\WinAVR-20100110\avr\lib\avr6\libm.a(fp_cmp.o)
                0x00005b14                __fp_cmp
 .text.avr-libc.fplib
                0x00005b5c        0xc C:\WinAVR-20100110\avr\lib\avr6\libm.a(fp_inf.o)
                0x00005b5c                __fp_inf
 .text.avr-libc.fplib
                0x00005b68       0x36 C:\WinAVR-20100110\avr\lib\avr6\libm.a(fp_mintl.o)
                0x00005b68                __fp_mintl
 .text.avr-libc.fplib
                0x00005b9e       0x1c C:\WinAVR-20100110\avr\lib\avr6\libm.a(fp_mpack.o)
                0x00005ba2                __fp_mpack_finite
                0x00005b9e                __fp_mpack
 .text.avr-libc.fplib
                0x00005bba        0x6 C:\WinAVR-20100110\avr\lib\avr6\libm.a(fp_nan.o)
                0x00005bba                __fp_nan
 .text.avr-libc.fplib
                0x00005bc0       0x4a C:\WinAVR-20100110\avr\lib\avr6\libm.a(fp_powser.o)
                0x00005bc0                __fp_powser
 .text.avr-libc.fplib
                0x00005c0a        0xe C:\WinAVR-20100110\avr\lib\avr6\libm.a(fp_pscA.o)
                0x00005c0a                __fp_pscA
 .text.avr-libc.fplib
                0x00005c18        0xe C:\WinAVR-20100110\avr\lib\avr6\libm.a(fp_pscB.o)
                0x00005c18                __fp_pscB
 .text.avr-libc.fplib
                0x00005c26       0x22 C:\WinAVR-20100110\avr\lib\avr6\libm.a(fp_round.o)
                0x00005c26                __fp_round
 .text.avr-libc.fplib
                0x00005c48       0x44 C:\WinAVR-20100110\avr\lib\avr6\libm.a(fp_split3.o)
                0x00005c48                __fp_split3
                0x00005c58                __fp_splitA
 .text.avr-libc.fplib
                0x00005c8c       0x2e C:\WinAVR-20100110\avr\lib\avr6\libm.a(fp_trunc.o)
                0x00005c8c                __fp_trunc
 .text.avr-libc.fplib
                0x00005cba        0xe C:\WinAVR-20100110\avr\lib\avr6\libm.a(fp_zero.o)
                0x00005cba                __fp_zero
                0x00005cbc                __fp_szero
 .text.avr-libc.fplib
                0x00005cc8        0x8 C:\WinAVR-20100110\avr\lib\avr6\libm.a(gesf2.o)
                0x00005cc8                __gtsf2
                0x00005cc8                __gesf2
 .text.avr-libc.fplib
                0x00005cd0        0xe C:\WinAVR-20100110\avr\lib\avr6\libm.a(inverse.o)
                0x00005cd0                inverse
 .text.avr-libc.fplib
                0x00005cde       0x60 C:\WinAVR-20100110\avr\lib\avr6\libm.a(lround.o)
                0x00005cde                lround
 .text.avr-libc.fplib
                0x00005d3e       0x66 C:\WinAVR-20100110\avr\lib\avr6\libm.a(modf.o)
                0x00005d3e                modff
                0x00005d3e                modf
 .text.avr-libc.fplib
                0x00005da4        0x4 C:\WinAVR-20100110\avr\lib\avr6\libm.a(mulsf3.o)
                0x00005da4                __mulsf3
 .text.avr-libc.fplib
                0x00005da8       0xc2 C:\WinAVR-20100110\avr\lib\avr6\libm.a(mulsf3x.o)
                0x00005dc0                __mulsf3_pse
                0x00005dbc                __mulsf3x
 .text.avr-libc.fplib
                0x00005e6a       0x40 C:\WinAVR-20100110\avr\lib\avr6\libm.a(round.o)
                0x00005e6a                round
 .text.avr-libc.fplib
                0x00005eaa       0x84 C:\WinAVR-20100110\avr\lib\avr6\libm.a(sqrt.o)
                0x00005eb2                sqrt
 .text.avr-libc.fplib
                0x00005f2e        0x6 C:\WinAVR-20100110\avr\lib\avr6\libm.a(square.o)
                0x00005f2e                square
 .text.avr-libc.fplib
                0x00005f34        0xe C:\WinAVR-20100110\avr\lib\avr6\libm.a(trunc.o)
                0x00005f34                trunc
 .text.avr-libc.fplib
                0x00005f42        0xe C:\WinAVR-20100110\avr\lib\avr6\libm.a(fp_norm2.o)
                0x00005f42                __fp_norm2
 .text.libgcc   0x00005f50       0x3e c:/winavr-20100110/bin/../lib/gcc/avr/4.3.3/avr6\libgcc.a(_mulsi3.o)
                0x00005f50                __mulsi3
 .text.libgcc   0x00005f8e       0x26 c:/winavr-20100110/bin/../lib/gcc/avr/4.3.3/avr6\libgcc.a(_divmodhi4.o)
                0x00005f8e                __divmodhi4
                0x00005f8e                _div
 .text.libgcc   0x00005fb4       0x44 c:/winavr-20100110/bin/../lib/gcc/avr/4.3.3/avr6\libgcc.a(_udivmodsi4.o)
                0x00005fb4                __udivmodsi4
 .text.libgcc   0x00005ff8       0x36 c:/winavr-20100110/bin/../lib/gcc/avr/4.3.3/avr6\libgcc.a(_divmodsi4.o)
                0x00005ff8                __divmodsi4
 .text.libgcc   0x0000602e        0x0 c:/winavr-20100110/bin/../lib/gcc/avr/4.3.3/avr6\libgcc.a(_exit.o)
 .text.libgcc   0x0000602e        0x0 c:/winavr-20100110/bin/../lib/gcc/avr/4.3.3/avr6\libgcc.a(_clear_bss.o)
 .text.libgcc   0x0000602e       0x28 c:/winavr-20100110/bin/../lib/gcc/avr/4.3.3/avr6\libgcc.a(_udivmodhi4.o)
                0x0000602e                __udivmodhi4
 .text.avr-libc
                0x00006056       0xd6 C:\WinAVR-20100110\avr\lib\avr6\libc.a(rand.o)
                0x00006106                rand_r
                0x0000610c                rand
                0x00006116                srand
 .text.avr-libc
                0x0000612c      0x2dc C:\WinAVR-20100110\avr\lib\avr6\libc.a(strtod.o)
                0x0000612c                strtod
 .text.avr-libc
                0x00006408       0x10 C:\WinAVR-20100110\avr\lib\avr6\libc.a(isspace.o)
                0x00006408                isspace
 .text.avr-libc
                0x00006418       0x30 C:\WinAVR-20100110\avr\lib\avr6\libc.a(strncasecmp_P.o)
                0x00006418                strncasecmp_P
 .text.avr-libc
                0x00006448        0x6 C:\WinAVR-20100110\avr\lib\avr6\libc.a(cty_isfalse.o)
                0x0000644c                __ctype_istrue
                0x00006448                __ctype_isfalse
                0x0000644e                . = ALIGN (0x2)
 *(.fini9)
 .fini9         0x0000644e        0x0 c:/winavr-20100110/bin/../lib/gcc/avr/4.3.3/avr6\libgcc.a(_exit.o)
                0x0000644e                exit
                0x0000644e                _exit
 *(.fini9)
 *(.fini8)
 *(.fini8)
 *(.fini7)
 *(.fini7)
 *(.fini6)
 *(.fini6)
 *(.fini5)
 *(.fini5)
 *(.fini4)
 *(.fini4)
 *(.fini3)
 *(.fini3)
 *(.fini2)
 *(.fini2)
 *(.fini1)
 *(.fini1)
 *(.fini0)
 .fini0         0x0000644e        0x4 c:/winavr-20100110/bin/../lib/gcc/avr/4.3.3/avr6\libgcc.a(_exit.o)
 *(.fini0)
                0x00006452                _etext = .

.data           0x00800200        0x6 load address 0x00006452
                0x00800200                PROVIDE (__data_start, .)
 *(.data)
 .data          0x00800200        0x0 c:/winavr-20100110/bin/../lib/gcc/avr/4.3.3/../../../../avr/lib/avr6/crtm2560.o
 .data          0x00800200        0x0 coolant_control.o
 .data          0x00800200        0x0 eeprom.o
 .data          0x00800200        0x0 gcode.o
 .data          0x00800200        0x0 main.o
 .data          0x00800200        0x0 motion_control.o
 .data          0x00800200        0x0 planner.o
 .data          0x00800200        0x0 serial_protocol.o
 .data          0x00800200        0x0 settings.o
 .data          0x00800200        0x0 spindle_control.o
 .data          0x00800200        0x0 stepper.o
 .data          0x00800200        0x0 wiring_serial.o
 .data          0x00800200        0x0 atc_control.o
 .data          0x00800200        0x0 head_control.o
 .data          0x00800200        0x0 panel_control.o
 .data          0x00800200        0x0 vacuum_control.o
 .data          0x00800200        0x0 tape_knock.o
 .data          0x00800200        0x0 usb.o
 .data          0x00800200        0x0 max3421e.o
 .data          0x00800200        0x0 SPI.o
 .data          0x00800200        0x0 timers.o
 .data          0x00800200        0x1 max3421e_usb.o
 .data          0x00800201        0x0 C:\WinAVR-20100110\avr\lib\avr6\libm.a(addsf3.o)
 .data          0x00800201        0x0 C:\WinAVR-20100110\avr\lib\avr6\libm.a(addsf3x.o)
 .data          0x00800201        0x0 C:\WinAVR-20100110\avr\lib\avr6\libm.a(atan.o)
 .data          0x00800201        0x0 C:\WinAVR-20100110\avr\lib\avr6\libm.a(ceil.o)
 .data          0x00800201        0x0 C:\WinAVR-20100110\avr\lib\avr6\libm.a(cmpsf2.o)
 .data          0x00800201        0x0 C:\WinAVR-20100110\avr\lib\avr6\libm.a(divsf3.o)
 .data          0x00800201        0x0 C:\WinAVR-20100110\avr\lib\avr6\libm.a(divsf3x.o)
 .data          0x00800201        0x0 C:\WinAVR-20100110\avr\lib\avr6\libm.a(fixsfsi.o)
 .data          0x00800201        0x0 C:\WinAVR-20100110\avr\lib\avr6\libm.a(fixunssfsi.o)
 .data          0x00800201        0x0 C:\WinAVR-20100110\avr\lib\avr6\libm.a(floatsisf.o)
 .data          0x00800201        0x0 C:\WinAVR-20100110\avr\lib\avr6\libm.a(floor.o)
 .data          0x00800201        0x0 C:\WinAVR-20100110\avr\lib\avr6\libm.a(fp_cmp.o)
 .data          0x00800201        0x0 C:\WinAVR-20100110\avr\lib\avr6\libm.a(fp_inf.o)
 .data          0x00800201        0x0 C:\WinAVR-20100110\avr\lib\avr6\libm.a(fp_mintl.o)
 .data          0x00800201        0x0 C:\WinAVR-20100110\avr\lib\avr6\libm.a(fp_mpack.o)
 .data          0x00800201        0x0 C:\WinAVR-20100110\avr\lib\avr6\libm.a(fp_nan.o)
 .data          0x00800201        0x0 C:\WinAVR-20100110\avr\lib\avr6\libm.a(fp_powser.o)
 .data          0x00800201        0x0 C:\WinAVR-20100110\avr\lib\avr6\libm.a(fp_pscA.o)
 .data          0x00800201        0x0 C:\WinAVR-20100110\avr\lib\avr6\libm.a(fp_pscB.o)
 .data          0x00800201        0x0 C:\WinAVR-20100110\avr\lib\avr6\libm.a(fp_round.o)
 .data          0x00800201        0x0 C:\WinAVR-20100110\avr\lib\avr6\libm.a(fp_split3.o)
 .data          0x00800201        0x0 C:\WinAVR-20100110\avr\lib\avr6\libm.a(fp_trunc.o)
 .data          0x00800201        0x0 C:\WinAVR-20100110\avr\lib\avr6\libm.a(fp_zero.o)
 .data          0x00800201        0x0 C:\WinAVR-20100110\avr\lib\avr6\libm.a(gesf2.o)
 .data          0x00800201        0x0 C:\WinAVR-20100110\avr\lib\avr6\libm.a(inverse.o)
 .data          0x00800201        0x0 C:\WinAVR-20100110\avr\lib\avr6\libm.a(lround.o)
 .data          0x00800201        0x0 C:\WinAVR-20100110\avr\lib\avr6\libm.a(modf.o)
 .data          0x00800201        0x0 C:\WinAVR-20100110\avr\lib\avr6\libm.a(mulsf3.o)
 .data          0x00800201        0x0 C:\WinAVR-20100110\avr\lib\avr6\libm.a(mulsf3x.o)
 .data          0x00800201        0x0 C:\WinAVR-20100110\avr\lib\avr6\libm.a(round.o)
 .data          0x00800201        0x0 C:\WinAVR-20100110\avr\lib\avr6\libm.a(sqrt.o)
 .data          0x00800201        0x0 C:\WinAVR-20100110\avr\lib\avr6\libm.a(square.o)
 .data          0x00800201        0x0 C:\WinAVR-20100110\avr\lib\avr6\libm.a(trunc.o)
 .data          0x00800201        0x0 C:\WinAVR-20100110\avr\lib\avr6\libm.a(fp_norm2.o)
 .data          0x00800201        0x0 c:/winavr-20100110/bin/../lib/gcc/avr/4.3.3/avr6\libgcc.a(_mulsi3.o)
 .data          0x00800201        0x0 c:/winavr-20100110/bin/../lib/gcc/avr/4.3.3/avr6\libgcc.a(_divmodhi4.o)
 .data          0x00800201        0x0 c:/winavr-20100110/bin/../lib/gcc/avr/4.3.3/avr6\libgcc.a(_udivmodsi4.o)
 .data          0x00800201        0x0 c:/winavr-20100110/bin/../lib/gcc/avr/4.3.3/avr6\libgcc.a(_divmodsi4.o)
 .data          0x00800201        0x0 c:/winavr-20100110/bin/../lib/gcc/avr/4.3.3/avr6\libgcc.a(_exit.o)
 .data          0x00800201        0x0 c:/winavr-20100110/bin/../lib/gcc/avr/4.3.3/avr6\libgcc.a(_clear_bss.o)
 .data          0x00800201        0x0 c:/winavr-20100110/bin/../lib/gcc/avr/4.3.3/avr6\libgcc.a(_udivmodhi4.o)
 .data          0x00800201        0x4 C:\WinAVR-20100110\avr\lib\avr6\libc.a(rand.o)
 .data          0x00800205        0x0 C:\WinAVR-20100110\avr\lib\avr6\libc.a(strtod.o)
 .data          0x00800205        0x0 C:\WinAVR-20100110\avr\lib\avr6\libc.a(isspace.o)
 .data          0x00800205        0x0 C:\WinAVR-20100110\avr\lib\avr6\libc.a(strncasecmp_P.o)
 .data          0x00800205        0x0 C:\WinAVR-20100110\avr\lib\avr6\libc.a(errno.o)
 .data          0x00800205        0x0 C:\WinAVR-20100110\avr\lib\avr6\libc.a(cty_isfalse.o)
 *(.data*)
 *(.rodata)
 *(.rodata*)
 *(.gnu.linkonce.d*)
                0x00800206                . = ALIGN (0x2)
 *fill*         0x00800205        0x1 00
                0x00800206                _edata = .
                0x00800206                PROVIDE (__data_end, .)

.bss            0x00800206      0x4fa
                0x00800206                PROVIDE (__bss_start, .)
 *(.bss)
 .bss           0x00800206        0x0 c:/winavr-20100110/bin/../lib/gcc/avr/4.3.3/../../../../avr/lib/avr6/crtm2560.o
 .bss           0x00800206        0x0 coolant_control.o
 .bss           0x00800206        0x0 eeprom.o
 .bss           0x00800206       0x2c gcode.o
 .bss           0x00800232        0x0 main.o
 .bss           0x00800232        0x0 motion_control.o
 .bss           0x00800232      0x2ef planner.o
 .bss           0x00800521       0x33 serial_protocol.o
 .bss           0x00800554        0x0 settings.o
 .bss           0x00800554        0x0 spindle_control.o
 .bss           0x00800554       0x27 stepper.o
                0x00800554                ackHost
                0x00800555                gHomed
 .bss           0x0080057b      0x104 wiring_serial.o
                0x0080057b                rx_buffer_head
                0x0080057d                rx_buffer_tail
 .bss           0x0080067f        0x0 atc_control.o
 .bss           0x0080067f        0x0 head_control.o
 .bss           0x0080067f        0x2 panel_control.o
 .bss           0x00800681        0x0 vacuum_control.o
 .bss           0x00800681        0x0 tape_knock.o
 .bss           0x00800681        0x2 usb.o
 .bss           0x00800683        0x1 max3421e.o
 .bss           0x00800684        0x0 SPI.o
 .bss           0x00800684        0xb timers.o
                0x00800684                timer0_overflow_count
                0x00800688                timer0_millis
                0x0080068c                timer1_overflow_count
 .bss           0x0080068f        0x5 max3421e_usb.o
 .bss           0x00800694        0x0 C:\WinAVR-20100110\avr\lib\avr6\libm.a(addsf3.o)
 .bss           0x00800694        0x0 C:\WinAVR-20100110\avr\lib\avr6\libm.a(addsf3x.o)
 .bss           0x00800694        0x0 C:\WinAVR-20100110\avr\lib\avr6\libm.a(atan.o)
 .bss           0x00800694        0x0 C:\WinAVR-20100110\avr\lib\avr6\libm.a(ceil.o)
 .bss           0x00800694        0x0 C:\WinAVR-20100110\avr\lib\avr6\libm.a(cmpsf2.o)
 .bss           0x00800694        0x0 C:\WinAVR-20100110\avr\lib\avr6\libm.a(divsf3.o)
 .bss           0x00800694        0x0 C:\WinAVR-20100110\avr\lib\avr6\libm.a(divsf3x.o)
 .bss           0x00800694        0x0 C:\WinAVR-20100110\avr\lib\avr6\libm.a(fixsfsi.o)
 .bss           0x00800694        0x0 C:\WinAVR-20100110\avr\lib\avr6\libm.a(fixunssfsi.o)
 .bss           0x00800694        0x0 C:\WinAVR-20100110\avr\lib\avr6\libm.a(floatsisf.o)
 .bss           0x00800694        0x0 C:\WinAVR-20100110\avr\lib\avr6\libm.a(floor.o)
 .bss           0x00800694        0x0 C:\WinAVR-20100110\avr\lib\avr6\libm.a(fp_cmp.o)
 .bss           0x00800694        0x0 C:\WinAVR-20100110\avr\lib\avr6\libm.a(fp_inf.o)
 .bss           0x00800694        0x0 C:\WinAVR-20100110\avr\lib\avr6\libm.a(fp_mintl.o)
 .bss           0x00800694        0x0 C:\WinAVR-20100110\avr\lib\avr6\libm.a(fp_mpack.o)
 .bss           0x00800694        0x0 C:\WinAVR-20100110\avr\lib\avr6\libm.a(fp_nan.o)
 .bss           0x00800694        0x0 C:\WinAVR-20100110\avr\lib\avr6\libm.a(fp_powser.o)
 .bss           0x00800694        0x0 C:\WinAVR-20100110\avr\lib\avr6\libm.a(fp_pscA.o)
 .bss           0x00800694        0x0 C:\WinAVR-20100110\avr\lib\avr6\libm.a(fp_pscB.o)
 .bss           0x00800694        0x0 C:\WinAVR-20100110\avr\lib\avr6\libm.a(fp_round.o)
 .bss           0x00800694        0x0 C:\WinAVR-20100110\avr\lib\avr6\libm.a(fp_split3.o)
 .bss           0x00800694        0x0 C:\WinAVR-20100110\avr\lib\avr6\libm.a(fp_trunc.o)
 .bss           0x00800694        0x0 C:\WinAVR-20100110\avr\lib\avr6\libm.a(fp_zero.o)
 .bss           0x00800694        0x0 C:\WinAVR-20100110\avr\lib\avr6\libm.a(gesf2.o)
 .bss           0x00800694        0x0 C:\WinAVR-20100110\avr\lib\avr6\libm.a(inverse.o)
 .bss           0x00800694        0x0 C:\WinAVR-20100110\avr\lib\avr6\libm.a(lround.o)
 .bss           0x00800694        0x0 C:\WinAVR-20100110\avr\lib\avr6\libm.a(modf.o)
 .bss           0x00800694        0x0 C:\WinAVR-20100110\avr\lib\avr6\libm.a(mulsf3.o)
 .bss           0x00800694        0x0 C:\WinAVR-20100110\avr\lib\avr6\libm.a(mulsf3x.o)
 .bss           0x00800694        0x0 C:\WinAVR-20100110\avr\lib\avr6\libm.a(round.o)
 .bss           0x00800694        0x0 C:\WinAVR-20100110\avr\lib\avr6\libm.a(sqrt.o)
 .bss           0x00800694        0x0 C:\WinAVR-20100110\avr\lib\avr6\libm.a(square.o)
 .bss           0x00800694        0x0 C:\WinAVR-20100110\avr\lib\avr6\libm.a(trunc.o)
 .bss           0x00800694        0x0 C:\WinAVR-20100110\avr\lib\avr6\libm.a(fp_norm2.o)
 .bss           0x00800694        0x0 c:/winavr-20100110/bin/../lib/gcc/avr/4.3.3/avr6\libgcc.a(_mulsi3.o)
 .bss           0x00800694        0x0 c:/winavr-20100110/bin/../lib/gcc/avr/4.3.3/avr6\libgcc.a(_divmodhi4.o)
 .bss           0x00800694        0x0 c:/winavr-20100110/bin/../lib/gcc/avr/4.3.3/avr6\libgcc.a(_udivmodsi4.o)
 .bss           0x00800694        0x0 c:/winavr-20100110/bin/../lib/gcc/avr/4.3.3/avr6\libgcc.a(_divmodsi4.o)
 .bss           0x00800694        0x0 c:/winavr-20100110/bin/../lib/gcc/avr/4.3.3/avr6\libgcc.a(_exit.o)
 .bss           0x00800694        0x0 c:/winavr-20100110/bin/../lib/gcc/avr/4.3.3/avr6\libgcc.a(_clear_bss.o)
 .bss           0x00800694        0x0 c:/winavr-20100110/bin/../lib/gcc/avr/4.3.3/avr6\libgcc.a(_udivmodhi4.o)
 .bss           0x00800694        0x0 C:\WinAVR-20100110\avr\lib\avr6\libc.a(rand.o)
 .bss           0x00800694        0x0 C:\WinAVR-20100110\avr\lib\avr6\libc.a(strtod.o)
 .bss           0x00800694        0x0 C:\WinAVR-20100110\avr\lib\avr6\libc.a(isspace.o)
 .bss           0x00800694        0x0 C:\WinAVR-20100110\avr\lib\avr6\libc.a(strncasecmp_P.o)
 .bss           0x00800694        0x0 C:\WinAVR-20100110\avr\lib\avr6\libc.a(errno.o)
 .bss           0x00800694        0x0 C:\WinAVR-20100110\avr\lib\avr6\libc.a(cty_isfalse.o)
 *(.bss*)
 *(COMMON)
 COMMON         0x00800694       0x26 settings.o
                0x00800694                settings
 COMMON         0x008006ba        0x1 stepper.o
                0x008006ba                dir_bits
 COMMON         0x008006bb        0x1 usb.o
                0x008006bb                max_registers
 COMMON         0x008006bc       0x42 max3421e_usb.o
                0x008006bc                deviceTable
 COMMON         0x008006fe        0x2 C:\WinAVR-20100110\avr\lib\avr6\libc.a(errno.o)
                0x008006fe                errno
                0x00800700                PROVIDE (__bss_end, .)
                0x00006452                __data_load_start = LOADADDR (.data)
                0x00006458                __data_load_end = (__data_load_start + SIZEOF (.data))

.noinit         0x00800700        0x0
                0x00800700                PROVIDE (__noinit_start, .)
 *(.noinit*)
                0x00800700                PROVIDE (__noinit_end, .)
                0x00800700                _end = .
                0x00800700                PROVIDE (__heap_start, .)

.eeprom         0x00810000        0x0
 *(.eeprom*)
                0x00810000                __eeprom_end = .

.fuse
 *(.fuse)
 *(.lfuse)
 *(.hfuse)
 *(.efuse)

.lock
 *(.lock*)

.signature
 *(.signature*)

.stab
 *(.stab)

.stabstr
 *(.stabstr)

.stab.excl
 *(.stab.excl)

.stab.exclstr
 *(.stab.exclstr)

.stab.index
 *(.stab.index)

.stab.indexstr
 *(.stab.indexstr)

.comment
 *(.comment)

.debug
 *(.debug)

.line
 *(.line)

.debug_srcinfo
 *(.debug_srcinfo)

.debug_sfnames
 *(.debug_sfnames)

.debug_aranges  0x00000000      0x708
 *(.debug_aranges)
 .debug_aranges
                0x00000000       0x28 coolant_control.o
 .debug_aranges
                0x00000028       0x38 eeprom.o
 .debug_aranges
                0x00000060       0x60 gcode.o
 .debug_aranges
                0x000000c0       0x28 main.o
 .debug_aranges
                0x000000e8       0x28 motion_control.o
 .debug_aranges
                0x00000110       0x90 planner.o
 .debug_aranges
                0x000001a0       0x28 serial_protocol.o
 .debug_aranges
                0x000001c8       0x48 settings.o
 .debug_aranges
                0x00000210       0x38 spindle_control.o
 .debug_aranges
                0x00000248       0xe8 stepper.o
 .debug_aranges
                0x00000330       0x80 wiring_serial.o
 .debug_aranges
                0x000003b0       0x50 atc_control.o
 .debug_aranges
                0x00000400       0x38 head_control.o
 .debug_aranges
                0x00000438       0x78 panel_control.o
 .debug_aranges
                0x000004b0       0x50 vacuum_control.o
 .debug_aranges
                0x00000500       0x38 tape_knock.o
 .debug_aranges
                0x00000538       0x40 usb.o
 .debug_aranges
                0x00000578       0x78 max3421e.o
 .debug_aranges
                0x000005f0       0x20 SPI.o
 .debug_aranges
                0x00000610       0x58 timers.o
 .debug_aranges
                0x00000668       0xa0 max3421e_usb.o

.debug_pubnames
                0x00000000      0xdde
 *(.debug_pubnames)
 .debug_pubnames
                0x00000000       0x35 coolant_control.o
 .debug_pubnames
                0x00000035       0x82 eeprom.o
 .debug_pubnames
                0x000000b7       0x9d gcode.o
 .debug_pubnames
                0x00000154       0x1b main.o
 .debug_pubnames
                0x0000016f       0x2e motion_control.o
 .debug_pubnames
                0x0000019d      0x1c0 planner.o
 .debug_pubnames
                0x0000035d       0x2d serial_protocol.o
 .debug_pubnames
                0x0000038a       0x96 settings.o
 .debug_pubnames
                0x00000420       0x54 spindle_control.o
 .debug_pubnames
                0x00000474      0x1c0 stepper.o
 .debug_pubnames
                0x00000634      0x113 wiring_serial.o
 .debug_pubnames
                0x00000747       0x77 atc_control.o
 .debug_pubnames
                0x000007be       0x4e head_control.o
 .debug_pubnames
                0x0000080c       0xbc panel_control.o
 .debug_pubnames
                0x000008c8       0x80 vacuum_control.o
 .debug_pubnames
                0x00000948       0x50 tape_knock.o
 .debug_pubnames
                0x00000998       0x8e usb.o
 .debug_pubnames
                0x00000a26      0x139 max3421e.o
 .debug_pubnames
                0x00000b5f       0x20 SPI.o
 .debug_pubnames
                0x00000b7f       0xd5 timers.o
 .debug_pubnames
                0x00000c54      0x18a max3421e_usb.o

.debug_info     0x00000000     0x5924
 *(.debug_info)
 .debug_info    0x00000000       0xa5 coolant_control.o
 .debug_info    0x000000a5      0x1da eeprom.o
 .debug_info    0x0000027f      0x9ed gcode.o
 .debug_info    0x00000c6c      0x26d main.o
 .debug_info    0x00000ed9      0x15e motion_control.o
 .debug_info    0x00001037      0x8ef planner.o
 .debug_info    0x00001926      0x135 serial_protocol.o
 .debug_info    0x00001a5b      0x522 settings.o
 .debug_info    0x00001f7d      0x22d spindle_control.o
 .debug_info    0x000021aa      0xb9b stepper.o
 .debug_info    0x00002d45      0x469 wiring_serial.o
 .debug_info    0x000031ae      0x2da atc_control.o
 .debug_info    0x00003488      0x20a head_control.o
 .debug_info    0x00003692      0x293 panel_control.o
 .debug_info    0x00003925      0x721 vacuum_control.o
 .debug_info    0x00004046      0x3d8 tape_knock.o
 .debug_info    0x0000441e      0x466 usb.o
 .debug_info    0x00004884      0x372 max3421e.o
 .debug_info    0x00004bf6       0x78 SPI.o
 .debug_info    0x00004c6e      0x269 timers.o
 .debug_info    0x00004ed7      0xa4d max3421e_usb.o
 *(.gnu.linkonce.wi.*)

.debug_abbrev   0x00000000     0x1cdf
 *(.debug_abbrev)
 .debug_abbrev  0x00000000       0x6c coolant_control.o
 .debug_abbrev  0x0000006c      0x109 eeprom.o
 .debug_abbrev  0x00000175      0x261 gcode.o
 .debug_abbrev  0x000003d6       0xfa main.o
 .debug_abbrev  0x000004d0       0xfd motion_control.o
 .debug_abbrev  0x000005cd      0x206 planner.o
 .debug_abbrev  0x000007d3       0xe6 serial_protocol.o
 .debug_abbrev  0x000008b9      0x10b settings.o
 .debug_abbrev  0x000009c4      0x12d spindle_control.o
 .debug_abbrev  0x00000af1      0x367 stepper.o
 .debug_abbrev  0x00000e58      0x1d1 wiring_serial.o
 .debug_abbrev  0x00001029      0x16c atc_control.o
 .debug_abbrev  0x00001195      0x153 head_control.o
 .debug_abbrev  0x000012e8       0xee panel_control.o
 .debug_abbrev  0x000013d6      0x1d7 vacuum_control.o
 .debug_abbrev  0x000015ad      0x111 tape_knock.o
 .debug_abbrev  0x000016be      0x129 usb.o
 .debug_abbrev  0x000017e7      0x187 max3421e.o
 .debug_abbrev  0x0000196e       0x48 SPI.o
 .debug_abbrev  0x000019b6      0x159 timers.o
 .debug_abbrev  0x00001b0f      0x1d0 max3421e_usb.o

.debug_line     0x00000000     0x510e
 *(.debug_line)
 .debug_line    0x00000000       0xa2 coolant_control.o
 .debug_line    0x000000a2      0x2ad eeprom.o
 .debug_line    0x0000034f      0x883 gcode.o
 .debug_line    0x00000bd2      0x1c5 main.o
 .debug_line    0x00000d97      0x19d motion_control.o
 .debug_line    0x00000f34      0x714 planner.o
 .debug_line    0x00001648      0x1d0 serial_protocol.o
 .debug_line    0x00001818      0x3f0 settings.o
 .debug_line    0x00001c08      0x1e9 spindle_control.o
 .debug_line    0x00001df1      0xcc4 stepper.o
 .debug_line    0x00002ab5      0x3cc wiring_serial.o
 .debug_line    0x00002e81      0x40b atc_control.o
 .debug_line    0x0000328c      0x21c head_control.o
 .debug_line    0x000034a8      0x2f0 panel_control.o
 .debug_line    0x00003798      0x54a vacuum_control.o
 .debug_line    0x00003ce2      0x33e tape_knock.o
 .debug_line    0x00004020      0x164 usb.o
 .debug_line    0x00004184      0x448 max3421e.o
 .debug_line    0x000045cc       0x94 SPI.o
 .debug_line    0x00004660      0x280 timers.o
 .debug_line    0x000048e0      0x82e max3421e_usb.o

.debug_frame    0x00000000      0xb70
 *(.debug_frame)
 .debug_frame   0x00000000       0x30 coolant_control.o
 .debug_frame   0x00000030       0x50 eeprom.o
 .debug_frame   0x00000080       0xa0 gcode.o
 .debug_frame   0x00000120       0x30 main.o
 .debug_frame   0x00000150       0x30 motion_control.o
 .debug_frame   0x00000180      0x100 planner.o
 .debug_frame   0x00000280       0x30 serial_protocol.o
 .debug_frame   0x000002b0       0x70 settings.o
 .debug_frame   0x00000320       0x50 spindle_control.o
 .debug_frame   0x00000370      0x1b0 stepper.o
 .debug_frame   0x00000520       0xe0 wiring_serial.o
 .debug_frame   0x00000600       0x80 atc_control.o
 .debug_frame   0x00000680       0x50 head_control.o
 .debug_frame   0x000006d0       0xd0 panel_control.o
 .debug_frame   0x000007a0       0x80 vacuum_control.o
 .debug_frame   0x00000820       0x50 tape_knock.o
 .debug_frame   0x00000870       0x60 usb.o
 .debug_frame   0x000008d0       0xd0 max3421e.o
 .debug_frame   0x000009a0       0x20 SPI.o
 .debug_frame   0x000009c0       0x90 timers.o
 .debug_frame   0x00000a50      0x120 max3421e_usb.o

.debug_str      0x00000000     0x16a5
 *(.debug_str)
 .debug_str     0x00000000       0xaa coolant_control.o
                                 0xe5 (size before relaxing)
 .debug_str     0x000000aa       0xa7 eeprom.o
                                0x168 (size before relaxing)
 .debug_str     0x00000151      0x283 gcode.o
                                0x39a (size before relaxing)
 .debug_str     0x000003d4       0xf6 main.o
                                0x1c5 (size before relaxing)
 .debug_str     0x000004ca       0x71 motion_control.o
                                0x12f (size before relaxing)
 .debug_str     0x0000053b      0x403 planner.o
                                0x5f9 (size before relaxing)
 .debug_str     0x0000093e       0x37 serial_protocol.o
                                0x126 (size before relaxing)
 .debug_str     0x00000975       0x7f settings.o
                                0x1d4 (size before relaxing)
 .debug_str     0x000009f4       0x64 spindle_control.o
                                0x176 (size before relaxing)
 .debug_str     0x00000a58      0x261 stepper.o
                                0x547 (size before relaxing)
 .debug_str     0x00000cb9      0x11b wiring_serial.o
                                0x1ed (size before relaxing)
 .debug_str     0x00000dd4       0x61 atc_control.o
                                0x188 (size before relaxing)
 .debug_str     0x00000e35       0x34 head_control.o
                                0x141 (size before relaxing)
 .debug_str     0x00000e69       0x98 panel_control.o
                                0x158 (size before relaxing)
 .debug_str     0x00000f01       0x62 vacuum_control.o
                                0x196 (size before relaxing)
 .debug_str     0x00000f63       0x4c tape_knock.o
                                0x149 (size before relaxing)
 .debug_str     0x00000faf      0x285 usb.o
                                0x440 (size before relaxing)
 .debug_str     0x00001234      0x12d max3421e.o
                                0x32d (size before relaxing)
 .debug_str     0x00001361       0x13 SPI.o
                                 0xc1 (size before relaxing)
 .debug_str     0x00001374       0xc1 timers.o
                                0x18f (size before relaxing)
 .debug_str     0x00001435      0x270 max3421e_usb.o
                                0x646 (size before relaxing)

.debug_loc      0x00000000     0x3660
 *(.debug_loc)
 .debug_loc     0x00000000      0x1f7 eeprom.o
 .debug_loc     0x000001f7      0x983 gcode.o
 .debug_loc     0x00000b7a       0x46 main.o
 .debug_loc     0x00000bc0       0xbc motion_control.o
 .debug_loc     0x00000c7c      0x825 planner.o
 .debug_loc     0x000014a1       0x76 serial_protocol.o
 .debug_loc     0x00001517      0x1bf settings.o
 .debug_loc     0x000016d6       0x3b spindle_control.o
 .debug_loc     0x00001711      0x4dd stepper.o
 .debug_loc     0x00001bee      0x2dd wiring_serial.o
 .debug_loc     0x00001ecb      0x140 atc_control.o
 .debug_loc     0x0000200b       0x78 head_control.o
 .debug_loc     0x00002083      0x389 vacuum_control.o
 .debug_loc     0x0000240c      0x1b0 tape_knock.o
 .debug_loc     0x000025bc       0xab usb.o
 .debug_loc     0x00002667      0x15f max3421e.o
 .debug_loc     0x000027c6       0xca timers.o
 .debug_loc     0x00002890      0xdd0 max3421e_usb.o

.debug_macinfo
 *(.debug_macinfo)
OUTPUT(grbl.elf elf32-avr)
LOAD linker stubs

.debug_ranges   0x00000000      0xbd8
 .debug_ranges  0x00000000       0x20 coolant_control.o
 .debug_ranges  0x00000020       0x60 eeprom.o
 .debug_ranges  0x00000080       0xa0 gcode.o
 .debug_ranges  0x00000120       0x20 main.o
 .debug_ranges  0x00000140       0x50 motion_control.o
 .debug_ranges  0x00000190       0xa0 planner.o
 .debug_ranges  0x00000230       0x50 serial_protocol.o
 .debug_ranges  0x00000280       0x40 settings.o
 .debug_ranges  0x000002c0       0xf0 spindle_control.o
 .debug_ranges  0x000003b0      0x410 stepper.o
 .debug_ranges  0x000007c0       0xc8 wiring_serial.o
 .debug_ranges  0x00000888       0x48 atc_control.o
 .debug_ranges  0x000008d0       0x30 head_control.o
 .debug_ranges  0x00000900       0x70 panel_control.o
 .debug_ranges  0x00000970       0x90 vacuum_control.o
 .debug_ranges  0x00000a00       0x30 tape_knock.o
 .debug_ranges  0x00000a30       0x38 usb.o
 .debug_ranges  0x00000a68       0x70 max3421e.o
 .debug_ranges  0x00000ad8       0x18 SPI.o
 .debug_ranges  0x00000af0       0x50 timers.o
 .debug_ranges  0x00000b40       0x98 max3421e_usb.o
