Archive member included because of file (symbol)

C:\WinAVR-20100110\avr\lib\avr6\libm.a(addsf3.o)
                              gcode.o (__subsf3)
C:\WinAVR-20100110\avr\lib\avr6\libm.a(addsf3x.o)
                              C:\WinAVR-20100110\avr\lib\avr6\libm.a(addsf3.o) (__addsf3x)
C:\WinAVR-20100110\avr\lib\avr6\libm.a(atan.o)
                              gcode.o (atan)
C:\WinAVR-20100110\avr\lib\avr6\libm.a(ceil.o)
                              planner.o (ceil)
C:\WinAVR-20100110\avr\lib\avr6\libm.a(cmpsf2.o)
                              gcode.o (__eqsf2)
C:\WinAVR-20100110\avr\lib\avr6\libm.a(divsf3.o)
                              gcode.o (__divsf3)
C:\WinAVR-20100110\avr\lib\avr6\libm.a(divsf3x.o)
                              C:\WinAVR-20100110\avr\lib\avr6\libm.a(divsf3.o) (__divsf3x)
C:\WinAVR-20100110\avr\lib\avr6\libm.a(fixsfsi.o)
                              gcode.o (__fixsfsi)
C:\WinAVR-20100110\avr\lib\avr6\libm.a(fixunssfsi.o)
                              gcode.o (__fixunssfsi)
C:\WinAVR-20100110\avr\lib\avr6\libm.a(floatsisf.o)
                              motion_control.o (__floatunsisf)
C:\WinAVR-20100110\avr\lib\avr6\libm.a(floor.o)
                              planner.o (floor)
C:\WinAVR-20100110\avr\lib\avr6\libm.a(fp_cmp.o)
                              C:\WinAVR-20100110\avr\lib\avr6\libm.a(cmpsf2.o) (__fp_cmp)
C:\WinAVR-20100110\avr\lib\avr6\libm.a(fp_inf.o)
                              C:\WinAVR-20100110\avr\lib\avr6\libm.a(addsf3x.o) (__fp_inf)
C:\WinAVR-20100110\avr\lib\avr6\libm.a(fp_mintl.o)
                              C:\WinAVR-20100110\avr\lib\avr6\libm.a(ceil.o) (__fp_mintl)
C:\WinAVR-20100110\avr\lib\avr6\libm.a(fp_mpack.o)
                              C:\WinAVR-20100110\avr\lib\avr6\libm.a(ceil.o) (__fp_mpack)
C:\WinAVR-20100110\avr\lib\avr6\libm.a(fp_nan.o)
                              C:\WinAVR-20100110\avr\lib\avr6\libm.a(addsf3x.o) (__fp_nan)
C:\WinAVR-20100110\avr\lib\avr6\libm.a(fp_powser.o)
                              C:\WinAVR-20100110\avr\lib\avr6\libm.a(atan.o) (__fp_powser)
C:\WinAVR-20100110\avr\lib\avr6\libm.a(fp_pscA.o)
                              C:\WinAVR-20100110\avr\lib\avr6\libm.a(addsf3x.o) (__fp_pscA)
C:\WinAVR-20100110\avr\lib\avr6\libm.a(fp_pscB.o)
                              C:\WinAVR-20100110\avr\lib\avr6\libm.a(addsf3x.o) (__fp_pscB)
C:\WinAVR-20100110\avr\lib\avr6\libm.a(fp_round.o)
                              C:\WinAVR-20100110\avr\lib\avr6\libm.a(addsf3.o) (__fp_round)
C:\WinAVR-20100110\avr\lib\avr6\libm.a(fp_split3.o)
                              C:\WinAVR-20100110\avr\lib\avr6\libm.a(addsf3x.o) (__fp_split3)
C:\WinAVR-20100110\avr\lib\avr6\libm.a(fp_trunc.o)
                              C:\WinAVR-20100110\avr\lib\avr6\libm.a(ceil.o) (__fp_trunc)
C:\WinAVR-20100110\avr\lib\avr6\libm.a(fp_zero.o)
                              C:\WinAVR-20100110\avr\lib\avr6\libm.a(addsf3x.o) (__fp_zero)
C:\WinAVR-20100110\avr\lib\avr6\libm.a(gesf2.o)
                              gcode.o (__gtsf2)
C:\WinAVR-20100110\avr\lib\avr6\libm.a(inverse.o)
                              C:\WinAVR-20100110\avr\lib\avr6\libm.a(atan.o) (inverse)
C:\WinAVR-20100110\avr\lib\avr6\libm.a(lround.o)
                              planner.o (lround)
C:\WinAVR-20100110\avr\lib\avr6\libm.a(modf.o)
                              wiring_serial.o (modf)
C:\WinAVR-20100110\avr\lib\avr6\libm.a(mulsf3.o)
                              gcode.o (__mulsf3)
C:\WinAVR-20100110\avr\lib\avr6\libm.a(mulsf3x.o)
                              C:\WinAVR-20100110\avr\lib\avr6\libm.a(atan.o) (__mulsf3x)
C:\WinAVR-20100110\avr\lib\avr6\libm.a(round.o)
                              settings.o (round)
C:\WinAVR-20100110\avr\lib\avr6\libm.a(sqrt.o)
                              planner.o (sqrt)
C:\WinAVR-20100110\avr\lib\avr6\libm.a(square.o)
                              planner.o (square)
C:\WinAVR-20100110\avr\lib\avr6\libm.a(trunc.o)
                              gcode.o (trunc)
C:\WinAVR-20100110\avr\lib\avr6\libm.a(fp_norm2.o)
                              C:\WinAVR-20100110\avr\lib\avr6\libm.a(sqrt.o) (__fp_norm2)
c:/winavr-20100110/bin/../lib/gcc/avr/4.3.3/avr6\libgcc.a(_mulsi3.o)
                              planner.o (__mulsi3)
c:/winavr-20100110/bin/../lib/gcc/avr/4.3.3/avr6\libgcc.a(_divmodhi4.o)
                              planner.o (__divmodhi4)
c:/winavr-20100110/bin/../lib/gcc/avr/4.3.3/avr6\libgcc.a(_udivmodsi4.o)
                              stepper.o (__udivmodsi4)
c:/winavr-20100110/bin/../lib/gcc/avr/4.3.3/avr6\libgcc.a(_divmodsi4.o)
                              wiring_serial.o (__divmodsi4)
c:/winavr-20100110/bin/../lib/gcc/avr/4.3.3/avr6\libgcc.a(_exit.o)
                              c:/winavr-20100110/bin/../lib/gcc/avr/4.3.3/../../../../avr/lib/avr6/crtm2560.o (exit)
c:/winavr-20100110/bin/../lib/gcc/avr/4.3.3/avr6\libgcc.a(_clear_bss.o)
                              gcode.o (__do_clear_bss)
c:/winavr-20100110/bin/../lib/gcc/avr/4.3.3/avr6\libgcc.a(_udivmodhi4.o)
                              c:/winavr-20100110/bin/../lib/gcc/avr/4.3.3/avr6\libgcc.a(_divmodhi4.o) (__udivmodhi4)
C:\WinAVR-20100110\avr\lib\avr6\libc.a(rand.o)
                              vacuum_control.o (rand)
C:\WinAVR-20100110\avr\lib\avr6\libc.a(strtod.o)
                              gcode.o (strtod)
C:\WinAVR-20100110\avr\lib\avr6\libc.a(isspace.o)
                              C:\WinAVR-20100110\avr\lib\avr6\libc.a(strtod.o) (isspace)
C:\WinAVR-20100110\avr\lib\avr6\libc.a(strncasecmp_P.o)
                              C:\WinAVR-20100110\avr\lib\avr6\libc.a(strtod.o) (strncasecmp_P)
C:\WinAVR-20100110\avr\lib\avr6\libc.a(errno.o)
                              C:\WinAVR-20100110\avr\lib\avr6\libc.a(strtod.o) (errno)
C:\WinAVR-20100110\avr\lib\avr6\libc.a(cty_isfalse.o)
                              C:\WinAVR-20100110\avr\lib\avr6\libc.a(isspace.o) (__ctype_isfalse)

Allocating common symbols
Common symbol       size              file

max_registers       0x1               usb.o
errno               0x2               C:\WinAVR-20100110\avr\lib\avr6\libc.a(errno.o)
settings            0x26              settings.o
dir_bits            0x1               stepper.o
deviceTable         0x42              max3421e_usb.o

Memory Configuration

Name             Origin             Length             Attributes
text             0x00000000         0x00100000         xr
data             0x00800200         0x0000fe00         rw !x
eeprom           0x00810000         0x00010000         rw !x
fuse             0x00820000         0x00000400         rw !x
lock             0x00830000         0x00000400         rw !x
signature        0x00840000         0x00000400         rw !x
*default*        0x00000000         0xffffffff

Linker script and memory map

Address of section .data set to 0x800200
LOAD c:/winavr-20100110/bin/../lib/gcc/avr/4.3.3/../../../../avr/lib/avr6/crtm2560.o
LOAD coolant_control.o
LOAD eeprom.o
LOAD gcode.o
LOAD main.o
LOAD motion_control.o
LOAD planner.o
LOAD serial_protocol.o
LOAD settings.o
LOAD spindle_control.o
LOAD stepper.o
LOAD wiring_serial.o
LOAD atc_control.o
LOAD head_control.o
LOAD panel_control.o
LOAD vacuum_control.o
LOAD tape_knock.o
LOAD usb.o
LOAD max3421e.o
LOAD SPI.o
LOAD timers.o
LOAD max3421e_usb.o
LOAD C:\WinAVR-20100110\avr\lib\avr6\libm.a
LOAD c:/winavr-20100110/bin/../lib/gcc/avr/4.3.3/avr6\libgcc.a
LOAD C:\WinAVR-20100110\avr\lib\avr6\libc.a
LOAD c:/winavr-20100110/bin/../lib/gcc/avr/4.3.3/avr6\libgcc.a

.hash
 *(.hash)

.dynsym
 *(.dynsym)

.dynstr
 *(.dynstr)

.gnu.version
 *(.gnu.version)

.gnu.version_d
 *(.gnu.version_d)

.gnu.version_r
 *(.gnu.version_r)

.rel.init
 *(.rel.init)

.rela.init
 *(.rela.init)

.rel.text
 *(.rel.text)
 *(.rel.text.*)
 *(.rel.gnu.linkonce.t*)

.rela.text
 *(.rela.text)
 *(.rela.text.*)
 *(.rela.gnu.linkonce.t*)

.rel.fini
 *(.rel.fini)

.rela.fini
 *(.rela.fini)

.rel.rodata
 *(.rel.rodata)
 *(.rel.rodata.*)
 *(.rel.gnu.linkonce.r*)

.rela.rodata
 *(.rela.rodata)
 *(.rela.rodata.*)
 *(.rela.gnu.linkonce.r*)

.rel.data
 *(.rel.data)
 *(.rel.data.*)
 *(.rel.gnu.linkonce.d*)

.rela.data
 *(.rela.data)
 *(.rela.data.*)
 *(.rela.gnu.linkonce.d*)

.rel.ctors
 *(.rel.ctors)

.rela.ctors
 *(.rela.ctors)

.rel.dtors
 *(.rel.dtors)

.rela.dtors
 *(.rela.dtors)

.rel.got
 *(.rel.got)

.rela.got
 *(.rela.got)

.rel.bss
 *(.rel.bss)

.rela.bss
 *(.rela.bss)

.rel.plt
 *(.rel.plt)

.rela.plt
 *(.rela.plt)

.text           0x00000000     0x6398
 *(.vectors)
 .vectors       0x00000000       0xe4 c:/winavr-20100110/bin/../lib/gcc/avr/4.3.3/../../../../avr/lib/avr6/crtm2560.o
                0x00000000                __vectors
                0x00000000                __vector_default
 *(.vectors)
 *(.progmem.gcc*)
 .progmem.gcc_sw_table
                0x000000e4      0x138 gcode.o
 .progmem.gcc_fplib
                0x0000021c       0x2d C:\WinAVR-20100110\avr\lib\avr6\libm.a(atan.o)
 *(.progmem*)
 .progmem.data  0x00000249      0x110 gcode.o
 .progmem.data  0x00000359       0x17 main.o
 .progmem.data  0x00000370      0x1f5 settings.o
 .progmem.data  0x00000565       0x4f stepper.o
 .progmem.data  0x000005b4       0x12 head_control.o
 .progmem.data  0x000005c6        0x9 vacuum_control.o
 .progmem.data  0x000005cf       0x22 max3421e.o
 .progmem.data  0x000005f1       0x3b C:\WinAVR-20100110\avr\lib\avr6\libc.a(strtod.o)
                0x0000062c                . = ALIGN (0x2)
                0x0000062c                __trampolines_start = .
 *(.trampolines)
 .trampolines   0x0000062c        0x0 linker stubs
 *(.trampolines*)
                0x0000062c                __trampolines_end = .
 *(.jumptables)
 *(.jumptables*)
 *(.lowtext)
 *(.lowtext*)
                0x0000062c                __ctors_start = .
 *(.ctors)
                0x0000062c                __ctors_end = .
                0x0000062c                __dtors_start = .
 *(.dtors)
                0x0000062c                __dtors_end = .
 SORT(*)(.ctors)
 SORT(*)(.dtors)
 *(.init0)
 .init0         0x0000062c        0x0 c:/winavr-20100110/bin/../lib/gcc/avr/4.3.3/../../../../avr/lib/avr6/crtm2560.o
                0x0000062c                __init
 *(.init0)
 *(.init1)
 *(.init1)
 *(.init2)
 .init2         0x0000062c       0x10 c:/winavr-20100110/bin/../lib/gcc/avr/4.3.3/../../../../avr/lib/avr6/crtm2560.o
 *(.init2)
 *(.init3)
 *(.init3)
 *(.init4)
 .init4         0x0000063c       0x1a c:/winavr-20100110/bin/../lib/gcc/avr/4.3.3/../../../../avr/lib/avr6/crtm2560.o
                0x0000063c                __do_copy_data
 .init4         0x00000656       0x10 c:/winavr-20100110/bin/../lib/gcc/avr/4.3.3/avr6\libgcc.a(_clear_bss.o)
                0x00000656                __do_clear_bss
 *(.init4)
 *(.init5)
 *(.init5)
 *(.init6)
 *(.init6)
 *(.init7)
 *(.init7)
 *(.init8)
 *(.init8)
 *(.init9)
 .init9         0x00000666        0x8 c:/winavr-20100110/bin/../lib/gcc/avr/4.3.3/../../../../avr/lib/avr6/crtm2560.o
 *(.init9)
 *(.text)
 .text          0x0000066e        0x4 c:/winavr-20100110/bin/../lib/gcc/avr/4.3.3/../../../../avr/lib/avr6/crtm2560.o
                0x0000066e                __vector_38
                0x0000066e                __vector_22
                0x0000066e                __vector_28
                0x0000066e                __vector_1
                0x0000066e                __vector_34
                0x0000066e                __vector_24
                0x0000066e                __vector_12
                0x0000066e                __vector_55
                0x0000066e                __vector_46
                0x0000066e                __bad_interrupt
                0x0000066e                __vector_6
                0x0000066e                __vector_31
                0x0000066e                __vector_35
                0x0000066e                __vector_39
                0x0000066e                __vector_3
                0x0000066e                __vector_30
                0x0000066e                __vector_45
                0x0000066e                __vector_11
                0x0000066e                __vector_54
                0x0000066e                __vector_13
                0x0000066e                __vector_19
                0x0000066e                __vector_56
                0x0000066e                __vector_7
                0x0000066e                __vector_49
                0x0000066e                __vector_41
                0x0000066e                __vector_43
                0x0000066e                __vector_27
                0x0000066e                __vector_5
                0x0000066e                __vector_33
                0x0000066e                __vector_47
                0x0000066e                __vector_52
                0x0000066e                __vector_37
                0x0000066e                __vector_4
                0x0000066e                __vector_44
                0x0000066e                __vector_51
                0x0000066e                __vector_9
                0x0000066e                __vector_2
                0x0000066e                __vector_21
                0x0000066e                __vector_36
                0x0000066e                __vector_29
                0x0000066e                __vector_40
                0x0000066e                __vector_8
                0x0000066e                __vector_26
                0x0000066e                __vector_48
                0x0000066e                __vector_14
                0x0000066e                __vector_53
                0x0000066e                __vector_10
                0x0000066e                __vector_50
                0x0000066e                __vector_16
                0x0000066e                __vector_18
                0x0000066e                __vector_42
 .text          0x00000672        0x0 coolant_control.o
 .text          0x00000672        0x0 eeprom.o
 .text          0x00000672        0x0 gcode.o
 .text          0x00000672        0x0 main.o
 .text          0x00000672        0x0 motion_control.o
 .text          0x00000672        0x0 planner.o
 .text          0x00000672        0x0 serial_protocol.o
 .text          0x00000672        0x0 settings.o
 .text          0x00000672        0x0 spindle_control.o
 .text          0x00000672        0x0 stepper.o
 .text          0x00000672        0x0 wiring_serial.o
 .text          0x00000672        0x0 atc_control.o
 .text          0x00000672        0x0 head_control.o
 .text          0x00000672        0x0 panel_control.o
 .text          0x00000672        0x0 vacuum_control.o
 .text          0x00000672        0x0 tape_knock.o
 .text          0x00000672        0x0 usb.o
 .text          0x00000672        0x0 max3421e.o
 .text          0x00000672        0x0 SPI.o
 .text          0x00000672        0x0 timers.o
 .text          0x00000672        0x0 max3421e_usb.o
 .text          0x00000672        0x0 C:\WinAVR-20100110\avr\lib\avr6\libm.a(addsf3.o)
 .text          0x00000672        0x0 C:\WinAVR-20100110\avr\lib\avr6\libm.a(addsf3x.o)
 .text          0x00000672        0x0 C:\WinAVR-20100110\avr\lib\avr6\libm.a(atan.o)
 .text          0x00000672        0x0 C:\WinAVR-20100110\avr\lib\avr6\libm.a(ceil.o)
 .text          0x00000672        0x0 C:\WinAVR-20100110\avr\lib\avr6\libm.a(cmpsf2.o)
 .text          0x00000672        0x0 C:\WinAVR-20100110\avr\lib\avr6\libm.a(divsf3.o)
 .text          0x00000672        0x0 C:\WinAVR-20100110\avr\lib\avr6\libm.a(divsf3x.o)
 .text          0x00000672        0x0 C:\WinAVR-20100110\avr\lib\avr6\libm.a(fixsfsi.o)
 .text          0x00000672        0x0 C:\WinAVR-20100110\avr\lib\avr6\libm.a(fixunssfsi.o)
 .text          0x00000672        0x0 C:\WinAVR-20100110\avr\lib\avr6\libm.a(floatsisf.o)
 .text          0x00000672        0x0 C:\WinAVR-20100110\avr\lib\avr6\libm.a(floor.o)
 .text          0x00000672        0x0 C:\WinAVR-20100110\avr\lib\avr6\libm.a(fp_cmp.o)
 .text          0x00000672        0x0 C:\WinAVR-20100110\avr\lib\avr6\libm.a(fp_inf.o)
 .text          0x00000672        0x0 C:\WinAVR-20100110\avr\lib\avr6\libm.a(fp_mintl.o)
 .text          0x00000672        0x0 C:\WinAVR-20100110\avr\lib\avr6\libm.a(fp_mpack.o)
 .text          0x00000672        0x0 C:\WinAVR-20100110\avr\lib\avr6\libm.a(fp_nan.o)
 .text          0x00000672        0x0 C:\WinAVR-20100110\avr\lib\avr6\libm.a(fp_powser.o)
 .text          0x00000672        0x0 C:\WinAVR-20100110\avr\lib\avr6\libm.a(fp_pscA.o)
 .text          0x00000672        0x0 C:\WinAVR-20100110\avr\lib\avr6\libm.a(fp_pscB.o)
 .text          0x00000672        0x0 C:\WinAVR-20100110\avr\lib\avr6\libm.a(fp_round.o)
 .text          0x00000672        0x0 C:\WinAVR-20100110\avr\lib\avr6\libm.a(fp_split3.o)
 .text          0x00000672        0x0 C:\WinAVR-20100110\avr\lib\avr6\libm.a(fp_trunc.o)
 .text          0x00000672        0x0 C:\WinAVR-20100110\avr\lib\avr6\libm.a(fp_zero.o)
 .text          0x00000672        0x0 C:\WinAVR-20100110\avr\lib\avr6\libm.a(gesf2.o)
 .text          0x00000672        0x0 C:\WinAVR-20100110\avr\lib\avr6\libm.a(inverse.o)
 .text          0x00000672        0x0 C:\WinAVR-20100110\avr\lib\avr6\libm.a(lround.o)
 .text          0x00000672        0x0 C:\WinAVR-20100110\avr\lib\avr6\libm.a(modf.o)
 .text          0x00000672        0x0 C:\WinAVR-20100110\avr\lib\avr6\libm.a(mulsf3.o)
 .text          0x00000672        0x0 C:\WinAVR-20100110\avr\lib\avr6\libm.a(mulsf3x.o)
 .text          0x00000672        0x0 C:\WinAVR-20100110\avr\lib\avr6\libm.a(round.o)
 .text          0x00000672        0x0 C:\WinAVR-20100110\avr\lib\avr6\libm.a(sqrt.o)
 .text          0x00000672        0x0 C:\WinAVR-20100110\avr\lib\avr6\libm.a(square.o)
 .text          0x00000672        0x0 C:\WinAVR-20100110\avr\lib\avr6\libm.a(trunc.o)
 .text          0x00000672        0x0 C:\WinAVR-20100110\avr\lib\avr6\libm.a(fp_norm2.o)
 .text          0x00000672        0x0 c:/winavr-20100110/bin/../lib/gcc/avr/4.3.3/avr6\libgcc.a(_mulsi3.o)
 .text          0x00000672        0x0 c:/winavr-20100110/bin/../lib/gcc/avr/4.3.3/avr6\libgcc.a(_divmodhi4.o)
 .text          0x00000672        0x0 c:/winavr-20100110/bin/../lib/gcc/avr/4.3.3/avr6\libgcc.a(_udivmodsi4.o)
 .text          0x00000672        0x0 c:/winavr-20100110/bin/../lib/gcc/avr/4.3.3/avr6\libgcc.a(_divmodsi4.o)
 .text          0x00000672        0x0 c:/winavr-20100110/bin/../lib/gcc/avr/4.3.3/avr6\libgcc.a(_exit.o)
 .text          0x00000672        0x0 c:/winavr-20100110/bin/../lib/gcc/avr/4.3.3/avr6\libgcc.a(_clear_bss.o)
 .text          0x00000672        0x0 c:/winavr-20100110/bin/../lib/gcc/avr/4.3.3/avr6\libgcc.a(_udivmodhi4.o)
 .text          0x00000672        0x0 C:\WinAVR-20100110\avr\lib\avr6\libc.a(rand.o)
 .text          0x00000672        0x0 C:\WinAVR-20100110\avr\lib\avr6\libc.a(strtod.o)
 .text          0x00000672        0x0 C:\WinAVR-20100110\avr\lib\avr6\libc.a(isspace.o)
 .text          0x00000672        0x0 C:\WinAVR-20100110\avr\lib\avr6\libc.a(strncasecmp_P.o)
 .text          0x00000672        0x0 C:\WinAVR-20100110\avr\lib\avr6\libc.a(errno.o)
 .text          0x00000672        0x0 C:\WinAVR-20100110\avr\lib\avr6\libc.a(cty_isfalse.o)
                0x00000672                . = ALIGN (0x2)
 *(.text.*)
 .text.coolant_init
                0x00000672        0x4 coolant_control.o
                0x00000672                coolant_init
 .text.coolant_flood
                0x00000676        0xc coolant_control.o
                0x00000676                coolant_flood
 .text.eeprom_get_char
                0x00000682       0x10 eeprom.o
                0x00000682                eeprom_get_char
 .text.eeprom_put_char
                0x00000692       0x42 eeprom.o
                0x00000692                eeprom_put_char
 .text.memcpy_to_eeprom_with_checksum
                0x000006d4       0x78 eeprom.o
                0x000006d4                memcpy_to_eeprom_with_checksum
 .text.memcpy_from_eeprom_with_checksum
                0x0000074c       0x7e eeprom.o
                0x0000074c                memcpy_from_eeprom_with_checksum
 .text.select_plane
                0x000007ca        0xe gcode.o
                0x000007ca                select_plane
 .text.set_feeder_x
                0x000007d8       0x12 gcode.o
                0x000007d8                set_feeder_x
 .text.set_feeder_y
                0x000007ea       0x12 gcode.o
                0x000007ea                set_feeder_y
 .text.gotoxy   0x000007fc      0x1ae gcode.o
                0x000007fc                gotoxy
 .text.read_double
                0x000009aa       0x82 gcode.o
                0x000009aa                read_double
 .text.next_statement
                0x00000a2c       0x68 gcode.o
                0x00000a2c                next_statement
 .text.gc_init  0x00000a94       0x7c gcode.o
                0x00000a94                gc_init
 .text.gc_execute_line
                0x00000b10      0x9f6 gcode.o
                0x00000b10                gc_execute_line
 .text.theta    0x00001506       0x8c gcode.o
                0x00001506                theta
 .text.main     0x00001592       0xb2 main.o
                0x00001592                main
 .text.pb_usbEventHandler
                0x00001644       0x26 main.o
 .text.mc_go_home
                0x0000166a        0x6 motion_control.o
                0x0000166a                mc_go_home
 .text.mc_dwell
                0x00001670       0xa8 motion_control.o
                0x00001670                mc_dwell
 .text.factor_for_safe_speed
                0x00001718       0x20 planner.o
                0x00001718                factor_for_safe_speed
 .text.plan_is_acceleration_manager_enabled
                0x00001738        0x8 planner.o
                0x00001738                plan_is_acceleration_manager_enabled
 .text.plan_discard_current_block
                0x00001740       0x32 planner.o
                0x00001740                plan_discard_current_block
 .text.plan_get_current_block
                0x00001772       0x52 planner.o
                0x00001772                plan_get_current_block
 .text.planner_forward_pass_kernel
                0x000017c4      0x10c planner.o
                0x000017c4                planner_forward_pass_kernel
 .text.planner_forward_pass
                0x000018d0       0x9a planner.o
                0x000018d0                planner_forward_pass
 .text.plan_set_current
                0x0000196a      0x106 planner.o
                0x0000196a                plan_set_current
 .text.plan_set_acceleration_manager_enabled
                0x00001a70       0x3a planner.o
                0x00001a70                plan_set_acceleration_manager_enabled
 .text.plan_init
                0x00001aaa       0x28 planner.o
                0x00001aaa                plan_init
 .text.planner_reverse_pass_kernel
                0x00001ad2      0x284 planner.o
                0x00001ad2                planner_reverse_pass_kernel
 .text.planner_reverse_pass
                0x00001d56       0xa4 planner.o
                0x00001d56                planner_reverse_pass
 .text.calculate_trapezoid_for_block
                0x00001dfa      0x2a0 planner.o
                0x00001dfa                calculate_trapezoid_for_block
 .text.planner_recalculate_trapezoids
                0x0000209a       0xaa planner.o
                0x0000209a                planner_recalculate_trapezoids
 .text.planner_recalculate
                0x00002144        0xe planner.o
                0x00002144                planner_recalculate
 .text.plan_buffer_line
                0x00002152      0x868 planner.o
                0x00002152                plan_buffer_line
 .text.sp_process
                0x000029ba       0xda serial_protocol.o
                0x000029ba                sp_process
 .text.sp_init  0x00002a94        0xe serial_protocol.o
                0x00002a94                sp_init
 .text.settings_reset
                0x00002aa2       0xc8 settings.o
                0x00002aa2                settings_reset
 .text.read_settings
                0x00002b6a       0x84 settings.o
                0x00002b6a                read_settings
 .text.write_settings
                0x00002bee       0x1c settings.o
                0x00002bee                write_settings
 .text.settings_store_setting
                0x00002c0a      0x146 settings.o
                0x00002c0a                settings_store_setting
 .text.settings_dump
                0x00002d50      0x1a8 settings.o
                0x00002d50                settings_dump
 .text.settings_init
                0x00002ef8       0x18 settings.o
                0x00002ef8                settings_init
 .text.spindle_init
                0x00002f10       0x10 spindle_control.o
                0x00002f10                spindle_init
 .text.spindle_run
                0x00002f20       0x20 spindle_control.o
                0x00002f20                spindle_run
 .text.spindle_stop
                0x00002f40        0xc spindle_control.o
                0x00002f40                spindle_stop
 .text.rotate_head
                0x00002f4c       0x22 spindle_control.o
                0x00002f4c                rotate_head
 .text.st_wake_up
                0x00002f6e        0xc stepper.o
                0x00002f6e                st_wake_up
 .text.set_busy
                0x00002f7a        0xc stepper.o
                0x00002f7a                set_busy
 .text.get_busy
                0x00002f86        0xc stepper.o
                0x00002f86                get_busy
 .text.__vector_15
                0x00002f92       0x1e stepper.o
                0x00002f92                __vector_15
 .text.st_enable
                0x00002fb0        0x4 stepper.o
                0x00002fb0                st_enable
 .text.st_disable
                0x00002fb4        0x4 stepper.o
                0x00002fb4                st_disable
 .text.st_is_enabled
                0x00002fb8       0x1e stepper.o
                0x00002fb8                st_is_enabled
 .text.config_step_timer
                0x00002fd6      0x14a stepper.o
                0x00002fd6                config_step_timer
 .text.set_step_events_per_minute
                0x00003120       0x48 stepper.o
                0x00003120                set_step_events_per_minute
 .text.st_init  0x00003168       0x80 stepper.o
                0x00003168                st_init
 .text.xHome    0x000031e8        0x6 stepper.o
                0x000031e8                xHome
 .text.yHome    0x000031ee        0x6 stepper.o
                0x000031ee                yHome
 .text.head_moving
                0x000031f4        0xe stepper.o
                0x000031f4                head_moving
 .text.limits_init
                0x00003202       0x54 stepper.o
                0x00003202                limits_init
 .text.get_limit_bits
                0x00003256       0x20 stepper.o
                0x00003256                get_limit_bits
 .text.st_go_home
                0x00003276       0x3c stepper.o
                0x00003276                st_go_home
 .text.yLimit2  0x000032b2       0x1e stepper.o
                0x000032b2                yLimit2
 .text.moveBack
                0x000032d0       0x6c stepper.o
                0x000032d0                moveBack
 .text.yLimit1  0x0000333c       0x1e stepper.o
                0x0000333c                yLimit1
 .text.moveForward
                0x0000335a       0x5a stepper.o
                0x0000335a                moveForward
 .text.xLimit2  0x000033b4       0x1e stepper.o
                0x000033b4                xLimit2
 .text.moveRight
                0x000033d2       0x6c stepper.o
                0x000033d2                moveRight
 .text.xLimit1  0x0000343e       0x1e stepper.o
                0x0000343e                xLimit1
 .text.moveLeft
                0x0000345c       0x6a stepper.o
                0x0000345c                moveLeft
 .text.st_synchronize
                0x000034c6       0x1a stepper.o
                0x000034c6                st_synchronize
 .text.__vector_17
                0x000034e0      0x55c stepper.o
                0x000034e0                __vector_17
 .text.beginSerial
                0x00003a3c       0x78 wiring_serial.o
                0x00003a3c                beginSerial
 .text.serialWrite
                0x00003ab4       0x10 wiring_serial.o
                0x00003ab4                serialWrite
 .text.serialAvailable
                0x00003ac4       0x22 wiring_serial.o
                0x00003ac4                serialAvailable
 .text.serialRead
                0x00003ae6       0x40 wiring_serial.o
                0x00003ae6                serialRead
 .text.serialFlush
                0x00003b26       0x12 wiring_serial.o
                0x00003b26                serialFlush
 .text.printByte
                0x00003b38       0x10 wiring_serial.o
                0x00003b38                printByte
 .text.printString
                0x00003b48       0x1e wiring_serial.o
                0x00003b48                printString
 .text.printPgmString
                0x00003b66       0x1e wiring_serial.o
                0x00003b66                printPgmString
 .text.printIntegerInBase
                0x00003b84      0x128 wiring_serial.o
                0x00003b84                printIntegerInBase
 .text.printInteger
                0x00003cac       0x38 wiring_serial.o
                0x00003cac                printInteger
 .text.printBinary
                0x00003ce4        0xe wiring_serial.o
                0x00003ce4                printBinary
 .text.printFloat
                0x00003cf2       0x86 wiring_serial.o
                0x00003cf2                printFloat
 .text.__vector_25
                0x00003d78       0x92 wiring_serial.o
                0x00003d78                __vector_25
 .text.atc_init
                0x00003e0a       0x26 atc_control.o
                0x00003e0a                atc_init
 .text.has_tool
                0x00003e30        0x4 atc_control.o
                0x00003e30                has_tool
 .text.atc_fire
                0x00003e34      0x14a atc_control.o
                0x00003e34                atc_fire
 .text.DropTool
                0x00003f7e       0x42 atc_control.o
                0x00003f7e                DropTool
 .text.PickupTool
                0x00003fc0       0x4a atc_control.o
                0x00003fc0                PickupTool
 .text.atc_change
                0x0000400a       0x40 atc_control.o
                0x0000400a                atc_change
 .text.check_for_tool
                0x0000404a       0x52 atc_control.o
                0x0000404a                check_for_tool
 .text.head_init
                0x0000409c       0x1e head_control.o
                0x0000409c                head_init
 .text.is_head_down
                0x000040ba        0x6 head_control.o
                0x000040ba                is_head_down
 .text.is_rotated
                0x000040c0        0xc head_control.o
                0x000040c0                is_rotated
 .text.head_down
                0x000040cc       0x7a head_control.o
                0x000040cc                head_down
 .text.panel_init
                0x00004146       0x80 panel_control.o
                0x00004146                panel_init
 .text.is_pleft
                0x000041c6        0xe panel_control.o
                0x000041c6                is_pleft
 .text.is_pright
                0x000041d4        0xe panel_control.o
                0x000041d4                is_pright
 .text.is_pback
                0x000041e2        0xc panel_control.o
                0x000041e2                is_pback
 .text.is_pforward
                0x000041ee        0xc panel_control.o
                0x000041ee                is_pforward
 .text.is_phead
                0x000041fa        0xc panel_control.o
                0x000041fa                is_phead
 .text.is_pvac  0x00004206        0xa panel_control.o
                0x00004206                is_pvac
 .text.is_pfast
                0x00004210        0xa panel_control.o
                0x00004210                is_pfast
 .text.is_phome
                0x0000421a        0xe panel_control.o
                0x0000421a                is_phome
 .text.is_pteach
                0x00004228        0xc panel_control.o
                0x00004228                is_pteach
 .text.__vector_32
                0x00004234       0x14 panel_control.o
                0x00004234                __vector_32
 .text.process_panel
                0x00004248       0x66 panel_control.o
                0x00004248                process_panel
 .text.vacuum_init
                0x000042ae       0x1a vacuum_control.o
                0x000042ae                vacuum_init
 .text.vacuum   0x000042c8       0x44 vacuum_control.o
                0x000042c8                vacuum
 .text.vacuum_state
                0x0000430c        0xc vacuum_control.o
                0x0000430c                vacuum_state
 .text.run_vacuum_test
                0x00004318       0x74 vacuum_control.o
                0x00004318                run_vacuum_test
 .text.goto_vacpad
                0x0000438c      0x2a6 vacuum_control.o
                0x0000438c                goto_vacpad
 .text.test_mode
                0x00004632       0xe4 vacuum_control.o
                0x00004632                test_mode
 .text.vacuum_test
                0x00004716       0x18 vacuum_control.o
                0x00004716                vacuum_test
 .text.tape_init
                0x0000472e        0xc tape_knock.o
                0x0000472e                tape_init
 .text.tape_knock
                0x0000473a       0x5a tape_knock.o
                0x0000473a                tape_knock
 .text.putdown_part
                0x00004794       0x82 tape_knock.o
                0x00004794                putdown_part
 .text.pickup_part
                0x00004816       0x70 tape_knock.o
                0x00004816                pickup_part
 .text.usb_setEventHandler
                0x00004886        0xa usb.o
                0x00004886                usb_setEventHandler
 .text.usb_fireEvent
                0x00004890        0xc usb.o
                0x00004890                usb_fireEvent
 .text.usb_initEndPoint
                0x0000489c        0xe usb.o
                0x0000489c                usb_initEndPoint
 .text.usb_initDevice
                0x000048aa       0x58 usb.o
                0x000048aa                usb_initDevice
 .text.usb_printDeviceInfo
                0x00004902       0x30 usb.o
                0x00004902                usb_printDeviceInfo
 .text.max3421e_write
                0x00004932       0x18 max3421e.o
                0x00004932                max3421e_write
 .text.max3421e_writeMultiple
                0x0000494a       0x38 max3421e.o
                0x0000494a                max3421e_writeMultiple
 .text.max3421e_read
                0x00004982       0x18 max3421e.o
                0x00004982                max3421e_read
 .text.max3421e_readMultiple
                0x0000499a       0x36 max3421e.o
                0x0000499a                max3421e_readMultiple
 .text.max3421e_getVbusState
                0x000049d0        0x6 max3421e.o
                0x000049d0                max3421e_getVbusState
 .text.max3421e_busprobe
                0x000049d6       0x62 max3421e.o
                0x000049d6                max3421e_busprobe
 .text.max3421e_interruptHandler
                0x00004a38       0x2a max3421e.o
                0x00004a38                max3421e_interruptHandler
 .text.max3421e_gpxInterruptHandler
                0x00004a62        0x8 max3421e.o
                0x00004a62                max3421e_gpxInterruptHandler
 .text.max3421e_poll
                0x00004a6a       0x26 max3421e.o
                0x00004a6a                max3421e_poll
 .text.max3421e_reset
                0x00004a90       0x3c max3421e.o
                0x00004a90                max3421e_reset
 .text.max3421e_powerOn
                0x00004acc       0x52 max3421e.o
                0x00004acc                max3421e_powerOn
 .text.max3421e_init
                0x00004b1e       0x24 max3421e.o
                0x00004b1e                max3421e_init
 .text.spi_begin
                0x00004b42       0x1e SPI.o
                0x00004b42                spi_begin
 .text.__vector_23
                0x00004b60       0x90 timers.o
                0x00004b60                __vector_23
 .text.avr_millis
                0x00004bf0       0x1e timers.o
                0x00004bf0                avr_millis
 .text.avr_ticks
                0x00004c0e       0x80 timers.o
                0x00004c0e                avr_ticks
 .text.avr_delay
                0x00004c8e       0x58 timers.o
                0x00004c8e                avr_delay
 .text.avr_micros
                0x00004ce6       0x40 timers.o
                0x00004ce6                avr_micros
 .text.__vector_20
                0x00004d26       0x2e timers.o
                0x00004d26                __vector_20
 .text.avr_timer1Init
                0x00004d54       0x1c timers.o
                0x00004d54                avr_timer1Init
 .text.setup_timer
                0x00004d70       0x1e timers.o
                0x00004d70                setup_timer
 .text.usb_getUsbTaskState
                0x00004d8e        0x6 max3421e_usb.o
                0x00004d8e                usb_getUsbTaskState
 .text.usb_setUsbTaskState
                0x00004d94        0x6 max3421e_usb.o
                0x00004d94                usb_setUsbTaskState
 .text.usb_getDevice
                0x00004d9a       0x1e max3421e_usb.o
                0x00004d9a                usb_getDevice
 .text.usb_write
                0x00004db8      0x1b2 max3421e_usb.o
                0x00004db8                usb_write
 .text.usb_bulkWrite
                0x00004f6a       0x12 max3421e_usb.o
                0x00004f6a                usb_bulkWrite
 .text.usb_dispatchPacket
                0x00004f7c       0xf2 max3421e_usb.o
                0x00004f7c                usb_dispatchPacket
 .text.usb_read
                0x0000506e       0xd4 max3421e_usb.o
                0x0000506e                usb_read
 .text.usb_ctrlData
                0x00005142       0x36 max3421e_usb.o
                0x00005142                usb_ctrlData
 .text.usb_controlRequest
                0x00005178       0xf8 max3421e_usb.o
                0x00005178                usb_controlRequest
 .text.usb_setConfiguration
                0x00005270       0x36 max3421e_usb.o
                0x00005270                usb_setConfiguration
 .text.usb_setAddress
                0x000052a6       0x36 max3421e_usb.o
                0x000052a6                usb_setAddress
 .text.usb_getConfigurationDescriptor
                0x000052dc       0xa6 max3421e_usb.o
                0x000052dc                usb_getConfigurationDescriptor
 .text.usb_getDeviceDescriptor
                0x00005382       0x36 max3421e_usb.o
                0x00005382                usb_getDeviceDescriptor
 .text.usb_getString
                0x000053b8      0x10a max3421e_usb.o
                0x000053b8                usb_getString
 .text.usb_bulkRead
                0x000054c2       0x34 max3421e_usb.o
                0x000054c2                usb_bulkRead
 .text.usb_init
                0x000054f6       0x2a max3421e_usb.o
                0x000054f6                usb_init
 .text.usb_poll
                0x00005520      0x220 max3421e_usb.o
                0x00005520                usb_poll
 .text.avr-libc.fplib
                0x00005740        0xa C:\WinAVR-20100110\avr\lib\avr6\libm.a(addsf3.o)
                0x00005740                __subsf3
                0x00005742                __addsf3
 .text.avr-libc.fplib
                0x0000574a       0xc0 C:\WinAVR-20100110\avr\lib\avr6\libm.a(addsf3x.o)
                0x00005764                __addsf3x
 .text.avr-libc.fplib
                0x0000580a       0x50 C:\WinAVR-20100110\avr\lib\avr6\libm.a(atan.o)
                0x0000580a                atan
 .text.avr-libc.fplib
                0x0000585a       0x26 C:\WinAVR-20100110\avr\lib\avr6\libm.a(ceil.o)
                0x0000585a                ceil
 .text.avr-libc.fplib
                0x00005880        0x8 C:\WinAVR-20100110\avr\lib\avr6\libm.a(cmpsf2.o)
                0x00005880                __lesf2
                0x00005880                __nesf2
                0x00005880                __eqsf2
                0x00005880                __cmpsf2
                0x00005880                __ltsf2
 .text.avr-libc.fplib
                0x00005888        0x4 C:\WinAVR-20100110\avr\lib\avr6\libm.a(divsf3.o)
                0x00005888                __divsf3
 .text.avr-libc.fplib
                0x0000588c       0xcc C:\WinAVR-20100110\avr\lib\avr6\libm.a(divsf3x.o)
                0x000058a2                __divsf3x
                0x000058a6                __divsf3_pse
 .text.avr-libc.fplib
                0x00005958        0xa C:\WinAVR-20100110\avr\lib\avr6\libm.a(fixsfsi.o)
                0x00005958                __fixsfsi
 .text.avr-libc.fplib
                0x00005962       0x58 C:\WinAVR-20100110\avr\lib\avr6\libm.a(fixunssfsi.o)
                0x00005962                __fixunssfsi
 .text.avr-libc.fplib
                0x000059ba       0x7a C:\WinAVR-20100110\avr\lib\avr6\libm.a(floatsisf.o)
                0x000059be                __floatsisf
                0x000059ba                __floatunsisf
 .text.avr-libc.fplib
                0x00005a34       0x26 C:\WinAVR-20100110\avr\lib\avr6\libm.a(floor.o)
                0x00005a34                floor
 .text.avr-libc.fplib
                0x00005a5a       0x48 C:\WinAVR-20100110\avr\lib\avr6\libm.a(fp_cmp.o)
                0x00005a5a                __fp_cmp
 .text.avr-libc.fplib
                0x00005aa2        0xc C:\WinAVR-20100110\avr\lib\avr6\libm.a(fp_inf.o)
                0x00005aa2                __fp_inf
 .text.avr-libc.fplib
                0x00005aae       0x36 C:\WinAVR-20100110\avr\lib\avr6\libm.a(fp_mintl.o)
                0x00005aae                __fp_mintl
 .text.avr-libc.fplib
                0x00005ae4       0x1c C:\WinAVR-20100110\avr\lib\avr6\libm.a(fp_mpack.o)
                0x00005ae8                __fp_mpack_finite
                0x00005ae4                __fp_mpack
 .text.avr-libc.fplib
                0x00005b00        0x6 C:\WinAVR-20100110\avr\lib\avr6\libm.a(fp_nan.o)
                0x00005b00                __fp_nan
 .text.avr-libc.fplib
                0x00005b06       0x4a C:\WinAVR-20100110\avr\lib\avr6\libm.a(fp_powser.o)
                0x00005b06                __fp_powser
 .text.avr-libc.fplib
                0x00005b50        0xe C:\WinAVR-20100110\avr\lib\avr6\libm.a(fp_pscA.o)
                0x00005b50                __fp_pscA
 .text.avr-libc.fplib
                0x00005b5e        0xe C:\WinAVR-20100110\avr\lib\avr6\libm.a(fp_pscB.o)
                0x00005b5e                __fp_pscB
 .text.avr-libc.fplib
                0x00005b6c       0x22 C:\WinAVR-20100110\avr\lib\avr6\libm.a(fp_round.o)
                0x00005b6c                __fp_round
 .text.avr-libc.fplib
                0x00005b8e       0x44 C:\WinAVR-20100110\avr\lib\avr6\libm.a(fp_split3.o)
                0x00005b8e                __fp_split3
                0x00005b9e                __fp_splitA
 .text.avr-libc.fplib
                0x00005bd2       0x2e C:\WinAVR-20100110\avr\lib\avr6\libm.a(fp_trunc.o)
                0x00005bd2                __fp_trunc
 .text.avr-libc.fplib
                0x00005c00        0xe C:\WinAVR-20100110\avr\lib\avr6\libm.a(fp_zero.o)
                0x00005c00                __fp_zero
                0x00005c02                __fp_szero
 .text.avr-libc.fplib
                0x00005c0e        0x8 C:\WinAVR-20100110\avr\lib\avr6\libm.a(gesf2.o)
                0x00005c0e                __gtsf2
                0x00005c0e                __gesf2
 .text.avr-libc.fplib
                0x00005c16        0xe C:\WinAVR-20100110\avr\lib\avr6\libm.a(inverse.o)
                0x00005c16                inverse
 .text.avr-libc.fplib
                0x00005c24       0x60 C:\WinAVR-20100110\avr\lib\avr6\libm.a(lround.o)
                0x00005c24                lround
 .text.avr-libc.fplib
                0x00005c84       0x66 C:\WinAVR-20100110\avr\lib\avr6\libm.a(modf.o)
                0x00005c84                modff
                0x00005c84                modf
 .text.avr-libc.fplib
                0x00005cea        0x4 C:\WinAVR-20100110\avr\lib\avr6\libm.a(mulsf3.o)
                0x00005cea                __mulsf3
 .text.avr-libc.fplib
                0x00005cee       0xc2 C:\WinAVR-20100110\avr\lib\avr6\libm.a(mulsf3x.o)
                0x00005d06                __mulsf3_pse
                0x00005d02                __mulsf3x
 .text.avr-libc.fplib
                0x00005db0       0x40 C:\WinAVR-20100110\avr\lib\avr6\libm.a(round.o)
                0x00005db0                round
 .text.avr-libc.fplib
                0x00005df0       0x84 C:\WinAVR-20100110\avr\lib\avr6\libm.a(sqrt.o)
                0x00005df8                sqrt
 .text.avr-libc.fplib
                0x00005e74        0x6 C:\WinAVR-20100110\avr\lib\avr6\libm.a(square.o)
                0x00005e74                square
 .text.avr-libc.fplib
                0x00005e7a        0xe C:\WinAVR-20100110\avr\lib\avr6\libm.a(trunc.o)
                0x00005e7a                trunc
 .text.avr-libc.fplib
                0x00005e88        0xe C:\WinAVR-20100110\avr\lib\avr6\libm.a(fp_norm2.o)
                0x00005e88                __fp_norm2
 .text.libgcc   0x00005e96       0x3e c:/winavr-20100110/bin/../lib/gcc/avr/4.3.3/avr6\libgcc.a(_mulsi3.o)
                0x00005e96                __mulsi3
 .text.libgcc   0x00005ed4       0x26 c:/winavr-20100110/bin/../lib/gcc/avr/4.3.3/avr6\libgcc.a(_divmodhi4.o)
                0x00005ed4                __divmodhi4
                0x00005ed4                _div
 .text.libgcc   0x00005efa       0x44 c:/winavr-20100110/bin/../lib/gcc/avr/4.3.3/avr6\libgcc.a(_udivmodsi4.o)
                0x00005efa                __udivmodsi4
 .text.libgcc   0x00005f3e       0x36 c:/winavr-20100110/bin/../lib/gcc/avr/4.3.3/avr6\libgcc.a(_divmodsi4.o)
                0x00005f3e                __divmodsi4
 .text.libgcc   0x00005f74        0x0 c:/winavr-20100110/bin/../lib/gcc/avr/4.3.3/avr6\libgcc.a(_exit.o)
 .text.libgcc   0x00005f74        0x0 c:/winavr-20100110/bin/../lib/gcc/avr/4.3.3/avr6\libgcc.a(_clear_bss.o)
 .text.libgcc   0x00005f74       0x28 c:/winavr-20100110/bin/../lib/gcc/avr/4.3.3/avr6\libgcc.a(_udivmodhi4.o)
                0x00005f74                __udivmodhi4
 .text.avr-libc
                0x00005f9c       0xd6 C:\WinAVR-20100110\avr\lib\avr6\libc.a(rand.o)
                0x0000604c                rand_r
                0x00006052                rand
                0x0000605c                srand
 .text.avr-libc
                0x00006072      0x2dc C:\WinAVR-20100110\avr\lib\avr6\libc.a(strtod.o)
                0x00006072                strtod
 .text.avr-libc
                0x0000634e       0x10 C:\WinAVR-20100110\avr\lib\avr6\libc.a(isspace.o)
                0x0000634e                isspace
 .text.avr-libc
                0x0000635e       0x30 C:\WinAVR-20100110\avr\lib\avr6\libc.a(strncasecmp_P.o)
                0x0000635e                strncasecmp_P
 .text.avr-libc
                0x0000638e        0x6 C:\WinAVR-20100110\avr\lib\avr6\libc.a(cty_isfalse.o)
                0x00006392                __ctype_istrue
                0x0000638e                __ctype_isfalse
                0x00006394                . = ALIGN (0x2)
 *(.fini9)
 .fini9         0x00006394        0x0 c:/winavr-20100110/bin/../lib/gcc/avr/4.3.3/avr6\libgcc.a(_exit.o)
                0x00006394                exit
                0x00006394                _exit
 *(.fini9)
 *(.fini8)
 *(.fini8)
 *(.fini7)
 *(.fini7)
 *(.fini6)
 *(.fini6)
 *(.fini5)
 *(.fini5)
 *(.fini4)
 *(.fini4)
 *(.fini3)
 *(.fini3)
 *(.fini2)
 *(.fini2)
 *(.fini1)
 *(.fini1)
 *(.fini0)
 .fini0         0x00006394        0x4 c:/winavr-20100110/bin/../lib/gcc/avr/4.3.3/avr6\libgcc.a(_exit.o)
 *(.fini0)
                0x00006398                _etext = .

.data           0x00800200        0x6 load address 0x00006398
                0x00800200                PROVIDE (__data_start, .)
 *(.data)
 .data          0x00800200        0x0 c:/winavr-20100110/bin/../lib/gcc/avr/4.3.3/../../../../avr/lib/avr6/crtm2560.o
 .data          0x00800200        0x0 coolant_control.o
 .data          0x00800200        0x0 eeprom.o
 .data          0x00800200        0x0 gcode.o
 .data          0x00800200        0x0 main.o
 .data          0x00800200        0x0 motion_control.o
 .data          0x00800200        0x0 planner.o
 .data          0x00800200        0x0 serial_protocol.o
 .data          0x00800200        0x0 settings.o
 .data          0x00800200        0x0 spindle_control.o
 .data          0x00800200        0x0 stepper.o
 .data          0x00800200        0x0 wiring_serial.o
 .data          0x00800200        0x0 atc_control.o
 .data          0x00800200        0x0 head_control.o
 .data          0x00800200        0x0 panel_control.o
 .data          0x00800200        0x0 vacuum_control.o
 .data          0x00800200        0x0 tape_knock.o
 .data          0x00800200        0x0 usb.o
 .data          0x00800200        0x0 max3421e.o
 .data          0x00800200        0x0 SPI.o
 .data          0x00800200        0x0 timers.o
 .data          0x00800200        0x1 max3421e_usb.o
 .data          0x00800201        0x0 C:\WinAVR-20100110\avr\lib\avr6\libm.a(addsf3.o)
 .data          0x00800201        0x0 C:\WinAVR-20100110\avr\lib\avr6\libm.a(addsf3x.o)
 .data          0x00800201        0x0 C:\WinAVR-20100110\avr\lib\avr6\libm.a(atan.o)
 .data          0x00800201        0x0 C:\WinAVR-20100110\avr\lib\avr6\libm.a(ceil.o)
 .data          0x00800201        0x0 C:\WinAVR-20100110\avr\lib\avr6\libm.a(cmpsf2.o)
 .data          0x00800201        0x0 C:\WinAVR-20100110\avr\lib\avr6\libm.a(divsf3.o)
 .data          0x00800201        0x0 C:\WinAVR-20100110\avr\lib\avr6\libm.a(divsf3x.o)
 .data          0x00800201        0x0 C:\WinAVR-20100110\avr\lib\avr6\libm.a(fixsfsi.o)
 .data          0x00800201        0x0 C:\WinAVR-20100110\avr\lib\avr6\libm.a(fixunssfsi.o)
 .data          0x00800201        0x0 C:\WinAVR-20100110\avr\lib\avr6\libm.a(floatsisf.o)
 .data          0x00800201        0x0 C:\WinAVR-20100110\avr\lib\avr6\libm.a(floor.o)
 .data          0x00800201        0x0 C:\WinAVR-20100110\avr\lib\avr6\libm.a(fp_cmp.o)
 .data          0x00800201        0x0 C:\WinAVR-20100110\avr\lib\avr6\libm.a(fp_inf.o)
 .data          0x00800201        0x0 C:\WinAVR-20100110\avr\lib\avr6\libm.a(fp_mintl.o)
 .data          0x00800201        0x0 C:\WinAVR-20100110\avr\lib\avr6\libm.a(fp_mpack.o)
 .data          0x00800201        0x0 C:\WinAVR-20100110\avr\lib\avr6\libm.a(fp_nan.o)
 .data          0x00800201        0x0 C:\WinAVR-20100110\avr\lib\avr6\libm.a(fp_powser.o)
 .data          0x00800201        0x0 C:\WinAVR-20100110\avr\lib\avr6\libm.a(fp_pscA.o)
 .data          0x00800201        0x0 C:\WinAVR-20100110\avr\lib\avr6\libm.a(fp_pscB.o)
 .data          0x00800201        0x0 C:\WinAVR-20100110\avr\lib\avr6\libm.a(fp_round.o)
 .data          0x00800201        0x0 C:\WinAVR-20100110\avr\lib\avr6\libm.a(fp_split3.o)
 .data          0x00800201        0x0 C:\WinAVR-20100110\avr\lib\avr6\libm.a(fp_trunc.o)
 .data          0x00800201        0x0 C:\WinAVR-20100110\avr\lib\avr6\libm.a(fp_zero.o)
 .data          0x00800201        0x0 C:\WinAVR-20100110\avr\lib\avr6\libm.a(gesf2.o)
 .data          0x00800201        0x0 C:\WinAVR-20100110\avr\lib\avr6\libm.a(inverse.o)
 .data          0x00800201        0x0 C:\WinAVR-20100110\avr\lib\avr6\libm.a(lround.o)
 .data          0x00800201        0x0 C:\WinAVR-20100110\avr\lib\avr6\libm.a(modf.o)
 .data          0x00800201        0x0 C:\WinAVR-20100110\avr\lib\avr6\libm.a(mulsf3.o)
 .data          0x00800201        0x0 C:\WinAVR-20100110\avr\lib\avr6\libm.a(mulsf3x.o)
 .data          0x00800201        0x0 C:\WinAVR-20100110\avr\lib\avr6\libm.a(round.o)
 .data          0x00800201        0x0 C:\WinAVR-20100110\avr\lib\avr6\libm.a(sqrt.o)
 .data          0x00800201        0x0 C:\WinAVR-20100110\avr\lib\avr6\libm.a(square.o)
 .data          0x00800201        0x0 C:\WinAVR-20100110\avr\lib\avr6\libm.a(trunc.o)
 .data          0x00800201        0x0 C:\WinAVR-20100110\avr\lib\avr6\libm.a(fp_norm2.o)
 .data          0x00800201        0x0 c:/winavr-20100110/bin/../lib/gcc/avr/4.3.3/avr6\libgcc.a(_mulsi3.o)
 .data          0x00800201        0x0 c:/winavr-20100110/bin/../lib/gcc/avr/4.3.3/avr6\libgcc.a(_divmodhi4.o)
 .data          0x00800201        0x0 c:/winavr-20100110/bin/../lib/gcc/avr/4.3.3/avr6\libgcc.a(_udivmodsi4.o)
 .data          0x00800201        0x0 c:/winavr-20100110/bin/../lib/gcc/avr/4.3.3/avr6\libgcc.a(_divmodsi4.o)
 .data          0x00800201        0x0 c:/winavr-20100110/bin/../lib/gcc/avr/4.3.3/avr6\libgcc.a(_exit.o)
 .data          0x00800201        0x0 c:/winavr-20100110/bin/../lib/gcc/avr/4.3.3/avr6\libgcc.a(_clear_bss.o)
 .data          0x00800201        0x0 c:/winavr-20100110/bin/../lib/gcc/avr/4.3.3/avr6\libgcc.a(_udivmodhi4.o)
 .data          0x00800201        0x4 C:\WinAVR-20100110\avr\lib\avr6\libc.a(rand.o)
 .data          0x00800205        0x0 C:\WinAVR-20100110\avr\lib\avr6\libc.a(strtod.o)
 .data          0x00800205        0x0 C:\WinAVR-20100110\avr\lib\avr6\libc.a(isspace.o)
 .data          0x00800205        0x0 C:\WinAVR-20100110\avr\lib\avr6\libc.a(strncasecmp_P.o)
 .data          0x00800205        0x0 C:\WinAVR-20100110\avr\lib\avr6\libc.a(errno.o)
 .data          0x00800205        0x0 C:\WinAVR-20100110\avr\lib\avr6\libc.a(cty_isfalse.o)
 *(.data*)
 *(.rodata)
 *(.rodata*)
 *(.gnu.linkonce.d*)
                0x00800206                . = ALIGN (0x2)
 *fill*         0x00800205        0x1 00
                0x00800206                _edata = .
                0x00800206                PROVIDE (__data_end, .)

.bss            0x00800206      0x4fb
                0x00800206                PROVIDE (__bss_start, .)
 *(.bss)
 .bss           0x00800206        0x0 c:/winavr-20100110/bin/../lib/gcc/avr/4.3.3/../../../../avr/lib/avr6/crtm2560.o
 .bss           0x00800206        0x0 coolant_control.o
 .bss           0x00800206        0x0 eeprom.o
 .bss           0x00800206       0x2c gcode.o
 .bss           0x00800232        0x0 main.o
 .bss           0x00800232        0x0 motion_control.o
 .bss           0x00800232      0x2ef planner.o
 .bss           0x00800521       0x33 serial_protocol.o
 .bss           0x00800554        0x0 settings.o
 .bss           0x00800554        0x0 spindle_control.o
 .bss           0x00800554       0x27 stepper.o
                0x00800554                ackHost
                0x00800555                gHomed
 .bss           0x0080057b      0x104 wiring_serial.o
                0x0080057b                rx_buffer_head
                0x0080057d                rx_buffer_tail
 .bss           0x0080067f        0x0 atc_control.o
 .bss           0x0080067f        0x1 head_control.o
 .bss           0x00800680        0x2 panel_control.o
 .bss           0x00800682        0x0 vacuum_control.o
 .bss           0x00800682        0x0 tape_knock.o
 .bss           0x00800682        0x2 usb.o
 .bss           0x00800684        0x1 max3421e.o
 .bss           0x00800685        0x0 SPI.o
 .bss           0x00800685        0xb timers.o
                0x00800685                timer0_overflow_count
                0x00800689                timer0_millis
                0x0080068d                timer1_overflow_count
 .bss           0x00800690        0x5 max3421e_usb.o
 .bss           0x00800695        0x0 C:\WinAVR-20100110\avr\lib\avr6\libm.a(addsf3.o)
 .bss           0x00800695        0x0 C:\WinAVR-20100110\avr\lib\avr6\libm.a(addsf3x.o)
 .bss           0x00800695        0x0 C:\WinAVR-20100110\avr\lib\avr6\libm.a(atan.o)
 .bss           0x00800695        0x0 C:\WinAVR-20100110\avr\lib\avr6\libm.a(ceil.o)
 .bss           0x00800695        0x0 C:\WinAVR-20100110\avr\lib\avr6\libm.a(cmpsf2.o)
 .bss           0x00800695        0x0 C:\WinAVR-20100110\avr\lib\avr6\libm.a(divsf3.o)
 .bss           0x00800695        0x0 C:\WinAVR-20100110\avr\lib\avr6\libm.a(divsf3x.o)
 .bss           0x00800695        0x0 C:\WinAVR-20100110\avr\lib\avr6\libm.a(fixsfsi.o)
 .bss           0x00800695        0x0 C:\WinAVR-20100110\avr\lib\avr6\libm.a(fixunssfsi.o)
 .bss           0x00800695        0x0 C:\WinAVR-20100110\avr\lib\avr6\libm.a(floatsisf.o)
 .bss           0x00800695        0x0 C:\WinAVR-20100110\avr\lib\avr6\libm.a(floor.o)
 .bss           0x00800695        0x0 C:\WinAVR-20100110\avr\lib\avr6\libm.a(fp_cmp.o)
 .bss           0x00800695        0x0 C:\WinAVR-20100110\avr\lib\avr6\libm.a(fp_inf.o)
 .bss           0x00800695        0x0 C:\WinAVR-20100110\avr\lib\avr6\libm.a(fp_mintl.o)
 .bss           0x00800695        0x0 C:\WinAVR-20100110\avr\lib\avr6\libm.a(fp_mpack.o)
 .bss           0x00800695        0x0 C:\WinAVR-20100110\avr\lib\avr6\libm.a(fp_nan.o)
 .bss           0x00800695        0x0 C:\WinAVR-20100110\avr\lib\avr6\libm.a(fp_powser.o)
 .bss           0x00800695        0x0 C:\WinAVR-20100110\avr\lib\avr6\libm.a(fp_pscA.o)
 .bss           0x00800695        0x0 C:\WinAVR-20100110\avr\lib\avr6\libm.a(fp_pscB.o)
 .bss           0x00800695        0x0 C:\WinAVR-20100110\avr\lib\avr6\libm.a(fp_round.o)
 .bss           0x00800695        0x0 C:\WinAVR-20100110\avr\lib\avr6\libm.a(fp_split3.o)
 .bss           0x00800695        0x0 C:\WinAVR-20100110\avr\lib\avr6\libm.a(fp_trunc.o)
 .bss           0x00800695        0x0 C:\WinAVR-20100110\avr\lib\avr6\libm.a(fp_zero.o)
 .bss           0x00800695        0x0 C:\WinAVR-20100110\avr\lib\avr6\libm.a(gesf2.o)
 .bss           0x00800695        0x0 C:\WinAVR-20100110\avr\lib\avr6\libm.a(inverse.o)
 .bss           0x00800695        0x0 C:\WinAVR-20100110\avr\lib\avr6\libm.a(lround.o)
 .bss           0x00800695        0x0 C:\WinAVR-20100110\avr\lib\avr6\libm.a(modf.o)
 .bss           0x00800695        0x0 C:\WinAVR-20100110\avr\lib\avr6\libm.a(mulsf3.o)
 .bss           0x00800695        0x0 C:\WinAVR-20100110\avr\lib\avr6\libm.a(mulsf3x.o)
 .bss           0x00800695        0x0 C:\WinAVR-20100110\avr\lib\avr6\libm.a(round.o)
 .bss           0x00800695        0x0 C:\WinAVR-20100110\avr\lib\avr6\libm.a(sqrt.o)
 .bss           0x00800695        0x0 C:\WinAVR-20100110\avr\lib\avr6\libm.a(square.o)
 .bss           0x00800695        0x0 C:\WinAVR-20100110\avr\lib\avr6\libm.a(trunc.o)
 .bss           0x00800695        0x0 C:\WinAVR-20100110\avr\lib\avr6\libm.a(fp_norm2.o)
 .bss           0x00800695        0x0 c:/winavr-20100110/bin/../lib/gcc/avr/4.3.3/avr6\libgcc.a(_mulsi3.o)
 .bss           0x00800695        0x0 c:/winavr-20100110/bin/../lib/gcc/avr/4.3.3/avr6\libgcc.a(_divmodhi4.o)
 .bss           0x00800695        0x0 c:/winavr-20100110/bin/../lib/gcc/avr/4.3.3/avr6\libgcc.a(_udivmodsi4.o)
 .bss           0x00800695        0x0 c:/winavr-20100110/bin/../lib/gcc/avr/4.3.3/avr6\libgcc.a(_divmodsi4.o)
 .bss           0x00800695        0x0 c:/winavr-20100110/bin/../lib/gcc/avr/4.3.3/avr6\libgcc.a(_exit.o)
 .bss           0x00800695        0x0 c:/winavr-20100110/bin/../lib/gcc/avr/4.3.3/avr6\libgcc.a(_clear_bss.o)
 .bss           0x00800695        0x0 c:/winavr-20100110/bin/../lib/gcc/avr/4.3.3/avr6\libgcc.a(_udivmodhi4.o)
 .bss           0x00800695        0x0 C:\WinAVR-20100110\avr\lib\avr6\libc.a(rand.o)
 .bss           0x00800695        0x0 C:\WinAVR-20100110\avr\lib\avr6\libc.a(strtod.o)
 .bss           0x00800695        0x0 C:\WinAVR-20100110\avr\lib\avr6\libc.a(isspace.o)
 .bss           0x00800695        0x0 C:\WinAVR-20100110\avr\lib\avr6\libc.a(strncasecmp_P.o)
 .bss           0x00800695        0x0 C:\WinAVR-20100110\avr\lib\avr6\libc.a(errno.o)
 .bss           0x00800695        0x0 C:\WinAVR-20100110\avr\lib\avr6\libc.a(cty_isfalse.o)
 *(.bss*)
 *(COMMON)
 COMMON         0x00800695       0x26 settings.o
                0x00800695                settings
 COMMON         0x008006bb        0x1 stepper.o
                0x008006bb                dir_bits
 COMMON         0x008006bc        0x1 usb.o
                0x008006bc                max_registers
 COMMON         0x008006bd       0x42 max3421e_usb.o
                0x008006bd                deviceTable
 COMMON         0x008006ff        0x2 C:\WinAVR-20100110\avr\lib\avr6\libc.a(errno.o)
                0x008006ff                errno
                0x00800701                PROVIDE (__bss_end, .)
                0x00006398                __data_load_start = LOADADDR (.data)
                0x0000639e                __data_load_end = (__data_load_start + SIZEOF (.data))

.noinit         0x00800701        0x0
                0x00800701                PROVIDE (__noinit_start, .)
 *(.noinit*)
                0x00800701                PROVIDE (__noinit_end, .)
                0x00800701                _end = .
                0x00800701                PROVIDE (__heap_start, .)

.eeprom         0x00810000        0x0
 *(.eeprom*)
                0x00810000                __eeprom_end = .

.fuse
 *(.fuse)
 *(.lfuse)
 *(.hfuse)
 *(.efuse)

.lock
 *(.lock*)

.signature
 *(.signature*)

.stab
 *(.stab)

.stabstr
 *(.stabstr)

.stab.excl
 *(.stab.excl)

.stab.exclstr
 *(.stab.exclstr)

.stab.index
 *(.stab.index)

.stab.indexstr
 *(.stab.indexstr)

.comment
 *(.comment)

.debug
 *(.debug)

.line
 *(.line)

.debug_srcinfo
 *(.debug_srcinfo)

.debug_sfnames
 *(.debug_sfnames)

.debug_aranges  0x00000000      0x708
 *(.debug_aranges)
 .debug_aranges
                0x00000000       0x28 coolant_control.o
 .debug_aranges
                0x00000028       0x38 eeprom.o
 .debug_aranges
                0x00000060       0x60 gcode.o
 .debug_aranges
                0x000000c0       0x28 main.o
 .debug_aranges
                0x000000e8       0x28 motion_control.o
 .debug_aranges
                0x00000110       0x90 planner.o
 .debug_aranges
                0x000001a0       0x28 serial_protocol.o
 .debug_aranges
                0x000001c8       0x48 settings.o
 .debug_aranges
                0x00000210       0x38 spindle_control.o
 .debug_aranges
                0x00000248       0xe8 stepper.o
 .debug_aranges
                0x00000330       0x80 wiring_serial.o
 .debug_aranges
                0x000003b0       0x50 atc_control.o
 .debug_aranges
                0x00000400       0x38 head_control.o
 .debug_aranges
                0x00000438       0x78 panel_control.o
 .debug_aranges
                0x000004b0       0x50 vacuum_control.o
 .debug_aranges
                0x00000500       0x38 tape_knock.o
 .debug_aranges
                0x00000538       0x40 usb.o
 .debug_aranges
                0x00000578       0x78 max3421e.o
 .debug_aranges
                0x000005f0       0x20 SPI.o
 .debug_aranges
                0x00000610       0x58 timers.o
 .debug_aranges
                0x00000668       0xa0 max3421e_usb.o

.debug_pubnames
                0x00000000      0xdde
 *(.debug_pubnames)
 .debug_pubnames
                0x00000000       0x35 coolant_control.o
 .debug_pubnames
                0x00000035       0x82 eeprom.o
 .debug_pubnames
                0x000000b7       0x9d gcode.o
 .debug_pubnames
                0x00000154       0x1b main.o
 .debug_pubnames
                0x0000016f       0x2e motion_control.o
 .debug_pubnames
                0x0000019d      0x1c0 planner.o
 .debug_pubnames
                0x0000035d       0x2d serial_protocol.o
 .debug_pubnames
                0x0000038a       0x96 settings.o
 .debug_pubnames
                0x00000420       0x54 spindle_control.o
 .debug_pubnames
                0x00000474      0x1c0 stepper.o
 .debug_pubnames
                0x00000634      0x113 wiring_serial.o
 .debug_pubnames
                0x00000747       0x77 atc_control.o
 .debug_pubnames
                0x000007be       0x4e head_control.o
 .debug_pubnames
                0x0000080c       0xbc panel_control.o
 .debug_pubnames
                0x000008c8       0x80 vacuum_control.o
 .debug_pubnames
                0x00000948       0x50 tape_knock.o
 .debug_pubnames
                0x00000998       0x8e usb.o
 .debug_pubnames
                0x00000a26      0x139 max3421e.o
 .debug_pubnames
                0x00000b5f       0x20 SPI.o
 .debug_pubnames
                0x00000b7f       0xd5 timers.o
 .debug_pubnames
                0x00000c54      0x18a max3421e_usb.o

.debug_info     0x00000000     0x5773
 *(.debug_info)
 .debug_info    0x00000000       0xa5 coolant_control.o
 .debug_info    0x000000a5      0x1da eeprom.o
 .debug_info    0x0000027f      0xa13 gcode.o
 .debug_info    0x00000c92      0x26d main.o
 .debug_info    0x00000eff      0x15e motion_control.o
 .debug_info    0x0000105d      0x8ef planner.o
 .debug_info    0x0000194c      0x135 serial_protocol.o
 .debug_info    0x00001a81      0x522 settings.o
 .debug_info    0x00001fa3      0x22d spindle_control.o
 .debug_info    0x000021d0      0xa84 stepper.o
 .debug_info    0x00002c54      0x469 wiring_serial.o
 .debug_info    0x000030bd      0x2da atc_control.o
 .debug_info    0x00003397      0x1de head_control.o
 .debug_info    0x00003575      0x293 panel_control.o
 .debug_info    0x00003808      0x721 vacuum_control.o
 .debug_info    0x00003f29      0x344 tape_knock.o
 .debug_info    0x0000426d      0x466 usb.o
 .debug_info    0x000046d3      0x372 max3421e.o
 .debug_info    0x00004a45       0x78 SPI.o
 .debug_info    0x00004abd      0x269 timers.o
 .debug_info    0x00004d26      0xa4d max3421e_usb.o
 *(.gnu.linkonce.wi.*)

.debug_abbrev   0x00000000     0x1c89
 *(.debug_abbrev)
 .debug_abbrev  0x00000000       0x6c coolant_control.o
 .debug_abbrev  0x0000006c      0x109 eeprom.o
 .debug_abbrev  0x00000175      0x261 gcode.o
 .debug_abbrev  0x000003d6       0xfa main.o
 .debug_abbrev  0x000004d0       0xfd motion_control.o
 .debug_abbrev  0x000005cd      0x206 planner.o
 .debug_abbrev  0x000007d3       0xe6 serial_protocol.o
 .debug_abbrev  0x000008b9      0x10b settings.o
 .debug_abbrev  0x000009c4      0x12d spindle_control.o
 .debug_abbrev  0x00000af1      0x306 stepper.o
 .debug_abbrev  0x00000df7      0x1d1 wiring_serial.o
 .debug_abbrev  0x00000fc8      0x16c atc_control.o
 .debug_abbrev  0x00001134      0x15e head_control.o
 .debug_abbrev  0x00001292       0xee panel_control.o
 .debug_abbrev  0x00001380      0x1d7 vacuum_control.o
 .debug_abbrev  0x00001557      0x111 tape_knock.o
 .debug_abbrev  0x00001668      0x129 usb.o
 .debug_abbrev  0x00001791      0x187 max3421e.o
 .debug_abbrev  0x00001918       0x48 SPI.o
 .debug_abbrev  0x00001960      0x159 timers.o
 .debug_abbrev  0x00001ab9      0x1d0 max3421e_usb.o

.debug_line     0x00000000     0x4fcc
 *(.debug_line)
 .debug_line    0x00000000       0xa2 coolant_control.o
 .debug_line    0x000000a2      0x2ad eeprom.o
 .debug_line    0x0000034f      0x88b gcode.o
 .debug_line    0x00000bda      0x1c5 main.o
 .debug_line    0x00000d9f      0x19d motion_control.o
 .debug_line    0x00000f3c      0x714 planner.o
 .debug_line    0x00001650      0x1d0 serial_protocol.o
 .debug_line    0x00001820      0x3f0 settings.o
 .debug_line    0x00001c10      0x1e9 spindle_control.o
 .debug_line    0x00001df9      0xbc2 stepper.o
 .debug_line    0x000029bb      0x3cc wiring_serial.o
 .debug_line    0x00002d87      0x40b atc_control.o
 .debug_line    0x00003192      0x212 head_control.o
 .debug_line    0x000033a4      0x2f0 panel_control.o
 .debug_line    0x00003694      0x54a vacuum_control.o
 .debug_line    0x00003bde      0x300 tape_knock.o
 .debug_line    0x00003ede      0x164 usb.o
 .debug_line    0x00004042      0x448 max3421e.o
 .debug_line    0x0000448a       0x94 SPI.o
 .debug_line    0x0000451e      0x280 timers.o
 .debug_line    0x0000479e      0x82e max3421e_usb.o

.debug_frame    0x00000000      0xb70
 *(.debug_frame)
 .debug_frame   0x00000000       0x30 coolant_control.o
 .debug_frame   0x00000030       0x50 eeprom.o
 .debug_frame   0x00000080       0xa0 gcode.o
 .debug_frame   0x00000120       0x30 main.o
 .debug_frame   0x00000150       0x30 motion_control.o
 .debug_frame   0x00000180      0x100 planner.o
 .debug_frame   0x00000280       0x30 serial_protocol.o
 .debug_frame   0x000002b0       0x70 settings.o
 .debug_frame   0x00000320       0x50 spindle_control.o
 .debug_frame   0x00000370      0x1b0 stepper.o
 .debug_frame   0x00000520       0xe0 wiring_serial.o
 .debug_frame   0x00000600       0x80 atc_control.o
 .debug_frame   0x00000680       0x50 head_control.o
 .debug_frame   0x000006d0       0xd0 panel_control.o
 .debug_frame   0x000007a0       0x80 vacuum_control.o
 .debug_frame   0x00000820       0x50 tape_knock.o
 .debug_frame   0x00000870       0x60 usb.o
 .debug_frame   0x000008d0       0xd0 max3421e.o
 .debug_frame   0x000009a0       0x20 SPI.o
 .debug_frame   0x000009c0       0x90 timers.o
 .debug_frame   0x00000a50      0x120 max3421e_usb.o

.debug_str      0x00000000     0x16bd
 *(.debug_str)
 .debug_str     0x00000000       0xae coolant_control.o
                                 0xe9 (size before relaxing)
 .debug_str     0x000000ae       0xa7 eeprom.o
                                0x16c (size before relaxing)
 .debug_str     0x00000155      0x283 gcode.o
                                0x39e (size before relaxing)
 .debug_str     0x000003d8       0xf6 main.o
                                0x1c9 (size before relaxing)
 .debug_str     0x000004ce       0x71 motion_control.o
                                0x133 (size before relaxing)
 .debug_str     0x0000053f      0x403 planner.o
                                0x5fd (size before relaxing)
 .debug_str     0x00000942       0x37 serial_protocol.o
                                0x12a (size before relaxing)
 .debug_str     0x00000979       0x7f settings.o
                                0x1d8 (size before relaxing)
 .debug_str     0x000009f8       0x64 spindle_control.o
                                0x17a (size before relaxing)
 .debug_str     0x00000a5c      0x261 stepper.o
                                0x54b (size before relaxing)
 .debug_str     0x00000cbd      0x11b wiring_serial.o
                                0x1f1 (size before relaxing)
 .debug_str     0x00000dd8       0x61 atc_control.o
                                0x18c (size before relaxing)
 .debug_str     0x00000e39       0x48 head_control.o
                                0x159 (size before relaxing)
 .debug_str     0x00000e81       0x98 panel_control.o
                                0x15c (size before relaxing)
 .debug_str     0x00000f19       0x62 vacuum_control.o
                                0x19a (size before relaxing)
 .debug_str     0x00000f7b       0x4c tape_knock.o
                                0x14d (size before relaxing)
 .debug_str     0x00000fc7      0x285 usb.o
                                0x444 (size before relaxing)
 .debug_str     0x0000124c      0x12d max3421e.o
                                0x331 (size before relaxing)
 .debug_str     0x00001379       0x13 SPI.o
                                 0xc5 (size before relaxing)
 .debug_str     0x0000138c       0xc1 timers.o
                                0x193 (size before relaxing)
 .debug_str     0x0000144d      0x270 max3421e_usb.o
                                0x64a (size before relaxing)

.debug_loc      0x00000000     0x3510
 *(.debug_loc)
 .debug_loc     0x00000000      0x1f7 eeprom.o
 .debug_loc     0x000001f7      0x983 gcode.o
 .debug_loc     0x00000b7a       0x46 main.o
 .debug_loc     0x00000bc0       0xbc motion_control.o
 .debug_loc     0x00000c7c      0x825 planner.o
 .debug_loc     0x000014a1       0x76 serial_protocol.o
 .debug_loc     0x00001517      0x1bf settings.o
 .debug_loc     0x000016d6       0x3b spindle_control.o
 .debug_loc     0x00001711      0x3ed stepper.o
 .debug_loc     0x00001afe      0x2dd wiring_serial.o
 .debug_loc     0x00001ddb      0x140 atc_control.o
 .debug_loc     0x00001f1b       0x78 head_control.o
 .debug_loc     0x00001f93      0x389 vacuum_control.o
 .debug_loc     0x0000231c      0x150 tape_knock.o
 .debug_loc     0x0000246c       0xab usb.o
 .debug_loc     0x00002517      0x15f max3421e.o
 .debug_loc     0x00002676       0xca timers.o
 .debug_loc     0x00002740      0xdd0 max3421e_usb.o

.debug_macinfo
 *(.debug_macinfo)
OUTPUT(grbl.elf elf32-avr)
LOAD linker stubs

.debug_ranges   0x00000000      0xbc0
 .debug_ranges  0x00000000       0x20 coolant_control.o
 .debug_ranges  0x00000020       0x60 eeprom.o
 .debug_ranges  0x00000080       0xa0 gcode.o
 .debug_ranges  0x00000120       0x20 main.o
 .debug_ranges  0x00000140       0x50 motion_control.o
 .debug_ranges  0x00000190       0xa0 planner.o
 .debug_ranges  0x00000230       0x50 serial_protocol.o
 .debug_ranges  0x00000280       0x40 settings.o
 .debug_ranges  0x000002c0       0xf0 spindle_control.o
 .debug_ranges  0x000003b0      0x3f8 stepper.o
 .debug_ranges  0x000007a8       0xc8 wiring_serial.o
 .debug_ranges  0x00000870       0x48 atc_control.o
 .debug_ranges  0x000008b8       0x30 head_control.o
 .debug_ranges  0x000008e8       0x70 panel_control.o
 .debug_ranges  0x00000958       0x90 vacuum_control.o
 .debug_ranges  0x000009e8       0x30 tape_knock.o
 .debug_ranges  0x00000a18       0x38 usb.o
 .debug_ranges  0x00000a50       0x70 max3421e.o
 .debug_ranges  0x00000ac0       0x18 SPI.o
 .debug_ranges  0x00000ad8       0x50 timers.o
 .debug_ranges  0x00000b28       0x98 max3421e_usb.o
