Archive member included because of file (symbol)

d:/winavr-20100110/bin/../lib/gcc/avr/4.3.3/../../../../avr/lib/avr6\libm.a(addsf3.o)
                              gcode.o (__subsf3)
d:/winavr-20100110/bin/../lib/gcc/avr/4.3.3/../../../../avr/lib/avr6\libm.a(addsf3x.o)
                              d:/winavr-20100110/bin/../lib/gcc/avr/4.3.3/../../../../avr/lib/avr6\libm.a(addsf3.o) (__addsf3x)
d:/winavr-20100110/bin/../lib/gcc/avr/4.3.3/../../../../avr/lib/avr6\libm.a(atan.o)
                              gcode.o (atan)
d:/winavr-20100110/bin/../lib/gcc/avr/4.3.3/../../../../avr/lib/avr6\libm.a(ceil.o)
                              planner.o (ceil)
d:/winavr-20100110/bin/../lib/gcc/avr/4.3.3/../../../../avr/lib/avr6\libm.a(cmpsf2.o)
                              gcode.o (__eqsf2)
d:/winavr-20100110/bin/../lib/gcc/avr/4.3.3/../../../../avr/lib/avr6\libm.a(divsf3.o)
                              gcode.o (__divsf3)
d:/winavr-20100110/bin/../lib/gcc/avr/4.3.3/../../../../avr/lib/avr6\libm.a(divsf3x.o)
                              d:/winavr-20100110/bin/../lib/gcc/avr/4.3.3/../../../../avr/lib/avr6\libm.a(divsf3.o) (__divsf3x)
d:/winavr-20100110/bin/../lib/gcc/avr/4.3.3/../../../../avr/lib/avr6\libm.a(fixsfsi.o)
                              gcode.o (__fixsfsi)
d:/winavr-20100110/bin/../lib/gcc/avr/4.3.3/../../../../avr/lib/avr6\libm.a(fixunssfsi.o)
                              gcode.o (__fixunssfsi)
d:/winavr-20100110/bin/../lib/gcc/avr/4.3.3/../../../../avr/lib/avr6\libm.a(floatsisf.o)
                              motion_control.o (__floatunsisf)
d:/winavr-20100110/bin/../lib/gcc/avr/4.3.3/../../../../avr/lib/avr6\libm.a(floor.o)
                              planner.o (floor)
d:/winavr-20100110/bin/../lib/gcc/avr/4.3.3/../../../../avr/lib/avr6\libm.a(fp_cmp.o)
                              d:/winavr-20100110/bin/../lib/gcc/avr/4.3.3/../../../../avr/lib/avr6\libm.a(cmpsf2.o) (__fp_cmp)
d:/winavr-20100110/bin/../lib/gcc/avr/4.3.3/../../../../avr/lib/avr6\libm.a(fp_inf.o)
                              d:/winavr-20100110/bin/../lib/gcc/avr/4.3.3/../../../../avr/lib/avr6\libm.a(addsf3x.o) (__fp_inf)
d:/winavr-20100110/bin/../lib/gcc/avr/4.3.3/../../../../avr/lib/avr6\libm.a(fp_mintl.o)
                              d:/winavr-20100110/bin/../lib/gcc/avr/4.3.3/../../../../avr/lib/avr6\libm.a(ceil.o) (__fp_mintl)
d:/winavr-20100110/bin/../lib/gcc/avr/4.3.3/../../../../avr/lib/avr6\libm.a(fp_mpack.o)
                              d:/winavr-20100110/bin/../lib/gcc/avr/4.3.3/../../../../avr/lib/avr6\libm.a(ceil.o) (__fp_mpack)
d:/winavr-20100110/bin/../lib/gcc/avr/4.3.3/../../../../avr/lib/avr6\libm.a(fp_nan.o)
                              d:/winavr-20100110/bin/../lib/gcc/avr/4.3.3/../../../../avr/lib/avr6\libm.a(addsf3x.o) (__fp_nan)
d:/winavr-20100110/bin/../lib/gcc/avr/4.3.3/../../../../avr/lib/avr6\libm.a(fp_powser.o)
                              d:/winavr-20100110/bin/../lib/gcc/avr/4.3.3/../../../../avr/lib/avr6\libm.a(atan.o) (__fp_powser)
d:/winavr-20100110/bin/../lib/gcc/avr/4.3.3/../../../../avr/lib/avr6\libm.a(fp_pscA.o)
                              d:/winavr-20100110/bin/../lib/gcc/avr/4.3.3/../../../../avr/lib/avr6\libm.a(addsf3x.o) (__fp_pscA)
d:/winavr-20100110/bin/../lib/gcc/avr/4.3.3/../../../../avr/lib/avr6\libm.a(fp_pscB.o)
                              d:/winavr-20100110/bin/../lib/gcc/avr/4.3.3/../../../../avr/lib/avr6\libm.a(addsf3x.o) (__fp_pscB)
d:/winavr-20100110/bin/../lib/gcc/avr/4.3.3/../../../../avr/lib/avr6\libm.a(fp_round.o)
                              d:/winavr-20100110/bin/../lib/gcc/avr/4.3.3/../../../../avr/lib/avr6\libm.a(addsf3.o) (__fp_round)
d:/winavr-20100110/bin/../lib/gcc/avr/4.3.3/../../../../avr/lib/avr6\libm.a(fp_split3.o)
                              d:/winavr-20100110/bin/../lib/gcc/avr/4.3.3/../../../../avr/lib/avr6\libm.a(addsf3x.o) (__fp_split3)
d:/winavr-20100110/bin/../lib/gcc/avr/4.3.3/../../../../avr/lib/avr6\libm.a(fp_trunc.o)
                              d:/winavr-20100110/bin/../lib/gcc/avr/4.3.3/../../../../avr/lib/avr6\libm.a(ceil.o) (__fp_trunc)
d:/winavr-20100110/bin/../lib/gcc/avr/4.3.3/../../../../avr/lib/avr6\libm.a(fp_zero.o)
                              d:/winavr-20100110/bin/../lib/gcc/avr/4.3.3/../../../../avr/lib/avr6\libm.a(addsf3x.o) (__fp_zero)
d:/winavr-20100110/bin/../lib/gcc/avr/4.3.3/../../../../avr/lib/avr6\libm.a(gesf2.o)
                              gcode.o (__gtsf2)
d:/winavr-20100110/bin/../lib/gcc/avr/4.3.3/../../../../avr/lib/avr6\libm.a(inverse.o)
                              d:/winavr-20100110/bin/../lib/gcc/avr/4.3.3/../../../../avr/lib/avr6\libm.a(atan.o) (inverse)
d:/winavr-20100110/bin/../lib/gcc/avr/4.3.3/../../../../avr/lib/avr6\libm.a(lround.o)
                              planner.o (lround)
d:/winavr-20100110/bin/../lib/gcc/avr/4.3.3/../../../../avr/lib/avr6\libm.a(modf.o)
                              wiring_serial.o (modf)
d:/winavr-20100110/bin/../lib/gcc/avr/4.3.3/../../../../avr/lib/avr6\libm.a(mulsf3.o)
                              gcode.o (__mulsf3)
d:/winavr-20100110/bin/../lib/gcc/avr/4.3.3/../../../../avr/lib/avr6\libm.a(mulsf3x.o)
                              d:/winavr-20100110/bin/../lib/gcc/avr/4.3.3/../../../../avr/lib/avr6\libm.a(atan.o) (__mulsf3x)
d:/winavr-20100110/bin/../lib/gcc/avr/4.3.3/../../../../avr/lib/avr6\libm.a(round.o)
                              settings.o (round)
d:/winavr-20100110/bin/../lib/gcc/avr/4.3.3/../../../../avr/lib/avr6\libm.a(sqrt.o)
                              planner.o (sqrt)
d:/winavr-20100110/bin/../lib/gcc/avr/4.3.3/../../../../avr/lib/avr6\libm.a(square.o)
                              planner.o (square)
d:/winavr-20100110/bin/../lib/gcc/avr/4.3.3/../../../../avr/lib/avr6\libm.a(trunc.o)
                              gcode.o (trunc)
d:/winavr-20100110/bin/../lib/gcc/avr/4.3.3/../../../../avr/lib/avr6\libm.a(fp_norm2.o)
                              d:/winavr-20100110/bin/../lib/gcc/avr/4.3.3/../../../../avr/lib/avr6\libm.a(sqrt.o) (__fp_norm2)
d:/winavr-20100110/bin/../lib/gcc/avr/4.3.3/avr6\libgcc.a(_mulsi3.o)
                              planner.o (__mulsi3)
d:/winavr-20100110/bin/../lib/gcc/avr/4.3.3/avr6\libgcc.a(_divmodhi4.o)
                              planner.o (__divmodhi4)
d:/winavr-20100110/bin/../lib/gcc/avr/4.3.3/avr6\libgcc.a(_udivmodsi4.o)
                              stepper.o (__udivmodsi4)
d:/winavr-20100110/bin/../lib/gcc/avr/4.3.3/avr6\libgcc.a(_divmodsi4.o)
                              wiring_serial.o (__divmodsi4)
d:/winavr-20100110/bin/../lib/gcc/avr/4.3.3/avr6\libgcc.a(_exit.o)
                              d:/winavr-20100110/bin/../lib/gcc/avr/4.3.3/../../../../avr/lib/avr6/crtm2560.o (exit)
d:/winavr-20100110/bin/../lib/gcc/avr/4.3.3/avr6\libgcc.a(_clear_bss.o)
                              gcode.o (__do_clear_bss)
d:/winavr-20100110/bin/../lib/gcc/avr/4.3.3/avr6\libgcc.a(_udivmodhi4.o)
                              d:/winavr-20100110/bin/../lib/gcc/avr/4.3.3/avr6\libgcc.a(_divmodhi4.o) (__udivmodhi4)
d:/winavr-20100110/bin/../lib/gcc/avr/4.3.3/../../../../avr/lib/avr6\libc.a(rand.o)
                              vacuum_control.o (rand)
d:/winavr-20100110/bin/../lib/gcc/avr/4.3.3/../../../../avr/lib/avr6\libc.a(strtod.o)
                              gcode.o (strtod)
d:/winavr-20100110/bin/../lib/gcc/avr/4.3.3/../../../../avr/lib/avr6\libc.a(isspace.o)
                              d:/winavr-20100110/bin/../lib/gcc/avr/4.3.3/../../../../avr/lib/avr6\libc.a(strtod.o) (isspace)
d:/winavr-20100110/bin/../lib/gcc/avr/4.3.3/../../../../avr/lib/avr6\libc.a(strncasecmp_P.o)
                              d:/winavr-20100110/bin/../lib/gcc/avr/4.3.3/../../../../avr/lib/avr6\libc.a(strtod.o) (strncasecmp_P)
d:/winavr-20100110/bin/../lib/gcc/avr/4.3.3/../../../../avr/lib/avr6\libc.a(errno.o)
                              d:/winavr-20100110/bin/../lib/gcc/avr/4.3.3/../../../../avr/lib/avr6\libc.a(strtod.o) (errno)
d:/winavr-20100110/bin/../lib/gcc/avr/4.3.3/../../../../avr/lib/avr6\libc.a(cty_isfalse.o)
                              d:/winavr-20100110/bin/../lib/gcc/avr/4.3.3/../../../../avr/lib/avr6\libc.a(isspace.o) (__ctype_isfalse)

Allocating common symbols
Common symbol       size              file

errno               0x2               d:/winavr-20100110/bin/../lib/gcc/avr/4.3.3/../../../../avr/lib/avr6\libc.a(errno.o)
settings            0x26              settings.o
dir_bits            0x1               stepper.o

Memory Configuration

Name             Origin             Length             Attributes
text             0x00000000         0x00100000         xr
data             0x00800200         0x0000fe00         rw !x
eeprom           0x00810000         0x00010000         rw !x
fuse             0x00820000         0x00000400         rw !x
lock             0x00830000         0x00000400         rw !x
signature        0x00840000         0x00000400         rw !x
*default*        0x00000000         0xffffffff

Linker script and memory map

Address of section .data set to 0x800200
LOAD d:/winavr-20100110/bin/../lib/gcc/avr/4.3.3/../../../../avr/lib/avr6/crtm2560.o
LOAD coolant_control.o
LOAD eeprom.o
LOAD gcode.o
LOAD main.o
LOAD motion_control.o
LOAD planner.o
LOAD serial_protocol.o
LOAD settings.o
LOAD spindle_control.o
LOAD stepper.o
LOAD wiring_serial.o
LOAD atc_control.o
LOAD head_control.o
LOAD panel_control.o
LOAD vacuum_control.o
LOAD tape_knock.o
LOAD d:/winavr-20100110/bin/../lib/gcc/avr/4.3.3/../../../../avr/lib/avr6\libm.a
LOAD d:/winavr-20100110/bin/../lib/gcc/avr/4.3.3/avr6\libgcc.a
LOAD d:/winavr-20100110/bin/../lib/gcc/avr/4.3.3/../../../../avr/lib/avr6\libc.a
LOAD d:/winavr-20100110/bin/../lib/gcc/avr/4.3.3/avr6\libgcc.a

.hash
 *(.hash)

.dynsym
 *(.dynsym)

.dynstr
 *(.dynstr)

.gnu.version
 *(.gnu.version)

.gnu.version_d
 *(.gnu.version_d)

.gnu.version_r
 *(.gnu.version_r)

.rel.init
 *(.rel.init)

.rela.init
 *(.rela.init)

.rel.text
 *(.rel.text)
 *(.rel.text.*)
 *(.rel.gnu.linkonce.t*)

.rela.text
 *(.rela.text)
 *(.rela.text.*)
 *(.rela.gnu.linkonce.t*)

.rel.fini
 *(.rel.fini)

.rela.fini
 *(.rela.fini)

.rel.rodata
 *(.rel.rodata)
 *(.rel.rodata.*)
 *(.rel.gnu.linkonce.r*)

.rela.rodata
 *(.rela.rodata)
 *(.rela.rodata.*)
 *(.rela.gnu.linkonce.r*)

.rel.data
 *(.rel.data)
 *(.rel.data.*)
 *(.rel.gnu.linkonce.d*)

.rela.data
 *(.rela.data)
 *(.rela.data.*)
 *(.rela.gnu.linkonce.d*)

.rel.ctors
 *(.rel.ctors)

.rela.ctors
 *(.rela.ctors)

.rel.dtors
 *(.rel.dtors)

.rela.dtors
 *(.rela.dtors)

.rel.got
 *(.rel.got)

.rela.got
 *(.rela.got)

.rel.bss
 *(.rel.bss)

.rela.bss
 *(.rela.bss)

.rel.plt
 *(.rel.plt)

.rela.plt
 *(.rela.plt)

.text           0x00000000     0x53da
 *(.vectors)
 .vectors       0x00000000       0xe4 d:/winavr-20100110/bin/../lib/gcc/avr/4.3.3/../../../../avr/lib/avr6/crtm2560.o
                0x00000000                __vectors
                0x00000000                __vector_default
 *(.vectors)
 *(.progmem.gcc*)
 .progmem.gcc_sw_table
                0x000000e4      0x138 gcode.o
 .progmem.gcc_fplib
                0x0000021c       0x2d d:/winavr-20100110/bin/../lib/gcc/avr/4.3.3/../../../../avr/lib/avr6\libm.a(atan.o)
 *(.progmem*)
 .progmem.data  0x00000249       0xc6 gcode.o
 .progmem.data  0x0000030f        0x5 main.o
 .progmem.data  0x00000314       0xb4 serial_protocol.o
 .progmem.data  0x000003c8      0x1f5 settings.o
 .progmem.data  0x000005bd       0x22 stepper.o
 .progmem.data  0x000005df       0x12 head_control.o
 .progmem.data  0x000005f1        0xb vacuum_control.o
 .progmem.data  0x000005fc       0x3b d:/winavr-20100110/bin/../lib/gcc/avr/4.3.3/../../../../avr/lib/avr6\libc.a(strtod.o)
                0x00000638                . = ALIGN (0x2)
 *fill*         0x00000637        0x1 00
                0x00000638                __trampolines_start = .
 *(.trampolines)
 .trampolines   0x00000638        0x0 linker stubs
 *(.trampolines*)
                0x00000638                __trampolines_end = .
 *(.jumptables)
 *(.jumptables*)
 *(.lowtext)
 *(.lowtext*)
                0x00000638                __ctors_start = .
 *(.ctors)
                0x00000638                __ctors_end = .
                0x00000638                __dtors_start = .
 *(.dtors)
                0x00000638                __dtors_end = .
 SORT(*)(.ctors)
 SORT(*)(.dtors)
 *(.init0)
 .init0         0x00000638        0x0 d:/winavr-20100110/bin/../lib/gcc/avr/4.3.3/../../../../avr/lib/avr6/crtm2560.o
                0x00000638                __init
 *(.init0)
 *(.init1)
 *(.init1)
 *(.init2)
 .init2         0x00000638       0x10 d:/winavr-20100110/bin/../lib/gcc/avr/4.3.3/../../../../avr/lib/avr6/crtm2560.o
 *(.init2)
 *(.init3)
 *(.init3)
 *(.init4)
 .init4         0x00000648       0x1a d:/winavr-20100110/bin/../lib/gcc/avr/4.3.3/../../../../avr/lib/avr6/crtm2560.o
                0x00000648                __do_copy_data
 .init4         0x00000662       0x10 d:/winavr-20100110/bin/../lib/gcc/avr/4.3.3/avr6\libgcc.a(_clear_bss.o)
                0x00000662                __do_clear_bss
 *(.init4)
 *(.init5)
 *(.init5)
 *(.init6)
 *(.init6)
 *(.init7)
 *(.init7)
 *(.init8)
 *(.init8)
 *(.init9)
 .init9         0x00000672        0x8 d:/winavr-20100110/bin/../lib/gcc/avr/4.3.3/../../../../avr/lib/avr6/crtm2560.o
 *(.init9)
 *(.text)
 .text          0x0000067a        0x4 d:/winavr-20100110/bin/../lib/gcc/avr/4.3.3/../../../../avr/lib/avr6/crtm2560.o
                0x0000067a                __vector_38
                0x0000067a                __vector_22
                0x0000067a                __vector_28
                0x0000067a                __vector_1
                0x0000067a                __vector_34
                0x0000067a                __vector_24
                0x0000067a                __vector_12
                0x0000067a                __vector_55
                0x0000067a                __vector_46
                0x0000067a                __bad_interrupt
                0x0000067a                __vector_6
                0x0000067a                __vector_31
                0x0000067a                __vector_35
                0x0000067a                __vector_39
                0x0000067a                __vector_3
                0x0000067a                __vector_23
                0x0000067a                __vector_30
                0x0000067a                __vector_45
                0x0000067a                __vector_11
                0x0000067a                __vector_54
                0x0000067a                __vector_13
                0x0000067a                __vector_19
                0x0000067a                __vector_56
                0x0000067a                __vector_7
                0x0000067a                __vector_49
                0x0000067a                __vector_41
                0x0000067a                __vector_43
                0x0000067a                __vector_27
                0x0000067a                __vector_5
                0x0000067a                __vector_33
                0x0000067a                __vector_47
                0x0000067a                __vector_52
                0x0000067a                __vector_37
                0x0000067a                __vector_4
                0x0000067a                __vector_44
                0x0000067a                __vector_51
                0x0000067a                __vector_9
                0x0000067a                __vector_2
                0x0000067a                __vector_21
                0x0000067a                __vector_36
                0x0000067a                __vector_29
                0x0000067a                __vector_40
                0x0000067a                __vector_8
                0x0000067a                __vector_26
                0x0000067a                __vector_48
                0x0000067a                __vector_14
                0x0000067a                __vector_53
                0x0000067a                __vector_10
                0x0000067a                __vector_50
                0x0000067a                __vector_16
                0x0000067a                __vector_18
                0x0000067a                __vector_20
                0x0000067a                __vector_42
 .text          0x0000067e        0x0 coolant_control.o
 .text          0x0000067e        0x0 eeprom.o
 .text          0x0000067e        0x0 gcode.o
 .text          0x0000067e        0x0 main.o
 .text          0x0000067e        0x0 motion_control.o
 .text          0x0000067e        0x0 planner.o
 .text          0x0000067e        0x0 serial_protocol.o
 .text          0x0000067e        0x0 settings.o
 .text          0x0000067e        0x0 spindle_control.o
 .text          0x0000067e        0x0 stepper.o
 .text          0x0000067e        0x0 wiring_serial.o
 .text          0x0000067e        0x0 atc_control.o
 .text          0x0000067e        0x0 head_control.o
 .text          0x0000067e        0x0 panel_control.o
 .text          0x0000067e        0x0 vacuum_control.o
 .text          0x0000067e        0x0 tape_knock.o
 .text          0x0000067e        0x0 d:/winavr-20100110/bin/../lib/gcc/avr/4.3.3/../../../../avr/lib/avr6\libm.a(addsf3.o)
 .text          0x0000067e        0x0 d:/winavr-20100110/bin/../lib/gcc/avr/4.3.3/../../../../avr/lib/avr6\libm.a(addsf3x.o)
 .text          0x0000067e        0x0 d:/winavr-20100110/bin/../lib/gcc/avr/4.3.3/../../../../avr/lib/avr6\libm.a(atan.o)
 .text          0x0000067e        0x0 d:/winavr-20100110/bin/../lib/gcc/avr/4.3.3/../../../../avr/lib/avr6\libm.a(ceil.o)
 .text          0x0000067e        0x0 d:/winavr-20100110/bin/../lib/gcc/avr/4.3.3/../../../../avr/lib/avr6\libm.a(cmpsf2.o)
 .text          0x0000067e        0x0 d:/winavr-20100110/bin/../lib/gcc/avr/4.3.3/../../../../avr/lib/avr6\libm.a(divsf3.o)
 .text          0x0000067e        0x0 d:/winavr-20100110/bin/../lib/gcc/avr/4.3.3/../../../../avr/lib/avr6\libm.a(divsf3x.o)
 .text          0x0000067e        0x0 d:/winavr-20100110/bin/../lib/gcc/avr/4.3.3/../../../../avr/lib/avr6\libm.a(fixsfsi.o)
 .text          0x0000067e        0x0 d:/winavr-20100110/bin/../lib/gcc/avr/4.3.3/../../../../avr/lib/avr6\libm.a(fixunssfsi.o)
 .text          0x0000067e        0x0 d:/winavr-20100110/bin/../lib/gcc/avr/4.3.3/../../../../avr/lib/avr6\libm.a(floatsisf.o)
 .text          0x0000067e        0x0 d:/winavr-20100110/bin/../lib/gcc/avr/4.3.3/../../../../avr/lib/avr6\libm.a(floor.o)
 .text          0x0000067e        0x0 d:/winavr-20100110/bin/../lib/gcc/avr/4.3.3/../../../../avr/lib/avr6\libm.a(fp_cmp.o)
 .text          0x0000067e        0x0 d:/winavr-20100110/bin/../lib/gcc/avr/4.3.3/../../../../avr/lib/avr6\libm.a(fp_inf.o)
 .text          0x0000067e        0x0 d:/winavr-20100110/bin/../lib/gcc/avr/4.3.3/../../../../avr/lib/avr6\libm.a(fp_mintl.o)
 .text          0x0000067e        0x0 d:/winavr-20100110/bin/../lib/gcc/avr/4.3.3/../../../../avr/lib/avr6\libm.a(fp_mpack.o)
 .text          0x0000067e        0x0 d:/winavr-20100110/bin/../lib/gcc/avr/4.3.3/../../../../avr/lib/avr6\libm.a(fp_nan.o)
 .text          0x0000067e        0x0 d:/winavr-20100110/bin/../lib/gcc/avr/4.3.3/../../../../avr/lib/avr6\libm.a(fp_powser.o)
 .text          0x0000067e        0x0 d:/winavr-20100110/bin/../lib/gcc/avr/4.3.3/../../../../avr/lib/avr6\libm.a(fp_pscA.o)
 .text          0x0000067e        0x0 d:/winavr-20100110/bin/../lib/gcc/avr/4.3.3/../../../../avr/lib/avr6\libm.a(fp_pscB.o)
 .text          0x0000067e        0x0 d:/winavr-20100110/bin/../lib/gcc/avr/4.3.3/../../../../avr/lib/avr6\libm.a(fp_round.o)
 .text          0x0000067e        0x0 d:/winavr-20100110/bin/../lib/gcc/avr/4.3.3/../../../../avr/lib/avr6\libm.a(fp_split3.o)
 .text          0x0000067e        0x0 d:/winavr-20100110/bin/../lib/gcc/avr/4.3.3/../../../../avr/lib/avr6\libm.a(fp_trunc.o)
 .text          0x0000067e        0x0 d:/winavr-20100110/bin/../lib/gcc/avr/4.3.3/../../../../avr/lib/avr6\libm.a(fp_zero.o)
 .text          0x0000067e        0x0 d:/winavr-20100110/bin/../lib/gcc/avr/4.3.3/../../../../avr/lib/avr6\libm.a(gesf2.o)
 .text          0x0000067e        0x0 d:/winavr-20100110/bin/../lib/gcc/avr/4.3.3/../../../../avr/lib/avr6\libm.a(inverse.o)
 .text          0x0000067e        0x0 d:/winavr-20100110/bin/../lib/gcc/avr/4.3.3/../../../../avr/lib/avr6\libm.a(lround.o)
 .text          0x0000067e        0x0 d:/winavr-20100110/bin/../lib/gcc/avr/4.3.3/../../../../avr/lib/avr6\libm.a(modf.o)
 .text          0x0000067e        0x0 d:/winavr-20100110/bin/../lib/gcc/avr/4.3.3/../../../../avr/lib/avr6\libm.a(mulsf3.o)
 .text          0x0000067e        0x0 d:/winavr-20100110/bin/../lib/gcc/avr/4.3.3/../../../../avr/lib/avr6\libm.a(mulsf3x.o)
 .text          0x0000067e        0x0 d:/winavr-20100110/bin/../lib/gcc/avr/4.3.3/../../../../avr/lib/avr6\libm.a(round.o)
 .text          0x0000067e        0x0 d:/winavr-20100110/bin/../lib/gcc/avr/4.3.3/../../../../avr/lib/avr6\libm.a(sqrt.o)
 .text          0x0000067e        0x0 d:/winavr-20100110/bin/../lib/gcc/avr/4.3.3/../../../../avr/lib/avr6\libm.a(square.o)
 .text          0x0000067e        0x0 d:/winavr-20100110/bin/../lib/gcc/avr/4.3.3/../../../../avr/lib/avr6\libm.a(trunc.o)
 .text          0x0000067e        0x0 d:/winavr-20100110/bin/../lib/gcc/avr/4.3.3/../../../../avr/lib/avr6\libm.a(fp_norm2.o)
 .text          0x0000067e        0x0 d:/winavr-20100110/bin/../lib/gcc/avr/4.3.3/avr6\libgcc.a(_mulsi3.o)
 .text          0x0000067e        0x0 d:/winavr-20100110/bin/../lib/gcc/avr/4.3.3/avr6\libgcc.a(_divmodhi4.o)
 .text          0x0000067e        0x0 d:/winavr-20100110/bin/../lib/gcc/avr/4.3.3/avr6\libgcc.a(_udivmodsi4.o)
 .text          0x0000067e        0x0 d:/winavr-20100110/bin/../lib/gcc/avr/4.3.3/avr6\libgcc.a(_divmodsi4.o)
 .text          0x0000067e        0x0 d:/winavr-20100110/bin/../lib/gcc/avr/4.3.3/avr6\libgcc.a(_exit.o)
 .text          0x0000067e        0x0 d:/winavr-20100110/bin/../lib/gcc/avr/4.3.3/avr6\libgcc.a(_clear_bss.o)
 .text          0x0000067e        0x0 d:/winavr-20100110/bin/../lib/gcc/avr/4.3.3/avr6\libgcc.a(_udivmodhi4.o)
 .text          0x0000067e        0x0 d:/winavr-20100110/bin/../lib/gcc/avr/4.3.3/../../../../avr/lib/avr6\libc.a(rand.o)
 .text          0x0000067e        0x0 d:/winavr-20100110/bin/../lib/gcc/avr/4.3.3/../../../../avr/lib/avr6\libc.a(strtod.o)
 .text          0x0000067e        0x0 d:/winavr-20100110/bin/../lib/gcc/avr/4.3.3/../../../../avr/lib/avr6\libc.a(isspace.o)
 .text          0x0000067e        0x0 d:/winavr-20100110/bin/../lib/gcc/avr/4.3.3/../../../../avr/lib/avr6\libc.a(strncasecmp_P.o)
 .text          0x0000067e        0x0 d:/winavr-20100110/bin/../lib/gcc/avr/4.3.3/../../../../avr/lib/avr6\libc.a(errno.o)
 .text          0x0000067e        0x0 d:/winavr-20100110/bin/../lib/gcc/avr/4.3.3/../../../../avr/lib/avr6\libc.a(cty_isfalse.o)
                0x0000067e                . = ALIGN (0x2)
 *(.text.*)
 .text.coolant_init
                0x0000067e        0x4 coolant_control.o
                0x0000067e                coolant_init
 .text.coolant_flood
                0x00000682        0xc coolant_control.o
                0x00000682                coolant_flood
 .text.eeprom_get_char
                0x0000068e       0x10 eeprom.o
                0x0000068e                eeprom_get_char
 .text.eeprom_put_char
                0x0000069e       0x36 eeprom.o
                0x0000069e                eeprom_put_char
 .text.memcpy_to_eeprom_with_checksum
                0x000006d4       0x94 eeprom.o
                0x000006d4                memcpy_to_eeprom_with_checksum
 .text.memcpy_from_eeprom_with_checksum
                0x00000768       0x6e eeprom.o
                0x00000768                memcpy_from_eeprom_with_checksum
 .text.select_plane
                0x000007d6        0xe gcode.o
                0x000007d6                select_plane
 .text.set_feeder_x
                0x000007e4       0x12 gcode.o
                0x000007e4                set_feeder_x
 .text.set_feeder_y
                0x000007f6       0x12 gcode.o
                0x000007f6                set_feeder_y
 .text.gotoxy   0x00000808      0x1ae gcode.o
                0x00000808                gotoxy
 .text.read_double
                0x000009b6       0x82 gcode.o
                0x000009b6                read_double
 .text.next_statement
                0x00000a38       0x68 gcode.o
                0x00000a38                next_statement
 .text.gc_init  0x00000aa0       0x7c gcode.o
                0x00000aa0                gc_init
 .text.gc_execute_line
                0x00000b1c      0x976 gcode.o
                0x00000b1c                gc_execute_line
 .text.theta    0x00001492       0x8c gcode.o
                0x00001492                theta
 .text.main     0x0000151e       0x62 main.o
                0x0000151e                main
 .text.mc_go_home
                0x00001580        0x6 motion_control.o
                0x00001580                mc_go_home
 .text.mc_dwell
                0x00001586       0xa8 motion_control.o
                0x00001586                mc_dwell
 .text.factor_for_safe_speed
                0x0000162e       0x20 planner.o
                0x0000162e                factor_for_safe_speed
 .text.plan_is_acceleration_manager_enabled
                0x0000164e        0x8 planner.o
                0x0000164e                plan_is_acceleration_manager_enabled
 .text.plan_discard_current_block
                0x00001656       0x32 planner.o
                0x00001656                plan_discard_current_block
 .text.plan_get_current_block
                0x00001688       0x52 planner.o
                0x00001688                plan_get_current_block
 .text.planner_forward_pass_kernel
                0x000016da      0x10c planner.o
                0x000016da                planner_forward_pass_kernel
 .text.planner_forward_pass
                0x000017e6       0x9a planner.o
                0x000017e6                planner_forward_pass
 .text.plan_set_current
                0x00001880      0x106 planner.o
                0x00001880                plan_set_current
 .text.plan_set_acceleration_manager_enabled
                0x00001986       0x3a planner.o
                0x00001986                plan_set_acceleration_manager_enabled
 .text.plan_init
                0x000019c0       0x28 planner.o
                0x000019c0                plan_init
 .text.planner_reverse_pass_kernel
                0x000019e8      0x284 planner.o
                0x000019e8                planner_reverse_pass_kernel
 .text.planner_reverse_pass
                0x00001c6c       0xa4 planner.o
                0x00001c6c                planner_reverse_pass
 .text.calculate_trapezoid_for_block
                0x00001d10      0x2a0 planner.o
                0x00001d10                calculate_trapezoid_for_block
 .text.planner_recalculate_trapezoids
                0x00001fb0       0xaa planner.o
                0x00001fb0                planner_recalculate_trapezoids
 .text.planner_recalculate
                0x0000205a        0xe planner.o
                0x0000205a                planner_recalculate
 .text.plan_buffer_line
                0x00002068      0x872 planner.o
                0x00002068                plan_buffer_line
 .text.sp_process
                0x000028da      0x12c serial_protocol.o
                0x000028da                sp_process
 .text.sp_init  0x00002a06        0xe serial_protocol.o
                0x00002a06                sp_init
 .text.settings_reset
                0x00002a14       0xd0 settings.o
                0x00002a14                settings_reset
 .text.read_settings
                0x00002ae4       0x84 settings.o
                0x00002ae4                read_settings
 .text.write_settings
                0x00002b68       0x1c settings.o
                0x00002b68                write_settings
 .text.settings_store_setting
                0x00002b84      0x146 settings.o
                0x00002b84                settings_store_setting
 .text.settings_dump
                0x00002cca      0x1a8 settings.o
                0x00002cca                settings_dump
 .text.settings_init
                0x00002e72       0x18 settings.o
                0x00002e72                settings_init
 .text.spindle_init
                0x00002e8a       0x10 spindle_control.o
                0x00002e8a                spindle_init
 .text.spindle_run
                0x00002e9a       0x20 spindle_control.o
                0x00002e9a                spindle_run
 .text.spindle_stop
                0x00002eba        0xc spindle_control.o
                0x00002eba                spindle_stop
 .text.rotate_head
                0x00002ec6       0x22 spindle_control.o
                0x00002ec6                rotate_head
 .text.st_wake_up
                0x00002ee8        0xc stepper.o
                0x00002ee8                st_wake_up
 .text.set_busy
                0x00002ef4        0xc stepper.o
                0x00002ef4                set_busy
 .text.get_busy
                0x00002f00        0xc stepper.o
                0x00002f00                get_busy
 .text.__vector_15
                0x00002f0c       0x1e stepper.o
                0x00002f0c                __vector_15
 .text.st_enable
                0x00002f2a        0x4 stepper.o
                0x00002f2a                st_enable
 .text.st_disable
                0x00002f2e        0x4 stepper.o
                0x00002f2e                st_disable
 .text.st_is_enabled
                0x00002f32       0x1e stepper.o
                0x00002f32                st_is_enabled
 .text.config_step_timer
                0x00002f50      0x14a stepper.o
                0x00002f50                config_step_timer
 .text.set_step_events_per_minute
                0x0000309a       0x48 stepper.o
                0x0000309a                set_step_events_per_minute
 .text.st_init  0x000030e2       0x80 stepper.o
                0x000030e2                st_init
 .text.moveLeft
                0x00003162       0x4e stepper.o
                0x00003162                moveLeft
 .text.moveRight
                0x000031b0       0x50 stepper.o
                0x000031b0                moveRight
 .text.moveForward
                0x00003200       0x4e stepper.o
                0x00003200                moveForward
 .text.moveBack
                0x0000324e       0x50 stepper.o
                0x0000324e                moveBack
 .text.head_moving
                0x0000329e        0xe stepper.o
                0x0000329e                head_moving
 .text.limits_init
                0x000032ac       0x52 stepper.o
                0x000032ac                limits_init
 .text.get_limit_bits
                0x000032fe       0x20 stepper.o
                0x000032fe                get_limit_bits
 .text.st_go_home
                0x0000331e       0xfc stepper.o
                0x0000331e                st_go_home
 .text.st_synchronize
                0x0000341a       0x1a stepper.o
                0x0000341a                st_synchronize
 .text.__vector_17
                0x00003434      0x55e stepper.o
                0x00003434                __vector_17
 .text.beginSerial
                0x00003992       0x78 wiring_serial.o
                0x00003992                beginSerial
 .text.serialWrite
                0x00003a0a       0x10 wiring_serial.o
                0x00003a0a                serialWrite
 .text.serialAvailable
                0x00003a1a       0x22 wiring_serial.o
                0x00003a1a                serialAvailable
 .text.serialRead
                0x00003a3c       0x40 wiring_serial.o
                0x00003a3c                serialRead
 .text.serialFlush
                0x00003a7c       0x12 wiring_serial.o
                0x00003a7c                serialFlush
 .text.printByte
                0x00003a8e       0x10 wiring_serial.o
                0x00003a8e                printByte
 .text.printString
                0x00003a9e       0x1e wiring_serial.o
                0x00003a9e                printString
 .text.printPgmString
                0x00003abc       0x1e wiring_serial.o
                0x00003abc                printPgmString
 .text.printIntegerInBase
                0x00003ada      0x128 wiring_serial.o
                0x00003ada                printIntegerInBase
 .text.printInteger
                0x00003c02       0x38 wiring_serial.o
                0x00003c02                printInteger
 .text.printBinary
                0x00003c3a        0xe wiring_serial.o
                0x00003c3a                printBinary
 .text.printFloat
                0x00003c48       0x86 wiring_serial.o
                0x00003c48                printFloat
 .text.__vector_25
                0x00003cce       0x92 wiring_serial.o
                0x00003cce                __vector_25
 .text.atc_init
                0x00003d60       0x26 atc_control.o
                0x00003d60                atc_init
 .text.has_tool
                0x00003d86        0x4 atc_control.o
                0x00003d86                has_tool
 .text.atc_fire
                0x00003d8a      0x14a atc_control.o
                0x00003d8a                atc_fire
 .text.DropTool
                0x00003ed4       0x42 atc_control.o
                0x00003ed4                DropTool
 .text.PickupTool
                0x00003f16       0x4a atc_control.o
                0x00003f16                PickupTool
 .text.atc_change
                0x00003f60       0x40 atc_control.o
                0x00003f60                atc_change
 .text.check_for_tool
                0x00003fa0       0x52 atc_control.o
                0x00003fa0                check_for_tool
 .text.head_init
                0x00003ff2       0x1e head_control.o
                0x00003ff2                head_init
 .text.is_head_down
                0x00004010        0x6 head_control.o
                0x00004010                is_head_down
 .text.is_rotated
                0x00004016        0xc head_control.o
                0x00004016                is_rotated
 .text.head_down
                0x00004022       0x78 head_control.o
                0x00004022                head_down
 .text.panel_init
                0x0000409a       0x80 panel_control.o
                0x0000409a                panel_init
 .text.is_pleft
                0x0000411a        0xe panel_control.o
                0x0000411a                is_pleft
 .text.is_pright
                0x00004128        0xe panel_control.o
                0x00004128                is_pright
 .text.is_pback
                0x00004136        0xc panel_control.o
                0x00004136                is_pback
 .text.is_pforward
                0x00004142        0xc panel_control.o
                0x00004142                is_pforward
 .text.is_phead
                0x0000414e        0xc panel_control.o
                0x0000414e                is_phead
 .text.is_pvac  0x0000415a        0xa panel_control.o
                0x0000415a                is_pvac
 .text.is_pfast
                0x00004164        0xa panel_control.o
                0x00004164                is_pfast
 .text.is_phome
                0x0000416e        0xe panel_control.o
                0x0000416e                is_phome
 .text.is_pteach
                0x0000417c        0xc panel_control.o
                0x0000417c                is_pteach
 .text.__vector_32
                0x00004188       0x14 panel_control.o
                0x00004188                __vector_32
 .text.process_panel
                0x0000419c       0x66 panel_control.o
                0x0000419c                process_panel
 .text.vacuum_init
                0x00004202       0x1a vacuum_control.o
                0x00004202                vacuum_init
 .text.vacuum   0x0000421c       0x3e vacuum_control.o
                0x0000421c                vacuum
 .text.vacuum_state
                0x0000425a        0xc vacuum_control.o
                0x0000425a                vacuum_state
 .text.run_vacuum_test
                0x00004266       0x74 vacuum_control.o
                0x00004266                run_vacuum_test
 .text.goto_vacpad
                0x000042da      0x2a6 vacuum_control.o
                0x000042da                goto_vacpad
 .text.test_mode
                0x00004580       0xe4 vacuum_control.o
                0x00004580                test_mode
 .text.vacuum_test
                0x00004664       0x18 vacuum_control.o
                0x00004664                vacuum_test
 .text.tape_init
                0x0000467c        0xc tape_knock.o
                0x0000467c                tape_init
 .text.putdown_part
                0x00004688       0x58 tape_knock.o
                0x00004688                putdown_part
 .text.tape_knock
                0x000046e0       0x5a tape_knock.o
                0x000046e0                tape_knock
 .text.pickup_part
                0x0000473a       0x48 tape_knock.o
                0x0000473a                pickup_part
 .text.avr-libc.fplib
                0x00004782        0xa d:/winavr-20100110/bin/../lib/gcc/avr/4.3.3/../../../../avr/lib/avr6\libm.a(addsf3.o)
                0x00004782                __subsf3
                0x00004784                __addsf3
 .text.avr-libc.fplib
                0x0000478c       0xc0 d:/winavr-20100110/bin/../lib/gcc/avr/4.3.3/../../../../avr/lib/avr6\libm.a(addsf3x.o)
                0x000047a6                __addsf3x
 .text.avr-libc.fplib
                0x0000484c       0x50 d:/winavr-20100110/bin/../lib/gcc/avr/4.3.3/../../../../avr/lib/avr6\libm.a(atan.o)
                0x0000484c                atan
 .text.avr-libc.fplib
                0x0000489c       0x26 d:/winavr-20100110/bin/../lib/gcc/avr/4.3.3/../../../../avr/lib/avr6\libm.a(ceil.o)
                0x0000489c                ceil
 .text.avr-libc.fplib
                0x000048c2        0x8 d:/winavr-20100110/bin/../lib/gcc/avr/4.3.3/../../../../avr/lib/avr6\libm.a(cmpsf2.o)
                0x000048c2                __lesf2
                0x000048c2                __nesf2
                0x000048c2                __eqsf2
                0x000048c2                __cmpsf2
                0x000048c2                __ltsf2
 .text.avr-libc.fplib
                0x000048ca        0x4 d:/winavr-20100110/bin/../lib/gcc/avr/4.3.3/../../../../avr/lib/avr6\libm.a(divsf3.o)
                0x000048ca                __divsf3
 .text.avr-libc.fplib
                0x000048ce       0xcc d:/winavr-20100110/bin/../lib/gcc/avr/4.3.3/../../../../avr/lib/avr6\libm.a(divsf3x.o)
                0x000048e4                __divsf3x
                0x000048e8                __divsf3_pse
 .text.avr-libc.fplib
                0x0000499a        0xa d:/winavr-20100110/bin/../lib/gcc/avr/4.3.3/../../../../avr/lib/avr6\libm.a(fixsfsi.o)
                0x0000499a                __fixsfsi
 .text.avr-libc.fplib
                0x000049a4       0x58 d:/winavr-20100110/bin/../lib/gcc/avr/4.3.3/../../../../avr/lib/avr6\libm.a(fixunssfsi.o)
                0x000049a4                __fixunssfsi
 .text.avr-libc.fplib
                0x000049fc       0x7a d:/winavr-20100110/bin/../lib/gcc/avr/4.3.3/../../../../avr/lib/avr6\libm.a(floatsisf.o)
                0x00004a00                __floatsisf
                0x000049fc                __floatunsisf
 .text.avr-libc.fplib
                0x00004a76       0x26 d:/winavr-20100110/bin/../lib/gcc/avr/4.3.3/../../../../avr/lib/avr6\libm.a(floor.o)
                0x00004a76                floor
 .text.avr-libc.fplib
                0x00004a9c       0x48 d:/winavr-20100110/bin/../lib/gcc/avr/4.3.3/../../../../avr/lib/avr6\libm.a(fp_cmp.o)
                0x00004a9c                __fp_cmp
 .text.avr-libc.fplib
                0x00004ae4        0xc d:/winavr-20100110/bin/../lib/gcc/avr/4.3.3/../../../../avr/lib/avr6\libm.a(fp_inf.o)
                0x00004ae4                __fp_inf
 .text.avr-libc.fplib
                0x00004af0       0x36 d:/winavr-20100110/bin/../lib/gcc/avr/4.3.3/../../../../avr/lib/avr6\libm.a(fp_mintl.o)
                0x00004af0                __fp_mintl
 .text.avr-libc.fplib
                0x00004b26       0x1c d:/winavr-20100110/bin/../lib/gcc/avr/4.3.3/../../../../avr/lib/avr6\libm.a(fp_mpack.o)
                0x00004b2a                __fp_mpack_finite
                0x00004b26                __fp_mpack
 .text.avr-libc.fplib
                0x00004b42        0x6 d:/winavr-20100110/bin/../lib/gcc/avr/4.3.3/../../../../avr/lib/avr6\libm.a(fp_nan.o)
                0x00004b42                __fp_nan
 .text.avr-libc.fplib
                0x00004b48       0x4a d:/winavr-20100110/bin/../lib/gcc/avr/4.3.3/../../../../avr/lib/avr6\libm.a(fp_powser.o)
                0x00004b48                __fp_powser
 .text.avr-libc.fplib
                0x00004b92        0xe d:/winavr-20100110/bin/../lib/gcc/avr/4.3.3/../../../../avr/lib/avr6\libm.a(fp_pscA.o)
                0x00004b92                __fp_pscA
 .text.avr-libc.fplib
                0x00004ba0        0xe d:/winavr-20100110/bin/../lib/gcc/avr/4.3.3/../../../../avr/lib/avr6\libm.a(fp_pscB.o)
                0x00004ba0                __fp_pscB
 .text.avr-libc.fplib
                0x00004bae       0x22 d:/winavr-20100110/bin/../lib/gcc/avr/4.3.3/../../../../avr/lib/avr6\libm.a(fp_round.o)
                0x00004bae                __fp_round
 .text.avr-libc.fplib
                0x00004bd0       0x44 d:/winavr-20100110/bin/../lib/gcc/avr/4.3.3/../../../../avr/lib/avr6\libm.a(fp_split3.o)
                0x00004bd0                __fp_split3
                0x00004be0                __fp_splitA
 .text.avr-libc.fplib
                0x00004c14       0x2e d:/winavr-20100110/bin/../lib/gcc/avr/4.3.3/../../../../avr/lib/avr6\libm.a(fp_trunc.o)
                0x00004c14                __fp_trunc
 .text.avr-libc.fplib
                0x00004c42        0xe d:/winavr-20100110/bin/../lib/gcc/avr/4.3.3/../../../../avr/lib/avr6\libm.a(fp_zero.o)
                0x00004c42                __fp_zero
                0x00004c44                __fp_szero
 .text.avr-libc.fplib
                0x00004c50        0x8 d:/winavr-20100110/bin/../lib/gcc/avr/4.3.3/../../../../avr/lib/avr6\libm.a(gesf2.o)
                0x00004c50                __gtsf2
                0x00004c50                __gesf2
 .text.avr-libc.fplib
                0x00004c58        0xe d:/winavr-20100110/bin/../lib/gcc/avr/4.3.3/../../../../avr/lib/avr6\libm.a(inverse.o)
                0x00004c58                inverse
 .text.avr-libc.fplib
                0x00004c66       0x60 d:/winavr-20100110/bin/../lib/gcc/avr/4.3.3/../../../../avr/lib/avr6\libm.a(lround.o)
                0x00004c66                lround
 .text.avr-libc.fplib
                0x00004cc6       0x66 d:/winavr-20100110/bin/../lib/gcc/avr/4.3.3/../../../../avr/lib/avr6\libm.a(modf.o)
                0x00004cc6                modff
                0x00004cc6                modf
 .text.avr-libc.fplib
                0x00004d2c        0x4 d:/winavr-20100110/bin/../lib/gcc/avr/4.3.3/../../../../avr/lib/avr6\libm.a(mulsf3.o)
                0x00004d2c                __mulsf3
 .text.avr-libc.fplib
                0x00004d30       0xc2 d:/winavr-20100110/bin/../lib/gcc/avr/4.3.3/../../../../avr/lib/avr6\libm.a(mulsf3x.o)
                0x00004d48                __mulsf3_pse
                0x00004d44                __mulsf3x
 .text.avr-libc.fplib
                0x00004df2       0x40 d:/winavr-20100110/bin/../lib/gcc/avr/4.3.3/../../../../avr/lib/avr6\libm.a(round.o)
                0x00004df2                round
 .text.avr-libc.fplib
                0x00004e32       0x84 d:/winavr-20100110/bin/../lib/gcc/avr/4.3.3/../../../../avr/lib/avr6\libm.a(sqrt.o)
                0x00004e3a                sqrt
 .text.avr-libc.fplib
                0x00004eb6        0x6 d:/winavr-20100110/bin/../lib/gcc/avr/4.3.3/../../../../avr/lib/avr6\libm.a(square.o)
                0x00004eb6                square
 .text.avr-libc.fplib
                0x00004ebc        0xe d:/winavr-20100110/bin/../lib/gcc/avr/4.3.3/../../../../avr/lib/avr6\libm.a(trunc.o)
                0x00004ebc                trunc
 .text.avr-libc.fplib
                0x00004eca        0xe d:/winavr-20100110/bin/../lib/gcc/avr/4.3.3/../../../../avr/lib/avr6\libm.a(fp_norm2.o)
                0x00004eca                __fp_norm2
 .text.libgcc   0x00004ed8       0x3e d:/winavr-20100110/bin/../lib/gcc/avr/4.3.3/avr6\libgcc.a(_mulsi3.o)
                0x00004ed8                __mulsi3
 .text.libgcc   0x00004f16       0x26 d:/winavr-20100110/bin/../lib/gcc/avr/4.3.3/avr6\libgcc.a(_divmodhi4.o)
                0x00004f16                __divmodhi4
                0x00004f16                _div
 .text.libgcc   0x00004f3c       0x44 d:/winavr-20100110/bin/../lib/gcc/avr/4.3.3/avr6\libgcc.a(_udivmodsi4.o)
                0x00004f3c                __udivmodsi4
 .text.libgcc   0x00004f80       0x36 d:/winavr-20100110/bin/../lib/gcc/avr/4.3.3/avr6\libgcc.a(_divmodsi4.o)
                0x00004f80                __divmodsi4
 .text.libgcc   0x00004fb6        0x0 d:/winavr-20100110/bin/../lib/gcc/avr/4.3.3/avr6\libgcc.a(_exit.o)
 .text.libgcc   0x00004fb6        0x0 d:/winavr-20100110/bin/../lib/gcc/avr/4.3.3/avr6\libgcc.a(_clear_bss.o)
 .text.libgcc   0x00004fb6       0x28 d:/winavr-20100110/bin/../lib/gcc/avr/4.3.3/avr6\libgcc.a(_udivmodhi4.o)
                0x00004fb6                __udivmodhi4
 .text.avr-libc
                0x00004fde       0xd6 d:/winavr-20100110/bin/../lib/gcc/avr/4.3.3/../../../../avr/lib/avr6\libc.a(rand.o)
                0x0000508e                rand_r
                0x00005094                rand
                0x0000509e                srand
 .text.avr-libc
                0x000050b4      0x2dc d:/winavr-20100110/bin/../lib/gcc/avr/4.3.3/../../../../avr/lib/avr6\libc.a(strtod.o)
                0x000050b4                strtod
 .text.avr-libc
                0x00005390       0x10 d:/winavr-20100110/bin/../lib/gcc/avr/4.3.3/../../../../avr/lib/avr6\libc.a(isspace.o)
                0x00005390                isspace
 .text.avr-libc
                0x000053a0       0x30 d:/winavr-20100110/bin/../lib/gcc/avr/4.3.3/../../../../avr/lib/avr6\libc.a(strncasecmp_P.o)
                0x000053a0                strncasecmp_P
 .text.avr-libc
                0x000053d0        0x6 d:/winavr-20100110/bin/../lib/gcc/avr/4.3.3/../../../../avr/lib/avr6\libc.a(cty_isfalse.o)
                0x000053d4                __ctype_istrue
                0x000053d0                __ctype_isfalse
                0x000053d6                . = ALIGN (0x2)
 *(.fini9)
 .fini9         0x000053d6        0x0 d:/winavr-20100110/bin/../lib/gcc/avr/4.3.3/avr6\libgcc.a(_exit.o)
                0x000053d6                exit
                0x000053d6                _exit
 *(.fini9)
 *(.fini8)
 *(.fini8)
 *(.fini7)
 *(.fini7)
 *(.fini6)
 *(.fini6)
 *(.fini5)
 *(.fini5)
 *(.fini4)
 *(.fini4)
 *(.fini3)
 *(.fini3)
 *(.fini2)
 *(.fini2)
 *(.fini1)
 *(.fini1)
 *(.fini0)
 .fini0         0x000053d6        0x4 d:/winavr-20100110/bin/../lib/gcc/avr/4.3.3/avr6\libgcc.a(_exit.o)
 *(.fini0)
                0x000053da                _etext = .

.data           0x00800200        0x4 load address 0x000053da
                0x00800200                PROVIDE (__data_start, .)
 *(.data)
 .data          0x00800200        0x0 d:/winavr-20100110/bin/../lib/gcc/avr/4.3.3/../../../../avr/lib/avr6/crtm2560.o
 .data          0x00800200        0x0 coolant_control.o
 .data          0x00800200        0x0 eeprom.o
 .data          0x00800200        0x0 gcode.o
 .data          0x00800200        0x0 main.o
 .data          0x00800200        0x0 motion_control.o
 .data          0x00800200        0x0 planner.o
 .data          0x00800200        0x0 serial_protocol.o
 .data          0x00800200        0x0 settings.o
 .data          0x00800200        0x0 spindle_control.o
 .data          0x00800200        0x0 stepper.o
 .data          0x00800200        0x0 wiring_serial.o
 .data          0x00800200        0x0 atc_control.o
 .data          0x00800200        0x0 head_control.o
 .data          0x00800200        0x0 panel_control.o
 .data          0x00800200        0x0 vacuum_control.o
 .data          0x00800200        0x0 tape_knock.o
 .data          0x00800200        0x0 d:/winavr-20100110/bin/../lib/gcc/avr/4.3.3/../../../../avr/lib/avr6\libm.a(addsf3.o)
 .data          0x00800200        0x0 d:/winavr-20100110/bin/../lib/gcc/avr/4.3.3/../../../../avr/lib/avr6\libm.a(addsf3x.o)
 .data          0x00800200        0x0 d:/winavr-20100110/bin/../lib/gcc/avr/4.3.3/../../../../avr/lib/avr6\libm.a(atan.o)
 .data          0x00800200        0x0 d:/winavr-20100110/bin/../lib/gcc/avr/4.3.3/../../../../avr/lib/avr6\libm.a(ceil.o)
 .data          0x00800200        0x0 d:/winavr-20100110/bin/../lib/gcc/avr/4.3.3/../../../../avr/lib/avr6\libm.a(cmpsf2.o)
 .data          0x00800200        0x0 d:/winavr-20100110/bin/../lib/gcc/avr/4.3.3/../../../../avr/lib/avr6\libm.a(divsf3.o)
 .data          0x00800200        0x0 d:/winavr-20100110/bin/../lib/gcc/avr/4.3.3/../../../../avr/lib/avr6\libm.a(divsf3x.o)
 .data          0x00800200        0x0 d:/winavr-20100110/bin/../lib/gcc/avr/4.3.3/../../../../avr/lib/avr6\libm.a(fixsfsi.o)
 .data          0x00800200        0x0 d:/winavr-20100110/bin/../lib/gcc/avr/4.3.3/../../../../avr/lib/avr6\libm.a(fixunssfsi.o)
 .data          0x00800200        0x0 d:/winavr-20100110/bin/../lib/gcc/avr/4.3.3/../../../../avr/lib/avr6\libm.a(floatsisf.o)
 .data          0x00800200        0x0 d:/winavr-20100110/bin/../lib/gcc/avr/4.3.3/../../../../avr/lib/avr6\libm.a(floor.o)
 .data          0x00800200        0x0 d:/winavr-20100110/bin/../lib/gcc/avr/4.3.3/../../../../avr/lib/avr6\libm.a(fp_cmp.o)
 .data          0x00800200        0x0 d:/winavr-20100110/bin/../lib/gcc/avr/4.3.3/../../../../avr/lib/avr6\libm.a(fp_inf.o)
 .data          0x00800200        0x0 d:/winavr-20100110/bin/../lib/gcc/avr/4.3.3/../../../../avr/lib/avr6\libm.a(fp_mintl.o)
 .data          0x00800200        0x0 d:/winavr-20100110/bin/../lib/gcc/avr/4.3.3/../../../../avr/lib/avr6\libm.a(fp_mpack.o)
 .data          0x00800200        0x0 d:/winavr-20100110/bin/../lib/gcc/avr/4.3.3/../../../../avr/lib/avr6\libm.a(fp_nan.o)
 .data          0x00800200        0x0 d:/winavr-20100110/bin/../lib/gcc/avr/4.3.3/../../../../avr/lib/avr6\libm.a(fp_powser.o)
 .data          0x00800200        0x0 d:/winavr-20100110/bin/../lib/gcc/avr/4.3.3/../../../../avr/lib/avr6\libm.a(fp_pscA.o)
 .data          0x00800200        0x0 d:/winavr-20100110/bin/../lib/gcc/avr/4.3.3/../../../../avr/lib/avr6\libm.a(fp_pscB.o)
 .data          0x00800200        0x0 d:/winavr-20100110/bin/../lib/gcc/avr/4.3.3/../../../../avr/lib/avr6\libm.a(fp_round.o)
 .data          0x00800200        0x0 d:/winavr-20100110/bin/../lib/gcc/avr/4.3.3/../../../../avr/lib/avr6\libm.a(fp_split3.o)
 .data          0x00800200        0x0 d:/winavr-20100110/bin/../lib/gcc/avr/4.3.3/../../../../avr/lib/avr6\libm.a(fp_trunc.o)
 .data          0x00800200        0x0 d:/winavr-20100110/bin/../lib/gcc/avr/4.3.3/../../../../avr/lib/avr6\libm.a(fp_zero.o)
 .data          0x00800200        0x0 d:/winavr-20100110/bin/../lib/gcc/avr/4.3.3/../../../../avr/lib/avr6\libm.a(gesf2.o)
 .data          0x00800200        0x0 d:/winavr-20100110/bin/../lib/gcc/avr/4.3.3/../../../../avr/lib/avr6\libm.a(inverse.o)
 .data          0x00800200        0x0 d:/winavr-20100110/bin/../lib/gcc/avr/4.3.3/../../../../avr/lib/avr6\libm.a(lround.o)
 .data          0x00800200        0x0 d:/winavr-20100110/bin/../lib/gcc/avr/4.3.3/../../../../avr/lib/avr6\libm.a(modf.o)
 .data          0x00800200        0x0 d:/winavr-20100110/bin/../lib/gcc/avr/4.3.3/../../../../avr/lib/avr6\libm.a(mulsf3.o)
 .data          0x00800200        0x0 d:/winavr-20100110/bin/../lib/gcc/avr/4.3.3/../../../../avr/lib/avr6\libm.a(mulsf3x.o)
 .data          0x00800200        0x0 d:/winavr-20100110/bin/../lib/gcc/avr/4.3.3/../../../../avr/lib/avr6\libm.a(round.o)
 .data          0x00800200        0x0 d:/winavr-20100110/bin/../lib/gcc/avr/4.3.3/../../../../avr/lib/avr6\libm.a(sqrt.o)
 .data          0x00800200        0x0 d:/winavr-20100110/bin/../lib/gcc/avr/4.3.3/../../../../avr/lib/avr6\libm.a(square.o)
 .data          0x00800200        0x0 d:/winavr-20100110/bin/../lib/gcc/avr/4.3.3/../../../../avr/lib/avr6\libm.a(trunc.o)
 .data          0x00800200        0x0 d:/winavr-20100110/bin/../lib/gcc/avr/4.3.3/../../../../avr/lib/avr6\libm.a(fp_norm2.o)
 .data          0x00800200        0x0 d:/winavr-20100110/bin/../lib/gcc/avr/4.3.3/avr6\libgcc.a(_mulsi3.o)
 .data          0x00800200        0x0 d:/winavr-20100110/bin/../lib/gcc/avr/4.3.3/avr6\libgcc.a(_divmodhi4.o)
 .data          0x00800200        0x0 d:/winavr-20100110/bin/../lib/gcc/avr/4.3.3/avr6\libgcc.a(_udivmodsi4.o)
 .data          0x00800200        0x0 d:/winavr-20100110/bin/../lib/gcc/avr/4.3.3/avr6\libgcc.a(_divmodsi4.o)
 .data          0x00800200        0x0 d:/winavr-20100110/bin/../lib/gcc/avr/4.3.3/avr6\libgcc.a(_exit.o)
 .data          0x00800200        0x0 d:/winavr-20100110/bin/../lib/gcc/avr/4.3.3/avr6\libgcc.a(_clear_bss.o)
 .data          0x00800200        0x0 d:/winavr-20100110/bin/../lib/gcc/avr/4.3.3/avr6\libgcc.a(_udivmodhi4.o)
 .data          0x00800200        0x4 d:/winavr-20100110/bin/../lib/gcc/avr/4.3.3/../../../../avr/lib/avr6\libc.a(rand.o)
 .data          0x00800204        0x0 d:/winavr-20100110/bin/../lib/gcc/avr/4.3.3/../../../../avr/lib/avr6\libc.a(strtod.o)
 .data          0x00800204        0x0 d:/winavr-20100110/bin/../lib/gcc/avr/4.3.3/../../../../avr/lib/avr6\libc.a(isspace.o)
 .data          0x00800204        0x0 d:/winavr-20100110/bin/../lib/gcc/avr/4.3.3/../../../../avr/lib/avr6\libc.a(strncasecmp_P.o)
 .data          0x00800204        0x0 d:/winavr-20100110/bin/../lib/gcc/avr/4.3.3/../../../../avr/lib/avr6\libc.a(errno.o)
 .data          0x00800204        0x0 d:/winavr-20100110/bin/../lib/gcc/avr/4.3.3/../../../../avr/lib/avr6\libc.a(cty_isfalse.o)
 *(.data*)
 *(.rodata)
 *(.rodata*)
 *(.gnu.linkonce.d*)
                0x00800204                . = ALIGN (0x2)
                0x00800204                _edata = .
                0x00800204                PROVIDE (__data_end, .)

.bss            0x00800204      0x4a4
                0x00800204                PROVIDE (__bss_start, .)
 *(.bss)
 .bss           0x00800204        0x0 d:/winavr-20100110/bin/../lib/gcc/avr/4.3.3/../../../../avr/lib/avr6/crtm2560.o
 .bss           0x00800204        0x0 coolant_control.o
 .bss           0x00800204        0x0 eeprom.o
 .bss           0x00800204       0x2c gcode.o
 .bss           0x00800230        0x0 main.o
 .bss           0x00800230        0x0 motion_control.o
 .bss           0x00800230      0x2ef planner.o
 .bss           0x0080051f       0x33 serial_protocol.o
 .bss           0x00800552        0x0 settings.o
 .bss           0x00800552        0x0 spindle_control.o
 .bss           0x00800552       0x27 stepper.o
                0x00800552                ackHost
                0x00800553                gHomed
 .bss           0x00800579      0x104 wiring_serial.o
                0x00800579                rx_buffer_head
                0x0080057b                rx_buffer_tail
 .bss           0x0080067d        0x0 atc_control.o
 .bss           0x0080067d        0x0 head_control.o
 .bss           0x0080067d        0x2 panel_control.o
 .bss           0x0080067f        0x0 vacuum_control.o
 .bss           0x0080067f        0x0 tape_knock.o
 .bss           0x0080067f        0x0 d:/winavr-20100110/bin/../lib/gcc/avr/4.3.3/../../../../avr/lib/avr6\libm.a(addsf3.o)
 .bss           0x0080067f        0x0 d:/winavr-20100110/bin/../lib/gcc/avr/4.3.3/../../../../avr/lib/avr6\libm.a(addsf3x.o)
 .bss           0x0080067f        0x0 d:/winavr-20100110/bin/../lib/gcc/avr/4.3.3/../../../../avr/lib/avr6\libm.a(atan.o)
 .bss           0x0080067f        0x0 d:/winavr-20100110/bin/../lib/gcc/avr/4.3.3/../../../../avr/lib/avr6\libm.a(ceil.o)
 .bss           0x0080067f        0x0 d:/winavr-20100110/bin/../lib/gcc/avr/4.3.3/../../../../avr/lib/avr6\libm.a(cmpsf2.o)
 .bss           0x0080067f        0x0 d:/winavr-20100110/bin/../lib/gcc/avr/4.3.3/../../../../avr/lib/avr6\libm.a(divsf3.o)
 .bss           0x0080067f        0x0 d:/winavr-20100110/bin/../lib/gcc/avr/4.3.3/../../../../avr/lib/avr6\libm.a(divsf3x.o)
 .bss           0x0080067f        0x0 d:/winavr-20100110/bin/../lib/gcc/avr/4.3.3/../../../../avr/lib/avr6\libm.a(fixsfsi.o)
 .bss           0x0080067f        0x0 d:/winavr-20100110/bin/../lib/gcc/avr/4.3.3/../../../../avr/lib/avr6\libm.a(fixunssfsi.o)
 .bss           0x0080067f        0x0 d:/winavr-20100110/bin/../lib/gcc/avr/4.3.3/../../../../avr/lib/avr6\libm.a(floatsisf.o)
 .bss           0x0080067f        0x0 d:/winavr-20100110/bin/../lib/gcc/avr/4.3.3/../../../../avr/lib/avr6\libm.a(floor.o)
 .bss           0x0080067f        0x0 d:/winavr-20100110/bin/../lib/gcc/avr/4.3.3/../../../../avr/lib/avr6\libm.a(fp_cmp.o)
 .bss           0x0080067f        0x0 d:/winavr-20100110/bin/../lib/gcc/avr/4.3.3/../../../../avr/lib/avr6\libm.a(fp_inf.o)
 .bss           0x0080067f        0x0 d:/winavr-20100110/bin/../lib/gcc/avr/4.3.3/../../../../avr/lib/avr6\libm.a(fp_mintl.o)
 .bss           0x0080067f        0x0 d:/winavr-20100110/bin/../lib/gcc/avr/4.3.3/../../../../avr/lib/avr6\libm.a(fp_mpack.o)
 .bss           0x0080067f        0x0 d:/winavr-20100110/bin/../lib/gcc/avr/4.3.3/../../../../avr/lib/avr6\libm.a(fp_nan.o)
 .bss           0x0080067f        0x0 d:/winavr-20100110/bin/../lib/gcc/avr/4.3.3/../../../../avr/lib/avr6\libm.a(fp_powser.o)
 .bss           0x0080067f        0x0 d:/winavr-20100110/bin/../lib/gcc/avr/4.3.3/../../../../avr/lib/avr6\libm.a(fp_pscA.o)
 .bss           0x0080067f        0x0 d:/winavr-20100110/bin/../lib/gcc/avr/4.3.3/../../../../avr/lib/avr6\libm.a(fp_pscB.o)
 .bss           0x0080067f        0x0 d:/winavr-20100110/bin/../lib/gcc/avr/4.3.3/../../../../avr/lib/avr6\libm.a(fp_round.o)
 .bss           0x0080067f        0x0 d:/winavr-20100110/bin/../lib/gcc/avr/4.3.3/../../../../avr/lib/avr6\libm.a(fp_split3.o)
 .bss           0x0080067f        0x0 d:/winavr-20100110/bin/../lib/gcc/avr/4.3.3/../../../../avr/lib/avr6\libm.a(fp_trunc.o)
 .bss           0x0080067f        0x0 d:/winavr-20100110/bin/../lib/gcc/avr/4.3.3/../../../../avr/lib/avr6\libm.a(fp_zero.o)
 .bss           0x0080067f        0x0 d:/winavr-20100110/bin/../lib/gcc/avr/4.3.3/../../../../avr/lib/avr6\libm.a(gesf2.o)
 .bss           0x0080067f        0x0 d:/winavr-20100110/bin/../lib/gcc/avr/4.3.3/../../../../avr/lib/avr6\libm.a(inverse.o)
 .bss           0x0080067f        0x0 d:/winavr-20100110/bin/../lib/gcc/avr/4.3.3/../../../../avr/lib/avr6\libm.a(lround.o)
 .bss           0x0080067f        0x0 d:/winavr-20100110/bin/../lib/gcc/avr/4.3.3/../../../../avr/lib/avr6\libm.a(modf.o)
 .bss           0x0080067f        0x0 d:/winavr-20100110/bin/../lib/gcc/avr/4.3.3/../../../../avr/lib/avr6\libm.a(mulsf3.o)
 .bss           0x0080067f        0x0 d:/winavr-20100110/bin/../lib/gcc/avr/4.3.3/../../../../avr/lib/avr6\libm.a(mulsf3x.o)
 .bss           0x0080067f        0x0 d:/winavr-20100110/bin/../lib/gcc/avr/4.3.3/../../../../avr/lib/avr6\libm.a(round.o)
 .bss           0x0080067f        0x0 d:/winavr-20100110/bin/../lib/gcc/avr/4.3.3/../../../../avr/lib/avr6\libm.a(sqrt.o)
 .bss           0x0080067f        0x0 d:/winavr-20100110/bin/../lib/gcc/avr/4.3.3/../../../../avr/lib/avr6\libm.a(square.o)
 .bss           0x0080067f        0x0 d:/winavr-20100110/bin/../lib/gcc/avr/4.3.3/../../../../avr/lib/avr6\libm.a(trunc.o)
 .bss           0x0080067f        0x0 d:/winavr-20100110/bin/../lib/gcc/avr/4.3.3/../../../../avr/lib/avr6\libm.a(fp_norm2.o)
 .bss           0x0080067f        0x0 d:/winavr-20100110/bin/../lib/gcc/avr/4.3.3/avr6\libgcc.a(_mulsi3.o)
 .bss           0x0080067f        0x0 d:/winavr-20100110/bin/../lib/gcc/avr/4.3.3/avr6\libgcc.a(_divmodhi4.o)
 .bss           0x0080067f        0x0 d:/winavr-20100110/bin/../lib/gcc/avr/4.3.3/avr6\libgcc.a(_udivmodsi4.o)
 .bss           0x0080067f        0x0 d:/winavr-20100110/bin/../lib/gcc/avr/4.3.3/avr6\libgcc.a(_divmodsi4.o)
 .bss           0x0080067f        0x0 d:/winavr-20100110/bin/../lib/gcc/avr/4.3.3/avr6\libgcc.a(_exit.o)
 .bss           0x0080067f        0x0 d:/winavr-20100110/bin/../lib/gcc/avr/4.3.3/avr6\libgcc.a(_clear_bss.o)
 .bss           0x0080067f        0x0 d:/winavr-20100110/bin/../lib/gcc/avr/4.3.3/avr6\libgcc.a(_udivmodhi4.o)
 .bss           0x0080067f        0x0 d:/winavr-20100110/bin/../lib/gcc/avr/4.3.3/../../../../avr/lib/avr6\libc.a(rand.o)
 .bss           0x0080067f        0x0 d:/winavr-20100110/bin/../lib/gcc/avr/4.3.3/../../../../avr/lib/avr6\libc.a(strtod.o)
 .bss           0x0080067f        0x0 d:/winavr-20100110/bin/../lib/gcc/avr/4.3.3/../../../../avr/lib/avr6\libc.a(isspace.o)
 .bss           0x0080067f        0x0 d:/winavr-20100110/bin/../lib/gcc/avr/4.3.3/../../../../avr/lib/avr6\libc.a(strncasecmp_P.o)
 .bss           0x0080067f        0x0 d:/winavr-20100110/bin/../lib/gcc/avr/4.3.3/../../../../avr/lib/avr6\libc.a(errno.o)
 .bss           0x0080067f        0x0 d:/winavr-20100110/bin/../lib/gcc/avr/4.3.3/../../../../avr/lib/avr6\libc.a(cty_isfalse.o)
 *(.bss*)
 *(COMMON)
 COMMON         0x0080067f       0x26 settings.o
                0x0080067f                settings
 COMMON         0x008006a5        0x1 stepper.o
                0x008006a5                dir_bits
 COMMON         0x008006a6        0x2 d:/winavr-20100110/bin/../lib/gcc/avr/4.3.3/../../../../avr/lib/avr6\libc.a(errno.o)
                0x008006a6                errno
                0x008006a8                PROVIDE (__bss_end, .)
                0x000053da                __data_load_start = LOADADDR (.data)
                0x000053de                __data_load_end = (__data_load_start + SIZEOF (.data))

.noinit         0x008006a8        0x0
                0x008006a8                PROVIDE (__noinit_start, .)
 *(.noinit*)
                0x008006a8                PROVIDE (__noinit_end, .)
                0x008006a8                _end = .
                0x008006a8                PROVIDE (__heap_start, .)

.eeprom         0x00810000        0x0
 *(.eeprom*)
                0x00810000                __eeprom_end = .

.fuse
 *(.fuse)
 *(.lfuse)
 *(.hfuse)
 *(.efuse)

.lock
 *(.lock*)

.signature
 *(.signature*)

.stab
 *(.stab)

.stabstr
 *(.stabstr)

.stab.excl
 *(.stab.excl)

.stab.exclstr
 *(.stab.exclstr)

.stab.index
 *(.stab.index)

.stab.indexstr
 *(.stab.indexstr)

.comment
 *(.comment)

.debug
 *(.debug)

.line
 *(.line)

.debug_srcinfo
 *(.debug_srcinfo)

.debug_sfnames
 *(.debug_sfnames)

.debug_aranges  0x00000000      0x500
 *(.debug_aranges)
 .debug_aranges
                0x00000000       0x28 coolant_control.o
 .debug_aranges
                0x00000028       0x38 eeprom.o
 .debug_aranges
                0x00000060       0x60 gcode.o
 .debug_aranges
                0x000000c0       0x20 main.o
 .debug_aranges
                0x000000e0       0x28 motion_control.o
 .debug_aranges
                0x00000108       0x90 planner.o
 .debug_aranges
                0x00000198       0x28 serial_protocol.o
 .debug_aranges
                0x000001c0       0x48 settings.o
 .debug_aranges
                0x00000208       0x38 spindle_control.o
 .debug_aranges
                0x00000240       0xb8 stepper.o
 .debug_aranges
                0x000002f8       0x80 wiring_serial.o
 .debug_aranges
                0x00000378       0x50 atc_control.o
 .debug_aranges
                0x000003c8       0x38 head_control.o
 .debug_aranges
                0x00000400       0x78 panel_control.o
 .debug_aranges
                0x00000478       0x50 vacuum_control.o
 .debug_aranges
                0x000004c8       0x38 tape_knock.o

.debug_pubnames
                0x00000000      0x954
 *(.debug_pubnames)
 .debug_pubnames
                0x00000000       0x35 coolant_control.o
 .debug_pubnames
                0x00000035       0x82 eeprom.o
 .debug_pubnames
                0x000000b7       0x9d gcode.o
 .debug_pubnames
                0x00000154       0x1b main.o
 .debug_pubnames
                0x0000016f       0x2e motion_control.o
 .debug_pubnames
                0x0000019d      0x1c0 planner.o
 .debug_pubnames
                0x0000035d       0x2d serial_protocol.o
 .debug_pubnames
                0x0000038a       0x96 settings.o
 .debug_pubnames
                0x00000420       0x54 spindle_control.o
 .debug_pubnames
                0x00000474      0x17c stepper.o
 .debug_pubnames
                0x000005f0      0x113 wiring_serial.o
 .debug_pubnames
                0x00000703       0x77 atc_control.o
 .debug_pubnames
                0x0000077a       0x4e head_control.o
 .debug_pubnames
                0x000007c8       0xbc panel_control.o
 .debug_pubnames
                0x00000884       0x80 vacuum_control.o
 .debug_pubnames
                0x00000904       0x50 tape_knock.o

.debug_info     0x00000000     0x414c
 *(.debug_info)
 .debug_info    0x00000000       0xa5 coolant_control.o
 .debug_info    0x000000a5      0x1db eeprom.o
 .debug_info    0x00000280      0x96d gcode.o
 .debug_info    0x00000bed       0xc6 main.o
 .debug_info    0x00000cb3      0x15e motion_control.o
 .debug_info    0x00000e11      0x8d6 planner.o
 .debug_info    0x000016e7      0x286 serial_protocol.o
 .debug_info    0x0000196d      0x522 settings.o
 .debug_info    0x00001e8f      0x22d spindle_control.o
 .debug_info    0x000020bc      0xadf stepper.o
 .debug_info    0x00002b9b      0x469 wiring_serial.o
 .debug_info    0x00003004      0x2da atc_control.o
 .debug_info    0x000032de      0x20a head_control.o
 .debug_info    0x000034e8      0x293 panel_control.o
 .debug_info    0x0000377b      0x721 vacuum_control.o
 .debug_info    0x00003e9c      0x2b0 tape_knock.o
 *(.gnu.linkonce.wi.*)

.debug_abbrev   0x00000000     0x1652
 *(.debug_abbrev)
 .debug_abbrev  0x00000000       0x6c coolant_control.o
 .debug_abbrev  0x0000006c      0x10d eeprom.o
 .debug_abbrev  0x00000179      0x254 gcode.o
 .debug_abbrev  0x000003cd       0x87 main.o
 .debug_abbrev  0x00000454       0xfd motion_control.o
 .debug_abbrev  0x00000551      0x206 planner.o
 .debug_abbrev  0x00000757       0xfc serial_protocol.o
 .debug_abbrev  0x00000853      0x10b settings.o
 .debug_abbrev  0x0000095e      0x12d spindle_control.o
 .debug_abbrev  0x00000a8b      0x361 stepper.o
 .debug_abbrev  0x00000dec      0x1d1 wiring_serial.o
 .debug_abbrev  0x00000fbd      0x16c atc_control.o
 .debug_abbrev  0x00001129      0x153 head_control.o
 .debug_abbrev  0x0000127c       0xee panel_control.o
 .debug_abbrev  0x0000136a      0x1d7 vacuum_control.o
 .debug_abbrev  0x00001541      0x111 tape_knock.o

.debug_line     0x00000000     0x3c98
 *(.debug_line)
 .debug_line    0x00000000       0xa2 coolant_control.o
 .debug_line    0x000000a2      0x203 eeprom.o
 .debug_line    0x000002a5      0x840 gcode.o
 .debug_line    0x00000ae5       0xf5 main.o
 .debug_line    0x00000bda      0x19d motion_control.o
 .debug_line    0x00000d77      0x716 planner.o
 .debug_line    0x0000148d      0x1db serial_protocol.o
 .debug_line    0x00001668      0x3f0 settings.o
 .debug_line    0x00001a58      0x1e9 spindle_control.o
 .debug_line    0x00001c41      0xba0 stepper.o
 .debug_line    0x000027e1      0x3cc wiring_serial.o
 .debug_line    0x00002bad      0x40b atc_control.o
 .debug_line    0x00002fb8      0x21c head_control.o
 .debug_line    0x000031d4      0x2f0 panel_control.o
 .debug_line    0x000034c4      0x542 vacuum_control.o
 .debug_line    0x00003a06      0x292 tape_knock.o

.debug_frame    0x00000000      0x800
 *(.debug_frame)
 .debug_frame   0x00000000       0x30 coolant_control.o
 .debug_frame   0x00000030       0x50 eeprom.o
 .debug_frame   0x00000080       0xa0 gcode.o
 .debug_frame   0x00000120       0x20 main.o
 .debug_frame   0x00000140       0x30 motion_control.o
 .debug_frame   0x00000170      0x100 planner.o
 .debug_frame   0x00000270       0x30 serial_protocol.o
 .debug_frame   0x000002a0       0x70 settings.o
 .debug_frame   0x00000310       0x50 spindle_control.o
 .debug_frame   0x00000360      0x150 stepper.o
 .debug_frame   0x000004b0       0xe0 wiring_serial.o
 .debug_frame   0x00000590       0x80 atc_control.o
 .debug_frame   0x00000610       0x50 head_control.o
 .debug_frame   0x00000660       0xd0 panel_control.o
 .debug_frame   0x00000730       0x80 vacuum_control.o
 .debug_frame   0x000007b0       0x50 tape_knock.o

.debug_str      0x00000000      0xec6
 *(.debug_str)
 .debug_str     0x00000000       0xae coolant_control.o
                                 0xe9 (size before relaxing)
 .debug_str     0x000000ae       0xac eeprom.o
                                0x16c (size before relaxing)
 .debug_str     0x0000015a      0x283 gcode.o
                                0x39e (size before relaxing)
 .debug_str     0x000003dd       0x17 main.o
                                 0xd5 (size before relaxing)
 .debug_str     0x000003f4       0x7a motion_control.o
                                0x133 (size before relaxing)
 .debug_str     0x0000046e      0x403 planner.o
                                0x5f0 (size before relaxing)
 .debug_str     0x00000871       0x37 serial_protocol.o
                                0x122 (size before relaxing)
 .debug_str     0x000008a8       0x7f settings.o
                                0x1d8 (size before relaxing)
 .debug_str     0x00000927       0x64 spindle_control.o
                                0x17a (size before relaxing)
 .debug_str     0x0000098b      0x245 stepper.o
                                0x523 (size before relaxing)
 .debug_str     0x00000bd0      0x11b wiring_serial.o
                                0x1f1 (size before relaxing)
 .debug_str     0x00000ceb       0x61 atc_control.o
                                0x18c (size before relaxing)
 .debug_str     0x00000d4c       0x34 head_control.o
                                0x145 (size before relaxing)
 .debug_str     0x00000d80       0x98 panel_control.o
                                0x15c (size before relaxing)
 .debug_str     0x00000e18       0x62 vacuum_control.o
                                0x19a (size before relaxing)
 .debug_str     0x00000e7a       0x4c tape_knock.o
                                0x14d (size before relaxing)

.debug_loc      0x00000000     0x23f0
 *(.debug_loc)
 .debug_loc     0x00000000      0x16b eeprom.o
 .debug_loc     0x0000016b      0x983 gcode.o
 .debug_loc     0x00000aee       0xbc motion_control.o
 .debug_loc     0x00000baa      0x86f planner.o
 .debug_loc     0x00001419       0xce serial_protocol.o
 .debug_loc     0x000014e7      0x1bf settings.o
 .debug_loc     0x000016a6       0x3b spindle_control.o
 .debug_loc     0x000016e1      0x401 stepper.o
 .debug_loc     0x00001ae2      0x2dd wiring_serial.o
 .debug_loc     0x00001dbf      0x140 atc_control.o
 .debug_loc     0x00001eff       0x78 head_control.o
 .debug_loc     0x00001f77      0x389 vacuum_control.o
 .debug_loc     0x00002300       0xf0 tape_knock.o

.debug_macinfo
 *(.debug_macinfo)
OUTPUT(grbl.elf elf32-avr)
LOAD linker stubs

.debug_ranges   0x00000000      0x9f0
 .debug_ranges  0x00000000       0x20 coolant_control.o
 .debug_ranges  0x00000020       0x30 eeprom.o
 .debug_ranges  0x00000050       0x90 gcode.o
 .debug_ranges  0x000000e0       0x18 main.o
 .debug_ranges  0x000000f8       0x50 motion_control.o
 .debug_ranges  0x00000148       0xa0 planner.o
 .debug_ranges  0x000001e8       0x40 serial_protocol.o
 .debug_ranges  0x00000228       0x40 settings.o
 .debug_ranges  0x00000268       0xf0 spindle_control.o
 .debug_ranges  0x00000358      0x428 stepper.o
 .debug_ranges  0x00000780       0xc8 wiring_serial.o
 .debug_ranges  0x00000848       0x48 atc_control.o
 .debug_ranges  0x00000890       0x30 head_control.o
 .debug_ranges  0x000008c0       0x70 panel_control.o
 .debug_ranges  0x00000930       0x90 vacuum_control.o
 .debug_ranges  0x000009c0       0x30 tape_knock.o
