Archive member included because of file (symbol)

C:\WinAVR-20100110\avr\lib\avr6\libm.a(addsf3.o)
                              gcode.o (__subsf3)
C:\WinAVR-20100110\avr\lib\avr6\libm.a(addsf3x.o)
                              C:\WinAVR-20100110\avr\lib\avr6\libm.a(addsf3.o) (__addsf3x)
C:\WinAVR-20100110\avr\lib\avr6\libm.a(atan.o)
                              gcode.o (atan)
C:\WinAVR-20100110\avr\lib\avr6\libm.a(ceil.o)
                              planner.o (ceil)
C:\WinAVR-20100110\avr\lib\avr6\libm.a(cmpsf2.o)
                              gcode.o (__eqsf2)
C:\WinAVR-20100110\avr\lib\avr6\libm.a(divsf3.o)
                              gcode.o (__divsf3)
C:\WinAVR-20100110\avr\lib\avr6\libm.a(divsf3x.o)
                              C:\WinAVR-20100110\avr\lib\avr6\libm.a(divsf3.o) (__divsf3x)
C:\WinAVR-20100110\avr\lib\avr6\libm.a(fixsfsi.o)
                              gcode.o (__fixsfsi)
C:\WinAVR-20100110\avr\lib\avr6\libm.a(fixunssfsi.o)
                              gcode.o (__fixunssfsi)
C:\WinAVR-20100110\avr\lib\avr6\libm.a(floatsisf.o)
                              motion_control.o (__floatunsisf)
C:\WinAVR-20100110\avr\lib\avr6\libm.a(floor.o)
                              planner.o (floor)
C:\WinAVR-20100110\avr\lib\avr6\libm.a(fp_cmp.o)
                              C:\WinAVR-20100110\avr\lib\avr6\libm.a(cmpsf2.o) (__fp_cmp)
C:\WinAVR-20100110\avr\lib\avr6\libm.a(fp_inf.o)
                              C:\WinAVR-20100110\avr\lib\avr6\libm.a(addsf3x.o) (__fp_inf)
C:\WinAVR-20100110\avr\lib\avr6\libm.a(fp_mintl.o)
                              C:\WinAVR-20100110\avr\lib\avr6\libm.a(ceil.o) (__fp_mintl)
C:\WinAVR-20100110\avr\lib\avr6\libm.a(fp_mpack.o)
                              C:\WinAVR-20100110\avr\lib\avr6\libm.a(ceil.o) (__fp_mpack)
C:\WinAVR-20100110\avr\lib\avr6\libm.a(fp_nan.o)
                              C:\WinAVR-20100110\avr\lib\avr6\libm.a(addsf3x.o) (__fp_nan)
C:\WinAVR-20100110\avr\lib\avr6\libm.a(fp_powser.o)
                              C:\WinAVR-20100110\avr\lib\avr6\libm.a(atan.o) (__fp_powser)
C:\WinAVR-20100110\avr\lib\avr6\libm.a(fp_pscA.o)
                              C:\WinAVR-20100110\avr\lib\avr6\libm.a(addsf3x.o) (__fp_pscA)
C:\WinAVR-20100110\avr\lib\avr6\libm.a(fp_pscB.o)
                              C:\WinAVR-20100110\avr\lib\avr6\libm.a(addsf3x.o) (__fp_pscB)
C:\WinAVR-20100110\avr\lib\avr6\libm.a(fp_round.o)
                              C:\WinAVR-20100110\avr\lib\avr6\libm.a(addsf3.o) (__fp_round)
C:\WinAVR-20100110\avr\lib\avr6\libm.a(fp_split3.o)
                              C:\WinAVR-20100110\avr\lib\avr6\libm.a(addsf3x.o) (__fp_split3)
C:\WinAVR-20100110\avr\lib\avr6\libm.a(fp_trunc.o)
                              C:\WinAVR-20100110\avr\lib\avr6\libm.a(ceil.o) (__fp_trunc)
C:\WinAVR-20100110\avr\lib\avr6\libm.a(fp_zero.o)
                              C:\WinAVR-20100110\avr\lib\avr6\libm.a(addsf3x.o) (__fp_zero)
C:\WinAVR-20100110\avr\lib\avr6\libm.a(gesf2.o)
                              gcode.o (__gtsf2)
C:\WinAVR-20100110\avr\lib\avr6\libm.a(inverse.o)
                              C:\WinAVR-20100110\avr\lib\avr6\libm.a(atan.o) (inverse)
C:\WinAVR-20100110\avr\lib\avr6\libm.a(lround.o)
                              planner.o (lround)
C:\WinAVR-20100110\avr\lib\avr6\libm.a(modf.o)
                              wiring_serial.o (modf)
C:\WinAVR-20100110\avr\lib\avr6\libm.a(mulsf3.o)
                              gcode.o (__mulsf3)
C:\WinAVR-20100110\avr\lib\avr6\libm.a(mulsf3x.o)
                              C:\WinAVR-20100110\avr\lib\avr6\libm.a(atan.o) (__mulsf3x)
C:\WinAVR-20100110\avr\lib\avr6\libm.a(round.o)
                              settings.o (round)
C:\WinAVR-20100110\avr\lib\avr6\libm.a(sqrt.o)
                              planner.o (sqrt)
C:\WinAVR-20100110\avr\lib\avr6\libm.a(square.o)
                              planner.o (square)
C:\WinAVR-20100110\avr\lib\avr6\libm.a(trunc.o)
                              gcode.o (trunc)
C:\WinAVR-20100110\avr\lib\avr6\libm.a(fp_norm2.o)
                              C:\WinAVR-20100110\avr\lib\avr6\libm.a(sqrt.o) (__fp_norm2)
c:/winavr-20100110/bin/../lib/gcc/avr/4.3.3/avr6\libgcc.a(_mulsi3.o)
                              planner.o (__mulsi3)
c:/winavr-20100110/bin/../lib/gcc/avr/4.3.3/avr6\libgcc.a(_divmodhi4.o)
                              planner.o (__divmodhi4)
c:/winavr-20100110/bin/../lib/gcc/avr/4.3.3/avr6\libgcc.a(_udivmodsi4.o)
                              stepper.o (__udivmodsi4)
c:/winavr-20100110/bin/../lib/gcc/avr/4.3.3/avr6\libgcc.a(_divmodsi4.o)
                              wiring_serial.o (__divmodsi4)
c:/winavr-20100110/bin/../lib/gcc/avr/4.3.3/avr6\libgcc.a(_exit.o)
                              c:/winavr-20100110/bin/../lib/gcc/avr/4.3.3/../../../../avr/lib/avr6/crtm2560.o (exit)
c:/winavr-20100110/bin/../lib/gcc/avr/4.3.3/avr6\libgcc.a(_clear_bss.o)
                              gcode.o (__do_clear_bss)
c:/winavr-20100110/bin/../lib/gcc/avr/4.3.3/avr6\libgcc.a(_udivmodhi4.o)
                              c:/winavr-20100110/bin/../lib/gcc/avr/4.3.3/avr6\libgcc.a(_divmodhi4.o) (__udivmodhi4)
C:\WinAVR-20100110\avr\lib\avr6\libc.a(rand.o)
                              vacuum_control.o (rand)
C:\WinAVR-20100110\avr\lib\avr6\libc.a(strtod.o)
                              gcode.o (strtod)
C:\WinAVR-20100110\avr\lib\avr6\libc.a(isspace.o)
                              C:\WinAVR-20100110\avr\lib\avr6\libc.a(strtod.o) (isspace)
C:\WinAVR-20100110\avr\lib\avr6\libc.a(strncasecmp_P.o)
                              C:\WinAVR-20100110\avr\lib\avr6\libc.a(strtod.o) (strncasecmp_P)
C:\WinAVR-20100110\avr\lib\avr6\libc.a(errno.o)
                              C:\WinAVR-20100110\avr\lib\avr6\libc.a(strtod.o) (errno)
C:\WinAVR-20100110\avr\lib\avr6\libc.a(cty_isfalse.o)
                              C:\WinAVR-20100110\avr\lib\avr6\libc.a(isspace.o) (__ctype_isfalse)

Allocating common symbols
Common symbol       size              file

max_registers       0x1               usb.o
errno               0x2               C:\WinAVR-20100110\avr\lib\avr6\libc.a(errno.o)
settings            0x26              settings.o
dir_bits            0x1               stepper.o
deviceTable         0x42              max3421e_usb.o

Memory Configuration

Name             Origin             Length             Attributes
text             0x00000000         0x00100000         xr
data             0x00800200         0x0000fe00         rw !x
eeprom           0x00810000         0x00010000         rw !x
fuse             0x00820000         0x00000400         rw !x
lock             0x00830000         0x00000400         rw !x
signature        0x00840000         0x00000400         rw !x
*default*        0x00000000         0xffffffff

Linker script and memory map

Address of section .data set to 0x800200
LOAD c:/winavr-20100110/bin/../lib/gcc/avr/4.3.3/../../../../avr/lib/avr6/crtm2560.o
LOAD coolant_control.o
LOAD eeprom.o
LOAD gcode.o
LOAD main.o
LOAD motion_control.o
LOAD planner.o
LOAD serial_protocol.o
LOAD settings.o
LOAD spindle_control.o
LOAD stepper.o
LOAD wiring_serial.o
LOAD atc_control.o
LOAD head_control.o
LOAD panel_control.o
LOAD vacuum_control.o
LOAD tape_knock.o
LOAD usb.o
LOAD max3421e.o
LOAD SPI.o
LOAD timers.o
LOAD max3421e_usb.o
LOAD C:\WinAVR-20100110\avr\lib\avr6\libm.a
LOAD c:/winavr-20100110/bin/../lib/gcc/avr/4.3.3/avr6\libgcc.a
LOAD C:\WinAVR-20100110\avr\lib\avr6\libc.a
LOAD c:/winavr-20100110/bin/../lib/gcc/avr/4.3.3/avr6\libgcc.a

.hash
 *(.hash)

.dynsym
 *(.dynsym)

.dynstr
 *(.dynstr)

.gnu.version
 *(.gnu.version)

.gnu.version_d
 *(.gnu.version_d)

.gnu.version_r
 *(.gnu.version_r)

.rel.init
 *(.rel.init)

.rela.init
 *(.rela.init)

.rel.text
 *(.rel.text)
 *(.rel.text.*)
 *(.rel.gnu.linkonce.t*)

.rela.text
 *(.rela.text)
 *(.rela.text.*)
 *(.rela.gnu.linkonce.t*)

.rel.fini
 *(.rel.fini)

.rela.fini
 *(.rela.fini)

.rel.rodata
 *(.rel.rodata)
 *(.rel.rodata.*)
 *(.rel.gnu.linkonce.r*)

.rela.rodata
 *(.rela.rodata)
 *(.rela.rodata.*)
 *(.rela.gnu.linkonce.r*)

.rel.data
 *(.rel.data)
 *(.rel.data.*)
 *(.rel.gnu.linkonce.d*)

.rela.data
 *(.rela.data)
 *(.rela.data.*)
 *(.rela.gnu.linkonce.d*)

.rel.ctors
 *(.rel.ctors)

.rela.ctors
 *(.rela.ctors)

.rel.dtors
 *(.rel.dtors)

.rela.dtors
 *(.rela.dtors)

.rel.got
 *(.rel.got)

.rela.got
 *(.rela.got)

.rel.bss
 *(.rel.bss)

.rela.bss
 *(.rela.bss)

.rel.plt
 *(.rel.plt)

.rela.plt
 *(.rela.plt)

.text           0x00000000     0x6308
 *(.vectors)
 .vectors       0x00000000       0xe4 c:/winavr-20100110/bin/../lib/gcc/avr/4.3.3/../../../../avr/lib/avr6/crtm2560.o
                0x00000000                __vectors
                0x00000000                __vector_default
 *(.vectors)
 *(.progmem.gcc*)
 .progmem.gcc_sw_table
                0x000000e4      0x138 gcode.o
 .progmem.gcc_fplib
                0x0000021c       0x2d C:\WinAVR-20100110\avr\lib\avr6\libm.a(atan.o)
 *(.progmem*)
 .progmem.data  0x00000249      0x110 gcode.o
 .progmem.data  0x00000359        0x4 main.o
 .progmem.data  0x0000035d       0xac serial_protocol.o
 .progmem.data  0x00000409      0x1f5 settings.o
 .progmem.data  0x000005fe        0xe stepper.o
 .progmem.data  0x0000060c       0x12 head_control.o
 .progmem.data  0x0000061e        0x9 vacuum_control.o
 .progmem.data  0x00000627       0x22 max3421e.o
 .progmem.data  0x00000649       0x3b C:\WinAVR-20100110\avr\lib\avr6\libc.a(strtod.o)
                0x00000684                . = ALIGN (0x2)
                0x00000684                __trampolines_start = .
 *(.trampolines)
 .trampolines   0x00000684        0x0 linker stubs
 *(.trampolines*)
                0x00000684                __trampolines_end = .
 *(.jumptables)
 *(.jumptables*)
 *(.lowtext)
 *(.lowtext*)
                0x00000684                __ctors_start = .
 *(.ctors)
                0x00000684                __ctors_end = .
                0x00000684                __dtors_start = .
 *(.dtors)
                0x00000684                __dtors_end = .
 SORT(*)(.ctors)
 SORT(*)(.dtors)
 *(.init0)
 .init0         0x00000684        0x0 c:/winavr-20100110/bin/../lib/gcc/avr/4.3.3/../../../../avr/lib/avr6/crtm2560.o
                0x00000684                __init
 *(.init0)
 *(.init1)
 *(.init1)
 *(.init2)
 .init2         0x00000684       0x10 c:/winavr-20100110/bin/../lib/gcc/avr/4.3.3/../../../../avr/lib/avr6/crtm2560.o
 *(.init2)
 *(.init3)
 *(.init3)
 *(.init4)
 .init4         0x00000694       0x1a c:/winavr-20100110/bin/../lib/gcc/avr/4.3.3/../../../../avr/lib/avr6/crtm2560.o
                0x00000694                __do_copy_data
 .init4         0x000006ae       0x10 c:/winavr-20100110/bin/../lib/gcc/avr/4.3.3/avr6\libgcc.a(_clear_bss.o)
                0x000006ae                __do_clear_bss
 *(.init4)
 *(.init5)
 *(.init5)
 *(.init6)
 *(.init6)
 *(.init7)
 *(.init7)
 *(.init8)
 *(.init8)
 *(.init9)
 .init9         0x000006be        0x8 c:/winavr-20100110/bin/../lib/gcc/avr/4.3.3/../../../../avr/lib/avr6/crtm2560.o
 *(.init9)
 *(.text)
 .text          0x000006c6        0x4 c:/winavr-20100110/bin/../lib/gcc/avr/4.3.3/../../../../avr/lib/avr6/crtm2560.o
                0x000006c6                __vector_38
                0x000006c6                __vector_22
                0x000006c6                __vector_28
                0x000006c6                __vector_1
                0x000006c6                __vector_34
                0x000006c6                __vector_24
                0x000006c6                __vector_12
                0x000006c6                __vector_55
                0x000006c6                __vector_46
                0x000006c6                __bad_interrupt
                0x000006c6                __vector_6
                0x000006c6                __vector_31
                0x000006c6                __vector_35
                0x000006c6                __vector_39
                0x000006c6                __vector_3
                0x000006c6                __vector_30
                0x000006c6                __vector_45
                0x000006c6                __vector_11
                0x000006c6                __vector_54
                0x000006c6                __vector_13
                0x000006c6                __vector_19
                0x000006c6                __vector_56
                0x000006c6                __vector_7
                0x000006c6                __vector_49
                0x000006c6                __vector_41
                0x000006c6                __vector_43
                0x000006c6                __vector_27
                0x000006c6                __vector_5
                0x000006c6                __vector_33
                0x000006c6                __vector_47
                0x000006c6                __vector_52
                0x000006c6                __vector_37
                0x000006c6                __vector_4
                0x000006c6                __vector_44
                0x000006c6                __vector_51
                0x000006c6                __vector_9
                0x000006c6                __vector_2
                0x000006c6                __vector_21
                0x000006c6                __vector_36
                0x000006c6                __vector_29
                0x000006c6                __vector_40
                0x000006c6                __vector_8
                0x000006c6                __vector_26
                0x000006c6                __vector_48
                0x000006c6                __vector_14
                0x000006c6                __vector_53
                0x000006c6                __vector_10
                0x000006c6                __vector_50
                0x000006c6                __vector_16
                0x000006c6                __vector_18
                0x000006c6                __vector_42
 .text          0x000006ca        0x0 coolant_control.o
 .text          0x000006ca        0x0 eeprom.o
 .text          0x000006ca        0x0 gcode.o
 .text          0x000006ca        0x0 main.o
 .text          0x000006ca        0x0 motion_control.o
 .text          0x000006ca        0x0 planner.o
 .text          0x000006ca        0x0 serial_protocol.o
 .text          0x000006ca        0x0 settings.o
 .text          0x000006ca        0x0 spindle_control.o
 .text          0x000006ca        0x0 stepper.o
 .text          0x000006ca        0x0 wiring_serial.o
 .text          0x000006ca        0x0 atc_control.o
 .text          0x000006ca        0x0 head_control.o
 .text          0x000006ca        0x0 panel_control.o
 .text          0x000006ca        0x0 vacuum_control.o
 .text          0x000006ca        0x0 tape_knock.o
 .text          0x000006ca        0x0 usb.o
 .text          0x000006ca        0x0 max3421e.o
 .text          0x000006ca        0x0 SPI.o
 .text          0x000006ca        0x0 timers.o
 .text          0x000006ca        0x0 max3421e_usb.o
 .text          0x000006ca        0x0 C:\WinAVR-20100110\avr\lib\avr6\libm.a(addsf3.o)
 .text          0x000006ca        0x0 C:\WinAVR-20100110\avr\lib\avr6\libm.a(addsf3x.o)
 .text          0x000006ca        0x0 C:\WinAVR-20100110\avr\lib\avr6\libm.a(atan.o)
 .text          0x000006ca        0x0 C:\WinAVR-20100110\avr\lib\avr6\libm.a(ceil.o)
 .text          0x000006ca        0x0 C:\WinAVR-20100110\avr\lib\avr6\libm.a(cmpsf2.o)
 .text          0x000006ca        0x0 C:\WinAVR-20100110\avr\lib\avr6\libm.a(divsf3.o)
 .text          0x000006ca        0x0 C:\WinAVR-20100110\avr\lib\avr6\libm.a(divsf3x.o)
 .text          0x000006ca        0x0 C:\WinAVR-20100110\avr\lib\avr6\libm.a(fixsfsi.o)
 .text          0x000006ca        0x0 C:\WinAVR-20100110\avr\lib\avr6\libm.a(fixunssfsi.o)
 .text          0x000006ca        0x0 C:\WinAVR-20100110\avr\lib\avr6\libm.a(floatsisf.o)
 .text          0x000006ca        0x0 C:\WinAVR-20100110\avr\lib\avr6\libm.a(floor.o)
 .text          0x000006ca        0x0 C:\WinAVR-20100110\avr\lib\avr6\libm.a(fp_cmp.o)
 .text          0x000006ca        0x0 C:\WinAVR-20100110\avr\lib\avr6\libm.a(fp_inf.o)
 .text          0x000006ca        0x0 C:\WinAVR-20100110\avr\lib\avr6\libm.a(fp_mintl.o)
 .text          0x000006ca        0x0 C:\WinAVR-20100110\avr\lib\avr6\libm.a(fp_mpack.o)
 .text          0x000006ca        0x0 C:\WinAVR-20100110\avr\lib\avr6\libm.a(fp_nan.o)
 .text          0x000006ca        0x0 C:\WinAVR-20100110\avr\lib\avr6\libm.a(fp_powser.o)
 .text          0x000006ca        0x0 C:\WinAVR-20100110\avr\lib\avr6\libm.a(fp_pscA.o)
 .text          0x000006ca        0x0 C:\WinAVR-20100110\avr\lib\avr6\libm.a(fp_pscB.o)
 .text          0x000006ca        0x0 C:\WinAVR-20100110\avr\lib\avr6\libm.a(fp_round.o)
 .text          0x000006ca        0x0 C:\WinAVR-20100110\avr\lib\avr6\libm.a(fp_split3.o)
 .text          0x000006ca        0x0 C:\WinAVR-20100110\avr\lib\avr6\libm.a(fp_trunc.o)
 .text          0x000006ca        0x0 C:\WinAVR-20100110\avr\lib\avr6\libm.a(fp_zero.o)
 .text          0x000006ca        0x0 C:\WinAVR-20100110\avr\lib\avr6\libm.a(gesf2.o)
 .text          0x000006ca        0x0 C:\WinAVR-20100110\avr\lib\avr6\libm.a(inverse.o)
 .text          0x000006ca        0x0 C:\WinAVR-20100110\avr\lib\avr6\libm.a(lround.o)
 .text          0x000006ca        0x0 C:\WinAVR-20100110\avr\lib\avr6\libm.a(modf.o)
 .text          0x000006ca        0x0 C:\WinAVR-20100110\avr\lib\avr6\libm.a(mulsf3.o)
 .text          0x000006ca        0x0 C:\WinAVR-20100110\avr\lib\avr6\libm.a(mulsf3x.o)
 .text          0x000006ca        0x0 C:\WinAVR-20100110\avr\lib\avr6\libm.a(round.o)
 .text          0x000006ca        0x0 C:\WinAVR-20100110\avr\lib\avr6\libm.a(sqrt.o)
 .text          0x000006ca        0x0 C:\WinAVR-20100110\avr\lib\avr6\libm.a(square.o)
 .text          0x000006ca        0x0 C:\WinAVR-20100110\avr\lib\avr6\libm.a(trunc.o)
 .text          0x000006ca        0x0 C:\WinAVR-20100110\avr\lib\avr6\libm.a(fp_norm2.o)
 .text          0x000006ca        0x0 c:/winavr-20100110/bin/../lib/gcc/avr/4.3.3/avr6\libgcc.a(_mulsi3.o)
 .text          0x000006ca        0x0 c:/winavr-20100110/bin/../lib/gcc/avr/4.3.3/avr6\libgcc.a(_divmodhi4.o)
 .text          0x000006ca        0x0 c:/winavr-20100110/bin/../lib/gcc/avr/4.3.3/avr6\libgcc.a(_udivmodsi4.o)
 .text          0x000006ca        0x0 c:/winavr-20100110/bin/../lib/gcc/avr/4.3.3/avr6\libgcc.a(_divmodsi4.o)
 .text          0x000006ca        0x0 c:/winavr-20100110/bin/../lib/gcc/avr/4.3.3/avr6\libgcc.a(_exit.o)
 .text          0x000006ca        0x0 c:/winavr-20100110/bin/../lib/gcc/avr/4.3.3/avr6\libgcc.a(_clear_bss.o)
 .text          0x000006ca        0x0 c:/winavr-20100110/bin/../lib/gcc/avr/4.3.3/avr6\libgcc.a(_udivmodhi4.o)
 .text          0x000006ca        0x0 C:\WinAVR-20100110\avr\lib\avr6\libc.a(rand.o)
 .text          0x000006ca        0x0 C:\WinAVR-20100110\avr\lib\avr6\libc.a(strtod.o)
 .text          0x000006ca        0x0 C:\WinAVR-20100110\avr\lib\avr6\libc.a(isspace.o)
 .text          0x000006ca        0x0 C:\WinAVR-20100110\avr\lib\avr6\libc.a(strncasecmp_P.o)
 .text          0x000006ca        0x0 C:\WinAVR-20100110\avr\lib\avr6\libc.a(errno.o)
 .text          0x000006ca        0x0 C:\WinAVR-20100110\avr\lib\avr6\libc.a(cty_isfalse.o)
                0x000006ca                . = ALIGN (0x2)
 *(.text.*)
 .text.coolant_init
                0x000006ca        0x4 coolant_control.o
                0x000006ca                coolant_init
 .text.coolant_flood
                0x000006ce        0xc coolant_control.o
                0x000006ce                coolant_flood
 .text.eeprom_get_char
                0x000006da       0x10 eeprom.o
                0x000006da                eeprom_get_char
 .text.eeprom_put_char
                0x000006ea       0x42 eeprom.o
                0x000006ea                eeprom_put_char
 .text.memcpy_to_eeprom_with_checksum
                0x0000072c       0x78 eeprom.o
                0x0000072c                memcpy_to_eeprom_with_checksum
 .text.memcpy_from_eeprom_with_checksum
                0x000007a4       0x7e eeprom.o
                0x000007a4                memcpy_from_eeprom_with_checksum
 .text.select_plane
                0x00000822        0xe gcode.o
                0x00000822                select_plane
 .text.set_feeder_x
                0x00000830       0x12 gcode.o
                0x00000830                set_feeder_x
 .text.set_feeder_y
                0x00000842       0x12 gcode.o
                0x00000842                set_feeder_y
 .text.gotoxy   0x00000854      0x1ae gcode.o
                0x00000854                gotoxy
 .text.read_double
                0x00000a02       0x82 gcode.o
                0x00000a02                read_double
 .text.next_statement
                0x00000a84       0x68 gcode.o
                0x00000a84                next_statement
 .text.gc_init  0x00000aec       0x7c gcode.o
                0x00000aec                gc_init
 .text.gc_execute_line
                0x00000b68      0x9e6 gcode.o
                0x00000b68                gc_execute_line
 .text.theta    0x0000154e       0x8c gcode.o
                0x0000154e                theta
 .text.pb_usbEventHandler
                0x000015da       0x26 main.o
 .text.main     0x00001600       0x7a main.o
                0x00001600                main
 .text.mc_go_home
                0x0000167a        0x6 motion_control.o
                0x0000167a                mc_go_home
 .text.mc_dwell
                0x00001680       0xa8 motion_control.o
                0x00001680                mc_dwell
 .text.factor_for_safe_speed
                0x00001728       0x20 planner.o
                0x00001728                factor_for_safe_speed
 .text.plan_is_acceleration_manager_enabled
                0x00001748        0x8 planner.o
                0x00001748                plan_is_acceleration_manager_enabled
 .text.plan_discard_current_block
                0x00001750       0x32 planner.o
                0x00001750                plan_discard_current_block
 .text.plan_get_current_block
                0x00001782       0x52 planner.o
                0x00001782                plan_get_current_block
 .text.planner_forward_pass_kernel
                0x000017d4      0x10c planner.o
                0x000017d4                planner_forward_pass_kernel
 .text.planner_forward_pass
                0x000018e0       0x9a planner.o
                0x000018e0                planner_forward_pass
 .text.plan_set_current
                0x0000197a      0x106 planner.o
                0x0000197a                plan_set_current
 .text.plan_set_acceleration_manager_enabled
                0x00001a80       0x3a planner.o
                0x00001a80                plan_set_acceleration_manager_enabled
 .text.plan_init
                0x00001aba       0x28 planner.o
                0x00001aba                plan_init
 .text.planner_reverse_pass_kernel
                0x00001ae2      0x284 planner.o
                0x00001ae2                planner_reverse_pass_kernel
 .text.planner_reverse_pass
                0x00001d66       0xa4 planner.o
                0x00001d66                planner_reverse_pass
 .text.calculate_trapezoid_for_block
                0x00001e0a      0x2a0 planner.o
                0x00001e0a                calculate_trapezoid_for_block
 .text.planner_recalculate_trapezoids
                0x000020aa       0xaa planner.o
                0x000020aa                planner_recalculate_trapezoids
 .text.planner_recalculate
                0x00002154        0xe planner.o
                0x00002154                planner_recalculate
 .text.plan_buffer_line
                0x00002162      0x868 planner.o
                0x00002162                plan_buffer_line
 .text.sp_process
                0x000029ca      0x12c serial_protocol.o
                0x000029ca                sp_process
 .text.sp_init  0x00002af6        0xe serial_protocol.o
                0x00002af6                sp_init
 .text.settings_reset
                0x00002b04       0xc8 settings.o
                0x00002b04                settings_reset
 .text.read_settings
                0x00002bcc       0x84 settings.o
                0x00002bcc                read_settings
 .text.write_settings
                0x00002c50       0x1c settings.o
                0x00002c50                write_settings
 .text.settings_store_setting
                0x00002c6c      0x146 settings.o
                0x00002c6c                settings_store_setting
 .text.settings_dump
                0x00002db2      0x1a8 settings.o
                0x00002db2                settings_dump
 .text.settings_init
                0x00002f5a       0x18 settings.o
                0x00002f5a                settings_init
 .text.spindle_init
                0x00002f72       0x10 spindle_control.o
                0x00002f72                spindle_init
 .text.spindle_run
                0x00002f82       0x20 spindle_control.o
                0x00002f82                spindle_run
 .text.spindle_stop
                0x00002fa2        0xc spindle_control.o
                0x00002fa2                spindle_stop
 .text.rotate_head
                0x00002fae       0x22 spindle_control.o
                0x00002fae                rotate_head
 .text.st_wake_up
                0x00002fd0        0xc stepper.o
                0x00002fd0                st_wake_up
 .text.set_busy
                0x00002fdc        0xc stepper.o
                0x00002fdc                set_busy
 .text.get_busy
                0x00002fe8        0xc stepper.o
                0x00002fe8                get_busy
 .text.__vector_15
                0x00002ff4       0x1e stepper.o
                0x00002ff4                __vector_15
 .text.st_enable
                0x00003012        0x4 stepper.o
                0x00003012                st_enable
 .text.st_disable
                0x00003016        0x4 stepper.o
                0x00003016                st_disable
 .text.st_is_enabled
                0x0000301a       0x1e stepper.o
                0x0000301a                st_is_enabled
 .text.config_step_timer
                0x00003038      0x14a stepper.o
                0x00003038                config_step_timer
 .text.set_step_events_per_minute
                0x00003182       0x48 stepper.o
                0x00003182                set_step_events_per_minute
 .text.st_init  0x000031ca       0x80 stepper.o
                0x000031ca                st_init
 .text.moveLeft
                0x0000324a       0x56 stepper.o
                0x0000324a                moveLeft
 .text.moveRight
                0x000032a0       0x58 stepper.o
                0x000032a0                moveRight
 .text.moveForward
                0x000032f8       0x56 stepper.o
                0x000032f8                moveForward
 .text.moveBack
                0x0000334e       0x58 stepper.o
                0x0000334e                moveBack
 .text.head_moving
                0x000033a6        0xe stepper.o
                0x000033a6                head_moving
 .text.limits_init
                0x000033b4       0x52 stepper.o
                0x000033b4                limits_init
 .text.get_limit_bits
                0x00003406       0x20 stepper.o
                0x00003406                get_limit_bits
 .text.st_go_home
                0x00003426       0x3e stepper.o
                0x00003426                st_go_home
 .text.st_synchronize
                0x00003464       0x1a stepper.o
                0x00003464                st_synchronize
 .text.__vector_17
                0x0000347e      0x55e stepper.o
                0x0000347e                __vector_17
 .text.beginSerial
                0x000039dc       0x78 wiring_serial.o
                0x000039dc                beginSerial
 .text.serialWrite
                0x00003a54       0x10 wiring_serial.o
                0x00003a54                serialWrite
 .text.serialAvailable
                0x00003a64       0x22 wiring_serial.o
                0x00003a64                serialAvailable
 .text.serialRead
                0x00003a86       0x40 wiring_serial.o
                0x00003a86                serialRead
 .text.serialFlush
                0x00003ac6       0x12 wiring_serial.o
                0x00003ac6                serialFlush
 .text.printByte
                0x00003ad8       0x10 wiring_serial.o
                0x00003ad8                printByte
 .text.printString
                0x00003ae8       0x1e wiring_serial.o
                0x00003ae8                printString
 .text.printPgmString
                0x00003b06       0x1e wiring_serial.o
                0x00003b06                printPgmString
 .text.printIntegerInBase
                0x00003b24      0x128 wiring_serial.o
                0x00003b24                printIntegerInBase
 .text.printInteger
                0x00003c4c       0x38 wiring_serial.o
                0x00003c4c                printInteger
 .text.printBinary
                0x00003c84        0xe wiring_serial.o
                0x00003c84                printBinary
 .text.printFloat
                0x00003c92       0x86 wiring_serial.o
                0x00003c92                printFloat
 .text.__vector_25
                0x00003d18       0x92 wiring_serial.o
                0x00003d18                __vector_25
 .text.atc_init
                0x00003daa       0x26 atc_control.o
                0x00003daa                atc_init
 .text.has_tool
                0x00003dd0        0x4 atc_control.o
                0x00003dd0                has_tool
 .text.atc_fire
                0x00003dd4      0x14a atc_control.o
                0x00003dd4                atc_fire
 .text.DropTool
                0x00003f1e       0x42 atc_control.o
                0x00003f1e                DropTool
 .text.PickupTool
                0x00003f60       0x4a atc_control.o
                0x00003f60                PickupTool
 .text.atc_change
                0x00003faa       0x40 atc_control.o
                0x00003faa                atc_change
 .text.check_for_tool
                0x00003fea       0x52 atc_control.o
                0x00003fea                check_for_tool
 .text.head_init
                0x0000403c       0x1e head_control.o
                0x0000403c                head_init
 .text.is_head_down
                0x0000405a        0x6 head_control.o
                0x0000405a                is_head_down
 .text.is_rotated
                0x00004060        0xc head_control.o
                0x00004060                is_rotated
 .text.head_down
                0x0000406c       0x7a head_control.o
                0x0000406c                head_down
 .text.panel_init
                0x000040e6       0x80 panel_control.o
                0x000040e6                panel_init
 .text.is_pleft
                0x00004166        0xe panel_control.o
                0x00004166                is_pleft
 .text.is_pright
                0x00004174        0xe panel_control.o
                0x00004174                is_pright
 .text.is_pback
                0x00004182        0xc panel_control.o
                0x00004182                is_pback
 .text.is_pforward
                0x0000418e        0xc panel_control.o
                0x0000418e                is_pforward
 .text.is_phead
                0x0000419a        0xc panel_control.o
                0x0000419a                is_phead
 .text.is_pvac  0x000041a6        0xa panel_control.o
                0x000041a6                is_pvac
 .text.is_pfast
                0x000041b0        0xa panel_control.o
                0x000041b0                is_pfast
 .text.is_phome
                0x000041ba        0xe panel_control.o
                0x000041ba                is_phome
 .text.is_pteach
                0x000041c8        0xc panel_control.o
                0x000041c8                is_pteach
 .text.__vector_32
                0x000041d4       0x14 panel_control.o
                0x000041d4                __vector_32
 .text.process_panel
                0x000041e8       0x66 panel_control.o
                0x000041e8                process_panel
 .text.vacuum_init
                0x0000424e       0x1a vacuum_control.o
                0x0000424e                vacuum_init
 .text.vacuum   0x00004268       0x3e vacuum_control.o
                0x00004268                vacuum
 .text.vacuum_state
                0x000042a6        0xc vacuum_control.o
                0x000042a6                vacuum_state
 .text.run_vacuum_test
                0x000042b2       0x74 vacuum_control.o
                0x000042b2                run_vacuum_test
 .text.goto_vacpad
                0x00004326      0x2a6 vacuum_control.o
                0x00004326                goto_vacpad
 .text.test_mode
                0x000045cc       0xe4 vacuum_control.o
                0x000045cc                test_mode
 .text.vacuum_test
                0x000046b0       0x18 vacuum_control.o
                0x000046b0                vacuum_test
 .text.tape_init
                0x000046c8        0xc tape_knock.o
                0x000046c8                tape_init
 .text.putdown_part
                0x000046d4       0x6c tape_knock.o
                0x000046d4                putdown_part
 .text.tape_knock
                0x00004740       0x5a tape_knock.o
                0x00004740                tape_knock
 .text.pickup_part
                0x0000479a       0x5c tape_knock.o
                0x0000479a                pickup_part
 .text.usb_setEventHandler
                0x000047f6        0xa usb.o
                0x000047f6                usb_setEventHandler
 .text.usb_fireEvent
                0x00004800        0xc usb.o
                0x00004800                usb_fireEvent
 .text.usb_initEndPoint
                0x0000480c        0xe usb.o
                0x0000480c                usb_initEndPoint
 .text.usb_initDevice
                0x0000481a       0x58 usb.o
                0x0000481a                usb_initDevice
 .text.usb_printDeviceInfo
                0x00004872       0x30 usb.o
                0x00004872                usb_printDeviceInfo
 .text.max3421e_write
                0x000048a2       0x18 max3421e.o
                0x000048a2                max3421e_write
 .text.max3421e_writeMultiple
                0x000048ba       0x38 max3421e.o
                0x000048ba                max3421e_writeMultiple
 .text.max3421e_read
                0x000048f2       0x18 max3421e.o
                0x000048f2                max3421e_read
 .text.max3421e_readMultiple
                0x0000490a       0x36 max3421e.o
                0x0000490a                max3421e_readMultiple
 .text.max3421e_getVbusState
                0x00004940        0x6 max3421e.o
                0x00004940                max3421e_getVbusState
 .text.max3421e_busprobe
                0x00004946       0x62 max3421e.o
                0x00004946                max3421e_busprobe
 .text.max3421e_interruptHandler
                0x000049a8       0x2a max3421e.o
                0x000049a8                max3421e_interruptHandler
 .text.max3421e_gpxInterruptHandler
                0x000049d2        0x8 max3421e.o
                0x000049d2                max3421e_gpxInterruptHandler
 .text.max3421e_poll
                0x000049da       0x26 max3421e.o
                0x000049da                max3421e_poll
 .text.max3421e_reset
                0x00004a00       0x3c max3421e.o
                0x00004a00                max3421e_reset
 .text.max3421e_powerOn
                0x00004a3c       0x52 max3421e.o
                0x00004a3c                max3421e_powerOn
 .text.max3421e_init
                0x00004a8e       0x24 max3421e.o
                0x00004a8e                max3421e_init
 .text.spi_begin
                0x00004ab2       0x1e SPI.o
                0x00004ab2                spi_begin
 .text.__vector_23
                0x00004ad0       0x90 timers.o
                0x00004ad0                __vector_23
 .text.avr_millis
                0x00004b60       0x1e timers.o
                0x00004b60                avr_millis
 .text.avr_ticks
                0x00004b7e       0x80 timers.o
                0x00004b7e                avr_ticks
 .text.avr_delay
                0x00004bfe       0x58 timers.o
                0x00004bfe                avr_delay
 .text.avr_micros
                0x00004c56       0x40 timers.o
                0x00004c56                avr_micros
 .text.__vector_20
                0x00004c96       0x2e timers.o
                0x00004c96                __vector_20
 .text.avr_timer1Init
                0x00004cc4       0x1c timers.o
                0x00004cc4                avr_timer1Init
 .text.setup_timer
                0x00004ce0       0x1e timers.o
                0x00004ce0                setup_timer
 .text.usb_getUsbTaskState
                0x00004cfe        0x6 max3421e_usb.o
                0x00004cfe                usb_getUsbTaskState
 .text.usb_setUsbTaskState
                0x00004d04        0x6 max3421e_usb.o
                0x00004d04                usb_setUsbTaskState
 .text.usb_getDevice
                0x00004d0a       0x1e max3421e_usb.o
                0x00004d0a                usb_getDevice
 .text.usb_write
                0x00004d28      0x1b2 max3421e_usb.o
                0x00004d28                usb_write
 .text.usb_bulkWrite
                0x00004eda       0x12 max3421e_usb.o
                0x00004eda                usb_bulkWrite
 .text.usb_dispatchPacket
                0x00004eec       0xf2 max3421e_usb.o
                0x00004eec                usb_dispatchPacket
 .text.usb_read
                0x00004fde       0xd4 max3421e_usb.o
                0x00004fde                usb_read
 .text.usb_ctrlData
                0x000050b2       0x36 max3421e_usb.o
                0x000050b2                usb_ctrlData
 .text.usb_controlRequest
                0x000050e8       0xf8 max3421e_usb.o
                0x000050e8                usb_controlRequest
 .text.usb_setConfiguration
                0x000051e0       0x36 max3421e_usb.o
                0x000051e0                usb_setConfiguration
 .text.usb_setAddress
                0x00005216       0x36 max3421e_usb.o
                0x00005216                usb_setAddress
 .text.usb_getConfigurationDescriptor
                0x0000524c       0xa6 max3421e_usb.o
                0x0000524c                usb_getConfigurationDescriptor
 .text.usb_getDeviceDescriptor
                0x000052f2       0x36 max3421e_usb.o
                0x000052f2                usb_getDeviceDescriptor
 .text.usb_getString
                0x00005328      0x10a max3421e_usb.o
                0x00005328                usb_getString
 .text.usb_bulkRead
                0x00005432       0x34 max3421e_usb.o
                0x00005432                usb_bulkRead
 .text.usb_init
                0x00005466       0x2a max3421e_usb.o
                0x00005466                usb_init
 .text.usb_poll
                0x00005490      0x220 max3421e_usb.o
                0x00005490                usb_poll
 .text.avr-libc.fplib
                0x000056b0        0xa C:\WinAVR-20100110\avr\lib\avr6\libm.a(addsf3.o)
                0x000056b0                __subsf3
                0x000056b2                __addsf3
 .text.avr-libc.fplib
                0x000056ba       0xc0 C:\WinAVR-20100110\avr\lib\avr6\libm.a(addsf3x.o)
                0x000056d4                __addsf3x
 .text.avr-libc.fplib
                0x0000577a       0x50 C:\WinAVR-20100110\avr\lib\avr6\libm.a(atan.o)
                0x0000577a                atan
 .text.avr-libc.fplib
                0x000057ca       0x26 C:\WinAVR-20100110\avr\lib\avr6\libm.a(ceil.o)
                0x000057ca                ceil
 .text.avr-libc.fplib
                0x000057f0        0x8 C:\WinAVR-20100110\avr\lib\avr6\libm.a(cmpsf2.o)
                0x000057f0                __lesf2
                0x000057f0                __nesf2
                0x000057f0                __eqsf2
                0x000057f0                __cmpsf2
                0x000057f0                __ltsf2
 .text.avr-libc.fplib
                0x000057f8        0x4 C:\WinAVR-20100110\avr\lib\avr6\libm.a(divsf3.o)
                0x000057f8                __divsf3
 .text.avr-libc.fplib
                0x000057fc       0xcc C:\WinAVR-20100110\avr\lib\avr6\libm.a(divsf3x.o)
                0x00005812                __divsf3x
                0x00005816                __divsf3_pse
 .text.avr-libc.fplib
                0x000058c8        0xa C:\WinAVR-20100110\avr\lib\avr6\libm.a(fixsfsi.o)
                0x000058c8                __fixsfsi
 .text.avr-libc.fplib
                0x000058d2       0x58 C:\WinAVR-20100110\avr\lib\avr6\libm.a(fixunssfsi.o)
                0x000058d2                __fixunssfsi
 .text.avr-libc.fplib
                0x0000592a       0x7a C:\WinAVR-20100110\avr\lib\avr6\libm.a(floatsisf.o)
                0x0000592e                __floatsisf
                0x0000592a                __floatunsisf
 .text.avr-libc.fplib
                0x000059a4       0x26 C:\WinAVR-20100110\avr\lib\avr6\libm.a(floor.o)
                0x000059a4                floor
 .text.avr-libc.fplib
                0x000059ca       0x48 C:\WinAVR-20100110\avr\lib\avr6\libm.a(fp_cmp.o)
                0x000059ca                __fp_cmp
 .text.avr-libc.fplib
                0x00005a12        0xc C:\WinAVR-20100110\avr\lib\avr6\libm.a(fp_inf.o)
                0x00005a12                __fp_inf
 .text.avr-libc.fplib
                0x00005a1e       0x36 C:\WinAVR-20100110\avr\lib\avr6\libm.a(fp_mintl.o)
                0x00005a1e                __fp_mintl
 .text.avr-libc.fplib
                0x00005a54       0x1c C:\WinAVR-20100110\avr\lib\avr6\libm.a(fp_mpack.o)
                0x00005a58                __fp_mpack_finite
                0x00005a54                __fp_mpack
 .text.avr-libc.fplib
                0x00005a70        0x6 C:\WinAVR-20100110\avr\lib\avr6\libm.a(fp_nan.o)
                0x00005a70                __fp_nan
 .text.avr-libc.fplib
                0x00005a76       0x4a C:\WinAVR-20100110\avr\lib\avr6\libm.a(fp_powser.o)
                0x00005a76                __fp_powser
 .text.avr-libc.fplib
                0x00005ac0        0xe C:\WinAVR-20100110\avr\lib\avr6\libm.a(fp_pscA.o)
                0x00005ac0                __fp_pscA
 .text.avr-libc.fplib
                0x00005ace        0xe C:\WinAVR-20100110\avr\lib\avr6\libm.a(fp_pscB.o)
                0x00005ace                __fp_pscB
 .text.avr-libc.fplib
                0x00005adc       0x22 C:\WinAVR-20100110\avr\lib\avr6\libm.a(fp_round.o)
                0x00005adc                __fp_round
 .text.avr-libc.fplib
                0x00005afe       0x44 C:\WinAVR-20100110\avr\lib\avr6\libm.a(fp_split3.o)
                0x00005afe                __fp_split3
                0x00005b0e                __fp_splitA
 .text.avr-libc.fplib
                0x00005b42       0x2e C:\WinAVR-20100110\avr\lib\avr6\libm.a(fp_trunc.o)
                0x00005b42                __fp_trunc
 .text.avr-libc.fplib
                0x00005b70        0xe C:\WinAVR-20100110\avr\lib\avr6\libm.a(fp_zero.o)
                0x00005b70                __fp_zero
                0x00005b72                __fp_szero
 .text.avr-libc.fplib
                0x00005b7e        0x8 C:\WinAVR-20100110\avr\lib\avr6\libm.a(gesf2.o)
                0x00005b7e                __gtsf2
                0x00005b7e                __gesf2
 .text.avr-libc.fplib
                0x00005b86        0xe C:\WinAVR-20100110\avr\lib\avr6\libm.a(inverse.o)
                0x00005b86                inverse
 .text.avr-libc.fplib
                0x00005b94       0x60 C:\WinAVR-20100110\avr\lib\avr6\libm.a(lround.o)
                0x00005b94                lround
 .text.avr-libc.fplib
                0x00005bf4       0x66 C:\WinAVR-20100110\avr\lib\avr6\libm.a(modf.o)
                0x00005bf4                modff
                0x00005bf4                modf
 .text.avr-libc.fplib
                0x00005c5a        0x4 C:\WinAVR-20100110\avr\lib\avr6\libm.a(mulsf3.o)
                0x00005c5a                __mulsf3
 .text.avr-libc.fplib
                0x00005c5e       0xc2 C:\WinAVR-20100110\avr\lib\avr6\libm.a(mulsf3x.o)
                0x00005c76                __mulsf3_pse
                0x00005c72                __mulsf3x
 .text.avr-libc.fplib
                0x00005d20       0x40 C:\WinAVR-20100110\avr\lib\avr6\libm.a(round.o)
                0x00005d20                round
 .text.avr-libc.fplib
                0x00005d60       0x84 C:\WinAVR-20100110\avr\lib\avr6\libm.a(sqrt.o)
                0x00005d68                sqrt
 .text.avr-libc.fplib
                0x00005de4        0x6 C:\WinAVR-20100110\avr\lib\avr6\libm.a(square.o)
                0x00005de4                square
 .text.avr-libc.fplib
                0x00005dea        0xe C:\WinAVR-20100110\avr\lib\avr6\libm.a(trunc.o)
                0x00005dea                trunc
 .text.avr-libc.fplib
                0x00005df8        0xe C:\WinAVR-20100110\avr\lib\avr6\libm.a(fp_norm2.o)
                0x00005df8                __fp_norm2
 .text.libgcc   0x00005e06       0x3e c:/winavr-20100110/bin/../lib/gcc/avr/4.3.3/avr6\libgcc.a(_mulsi3.o)
                0x00005e06                __mulsi3
 .text.libgcc   0x00005e44       0x26 c:/winavr-20100110/bin/../lib/gcc/avr/4.3.3/avr6\libgcc.a(_divmodhi4.o)
                0x00005e44                __divmodhi4
                0x00005e44                _div
 .text.libgcc   0x00005e6a       0x44 c:/winavr-20100110/bin/../lib/gcc/avr/4.3.3/avr6\libgcc.a(_udivmodsi4.o)
                0x00005e6a                __udivmodsi4
 .text.libgcc   0x00005eae       0x36 c:/winavr-20100110/bin/../lib/gcc/avr/4.3.3/avr6\libgcc.a(_divmodsi4.o)
                0x00005eae                __divmodsi4
 .text.libgcc   0x00005ee4        0x0 c:/winavr-20100110/bin/../lib/gcc/avr/4.3.3/avr6\libgcc.a(_exit.o)
 .text.libgcc   0x00005ee4        0x0 c:/winavr-20100110/bin/../lib/gcc/avr/4.3.3/avr6\libgcc.a(_clear_bss.o)
 .text.libgcc   0x00005ee4       0x28 c:/winavr-20100110/bin/../lib/gcc/avr/4.3.3/avr6\libgcc.a(_udivmodhi4.o)
                0x00005ee4                __udivmodhi4
 .text.avr-libc
                0x00005f0c       0xd6 C:\WinAVR-20100110\avr\lib\avr6\libc.a(rand.o)
                0x00005fbc                rand_r
                0x00005fc2                rand
                0x00005fcc                srand
 .text.avr-libc
                0x00005fe2      0x2dc C:\WinAVR-20100110\avr\lib\avr6\libc.a(strtod.o)
                0x00005fe2                strtod
 .text.avr-libc
                0x000062be       0x10 C:\WinAVR-20100110\avr\lib\avr6\libc.a(isspace.o)
                0x000062be                isspace
 .text.avr-libc
                0x000062ce       0x30 C:\WinAVR-20100110\avr\lib\avr6\libc.a(strncasecmp_P.o)
                0x000062ce                strncasecmp_P
 .text.avr-libc
                0x000062fe        0x6 C:\WinAVR-20100110\avr\lib\avr6\libc.a(cty_isfalse.o)
                0x00006302                __ctype_istrue
                0x000062fe                __ctype_isfalse
                0x00006304                . = ALIGN (0x2)
 *(.fini9)
 .fini9         0x00006304        0x0 c:/winavr-20100110/bin/../lib/gcc/avr/4.3.3/avr6\libgcc.a(_exit.o)
                0x00006304                exit
                0x00006304                _exit
 *(.fini9)
 *(.fini8)
 *(.fini8)
 *(.fini7)
 *(.fini7)
 *(.fini6)
 *(.fini6)
 *(.fini5)
 *(.fini5)
 *(.fini4)
 *(.fini4)
 *(.fini3)
 *(.fini3)
 *(.fini2)
 *(.fini2)
 *(.fini1)
 *(.fini1)
 *(.fini0)
 .fini0         0x00006304        0x4 c:/winavr-20100110/bin/../lib/gcc/avr/4.3.3/avr6\libgcc.a(_exit.o)
 *(.fini0)
                0x00006308                _etext = .

.data           0x00800200        0x6 load address 0x00006308
                0x00800200                PROVIDE (__data_start, .)
 *(.data)
 .data          0x00800200        0x0 c:/winavr-20100110/bin/../lib/gcc/avr/4.3.3/../../../../avr/lib/avr6/crtm2560.o
 .data          0x00800200        0x0 coolant_control.o
 .data          0x00800200        0x0 eeprom.o
 .data          0x00800200        0x0 gcode.o
 .data          0x00800200        0x0 main.o
 .data          0x00800200        0x0 motion_control.o
 .data          0x00800200        0x0 planner.o
 .data          0x00800200        0x0 serial_protocol.o
 .data          0x00800200        0x0 settings.o
 .data          0x00800200        0x0 spindle_control.o
 .data          0x00800200        0x0 stepper.o
 .data          0x00800200        0x0 wiring_serial.o
 .data          0x00800200        0x0 atc_control.o
 .data          0x00800200        0x0 head_control.o
 .data          0x00800200        0x0 panel_control.o
 .data          0x00800200        0x0 vacuum_control.o
 .data          0x00800200        0x0 tape_knock.o
 .data          0x00800200        0x0 usb.o
 .data          0x00800200        0x0 max3421e.o
 .data          0x00800200        0x0 SPI.o
 .data          0x00800200        0x0 timers.o
 .data          0x00800200        0x1 max3421e_usb.o
 .data          0x00800201        0x0 C:\WinAVR-20100110\avr\lib\avr6\libm.a(addsf3.o)
 .data          0x00800201        0x0 C:\WinAVR-20100110\avr\lib\avr6\libm.a(addsf3x.o)
 .data          0x00800201        0x0 C:\WinAVR-20100110\avr\lib\avr6\libm.a(atan.o)
 .data          0x00800201        0x0 C:\WinAVR-20100110\avr\lib\avr6\libm.a(ceil.o)
 .data          0x00800201        0x0 C:\WinAVR-20100110\avr\lib\avr6\libm.a(cmpsf2.o)
 .data          0x00800201        0x0 C:\WinAVR-20100110\avr\lib\avr6\libm.a(divsf3.o)
 .data          0x00800201        0x0 C:\WinAVR-20100110\avr\lib\avr6\libm.a(divsf3x.o)
 .data          0x00800201        0x0 C:\WinAVR-20100110\avr\lib\avr6\libm.a(fixsfsi.o)
 .data          0x00800201        0x0 C:\WinAVR-20100110\avr\lib\avr6\libm.a(fixunssfsi.o)
 .data          0x00800201        0x0 C:\WinAVR-20100110\avr\lib\avr6\libm.a(floatsisf.o)
 .data          0x00800201        0x0 C:\WinAVR-20100110\avr\lib\avr6\libm.a(floor.o)
 .data          0x00800201        0x0 C:\WinAVR-20100110\avr\lib\avr6\libm.a(fp_cmp.o)
 .data          0x00800201        0x0 C:\WinAVR-20100110\avr\lib\avr6\libm.a(fp_inf.o)
 .data          0x00800201        0x0 C:\WinAVR-20100110\avr\lib\avr6\libm.a(fp_mintl.o)
 .data          0x00800201        0x0 C:\WinAVR-20100110\avr\lib\avr6\libm.a(fp_mpack.o)
 .data          0x00800201        0x0 C:\WinAVR-20100110\avr\lib\avr6\libm.a(fp_nan.o)
 .data          0x00800201        0x0 C:\WinAVR-20100110\avr\lib\avr6\libm.a(fp_powser.o)
 .data          0x00800201        0x0 C:\WinAVR-20100110\avr\lib\avr6\libm.a(fp_pscA.o)
 .data          0x00800201        0x0 C:\WinAVR-20100110\avr\lib\avr6\libm.a(fp_pscB.o)
 .data          0x00800201        0x0 C:\WinAVR-20100110\avr\lib\avr6\libm.a(fp_round.o)
 .data          0x00800201        0x0 C:\WinAVR-20100110\avr\lib\avr6\libm.a(fp_split3.o)
 .data          0x00800201        0x0 C:\WinAVR-20100110\avr\lib\avr6\libm.a(fp_trunc.o)
 .data          0x00800201        0x0 C:\WinAVR-20100110\avr\lib\avr6\libm.a(fp_zero.o)
 .data          0x00800201        0x0 C:\WinAVR-20100110\avr\lib\avr6\libm.a(gesf2.o)
 .data          0x00800201        0x0 C:\WinAVR-20100110\avr\lib\avr6\libm.a(inverse.o)
 .data          0x00800201        0x0 C:\WinAVR-20100110\avr\lib\avr6\libm.a(lround.o)
 .data          0x00800201        0x0 C:\WinAVR-20100110\avr\lib\avr6\libm.a(modf.o)
 .data          0x00800201        0x0 C:\WinAVR-20100110\avr\lib\avr6\libm.a(mulsf3.o)
 .data          0x00800201        0x0 C:\WinAVR-20100110\avr\lib\avr6\libm.a(mulsf3x.o)
 .data          0x00800201        0x0 C:\WinAVR-20100110\avr\lib\avr6\libm.a(round.o)
 .data          0x00800201        0x0 C:\WinAVR-20100110\avr\lib\avr6\libm.a(sqrt.o)
 .data          0x00800201        0x0 C:\WinAVR-20100110\avr\lib\avr6\libm.a(square.o)
 .data          0x00800201        0x0 C:\WinAVR-20100110\avr\lib\avr6\libm.a(trunc.o)
 .data          0x00800201        0x0 C:\WinAVR-20100110\avr\lib\avr6\libm.a(fp_norm2.o)
 .data          0x00800201        0x0 c:/winavr-20100110/bin/../lib/gcc/avr/4.3.3/avr6\libgcc.a(_mulsi3.o)
 .data          0x00800201        0x0 c:/winavr-20100110/bin/../lib/gcc/avr/4.3.3/avr6\libgcc.a(_divmodhi4.o)
 .data          0x00800201        0x0 c:/winavr-20100110/bin/../lib/gcc/avr/4.3.3/avr6\libgcc.a(_udivmodsi4.o)
 .data          0x00800201        0x0 c:/winavr-20100110/bin/../lib/gcc/avr/4.3.3/avr6\libgcc.a(_divmodsi4.o)
 .data          0x00800201        0x0 c:/winavr-20100110/bin/../lib/gcc/avr/4.3.3/avr6\libgcc.a(_exit.o)
 .data          0x00800201        0x0 c:/winavr-20100110/bin/../lib/gcc/avr/4.3.3/avr6\libgcc.a(_clear_bss.o)
 .data          0x00800201        0x0 c:/winavr-20100110/bin/../lib/gcc/avr/4.3.3/avr6\libgcc.a(_udivmodhi4.o)
 .data          0x00800201        0x4 C:\WinAVR-20100110\avr\lib\avr6\libc.a(rand.o)
 .data          0x00800205        0x0 C:\WinAVR-20100110\avr\lib\avr6\libc.a(strtod.o)
 .data          0x00800205        0x0 C:\WinAVR-20100110\avr\lib\avr6\libc.a(isspace.o)
 .data          0x00800205        0x0 C:\WinAVR-20100110\avr\lib\avr6\libc.a(strncasecmp_P.o)
 .data          0x00800205        0x0 C:\WinAVR-20100110\avr\lib\avr6\libc.a(errno.o)
 .data          0x00800205        0x0 C:\WinAVR-20100110\avr\lib\avr6\libc.a(cty_isfalse.o)
 *(.data*)
 *(.rodata)
 *(.rodata*)
 *(.gnu.linkonce.d*)
                0x00800206                . = ALIGN (0x2)
 *fill*         0x00800205        0x1 00
                0x00800206                _edata = .
                0x00800206                PROVIDE (__data_end, .)

.bss            0x00800206      0x4fb
                0x00800206                PROVIDE (__bss_start, .)
 *(.bss)
 .bss           0x00800206        0x0 c:/winavr-20100110/bin/../lib/gcc/avr/4.3.3/../../../../avr/lib/avr6/crtm2560.o
 .bss           0x00800206        0x0 coolant_control.o
 .bss           0x00800206        0x0 eeprom.o
 .bss           0x00800206       0x2c gcode.o
 .bss           0x00800232        0x0 main.o
 .bss           0x00800232        0x0 motion_control.o
 .bss           0x00800232      0x2ef planner.o
 .bss           0x00800521       0x33 serial_protocol.o
 .bss           0x00800554        0x0 settings.o
 .bss           0x00800554        0x0 spindle_control.o
 .bss           0x00800554       0x27 stepper.o
                0x00800554                ackHost
                0x00800555                gHomed
 .bss           0x0080057b      0x104 wiring_serial.o
                0x0080057b                rx_buffer_head
                0x0080057d                rx_buffer_tail
 .bss           0x0080067f        0x0 atc_control.o
 .bss           0x0080067f        0x1 head_control.o
 .bss           0x00800680        0x2 panel_control.o
 .bss           0x00800682        0x0 vacuum_control.o
 .bss           0x00800682        0x0 tape_knock.o
 .bss           0x00800682        0x2 usb.o
 .bss           0x00800684        0x1 max3421e.o
 .bss           0x00800685        0x0 SPI.o
 .bss           0x00800685        0xb timers.o
                0x00800685                timer0_overflow_count
                0x00800689                timer0_millis
                0x0080068d                timer1_overflow_count
 .bss           0x00800690        0x5 max3421e_usb.o
 .bss           0x00800695        0x0 C:\WinAVR-20100110\avr\lib\avr6\libm.a(addsf3.o)
 .bss           0x00800695        0x0 C:\WinAVR-20100110\avr\lib\avr6\libm.a(addsf3x.o)
 .bss           0x00800695        0x0 C:\WinAVR-20100110\avr\lib\avr6\libm.a(atan.o)
 .bss           0x00800695        0x0 C:\WinAVR-20100110\avr\lib\avr6\libm.a(ceil.o)
 .bss           0x00800695        0x0 C:\WinAVR-20100110\avr\lib\avr6\libm.a(cmpsf2.o)
 .bss           0x00800695        0x0 C:\WinAVR-20100110\avr\lib\avr6\libm.a(divsf3.o)
 .bss           0x00800695        0x0 C:\WinAVR-20100110\avr\lib\avr6\libm.a(divsf3x.o)
 .bss           0x00800695        0x0 C:\WinAVR-20100110\avr\lib\avr6\libm.a(fixsfsi.o)
 .bss           0x00800695        0x0 C:\WinAVR-20100110\avr\lib\avr6\libm.a(fixunssfsi.o)
 .bss           0x00800695        0x0 C:\WinAVR-20100110\avr\lib\avr6\libm.a(floatsisf.o)
 .bss           0x00800695        0x0 C:\WinAVR-20100110\avr\lib\avr6\libm.a(floor.o)
 .bss           0x00800695        0x0 C:\WinAVR-20100110\avr\lib\avr6\libm.a(fp_cmp.o)
 .bss           0x00800695        0x0 C:\WinAVR-20100110\avr\lib\avr6\libm.a(fp_inf.o)
 .bss           0x00800695        0x0 C:\WinAVR-20100110\avr\lib\avr6\libm.a(fp_mintl.o)
 .bss           0x00800695        0x0 C:\WinAVR-20100110\avr\lib\avr6\libm.a(fp_mpack.o)
 .bss           0x00800695        0x0 C:\WinAVR-20100110\avr\lib\avr6\libm.a(fp_nan.o)
 .bss           0x00800695        0x0 C:\WinAVR-20100110\avr\lib\avr6\libm.a(fp_powser.o)
 .bss           0x00800695        0x0 C:\WinAVR-20100110\avr\lib\avr6\libm.a(fp_pscA.o)
 .bss           0x00800695        0x0 C:\WinAVR-20100110\avr\lib\avr6\libm.a(fp_pscB.o)
 .bss           0x00800695        0x0 C:\WinAVR-20100110\avr\lib\avr6\libm.a(fp_round.o)
 .bss           0x00800695        0x0 C:\WinAVR-20100110\avr\lib\avr6\libm.a(fp_split3.o)
 .bss           0x00800695        0x0 C:\WinAVR-20100110\avr\lib\avr6\libm.a(fp_trunc.o)
 .bss           0x00800695        0x0 C:\WinAVR-20100110\avr\lib\avr6\libm.a(fp_zero.o)
 .bss           0x00800695        0x0 C:\WinAVR-20100110\avr\lib\avr6\libm.a(gesf2.o)
 .bss           0x00800695        0x0 C:\WinAVR-20100110\avr\lib\avr6\libm.a(inverse.o)
 .bss           0x00800695        0x0 C:\WinAVR-20100110\avr\lib\avr6\libm.a(lround.o)
 .bss           0x00800695        0x0 C:\WinAVR-20100110\avr\lib\avr6\libm.a(modf.o)
 .bss           0x00800695        0x0 C:\WinAVR-20100110\avr\lib\avr6\libm.a(mulsf3.o)
 .bss           0x00800695        0x0 C:\WinAVR-20100110\avr\lib\avr6\libm.a(mulsf3x.o)
 .bss           0x00800695        0x0 C:\WinAVR-20100110\avr\lib\avr6\libm.a(round.o)
 .bss           0x00800695        0x0 C:\WinAVR-20100110\avr\lib\avr6\libm.a(sqrt.o)
 .bss           0x00800695        0x0 C:\WinAVR-20100110\avr\lib\avr6\libm.a(square.o)
 .bss           0x00800695        0x0 C:\WinAVR-20100110\avr\lib\avr6\libm.a(trunc.o)
 .bss           0x00800695        0x0 C:\WinAVR-20100110\avr\lib\avr6\libm.a(fp_norm2.o)
 .bss           0x00800695        0x0 c:/winavr-20100110/bin/../lib/gcc/avr/4.3.3/avr6\libgcc.a(_mulsi3.o)
 .bss           0x00800695        0x0 c:/winavr-20100110/bin/../lib/gcc/avr/4.3.3/avr6\libgcc.a(_divmodhi4.o)
 .bss           0x00800695        0x0 c:/winavr-20100110/bin/../lib/gcc/avr/4.3.3/avr6\libgcc.a(_udivmodsi4.o)
 .bss           0x00800695        0x0 c:/winavr-20100110/bin/../lib/gcc/avr/4.3.3/avr6\libgcc.a(_divmodsi4.o)
 .bss           0x00800695        0x0 c:/winavr-20100110/bin/../lib/gcc/avr/4.3.3/avr6\libgcc.a(_exit.o)
 .bss           0x00800695        0x0 c:/winavr-20100110/bin/../lib/gcc/avr/4.3.3/avr6\libgcc.a(_clear_bss.o)
 .bss           0x00800695        0x0 c:/winavr-20100110/bin/../lib/gcc/avr/4.3.3/avr6\libgcc.a(_udivmodhi4.o)
 .bss           0x00800695        0x0 C:\WinAVR-20100110\avr\lib\avr6\libc.a(rand.o)
 .bss           0x00800695        0x0 C:\WinAVR-20100110\avr\lib\avr6\libc.a(strtod.o)
 .bss           0x00800695        0x0 C:\WinAVR-20100110\avr\lib\avr6\libc.a(isspace.o)
 .bss           0x00800695        0x0 C:\WinAVR-20100110\avr\lib\avr6\libc.a(strncasecmp_P.o)
 .bss           0x00800695        0x0 C:\WinAVR-20100110\avr\lib\avr6\libc.a(errno.o)
 .bss           0x00800695        0x0 C:\WinAVR-20100110\avr\lib\avr6\libc.a(cty_isfalse.o)
 *(.bss*)
 *(COMMON)
 COMMON         0x00800695       0x26 settings.o
                0x00800695                settings
 COMMON         0x008006bb        0x1 stepper.o
                0x008006bb                dir_bits
 COMMON         0x008006bc        0x1 usb.o
                0x008006bc                max_registers
 COMMON         0x008006bd       0x42 max3421e_usb.o
                0x008006bd                deviceTable
 COMMON         0x008006ff        0x2 C:\WinAVR-20100110\avr\lib\avr6\libc.a(errno.o)
                0x008006ff                errno
                0x00800701                PROVIDE (__bss_end, .)
                0x00006308                __data_load_start = LOADADDR (.data)
                0x0000630e                __data_load_end = (__data_load_start + SIZEOF (.data))

.noinit         0x00800701        0x0
                0x00800701                PROVIDE (__noinit_start, .)
 *(.noinit*)
                0x00800701                PROVIDE (__noinit_end, .)
                0x00800701                _end = .
                0x00800701                PROVIDE (__heap_start, .)

.eeprom         0x00810000        0x0
 *(.eeprom*)
                0x00810000                __eeprom_end = .

.fuse
 *(.fuse)
 *(.lfuse)
 *(.hfuse)
 *(.efuse)

.lock
 *(.lock*)

.signature
 *(.signature*)

.stab
 *(.stab)

.stabstr
 *(.stabstr)

.stab.excl
 *(.stab.excl)

.stab.exclstr
 *(.stab.exclstr)

.stab.index
 *(.stab.index)

.stab.indexstr
 *(.stab.indexstr)

.comment
 *(.comment)

.debug
 *(.debug)

.line
 *(.line)

.debug_srcinfo
 *(.debug_srcinfo)

.debug_sfnames
 *(.debug_sfnames)

.debug_aranges  0x00000000      0x6d8
 *(.debug_aranges)
 .debug_aranges
                0x00000000       0x28 coolant_control.o
 .debug_aranges
                0x00000028       0x38 eeprom.o
 .debug_aranges
                0x00000060       0x60 gcode.o
 .debug_aranges
                0x000000c0       0x28 main.o
 .debug_aranges
                0x000000e8       0x28 motion_control.o
 .debug_aranges
                0x00000110       0x90 planner.o
 .debug_aranges
                0x000001a0       0x28 serial_protocol.o
 .debug_aranges
                0x000001c8       0x48 settings.o
 .debug_aranges
                0x00000210       0x38 spindle_control.o
 .debug_aranges
                0x00000248       0xb8 stepper.o
 .debug_aranges
                0x00000300       0x80 wiring_serial.o
 .debug_aranges
                0x00000380       0x50 atc_control.o
 .debug_aranges
                0x000003d0       0x38 head_control.o
 .debug_aranges
                0x00000408       0x78 panel_control.o
 .debug_aranges
                0x00000480       0x50 vacuum_control.o
 .debug_aranges
                0x000004d0       0x38 tape_knock.o
 .debug_aranges
                0x00000508       0x40 usb.o
 .debug_aranges
                0x00000548       0x78 max3421e.o
 .debug_aranges
                0x000005c0       0x20 SPI.o
 .debug_aranges
                0x000005e0       0x58 timers.o
 .debug_aranges
                0x00000638       0xa0 max3421e_usb.o

.debug_pubnames
                0x00000000      0xd9a
 *(.debug_pubnames)
 .debug_pubnames
                0x00000000       0x35 coolant_control.o
 .debug_pubnames
                0x00000035       0x82 eeprom.o
 .debug_pubnames
                0x000000b7       0x9d gcode.o
 .debug_pubnames
                0x00000154       0x1b main.o
 .debug_pubnames
                0x0000016f       0x2e motion_control.o
 .debug_pubnames
                0x0000019d      0x1c0 planner.o
 .debug_pubnames
                0x0000035d       0x2d serial_protocol.o
 .debug_pubnames
                0x0000038a       0x96 settings.o
 .debug_pubnames
                0x00000420       0x54 spindle_control.o
 .debug_pubnames
                0x00000474      0x17c stepper.o
 .debug_pubnames
                0x000005f0      0x113 wiring_serial.o
 .debug_pubnames
                0x00000703       0x77 atc_control.o
 .debug_pubnames
                0x0000077a       0x4e head_control.o
 .debug_pubnames
                0x000007c8       0xbc panel_control.o
 .debug_pubnames
                0x00000884       0x80 vacuum_control.o
 .debug_pubnames
                0x00000904       0x50 tape_knock.o
 .debug_pubnames
                0x00000954       0x8e usb.o
 .debug_pubnames
                0x000009e2      0x139 max3421e.o
 .debug_pubnames
                0x00000b1b       0x20 SPI.o
 .debug_pubnames
                0x00000b3b       0xd5 timers.o
 .debug_pubnames
                0x00000c10      0x18a max3421e_usb.o

.debug_info     0x00000000     0x570a
 *(.debug_info)
 .debug_info    0x00000000       0xa5 coolant_control.o
 .debug_info    0x000000a5      0x1da eeprom.o
 .debug_info    0x0000027f      0xa13 gcode.o
 .debug_info    0x00000c92      0x205 main.o
 .debug_info    0x00000e97      0x15e motion_control.o
 .debug_info    0x00000ff5      0x8ef planner.o
 .debug_info    0x000018e4      0x286 serial_protocol.o
 .debug_info    0x00001b6a      0x522 settings.o
 .debug_info    0x0000208c      0x22d spindle_control.o
 .debug_info    0x000022b9      0x92f stepper.o
 .debug_info    0x00002be8      0x469 wiring_serial.o
 .debug_info    0x00003051      0x2da atc_control.o
 .debug_info    0x0000332b      0x1de head_control.o
 .debug_info    0x00003509      0x293 panel_control.o
 .debug_info    0x0000379c      0x721 vacuum_control.o
 .debug_info    0x00003ebd      0x347 tape_knock.o
 .debug_info    0x00004204      0x466 usb.o
 .debug_info    0x0000466a      0x372 max3421e.o
 .debug_info    0x000049dc       0x78 SPI.o
 .debug_info    0x00004a54      0x269 timers.o
 .debug_info    0x00004cbd      0xa4d max3421e_usb.o
 *(.gnu.linkonce.wi.*)

.debug_abbrev   0x00000000     0x1cb1
 *(.debug_abbrev)
 .debug_abbrev  0x00000000       0x6c coolant_control.o
 .debug_abbrev  0x0000006c      0x109 eeprom.o
 .debug_abbrev  0x00000175      0x261 gcode.o
 .debug_abbrev  0x000003d6       0xfa main.o
 .debug_abbrev  0x000004d0       0xfd motion_control.o
 .debug_abbrev  0x000005cd      0x206 planner.o
 .debug_abbrev  0x000007d3       0xfc serial_protocol.o
 .debug_abbrev  0x000008cf      0x10b settings.o
 .debug_abbrev  0x000009da      0x12d spindle_control.o
 .debug_abbrev  0x00000b07      0x30f stepper.o
 .debug_abbrev  0x00000e16      0x1d1 wiring_serial.o
 .debug_abbrev  0x00000fe7      0x16c atc_control.o
 .debug_abbrev  0x00001153      0x15e head_control.o
 .debug_abbrev  0x000012b1       0xee panel_control.o
 .debug_abbrev  0x0000139f      0x1d7 vacuum_control.o
 .debug_abbrev  0x00001576      0x11a tape_knock.o
 .debug_abbrev  0x00001690      0x129 usb.o
 .debug_abbrev  0x000017b9      0x187 max3421e.o
 .debug_abbrev  0x00001940       0x48 SPI.o
 .debug_abbrev  0x00001988      0x159 timers.o
 .debug_abbrev  0x00001ae1      0x1d0 max3421e_usb.o

.debug_line     0x00000000     0x4e3f
 *(.debug_line)
 .debug_line    0x00000000       0xa2 coolant_control.o
 .debug_line    0x000000a2      0x2ad eeprom.o
 .debug_line    0x0000034f      0x895 gcode.o
 .debug_line    0x00000be4      0x19b main.o
 .debug_line    0x00000d7f      0x19d motion_control.o
 .debug_line    0x00000f1c      0x714 planner.o
 .debug_line    0x00001630      0x1db serial_protocol.o
 .debug_line    0x0000180b      0x3f0 settings.o
 .debug_line    0x00001bfb      0x1e9 spindle_control.o
 .debug_line    0x00001de4      0xa81 stepper.o
 .debug_line    0x00002865      0x3cc wiring_serial.o
 .debug_line    0x00002c31      0x40b atc_control.o
 .debug_line    0x0000303c      0x212 head_control.o
 .debug_line    0x0000324e      0x2f0 panel_control.o
 .debug_line    0x0000353e      0x542 vacuum_control.o
 .debug_line    0x00003a80      0x2d1 tape_knock.o
 .debug_line    0x00003d51      0x164 usb.o
 .debug_line    0x00003eb5      0x448 max3421e.o
 .debug_line    0x000042fd       0x94 SPI.o
 .debug_line    0x00004391      0x280 timers.o
 .debug_line    0x00004611      0x82e max3421e_usb.o

.debug_frame    0x00000000      0xb10
 *(.debug_frame)
 .debug_frame   0x00000000       0x30 coolant_control.o
 .debug_frame   0x00000030       0x50 eeprom.o
 .debug_frame   0x00000080       0xa0 gcode.o
 .debug_frame   0x00000120       0x30 main.o
 .debug_frame   0x00000150       0x30 motion_control.o
 .debug_frame   0x00000180      0x100 planner.o
 .debug_frame   0x00000280       0x30 serial_protocol.o
 .debug_frame   0x000002b0       0x70 settings.o
 .debug_frame   0x00000320       0x50 spindle_control.o
 .debug_frame   0x00000370      0x150 stepper.o
 .debug_frame   0x000004c0       0xe0 wiring_serial.o
 .debug_frame   0x000005a0       0x80 atc_control.o
 .debug_frame   0x00000620       0x50 head_control.o
 .debug_frame   0x00000670       0xd0 panel_control.o
 .debug_frame   0x00000740       0x80 vacuum_control.o
 .debug_frame   0x000007c0       0x50 tape_knock.o
 .debug_frame   0x00000810       0x60 usb.o
 .debug_frame   0x00000870       0xd0 max3421e.o
 .debug_frame   0x00000940       0x20 SPI.o
 .debug_frame   0x00000960       0x90 timers.o
 .debug_frame   0x000009f0      0x120 max3421e_usb.o

.debug_str      0x00000000     0x1685
 *(.debug_str)
 .debug_str     0x00000000       0xae coolant_control.o
                                 0xe9 (size before relaxing)
 .debug_str     0x000000ae       0xa7 eeprom.o
                                0x16c (size before relaxing)
 .debug_str     0x00000155      0x283 gcode.o
                                0x39e (size before relaxing)
 .debug_str     0x000003d8       0xf6 main.o
                                0x1c9 (size before relaxing)
 .debug_str     0x000004ce       0x71 motion_control.o
                                0x133 (size before relaxing)
 .debug_str     0x0000053f      0x403 planner.o
                                0x5fd (size before relaxing)
 .debug_str     0x00000942       0x37 serial_protocol.o
                                0x122 (size before relaxing)
 .debug_str     0x00000979       0x7f settings.o
                                0x1d8 (size before relaxing)
 .debug_str     0x000009f8       0x64 spindle_control.o
                                0x17a (size before relaxing)
 .debug_str     0x00000a5c      0x229 stepper.o
                                0x50d (size before relaxing)
 .debug_str     0x00000c85      0x11b wiring_serial.o
                                0x1f1 (size before relaxing)
 .debug_str     0x00000da0       0x61 atc_control.o
                                0x18c (size before relaxing)
 .debug_str     0x00000e01       0x48 head_control.o
                                0x159 (size before relaxing)
 .debug_str     0x00000e49       0x98 panel_control.o
                                0x15c (size before relaxing)
 .debug_str     0x00000ee1       0x62 vacuum_control.o
                                0x19a (size before relaxing)
 .debug_str     0x00000f43       0x4c tape_knock.o
                                0x14d (size before relaxing)
 .debug_str     0x00000f8f      0x285 usb.o
                                0x444 (size before relaxing)
 .debug_str     0x00001214      0x12d max3421e.o
                                0x331 (size before relaxing)
 .debug_str     0x00001341       0x13 SPI.o
                                 0xc5 (size before relaxing)
 .debug_str     0x00001354       0xc1 timers.o
                                0x193 (size before relaxing)
 .debug_str     0x00001415      0x270 max3421e_usb.o
                                0x64a (size before relaxing)

.debug_loc      0x00000000     0x344b
 *(.debug_loc)
 .debug_loc     0x00000000      0x1f7 eeprom.o
 .debug_loc     0x000001f7      0x99a gcode.o
 .debug_loc     0x00000b91       0x46 main.o
 .debug_loc     0x00000bd7       0xbc motion_control.o
 .debug_loc     0x00000c93      0x825 planner.o
 .debug_loc     0x000014b8       0xce serial_protocol.o
 .debug_loc     0x00001586      0x1bf settings.o
 .debug_loc     0x00001745       0x3b spindle_control.o
 .debug_loc     0x00001780      0x2d1 stepper.o
 .debug_loc     0x00001a51      0x2dd wiring_serial.o
 .debug_loc     0x00001d2e      0x140 atc_control.o
 .debug_loc     0x00001e6e       0x78 head_control.o
 .debug_loc     0x00001ee6      0x389 vacuum_control.o
 .debug_loc     0x0000226f      0x138 tape_knock.o
 .debug_loc     0x000023a7       0xab usb.o
 .debug_loc     0x00002452      0x15f max3421e.o
 .debug_loc     0x000025b1       0xca timers.o
 .debug_loc     0x0000267b      0xdd0 max3421e_usb.o

.debug_macinfo
 *(.debug_macinfo)
OUTPUT(grbl.elf elf32-avr)
LOAD linker stubs

.debug_ranges   0x00000000      0xb80
 .debug_ranges  0x00000000       0x20 coolant_control.o
 .debug_ranges  0x00000020       0x60 eeprom.o
 .debug_ranges  0x00000080       0xa0 gcode.o
 .debug_ranges  0x00000120       0x20 main.o
 .debug_ranges  0x00000140       0x50 motion_control.o
 .debug_ranges  0x00000190       0xa0 planner.o
 .debug_ranges  0x00000230       0x40 serial_protocol.o
 .debug_ranges  0x00000270       0x40 settings.o
 .debug_ranges  0x000002b0       0xf0 spindle_control.o
 .debug_ranges  0x000003a0      0x3c8 stepper.o
 .debug_ranges  0x00000768       0xc8 wiring_serial.o
 .debug_ranges  0x00000830       0x48 atc_control.o
 .debug_ranges  0x00000878       0x30 head_control.o
 .debug_ranges  0x000008a8       0x70 panel_control.o
 .debug_ranges  0x00000918       0x90 vacuum_control.o
 .debug_ranges  0x000009a8       0x30 tape_knock.o
 .debug_ranges  0x000009d8       0x38 usb.o
 .debug_ranges  0x00000a10       0x70 max3421e.o
 .debug_ranges  0x00000a80       0x18 SPI.o
 .debug_ranges  0x00000a98       0x50 timers.o
 .debug_ranges  0x00000ae8       0x98 max3421e_usb.o
