Archive member included because of file (symbol)

C:\WinAVR-20100110\avr\lib\avr6\libm.a(addsf3.o)
                              gcode.o (__subsf3)
C:\WinAVR-20100110\avr\lib\avr6\libm.a(addsf3x.o)
                              C:\WinAVR-20100110\avr\lib\avr6\libm.a(addsf3.o) (__addsf3x)
C:\WinAVR-20100110\avr\lib\avr6\libm.a(atan.o)
                              gcode.o (atan)
C:\WinAVR-20100110\avr\lib\avr6\libm.a(ceil.o)
                              planner.o (ceil)
C:\WinAVR-20100110\avr\lib\avr6\libm.a(cmpsf2.o)
                              gcode.o (__eqsf2)
C:\WinAVR-20100110\avr\lib\avr6\libm.a(divsf3.o)
                              gcode.o (__divsf3)
C:\WinAVR-20100110\avr\lib\avr6\libm.a(divsf3x.o)
                              C:\WinAVR-20100110\avr\lib\avr6\libm.a(divsf3.o) (__divsf3x)
C:\WinAVR-20100110\avr\lib\avr6\libm.a(fixsfsi.o)
                              gcode.o (__fixsfsi)
C:\WinAVR-20100110\avr\lib\avr6\libm.a(fixunssfsi.o)
                              gcode.o (__fixunssfsi)
C:\WinAVR-20100110\avr\lib\avr6\libm.a(floatsisf.o)
                              motion_control.o (__floatunsisf)
C:\WinAVR-20100110\avr\lib\avr6\libm.a(floor.o)
                              planner.o (floor)
C:\WinAVR-20100110\avr\lib\avr6\libm.a(fp_cmp.o)
                              C:\WinAVR-20100110\avr\lib\avr6\libm.a(cmpsf2.o) (__fp_cmp)
C:\WinAVR-20100110\avr\lib\avr6\libm.a(fp_inf.o)
                              C:\WinAVR-20100110\avr\lib\avr6\libm.a(addsf3x.o) (__fp_inf)
C:\WinAVR-20100110\avr\lib\avr6\libm.a(fp_mintl.o)
                              C:\WinAVR-20100110\avr\lib\avr6\libm.a(ceil.o) (__fp_mintl)
C:\WinAVR-20100110\avr\lib\avr6\libm.a(fp_mpack.o)
                              C:\WinAVR-20100110\avr\lib\avr6\libm.a(ceil.o) (__fp_mpack)
C:\WinAVR-20100110\avr\lib\avr6\libm.a(fp_nan.o)
                              C:\WinAVR-20100110\avr\lib\avr6\libm.a(addsf3x.o) (__fp_nan)
C:\WinAVR-20100110\avr\lib\avr6\libm.a(fp_powser.o)
                              C:\WinAVR-20100110\avr\lib\avr6\libm.a(atan.o) (__fp_powser)
C:\WinAVR-20100110\avr\lib\avr6\libm.a(fp_pscA.o)
                              C:\WinAVR-20100110\avr\lib\avr6\libm.a(addsf3x.o) (__fp_pscA)
C:\WinAVR-20100110\avr\lib\avr6\libm.a(fp_pscB.o)
                              C:\WinAVR-20100110\avr\lib\avr6\libm.a(addsf3x.o) (__fp_pscB)
C:\WinAVR-20100110\avr\lib\avr6\libm.a(fp_round.o)
                              C:\WinAVR-20100110\avr\lib\avr6\libm.a(addsf3.o) (__fp_round)
C:\WinAVR-20100110\avr\lib\avr6\libm.a(fp_split3.o)
                              C:\WinAVR-20100110\avr\lib\avr6\libm.a(addsf3x.o) (__fp_split3)
C:\WinAVR-20100110\avr\lib\avr6\libm.a(fp_trunc.o)
                              C:\WinAVR-20100110\avr\lib\avr6\libm.a(ceil.o) (__fp_trunc)
C:\WinAVR-20100110\avr\lib\avr6\libm.a(fp_zero.o)
                              C:\WinAVR-20100110\avr\lib\avr6\libm.a(addsf3x.o) (__fp_zero)
C:\WinAVR-20100110\avr\lib\avr6\libm.a(gesf2.o)
                              gcode.o (__gtsf2)
C:\WinAVR-20100110\avr\lib\avr6\libm.a(inverse.o)
                              C:\WinAVR-20100110\avr\lib\avr6\libm.a(atan.o) (inverse)
C:\WinAVR-20100110\avr\lib\avr6\libm.a(lround.o)
                              planner.o (lround)
C:\WinAVR-20100110\avr\lib\avr6\libm.a(modf.o)
                              wiring_serial.o (modf)
C:\WinAVR-20100110\avr\lib\avr6\libm.a(mulsf3.o)
                              gcode.o (__mulsf3)
C:\WinAVR-20100110\avr\lib\avr6\libm.a(mulsf3x.o)
                              C:\WinAVR-20100110\avr\lib\avr6\libm.a(atan.o) (__mulsf3x)
C:\WinAVR-20100110\avr\lib\avr6\libm.a(round.o)
                              settings.o (round)
C:\WinAVR-20100110\avr\lib\avr6\libm.a(sqrt.o)
                              planner.o (sqrt)
C:\WinAVR-20100110\avr\lib\avr6\libm.a(square.o)
                              planner.o (square)
C:\WinAVR-20100110\avr\lib\avr6\libm.a(trunc.o)
                              gcode.o (trunc)
C:\WinAVR-20100110\avr\lib\avr6\libm.a(fp_norm2.o)
                              C:\WinAVR-20100110\avr\lib\avr6\libm.a(sqrt.o) (__fp_norm2)
c:/winavr-20100110/bin/../lib/gcc/avr/4.3.3/avr6\libgcc.a(_mulsi3.o)
                              planner.o (__mulsi3)
c:/winavr-20100110/bin/../lib/gcc/avr/4.3.3/avr6\libgcc.a(_divmodhi4.o)
                              planner.o (__divmodhi4)
c:/winavr-20100110/bin/../lib/gcc/avr/4.3.3/avr6\libgcc.a(_udivmodsi4.o)
                              stepper.o (__udivmodsi4)
c:/winavr-20100110/bin/../lib/gcc/avr/4.3.3/avr6\libgcc.a(_divmodsi4.o)
                              wiring_serial.o (__divmodsi4)
c:/winavr-20100110/bin/../lib/gcc/avr/4.3.3/avr6\libgcc.a(_exit.o)
                              c:/winavr-20100110/bin/../lib/gcc/avr/4.3.3/../../../../avr/lib/avr6/crtm2560.o (exit)
c:/winavr-20100110/bin/../lib/gcc/avr/4.3.3/avr6\libgcc.a(_clear_bss.o)
                              gcode.o (__do_clear_bss)
c:/winavr-20100110/bin/../lib/gcc/avr/4.3.3/avr6\libgcc.a(_udivmodhi4.o)
                              c:/winavr-20100110/bin/../lib/gcc/avr/4.3.3/avr6\libgcc.a(_divmodhi4.o) (__udivmodhi4)
C:\WinAVR-20100110\avr\lib\avr6\libc.a(rand.o)
                              vacuum_control.o (rand)
C:\WinAVR-20100110\avr\lib\avr6\libc.a(strtod.o)
                              gcode.o (strtod)
C:\WinAVR-20100110\avr\lib\avr6\libc.a(isspace.o)
                              C:\WinAVR-20100110\avr\lib\avr6\libc.a(strtod.o) (isspace)
C:\WinAVR-20100110\avr\lib\avr6\libc.a(strncasecmp_P.o)
                              C:\WinAVR-20100110\avr\lib\avr6\libc.a(strtod.o) (strncasecmp_P)
C:\WinAVR-20100110\avr\lib\avr6\libc.a(errno.o)
                              C:\WinAVR-20100110\avr\lib\avr6\libc.a(strtod.o) (errno)
C:\WinAVR-20100110\avr\lib\avr6\libc.a(cty_isfalse.o)
                              C:\WinAVR-20100110\avr\lib\avr6\libc.a(isspace.o) (__ctype_isfalse)

Allocating common symbols
Common symbol       size              file

errno               0x2               C:\WinAVR-20100110\avr\lib\avr6\libc.a(errno.o)
settings            0x26              settings.o
dir_bits            0x1               stepper.o
deviceTable         0x42              usb.o

Memory Configuration

Name             Origin             Length             Attributes
text             0x00000000         0x00100000         xr
data             0x00800200         0x0000fe00         rw !x
eeprom           0x00810000         0x00010000         rw !x
fuse             0x00820000         0x00000400         rw !x
lock             0x00830000         0x00000400         rw !x
signature        0x00840000         0x00000400         rw !x
*default*        0x00000000         0xffffffff

Linker script and memory map

Address of section .data set to 0x800200
LOAD c:/winavr-20100110/bin/../lib/gcc/avr/4.3.3/../../../../avr/lib/avr6/crtm2560.o
LOAD coolant_control.o
LOAD eeprom.o
LOAD gcode.o
LOAD main.o
LOAD motion_control.o
LOAD planner.o
LOAD serial_protocol.o
LOAD settings.o
LOAD spindle_control.o
LOAD stepper.o
LOAD wiring_serial.o
LOAD atc_control.o
LOAD head_control.o
LOAD panel_control.o
LOAD vacuum_control.o
LOAD tape_knock.o
LOAD usb.o
LOAD max3421e.o
LOAD SPI.o
LOAD C:\WinAVR-20100110\avr\lib\avr6\libm.a
LOAD c:/winavr-20100110/bin/../lib/gcc/avr/4.3.3/avr6\libgcc.a
LOAD C:\WinAVR-20100110\avr\lib\avr6\libc.a
LOAD c:/winavr-20100110/bin/../lib/gcc/avr/4.3.3/avr6\libgcc.a

.hash
 *(.hash)

.dynsym
 *(.dynsym)

.dynstr
 *(.dynstr)

.gnu.version
 *(.gnu.version)

.gnu.version_d
 *(.gnu.version_d)

.gnu.version_r
 *(.gnu.version_r)

.rel.init
 *(.rel.init)

.rela.init
 *(.rela.init)

.rel.text
 *(.rel.text)
 *(.rel.text.*)
 *(.rel.gnu.linkonce.t*)

.rela.text
 *(.rela.text)
 *(.rela.text.*)
 *(.rela.gnu.linkonce.t*)

.rel.fini
 *(.rel.fini)

.rela.fini
 *(.rela.fini)

.rel.rodata
 *(.rel.rodata)
 *(.rel.rodata.*)
 *(.rel.gnu.linkonce.r*)

.rela.rodata
 *(.rela.rodata)
 *(.rela.rodata.*)
 *(.rela.gnu.linkonce.r*)

.rel.data
 *(.rel.data)
 *(.rel.data.*)
 *(.rel.gnu.linkonce.d*)

.rela.data
 *(.rela.data)
 *(.rela.data.*)
 *(.rela.gnu.linkonce.d*)

.rel.ctors
 *(.rel.ctors)

.rela.ctors
 *(.rela.ctors)

.rel.dtors
 *(.rel.dtors)

.rela.dtors
 *(.rela.dtors)

.rel.got
 *(.rel.got)

.rela.got
 *(.rela.got)

.rel.bss
 *(.rel.bss)

.rela.bss
 *(.rela.bss)

.rel.plt
 *(.rel.plt)

.rela.plt
 *(.rela.plt)

.text           0x00000000     0x635a
 *(.vectors)
 .vectors       0x00000000       0xe4 c:/winavr-20100110/bin/../lib/gcc/avr/4.3.3/../../../../avr/lib/avr6/crtm2560.o
                0x00000000                __vectors
                0x00000000                __vector_default
 *(.vectors)
 *(.progmem.gcc*)
 .progmem.gcc_sw_table
                0x000000e4      0x138 gcode.o
 .progmem.gcc_fplib
                0x0000021c       0x2d C:\WinAVR-20100110\avr\lib\avr6\libm.a(atan.o)
 *(.progmem*)
 .progmem.data  0x00000249       0xe0 gcode.o
 .progmem.data  0x00000329        0x4 main.o
 .progmem.data  0x0000032d       0xac serial_protocol.o
 .progmem.data  0x000003d9      0x1f5 settings.o
 .progmem.data  0x000005ce       0x22 stepper.o
 .progmem.data  0x000005f0       0x12 head_control.o
 .progmem.data  0x00000602        0x9 vacuum_control.o
 .progmem.data  0x0000060b       0x22 max3421e.o
 .progmem.data  0x0000062d       0x3b C:\WinAVR-20100110\avr\lib\avr6\libc.a(strtod.o)
                0x00000668                . = ALIGN (0x2)
                0x00000668                __trampolines_start = .
 *(.trampolines)
 .trampolines   0x00000668        0x0 linker stubs
 *(.trampolines*)
                0x00000668                __trampolines_end = .
 *(.jumptables)
 *(.jumptables*)
 *(.lowtext)
 *(.lowtext*)
                0x00000668                __ctors_start = .
 *(.ctors)
                0x00000668                __ctors_end = .
                0x00000668                __dtors_start = .
 *(.dtors)
                0x00000668                __dtors_end = .
 SORT(*)(.ctors)
 SORT(*)(.dtors)
 *(.init0)
 .init0         0x00000668        0x0 c:/winavr-20100110/bin/../lib/gcc/avr/4.3.3/../../../../avr/lib/avr6/crtm2560.o
                0x00000668                __init
 *(.init0)
 *(.init1)
 *(.init1)
 *(.init2)
 .init2         0x00000668       0x10 c:/winavr-20100110/bin/../lib/gcc/avr/4.3.3/../../../../avr/lib/avr6/crtm2560.o
 *(.init2)
 *(.init3)
 *(.init3)
 *(.init4)
 .init4         0x00000678       0x1a c:/winavr-20100110/bin/../lib/gcc/avr/4.3.3/../../../../avr/lib/avr6/crtm2560.o
                0x00000678                __do_copy_data
 .init4         0x00000692       0x10 c:/winavr-20100110/bin/../lib/gcc/avr/4.3.3/avr6\libgcc.a(_clear_bss.o)
                0x00000692                __do_clear_bss
 *(.init4)
 *(.init5)
 *(.init5)
 *(.init6)
 *(.init6)
 *(.init7)
 *(.init7)
 *(.init8)
 *(.init8)
 *(.init9)
 .init9         0x000006a2        0x8 c:/winavr-20100110/bin/../lib/gcc/avr/4.3.3/../../../../avr/lib/avr6/crtm2560.o
 *(.init9)
 *(.text)
 .text          0x000006aa        0x4 c:/winavr-20100110/bin/../lib/gcc/avr/4.3.3/../../../../avr/lib/avr6/crtm2560.o
                0x000006aa                __vector_38
                0x000006aa                __vector_22
                0x000006aa                __vector_28
                0x000006aa                __vector_1
                0x000006aa                __vector_34
                0x000006aa                __vector_24
                0x000006aa                __vector_12
                0x000006aa                __vector_55
                0x000006aa                __vector_46
                0x000006aa                __bad_interrupt
                0x000006aa                __vector_6
                0x000006aa                __vector_31
                0x000006aa                __vector_35
                0x000006aa                __vector_39
                0x000006aa                __vector_3
                0x000006aa                __vector_23
                0x000006aa                __vector_30
                0x000006aa                __vector_45
                0x000006aa                __vector_11
                0x000006aa                __vector_54
                0x000006aa                __vector_13
                0x000006aa                __vector_19
                0x000006aa                __vector_56
                0x000006aa                __vector_7
                0x000006aa                __vector_49
                0x000006aa                __vector_41
                0x000006aa                __vector_43
                0x000006aa                __vector_27
                0x000006aa                __vector_5
                0x000006aa                __vector_33
                0x000006aa                __vector_47
                0x000006aa                __vector_52
                0x000006aa                __vector_37
                0x000006aa                __vector_4
                0x000006aa                __vector_44
                0x000006aa                __vector_51
                0x000006aa                __vector_9
                0x000006aa                __vector_2
                0x000006aa                __vector_21
                0x000006aa                __vector_36
                0x000006aa                __vector_29
                0x000006aa                __vector_40
                0x000006aa                __vector_8
                0x000006aa                __vector_26
                0x000006aa                __vector_48
                0x000006aa                __vector_14
                0x000006aa                __vector_53
                0x000006aa                __vector_10
                0x000006aa                __vector_50
                0x000006aa                __vector_16
                0x000006aa                __vector_18
                0x000006aa                __vector_20
                0x000006aa                __vector_42
 .text          0x000006ae        0x0 coolant_control.o
 .text          0x000006ae        0x0 eeprom.o
 .text          0x000006ae        0x0 gcode.o
 .text          0x000006ae        0x0 main.o
 .text          0x000006ae        0x0 motion_control.o
 .text          0x000006ae        0x0 planner.o
 .text          0x000006ae        0x0 serial_protocol.o
 .text          0x000006ae        0x0 settings.o
 .text          0x000006ae        0x0 spindle_control.o
 .text          0x000006ae        0x0 stepper.o
 .text          0x000006ae        0x0 wiring_serial.o
 .text          0x000006ae        0x0 atc_control.o
 .text          0x000006ae        0x0 head_control.o
 .text          0x000006ae        0x0 panel_control.o
 .text          0x000006ae        0x0 vacuum_control.o
 .text          0x000006ae        0x0 tape_knock.o
 .text          0x000006ae        0x0 usb.o
 .text          0x000006ae        0x0 max3421e.o
 .text          0x000006ae        0x0 SPI.o
 .text          0x000006ae        0x0 C:\WinAVR-20100110\avr\lib\avr6\libm.a(addsf3.o)
 .text          0x000006ae        0x0 C:\WinAVR-20100110\avr\lib\avr6\libm.a(addsf3x.o)
 .text          0x000006ae        0x0 C:\WinAVR-20100110\avr\lib\avr6\libm.a(atan.o)
 .text          0x000006ae        0x0 C:\WinAVR-20100110\avr\lib\avr6\libm.a(ceil.o)
 .text          0x000006ae        0x0 C:\WinAVR-20100110\avr\lib\avr6\libm.a(cmpsf2.o)
 .text          0x000006ae        0x0 C:\WinAVR-20100110\avr\lib\avr6\libm.a(divsf3.o)
 .text          0x000006ae        0x0 C:\WinAVR-20100110\avr\lib\avr6\libm.a(divsf3x.o)
 .text          0x000006ae        0x0 C:\WinAVR-20100110\avr\lib\avr6\libm.a(fixsfsi.o)
 .text          0x000006ae        0x0 C:\WinAVR-20100110\avr\lib\avr6\libm.a(fixunssfsi.o)
 .text          0x000006ae        0x0 C:\WinAVR-20100110\avr\lib\avr6\libm.a(floatsisf.o)
 .text          0x000006ae        0x0 C:\WinAVR-20100110\avr\lib\avr6\libm.a(floor.o)
 .text          0x000006ae        0x0 C:\WinAVR-20100110\avr\lib\avr6\libm.a(fp_cmp.o)
 .text          0x000006ae        0x0 C:\WinAVR-20100110\avr\lib\avr6\libm.a(fp_inf.o)
 .text          0x000006ae        0x0 C:\WinAVR-20100110\avr\lib\avr6\libm.a(fp_mintl.o)
 .text          0x000006ae        0x0 C:\WinAVR-20100110\avr\lib\avr6\libm.a(fp_mpack.o)
 .text          0x000006ae        0x0 C:\WinAVR-20100110\avr\lib\avr6\libm.a(fp_nan.o)
 .text          0x000006ae        0x0 C:\WinAVR-20100110\avr\lib\avr6\libm.a(fp_powser.o)
 .text          0x000006ae        0x0 C:\WinAVR-20100110\avr\lib\avr6\libm.a(fp_pscA.o)
 .text          0x000006ae        0x0 C:\WinAVR-20100110\avr\lib\avr6\libm.a(fp_pscB.o)
 .text          0x000006ae        0x0 C:\WinAVR-20100110\avr\lib\avr6\libm.a(fp_round.o)
 .text          0x000006ae        0x0 C:\WinAVR-20100110\avr\lib\avr6\libm.a(fp_split3.o)
 .text          0x000006ae        0x0 C:\WinAVR-20100110\avr\lib\avr6\libm.a(fp_trunc.o)
 .text          0x000006ae        0x0 C:\WinAVR-20100110\avr\lib\avr6\libm.a(fp_zero.o)
 .text          0x000006ae        0x0 C:\WinAVR-20100110\avr\lib\avr6\libm.a(gesf2.o)
 .text          0x000006ae        0x0 C:\WinAVR-20100110\avr\lib\avr6\libm.a(inverse.o)
 .text          0x000006ae        0x0 C:\WinAVR-20100110\avr\lib\avr6\libm.a(lround.o)
 .text          0x000006ae        0x0 C:\WinAVR-20100110\avr\lib\avr6\libm.a(modf.o)
 .text          0x000006ae        0x0 C:\WinAVR-20100110\avr\lib\avr6\libm.a(mulsf3.o)
 .text          0x000006ae        0x0 C:\WinAVR-20100110\avr\lib\avr6\libm.a(mulsf3x.o)
 .text          0x000006ae        0x0 C:\WinAVR-20100110\avr\lib\avr6\libm.a(round.o)
 .text          0x000006ae        0x0 C:\WinAVR-20100110\avr\lib\avr6\libm.a(sqrt.o)
 .text          0x000006ae        0x0 C:\WinAVR-20100110\avr\lib\avr6\libm.a(square.o)
 .text          0x000006ae        0x0 C:\WinAVR-20100110\avr\lib\avr6\libm.a(trunc.o)
 .text          0x000006ae        0x0 C:\WinAVR-20100110\avr\lib\avr6\libm.a(fp_norm2.o)
 .text          0x000006ae        0x0 c:/winavr-20100110/bin/../lib/gcc/avr/4.3.3/avr6\libgcc.a(_mulsi3.o)
 .text          0x000006ae        0x0 c:/winavr-20100110/bin/../lib/gcc/avr/4.3.3/avr6\libgcc.a(_divmodhi4.o)
 .text          0x000006ae        0x0 c:/winavr-20100110/bin/../lib/gcc/avr/4.3.3/avr6\libgcc.a(_udivmodsi4.o)
 .text          0x000006ae        0x0 c:/winavr-20100110/bin/../lib/gcc/avr/4.3.3/avr6\libgcc.a(_divmodsi4.o)
 .text          0x000006ae        0x0 c:/winavr-20100110/bin/../lib/gcc/avr/4.3.3/avr6\libgcc.a(_exit.o)
 .text          0x000006ae        0x0 c:/winavr-20100110/bin/../lib/gcc/avr/4.3.3/avr6\libgcc.a(_clear_bss.o)
 .text          0x000006ae        0x0 c:/winavr-20100110/bin/../lib/gcc/avr/4.3.3/avr6\libgcc.a(_udivmodhi4.o)
 .text          0x000006ae        0x0 C:\WinAVR-20100110\avr\lib\avr6\libc.a(rand.o)
 .text          0x000006ae        0x0 C:\WinAVR-20100110\avr\lib\avr6\libc.a(strtod.o)
 .text          0x000006ae        0x0 C:\WinAVR-20100110\avr\lib\avr6\libc.a(isspace.o)
 .text          0x000006ae        0x0 C:\WinAVR-20100110\avr\lib\avr6\libc.a(strncasecmp_P.o)
 .text          0x000006ae        0x0 C:\WinAVR-20100110\avr\lib\avr6\libc.a(errno.o)
 .text          0x000006ae        0x0 C:\WinAVR-20100110\avr\lib\avr6\libc.a(cty_isfalse.o)
                0x000006ae                . = ALIGN (0x2)
 *(.text.*)
 .text.coolant_init
                0x000006ae        0x4 coolant_control.o
                0x000006ae                coolant_init
 .text.coolant_flood
                0x000006b2        0xc coolant_control.o
                0x000006b2                coolant_flood
 .text.eeprom_get_char
                0x000006be       0x10 eeprom.o
                0x000006be                eeprom_get_char
 .text.eeprom_put_char
                0x000006ce       0x42 eeprom.o
                0x000006ce                eeprom_put_char
 .text.memcpy_to_eeprom_with_checksum
                0x00000710       0x78 eeprom.o
                0x00000710                memcpy_to_eeprom_with_checksum
 .text.memcpy_from_eeprom_with_checksum
                0x00000788       0x7e eeprom.o
                0x00000788                memcpy_from_eeprom_with_checksum
 .text.select_plane
                0x00000806        0xe gcode.o
                0x00000806                select_plane
 .text.set_feeder_x
                0x00000814       0x12 gcode.o
                0x00000814                set_feeder_x
 .text.set_feeder_y
                0x00000826       0x12 gcode.o
                0x00000826                set_feeder_y
 .text.gotoxy   0x00000838      0x1ae gcode.o
                0x00000838                gotoxy
 .text.read_double
                0x000009e6       0x82 gcode.o
                0x000009e6                read_double
 .text.next_statement
                0x00000a68       0x68 gcode.o
                0x00000a68                next_statement
 .text.gc_init  0x00000ad0       0x7c gcode.o
                0x00000ad0                gc_init
 .text.gc_execute_line
                0x00000b4c      0x9c6 gcode.o
                0x00000b4c                gc_execute_line
 .text.theta    0x00001512       0x8c gcode.o
                0x00001512                theta
 .text.main     0x0000159e       0x62 main.o
                0x0000159e                main
 .text.mc_go_home
                0x00001600        0x6 motion_control.o
                0x00001600                mc_go_home
 .text.mc_dwell
                0x00001606       0xa8 motion_control.o
                0x00001606                mc_dwell
 .text.factor_for_safe_speed
                0x000016ae       0x20 planner.o
                0x000016ae                factor_for_safe_speed
 .text.plan_is_acceleration_manager_enabled
                0x000016ce        0x8 planner.o
                0x000016ce                plan_is_acceleration_manager_enabled
 .text.plan_discard_current_block
                0x000016d6       0x32 planner.o
                0x000016d6                plan_discard_current_block
 .text.plan_get_current_block
                0x00001708       0x52 planner.o
                0x00001708                plan_get_current_block
 .text.planner_forward_pass_kernel
                0x0000175a      0x10c planner.o
                0x0000175a                planner_forward_pass_kernel
 .text.planner_forward_pass
                0x00001866       0x9a planner.o
                0x00001866                planner_forward_pass
 .text.plan_set_current
                0x00001900      0x106 planner.o
                0x00001900                plan_set_current
 .text.plan_set_acceleration_manager_enabled
                0x00001a06       0x3a planner.o
                0x00001a06                plan_set_acceleration_manager_enabled
 .text.plan_init
                0x00001a40       0x28 planner.o
                0x00001a40                plan_init
 .text.planner_reverse_pass_kernel
                0x00001a68      0x284 planner.o
                0x00001a68                planner_reverse_pass_kernel
 .text.planner_reverse_pass
                0x00001cec       0xa4 planner.o
                0x00001cec                planner_reverse_pass
 .text.calculate_trapezoid_for_block
                0x00001d90      0x2a0 planner.o
                0x00001d90                calculate_trapezoid_for_block
 .text.planner_recalculate_trapezoids
                0x00002030       0xaa planner.o
                0x00002030                planner_recalculate_trapezoids
 .text.planner_recalculate
                0x000020da        0xe planner.o
                0x000020da                planner_recalculate
 .text.plan_buffer_line
                0x000020e8      0x868 planner.o
                0x000020e8                plan_buffer_line
 .text.sp_process
                0x00002950      0x12c serial_protocol.o
                0x00002950                sp_process
 .text.sp_init  0x00002a7c        0xe serial_protocol.o
                0x00002a7c                sp_init
 .text.settings_reset
                0x00002a8a       0xc8 settings.o
                0x00002a8a                settings_reset
 .text.read_settings
                0x00002b52       0x84 settings.o
                0x00002b52                read_settings
 .text.write_settings
                0x00002bd6       0x1c settings.o
                0x00002bd6                write_settings
 .text.settings_store_setting
                0x00002bf2      0x146 settings.o
                0x00002bf2                settings_store_setting
 .text.settings_dump
                0x00002d38      0x1a8 settings.o
                0x00002d38                settings_dump
 .text.settings_init
                0x00002ee0       0x18 settings.o
                0x00002ee0                settings_init
 .text.spindle_init
                0x00002ef8       0x10 spindle_control.o
                0x00002ef8                spindle_init
 .text.spindle_run
                0x00002f08       0x20 spindle_control.o
                0x00002f08                spindle_run
 .text.spindle_stop
                0x00002f28        0xc spindle_control.o
                0x00002f28                spindle_stop
 .text.rotate_head
                0x00002f34       0x22 spindle_control.o
                0x00002f34                rotate_head
 .text.st_wake_up
                0x00002f56        0xc stepper.o
                0x00002f56                st_wake_up
 .text.set_busy
                0x00002f62        0xc stepper.o
                0x00002f62                set_busy
 .text.get_busy
                0x00002f6e        0xc stepper.o
                0x00002f6e                get_busy
 .text.__vector_15
                0x00002f7a       0x1e stepper.o
                0x00002f7a                __vector_15
 .text.st_enable
                0x00002f98        0x4 stepper.o
                0x00002f98                st_enable
 .text.st_disable
                0x00002f9c        0x4 stepper.o
                0x00002f9c                st_disable
 .text.st_is_enabled
                0x00002fa0       0x1e stepper.o
                0x00002fa0                st_is_enabled
 .text.config_step_timer
                0x00002fbe      0x14a stepper.o
                0x00002fbe                config_step_timer
 .text.set_step_events_per_minute
                0x00003108       0x48 stepper.o
                0x00003108                set_step_events_per_minute
 .text.st_init  0x00003150       0x80 stepper.o
                0x00003150                st_init
 .text.moveLeft
                0x000031d0       0x4e stepper.o
                0x000031d0                moveLeft
 .text.moveRight
                0x0000321e       0x50 stepper.o
                0x0000321e                moveRight
 .text.moveForward
                0x0000326e       0x4e stepper.o
                0x0000326e                moveForward
 .text.moveBack
                0x000032bc       0x50 stepper.o
                0x000032bc                moveBack
 .text.head_moving
                0x0000330c        0xe stepper.o
                0x0000330c                head_moving
 .text.limits_init
                0x0000331a       0x52 stepper.o
                0x0000331a                limits_init
 .text.get_limit_bits
                0x0000336c       0x20 stepper.o
                0x0000336c                get_limit_bits
 .text.st_go_home
                0x0000338c       0xfc stepper.o
                0x0000338c                st_go_home
 .text.st_synchronize
                0x00003488       0x1a stepper.o
                0x00003488                st_synchronize
 .text.__vector_17
                0x000034a2      0x55e stepper.o
                0x000034a2                __vector_17
 .text.beginSerial
                0x00003a00       0x78 wiring_serial.o
                0x00003a00                beginSerial
 .text.serialWrite
                0x00003a78       0x10 wiring_serial.o
                0x00003a78                serialWrite
 .text.serialAvailable
                0x00003a88       0x22 wiring_serial.o
                0x00003a88                serialAvailable
 .text.serialRead
                0x00003aaa       0x40 wiring_serial.o
                0x00003aaa                serialRead
 .text.serialFlush
                0x00003aea       0x12 wiring_serial.o
                0x00003aea                serialFlush
 .text.printByte
                0x00003afc       0x10 wiring_serial.o
                0x00003afc                printByte
 .text.printString
                0x00003b0c       0x1e wiring_serial.o
                0x00003b0c                printString
 .text.printPgmString
                0x00003b2a       0x1e wiring_serial.o
                0x00003b2a                printPgmString
 .text.printIntegerInBase
                0x00003b48      0x128 wiring_serial.o
                0x00003b48                printIntegerInBase
 .text.printInteger
                0x00003c70       0x38 wiring_serial.o
                0x00003c70                printInteger
 .text.printBinary
                0x00003ca8        0xe wiring_serial.o
                0x00003ca8                printBinary
 .text.printFloat
                0x00003cb6       0x86 wiring_serial.o
                0x00003cb6                printFloat
 .text.__vector_25
                0x00003d3c       0x92 wiring_serial.o
                0x00003d3c                __vector_25
 .text.atc_init
                0x00003dce       0x26 atc_control.o
                0x00003dce                atc_init
 .text.has_tool
                0x00003df4        0x4 atc_control.o
                0x00003df4                has_tool
 .text.atc_fire
                0x00003df8      0x14a atc_control.o
                0x00003df8                atc_fire
 .text.DropTool
                0x00003f42       0x42 atc_control.o
                0x00003f42                DropTool
 .text.PickupTool
                0x00003f84       0x4a atc_control.o
                0x00003f84                PickupTool
 .text.atc_change
                0x00003fce       0x40 atc_control.o
                0x00003fce                atc_change
 .text.check_for_tool
                0x0000400e       0x52 atc_control.o
                0x0000400e                check_for_tool
 .text.head_init
                0x00004060       0x1e head_control.o
                0x00004060                head_init
 .text.is_head_down
                0x0000407e        0x6 head_control.o
                0x0000407e                is_head_down
 .text.is_rotated
                0x00004084        0xc head_control.o
                0x00004084                is_rotated
 .text.head_down
                0x00004090       0x78 head_control.o
                0x00004090                head_down
 .text.panel_init
                0x00004108       0x80 panel_control.o
                0x00004108                panel_init
 .text.is_pleft
                0x00004188        0xe panel_control.o
                0x00004188                is_pleft
 .text.is_pright
                0x00004196        0xe panel_control.o
                0x00004196                is_pright
 .text.is_pback
                0x000041a4        0xc panel_control.o
                0x000041a4                is_pback
 .text.is_pforward
                0x000041b0        0xc panel_control.o
                0x000041b0                is_pforward
 .text.is_phead
                0x000041bc        0xc panel_control.o
                0x000041bc                is_phead
 .text.is_pvac  0x000041c8        0xa panel_control.o
                0x000041c8                is_pvac
 .text.is_pfast
                0x000041d2        0xa panel_control.o
                0x000041d2                is_pfast
 .text.is_phome
                0x000041dc        0xe panel_control.o
                0x000041dc                is_phome
 .text.is_pteach
                0x000041ea        0xc panel_control.o
                0x000041ea                is_pteach
 .text.__vector_32
                0x000041f6       0x14 panel_control.o
                0x000041f6                __vector_32
 .text.process_panel
                0x0000420a       0x66 panel_control.o
                0x0000420a                process_panel
 .text.vacuum_init
                0x00004270       0x1a vacuum_control.o
                0x00004270                vacuum_init
 .text.vacuum   0x0000428a       0x3e vacuum_control.o
                0x0000428a                vacuum
 .text.vacuum_state
                0x000042c8        0xc vacuum_control.o
                0x000042c8                vacuum_state
 .text.run_vacuum_test
                0x000042d4       0x74 vacuum_control.o
                0x000042d4                run_vacuum_test
 .text.goto_vacpad
                0x00004348      0x2a6 vacuum_control.o
                0x00004348                goto_vacpad
 .text.test_mode
                0x000045ee       0xe4 vacuum_control.o
                0x000045ee                test_mode
 .text.vacuum_test
                0x000046d2       0x18 vacuum_control.o
                0x000046d2                vacuum_test
 .text.tape_init
                0x000046ea        0xc tape_knock.o
                0x000046ea                tape_init
 .text.putdown_part
                0x000046f6       0x6c tape_knock.o
                0x000046f6                putdown_part
 .text.tape_knock
                0x00004762       0x5a tape_knock.o
                0x00004762                tape_knock
 .text.pickup_part
                0x000047bc       0x5c tape_knock.o
                0x000047bc                pickup_part
 .text.millis   0x00004818       0x2e usb.o
                0x00004818                millis
 .text.digitalWrite
                0x00004846        0x2 usb.o
                0x00004846                digitalWrite
 .text.USB_initEndPoint
                0x00004848        0xe usb.o
                0x00004848                USB_initEndPoint
 .text.USB_setEventHandler
                0x00004856        0xa usb.o
                0x00004856                USB_setEventHandler
 .text.USB_fireEvent
                0x00004860        0xc usb.o
                0x00004860                USB_fireEvent
 .text.usb_getUsbTaskState
                0x0000486c        0x6 usb.o
                0x0000486c                usb_getUsbTaskState
 .text.usb_setUsbTaskState
                0x00004872        0x6 usb.o
                0x00004872                usb_setUsbTaskState
 .text.usb_getDevice
                0x00004878       0x1e usb.o
                0x00004878                usb_getDevice
 .text.USB_write
                0x00004896      0x21c usb.o
                0x00004896                USB_write
 .text.USB_bulkWrite
                0x00004ab2       0x12 usb.o
                0x00004ab2                USB_bulkWrite
 .text.usb_dispatchPacket
                0x00004ac4      0x15c usb.o
                0x00004ac4                usb_dispatchPacket
 .text.USB_read
                0x00004c20       0xd4 usb.o
                0x00004c20                USB_read
 .text.USB_ctrlData
                0x00004cf4       0x36 usb.o
                0x00004cf4                USB_ctrlData
 .text.USB_controlRequest
                0x00004d2a       0xf8 usb.o
                0x00004d2a                USB_controlRequest
 .text.USB_setConfiguration
                0x00004e22       0x36 usb.o
                0x00004e22                USB_setConfiguration
 .text.USB_setAddress
                0x00004e58       0x36 usb.o
                0x00004e58                USB_setAddress
 .text.USB_getConfigurationDescriptor
                0x00004e8e       0xa6 usb.o
                0x00004e8e                USB_getConfigurationDescriptor
 .text.USB_getDeviceDescriptor
                0x00004f34       0x36 usb.o
                0x00004f34                USB_getDeviceDescriptor
 .text.USB_getString
                0x00004f6a      0x10a usb.o
                0x00004f6a                USB_getString
 .text.USB_initDevice
                0x00005074       0x58 usb.o
                0x00005074                USB_initDevice
 .text.USB_bulkRead
                0x000050cc       0x34 usb.o
                0x000050cc                USB_bulkRead
 .text.USB_init
                0x00005100       0x30 usb.o
                0x00005100                USB_init
 .text.USB_poll
                0x00005130      0x2ba usb.o
                0x00005130                USB_poll
 .text.max3421e_getVbusState
                0x000053ea        0x6 max3421e.o
                0x000053ea                max3421e_getVbusState
 .text.max3421e_readMultiple
                0x000053f0       0x6e max3421e.o
                0x000053f0                max3421e_readMultiple
 .text.max3421e_read
                0x0000545e       0x32 max3421e.o
                0x0000545e                max3421e_read
 .text.max3421e_gpxInterruptHandler
                0x00005490        0x8 max3421e.o
                0x00005490                max3421e_gpxInterruptHandler
 .text.max3421e_writeMultiple
                0x00005498       0x70 max3421e.o
                0x00005498                max3421e_writeMultiple
 .text.max3421e_write
                0x00005508       0x38 max3421e.o
                0x00005508                max3421e_write
 .text.max3421e_busprobe
                0x00005540       0x62 max3421e.o
                0x00005540                max3421e_busprobe
 .text.max3421e_interruptHandler
                0x000055a2       0x2a max3421e.o
                0x000055a2                max3421e_interruptHandler
 .text.max3421e_poll
                0x000055cc       0x22 max3421e.o
                0x000055cc                max3421e_poll
 .text.max3421e_reset
                0x000055ee       0x38 max3421e.o
                0x000055ee                max3421e_reset
 .text.max3421e_powerOn
                0x00005626       0x52 max3421e.o
                0x00005626                max3421e_powerOn
 .text.max3421e_init
                0x00005678       0x2e max3421e.o
                0x00005678                max3421e_init
 .text.SPI_begin
                0x000056a6       0x1a SPI.o
                0x000056a6                SPI_begin
 .text.SPI_end  0x000056c0        0x8 SPI.o
                0x000056c0                SPI_end
 .text.SPI_setBitOrder
                0x000056c8       0x14 SPI.o
                0x000056c8                SPI_setBitOrder
 .text.SPI_setDataMode
                0x000056dc        0xa SPI.o
                0x000056dc                SPI_setDataMode
 .text.SPI_setClockDivider
                0x000056e6       0x1c SPI.o
                0x000056e6                SPI_setClockDivider
 .text.avr-libc.fplib
                0x00005702        0xa C:\WinAVR-20100110\avr\lib\avr6\libm.a(addsf3.o)
                0x00005702                __subsf3
                0x00005704                __addsf3
 .text.avr-libc.fplib
                0x0000570c       0xc0 C:\WinAVR-20100110\avr\lib\avr6\libm.a(addsf3x.o)
                0x00005726                __addsf3x
 .text.avr-libc.fplib
                0x000057cc       0x50 C:\WinAVR-20100110\avr\lib\avr6\libm.a(atan.o)
                0x000057cc                atan
 .text.avr-libc.fplib
                0x0000581c       0x26 C:\WinAVR-20100110\avr\lib\avr6\libm.a(ceil.o)
                0x0000581c                ceil
 .text.avr-libc.fplib
                0x00005842        0x8 C:\WinAVR-20100110\avr\lib\avr6\libm.a(cmpsf2.o)
                0x00005842                __lesf2
                0x00005842                __nesf2
                0x00005842                __eqsf2
                0x00005842                __cmpsf2
                0x00005842                __ltsf2
 .text.avr-libc.fplib
                0x0000584a        0x4 C:\WinAVR-20100110\avr\lib\avr6\libm.a(divsf3.o)
                0x0000584a                __divsf3
 .text.avr-libc.fplib
                0x0000584e       0xcc C:\WinAVR-20100110\avr\lib\avr6\libm.a(divsf3x.o)
                0x00005864                __divsf3x
                0x00005868                __divsf3_pse
 .text.avr-libc.fplib
                0x0000591a        0xa C:\WinAVR-20100110\avr\lib\avr6\libm.a(fixsfsi.o)
                0x0000591a                __fixsfsi
 .text.avr-libc.fplib
                0x00005924       0x58 C:\WinAVR-20100110\avr\lib\avr6\libm.a(fixunssfsi.o)
                0x00005924                __fixunssfsi
 .text.avr-libc.fplib
                0x0000597c       0x7a C:\WinAVR-20100110\avr\lib\avr6\libm.a(floatsisf.o)
                0x00005980                __floatsisf
                0x0000597c                __floatunsisf
 .text.avr-libc.fplib
                0x000059f6       0x26 C:\WinAVR-20100110\avr\lib\avr6\libm.a(floor.o)
                0x000059f6                floor
 .text.avr-libc.fplib
                0x00005a1c       0x48 C:\WinAVR-20100110\avr\lib\avr6\libm.a(fp_cmp.o)
                0x00005a1c                __fp_cmp
 .text.avr-libc.fplib
                0x00005a64        0xc C:\WinAVR-20100110\avr\lib\avr6\libm.a(fp_inf.o)
                0x00005a64                __fp_inf
 .text.avr-libc.fplib
                0x00005a70       0x36 C:\WinAVR-20100110\avr\lib\avr6\libm.a(fp_mintl.o)
                0x00005a70                __fp_mintl
 .text.avr-libc.fplib
                0x00005aa6       0x1c C:\WinAVR-20100110\avr\lib\avr6\libm.a(fp_mpack.o)
                0x00005aaa                __fp_mpack_finite
                0x00005aa6                __fp_mpack
 .text.avr-libc.fplib
                0x00005ac2        0x6 C:\WinAVR-20100110\avr\lib\avr6\libm.a(fp_nan.o)
                0x00005ac2                __fp_nan
 .text.avr-libc.fplib
                0x00005ac8       0x4a C:\WinAVR-20100110\avr\lib\avr6\libm.a(fp_powser.o)
                0x00005ac8                __fp_powser
 .text.avr-libc.fplib
                0x00005b12        0xe C:\WinAVR-20100110\avr\lib\avr6\libm.a(fp_pscA.o)
                0x00005b12                __fp_pscA
 .text.avr-libc.fplib
                0x00005b20        0xe C:\WinAVR-20100110\avr\lib\avr6\libm.a(fp_pscB.o)
                0x00005b20                __fp_pscB
 .text.avr-libc.fplib
                0x00005b2e       0x22 C:\WinAVR-20100110\avr\lib\avr6\libm.a(fp_round.o)
                0x00005b2e                __fp_round
 .text.avr-libc.fplib
                0x00005b50       0x44 C:\WinAVR-20100110\avr\lib\avr6\libm.a(fp_split3.o)
                0x00005b50                __fp_split3
                0x00005b60                __fp_splitA
 .text.avr-libc.fplib
                0x00005b94       0x2e C:\WinAVR-20100110\avr\lib\avr6\libm.a(fp_trunc.o)
                0x00005b94                __fp_trunc
 .text.avr-libc.fplib
                0x00005bc2        0xe C:\WinAVR-20100110\avr\lib\avr6\libm.a(fp_zero.o)
                0x00005bc2                __fp_zero
                0x00005bc4                __fp_szero
 .text.avr-libc.fplib
                0x00005bd0        0x8 C:\WinAVR-20100110\avr\lib\avr6\libm.a(gesf2.o)
                0x00005bd0                __gtsf2
                0x00005bd0                __gesf2
 .text.avr-libc.fplib
                0x00005bd8        0xe C:\WinAVR-20100110\avr\lib\avr6\libm.a(inverse.o)
                0x00005bd8                inverse
 .text.avr-libc.fplib
                0x00005be6       0x60 C:\WinAVR-20100110\avr\lib\avr6\libm.a(lround.o)
                0x00005be6                lround
 .text.avr-libc.fplib
                0x00005c46       0x66 C:\WinAVR-20100110\avr\lib\avr6\libm.a(modf.o)
                0x00005c46                modff
                0x00005c46                modf
 .text.avr-libc.fplib
                0x00005cac        0x4 C:\WinAVR-20100110\avr\lib\avr6\libm.a(mulsf3.o)
                0x00005cac                __mulsf3
 .text.avr-libc.fplib
                0x00005cb0       0xc2 C:\WinAVR-20100110\avr\lib\avr6\libm.a(mulsf3x.o)
                0x00005cc8                __mulsf3_pse
                0x00005cc4                __mulsf3x
 .text.avr-libc.fplib
                0x00005d72       0x40 C:\WinAVR-20100110\avr\lib\avr6\libm.a(round.o)
                0x00005d72                round
 .text.avr-libc.fplib
                0x00005db2       0x84 C:\WinAVR-20100110\avr\lib\avr6\libm.a(sqrt.o)
                0x00005dba                sqrt
 .text.avr-libc.fplib
                0x00005e36        0x6 C:\WinAVR-20100110\avr\lib\avr6\libm.a(square.o)
                0x00005e36                square
 .text.avr-libc.fplib
                0x00005e3c        0xe C:\WinAVR-20100110\avr\lib\avr6\libm.a(trunc.o)
                0x00005e3c                trunc
 .text.avr-libc.fplib
                0x00005e4a        0xe C:\WinAVR-20100110\avr\lib\avr6\libm.a(fp_norm2.o)
                0x00005e4a                __fp_norm2
 .text.libgcc   0x00005e58       0x3e c:/winavr-20100110/bin/../lib/gcc/avr/4.3.3/avr6\libgcc.a(_mulsi3.o)
                0x00005e58                __mulsi3
 .text.libgcc   0x00005e96       0x26 c:/winavr-20100110/bin/../lib/gcc/avr/4.3.3/avr6\libgcc.a(_divmodhi4.o)
                0x00005e96                __divmodhi4
                0x00005e96                _div
 .text.libgcc   0x00005ebc       0x44 c:/winavr-20100110/bin/../lib/gcc/avr/4.3.3/avr6\libgcc.a(_udivmodsi4.o)
                0x00005ebc                __udivmodsi4
 .text.libgcc   0x00005f00       0x36 c:/winavr-20100110/bin/../lib/gcc/avr/4.3.3/avr6\libgcc.a(_divmodsi4.o)
                0x00005f00                __divmodsi4
 .text.libgcc   0x00005f36        0x0 c:/winavr-20100110/bin/../lib/gcc/avr/4.3.3/avr6\libgcc.a(_exit.o)
 .text.libgcc   0x00005f36        0x0 c:/winavr-20100110/bin/../lib/gcc/avr/4.3.3/avr6\libgcc.a(_clear_bss.o)
 .text.libgcc   0x00005f36       0x28 c:/winavr-20100110/bin/../lib/gcc/avr/4.3.3/avr6\libgcc.a(_udivmodhi4.o)
                0x00005f36                __udivmodhi4
 .text.avr-libc
                0x00005f5e       0xd6 C:\WinAVR-20100110\avr\lib\avr6\libc.a(rand.o)
                0x0000600e                rand_r
                0x00006014                rand
                0x0000601e                srand
 .text.avr-libc
                0x00006034      0x2dc C:\WinAVR-20100110\avr\lib\avr6\libc.a(strtod.o)
                0x00006034                strtod
 .text.avr-libc
                0x00006310       0x10 C:\WinAVR-20100110\avr\lib\avr6\libc.a(isspace.o)
                0x00006310                isspace
 .text.avr-libc
                0x00006320       0x30 C:\WinAVR-20100110\avr\lib\avr6\libc.a(strncasecmp_P.o)
                0x00006320                strncasecmp_P
 .text.avr-libc
                0x00006350        0x6 C:\WinAVR-20100110\avr\lib\avr6\libc.a(cty_isfalse.o)
                0x00006354                __ctype_istrue
                0x00006350                __ctype_isfalse
                0x00006356                . = ALIGN (0x2)
 *(.fini9)
 .fini9         0x00006356        0x0 c:/winavr-20100110/bin/../lib/gcc/avr/4.3.3/avr6\libgcc.a(_exit.o)
                0x00006356                exit
                0x00006356                _exit
 *(.fini9)
 *(.fini8)
 *(.fini8)
 *(.fini7)
 *(.fini7)
 *(.fini6)
 *(.fini6)
 *(.fini5)
 *(.fini5)
 *(.fini4)
 *(.fini4)
 *(.fini3)
 *(.fini3)
 *(.fini2)
 *(.fini2)
 *(.fini1)
 *(.fini1)
 *(.fini0)
 .fini0         0x00006356        0x4 c:/winavr-20100110/bin/../lib/gcc/avr/4.3.3/avr6\libgcc.a(_exit.o)
 *(.fini0)
                0x0000635a                _etext = .

.data           0x00800200        0x6 load address 0x0000635a
                0x00800200                PROVIDE (__data_start, .)
 *(.data)
 .data          0x00800200        0x0 c:/winavr-20100110/bin/../lib/gcc/avr/4.3.3/../../../../avr/lib/avr6/crtm2560.o
 .data          0x00800200        0x0 coolant_control.o
 .data          0x00800200        0x0 eeprom.o
 .data          0x00800200        0x0 gcode.o
 .data          0x00800200        0x0 main.o
 .data          0x00800200        0x0 motion_control.o
 .data          0x00800200        0x0 planner.o
 .data          0x00800200        0x0 serial_protocol.o
 .data          0x00800200        0x0 settings.o
 .data          0x00800200        0x0 spindle_control.o
 .data          0x00800200        0x0 stepper.o
 .data          0x00800200        0x0 wiring_serial.o
 .data          0x00800200        0x0 atc_control.o
 .data          0x00800200        0x0 head_control.o
 .data          0x00800200        0x0 panel_control.o
 .data          0x00800200        0x0 vacuum_control.o
 .data          0x00800200        0x0 tape_knock.o
 .data          0x00800200        0x1 usb.o
 .data          0x00800201        0x0 max3421e.o
 .data          0x00800201        0x0 SPI.o
 .data          0x00800201        0x0 C:\WinAVR-20100110\avr\lib\avr6\libm.a(addsf3.o)
 .data          0x00800201        0x0 C:\WinAVR-20100110\avr\lib\avr6\libm.a(addsf3x.o)
 .data          0x00800201        0x0 C:\WinAVR-20100110\avr\lib\avr6\libm.a(atan.o)
 .data          0x00800201        0x0 C:\WinAVR-20100110\avr\lib\avr6\libm.a(ceil.o)
 .data          0x00800201        0x0 C:\WinAVR-20100110\avr\lib\avr6\libm.a(cmpsf2.o)
 .data          0x00800201        0x0 C:\WinAVR-20100110\avr\lib\avr6\libm.a(divsf3.o)
 .data          0x00800201        0x0 C:\WinAVR-20100110\avr\lib\avr6\libm.a(divsf3x.o)
 .data          0x00800201        0x0 C:\WinAVR-20100110\avr\lib\avr6\libm.a(fixsfsi.o)
 .data          0x00800201        0x0 C:\WinAVR-20100110\avr\lib\avr6\libm.a(fixunssfsi.o)
 .data          0x00800201        0x0 C:\WinAVR-20100110\avr\lib\avr6\libm.a(floatsisf.o)
 .data          0x00800201        0x0 C:\WinAVR-20100110\avr\lib\avr6\libm.a(floor.o)
 .data          0x00800201        0x0 C:\WinAVR-20100110\avr\lib\avr6\libm.a(fp_cmp.o)
 .data          0x00800201        0x0 C:\WinAVR-20100110\avr\lib\avr6\libm.a(fp_inf.o)
 .data          0x00800201        0x0 C:\WinAVR-20100110\avr\lib\avr6\libm.a(fp_mintl.o)
 .data          0x00800201        0x0 C:\WinAVR-20100110\avr\lib\avr6\libm.a(fp_mpack.o)
 .data          0x00800201        0x0 C:\WinAVR-20100110\avr\lib\avr6\libm.a(fp_nan.o)
 .data          0x00800201        0x0 C:\WinAVR-20100110\avr\lib\avr6\libm.a(fp_powser.o)
 .data          0x00800201        0x0 C:\WinAVR-20100110\avr\lib\avr6\libm.a(fp_pscA.o)
 .data          0x00800201        0x0 C:\WinAVR-20100110\avr\lib\avr6\libm.a(fp_pscB.o)
 .data          0x00800201        0x0 C:\WinAVR-20100110\avr\lib\avr6\libm.a(fp_round.o)
 .data          0x00800201        0x0 C:\WinAVR-20100110\avr\lib\avr6\libm.a(fp_split3.o)
 .data          0x00800201        0x0 C:\WinAVR-20100110\avr\lib\avr6\libm.a(fp_trunc.o)
 .data          0x00800201        0x0 C:\WinAVR-20100110\avr\lib\avr6\libm.a(fp_zero.o)
 .data          0x00800201        0x0 C:\WinAVR-20100110\avr\lib\avr6\libm.a(gesf2.o)
 .data          0x00800201        0x0 C:\WinAVR-20100110\avr\lib\avr6\libm.a(inverse.o)
 .data          0x00800201        0x0 C:\WinAVR-20100110\avr\lib\avr6\libm.a(lround.o)
 .data          0x00800201        0x0 C:\WinAVR-20100110\avr\lib\avr6\libm.a(modf.o)
 .data          0x00800201        0x0 C:\WinAVR-20100110\avr\lib\avr6\libm.a(mulsf3.o)
 .data          0x00800201        0x0 C:\WinAVR-20100110\avr\lib\avr6\libm.a(mulsf3x.o)
 .data          0x00800201        0x0 C:\WinAVR-20100110\avr\lib\avr6\libm.a(round.o)
 .data          0x00800201        0x0 C:\WinAVR-20100110\avr\lib\avr6\libm.a(sqrt.o)
 .data          0x00800201        0x0 C:\WinAVR-20100110\avr\lib\avr6\libm.a(square.o)
 .data          0x00800201        0x0 C:\WinAVR-20100110\avr\lib\avr6\libm.a(trunc.o)
 .data          0x00800201        0x0 C:\WinAVR-20100110\avr\lib\avr6\libm.a(fp_norm2.o)
 .data          0x00800201        0x0 c:/winavr-20100110/bin/../lib/gcc/avr/4.3.3/avr6\libgcc.a(_mulsi3.o)
 .data          0x00800201        0x0 c:/winavr-20100110/bin/../lib/gcc/avr/4.3.3/avr6\libgcc.a(_divmodhi4.o)
 .data          0x00800201        0x0 c:/winavr-20100110/bin/../lib/gcc/avr/4.3.3/avr6\libgcc.a(_udivmodsi4.o)
 .data          0x00800201        0x0 c:/winavr-20100110/bin/../lib/gcc/avr/4.3.3/avr6\libgcc.a(_divmodsi4.o)
 .data          0x00800201        0x0 c:/winavr-20100110/bin/../lib/gcc/avr/4.3.3/avr6\libgcc.a(_exit.o)
 .data          0x00800201        0x0 c:/winavr-20100110/bin/../lib/gcc/avr/4.3.3/avr6\libgcc.a(_clear_bss.o)
 .data          0x00800201        0x0 c:/winavr-20100110/bin/../lib/gcc/avr/4.3.3/avr6\libgcc.a(_udivmodhi4.o)
 .data          0x00800201        0x4 C:\WinAVR-20100110\avr\lib\avr6\libc.a(rand.o)
 .data          0x00800205        0x0 C:\WinAVR-20100110\avr\lib\avr6\libc.a(strtod.o)
 .data          0x00800205        0x0 C:\WinAVR-20100110\avr\lib\avr6\libc.a(isspace.o)
 .data          0x00800205        0x0 C:\WinAVR-20100110\avr\lib\avr6\libc.a(strncasecmp_P.o)
 .data          0x00800205        0x0 C:\WinAVR-20100110\avr\lib\avr6\libc.a(errno.o)
 .data          0x00800205        0x0 C:\WinAVR-20100110\avr\lib\avr6\libc.a(cty_isfalse.o)
 *(.data*)
 *(.rodata)
 *(.rodata*)
 *(.gnu.linkonce.d*)
                0x00800206                . = ALIGN (0x2)
 *fill*         0x00800205        0x1 00
                0x00800206                _edata = .
                0x00800206                PROVIDE (__data_end, .)

.bss            0x00800206      0x4f2
                0x00800206                PROVIDE (__bss_start, .)
 *(.bss)
 .bss           0x00800206        0x0 c:/winavr-20100110/bin/../lib/gcc/avr/4.3.3/../../../../avr/lib/avr6/crtm2560.o
 .bss           0x00800206        0x0 coolant_control.o
 .bss           0x00800206        0x0 eeprom.o
 .bss           0x00800206       0x2c gcode.o
 .bss           0x00800232        0x0 main.o
 .bss           0x00800232        0x0 motion_control.o
 .bss           0x00800232      0x2ef planner.o
 .bss           0x00800521       0x33 serial_protocol.o
 .bss           0x00800554        0x0 settings.o
 .bss           0x00800554        0x0 spindle_control.o
 .bss           0x00800554       0x27 stepper.o
                0x00800554                ackHost
                0x00800555                gHomed
 .bss           0x0080057b      0x104 wiring_serial.o
                0x0080057b                rx_buffer_head
                0x0080057d                rx_buffer_tail
 .bss           0x0080067f        0x0 atc_control.o
 .bss           0x0080067f        0x0 head_control.o
 .bss           0x0080067f        0x2 panel_control.o
 .bss           0x00800681        0x0 vacuum_control.o
 .bss           0x00800681        0x0 tape_knock.o
 .bss           0x00800681        0xb usb.o
 .bss           0x0080068c        0x1 max3421e.o
 .bss           0x0080068d        0x0 SPI.o
 .bss           0x0080068d        0x0 C:\WinAVR-20100110\avr\lib\avr6\libm.a(addsf3.o)
 .bss           0x0080068d        0x0 C:\WinAVR-20100110\avr\lib\avr6\libm.a(addsf3x.o)
 .bss           0x0080068d        0x0 C:\WinAVR-20100110\avr\lib\avr6\libm.a(atan.o)
 .bss           0x0080068d        0x0 C:\WinAVR-20100110\avr\lib\avr6\libm.a(ceil.o)
 .bss           0x0080068d        0x0 C:\WinAVR-20100110\avr\lib\avr6\libm.a(cmpsf2.o)
 .bss           0x0080068d        0x0 C:\WinAVR-20100110\avr\lib\avr6\libm.a(divsf3.o)
 .bss           0x0080068d        0x0 C:\WinAVR-20100110\avr\lib\avr6\libm.a(divsf3x.o)
 .bss           0x0080068d        0x0 C:\WinAVR-20100110\avr\lib\avr6\libm.a(fixsfsi.o)
 .bss           0x0080068d        0x0 C:\WinAVR-20100110\avr\lib\avr6\libm.a(fixunssfsi.o)
 .bss           0x0080068d        0x0 C:\WinAVR-20100110\avr\lib\avr6\libm.a(floatsisf.o)
 .bss           0x0080068d        0x0 C:\WinAVR-20100110\avr\lib\avr6\libm.a(floor.o)
 .bss           0x0080068d        0x0 C:\WinAVR-20100110\avr\lib\avr6\libm.a(fp_cmp.o)
 .bss           0x0080068d        0x0 C:\WinAVR-20100110\avr\lib\avr6\libm.a(fp_inf.o)
 .bss           0x0080068d        0x0 C:\WinAVR-20100110\avr\lib\avr6\libm.a(fp_mintl.o)
 .bss           0x0080068d        0x0 C:\WinAVR-20100110\avr\lib\avr6\libm.a(fp_mpack.o)
 .bss           0x0080068d        0x0 C:\WinAVR-20100110\avr\lib\avr6\libm.a(fp_nan.o)
 .bss           0x0080068d        0x0 C:\WinAVR-20100110\avr\lib\avr6\libm.a(fp_powser.o)
 .bss           0x0080068d        0x0 C:\WinAVR-20100110\avr\lib\avr6\libm.a(fp_pscA.o)
 .bss           0x0080068d        0x0 C:\WinAVR-20100110\avr\lib\avr6\libm.a(fp_pscB.o)
 .bss           0x0080068d        0x0 C:\WinAVR-20100110\avr\lib\avr6\libm.a(fp_round.o)
 .bss           0x0080068d        0x0 C:\WinAVR-20100110\avr\lib\avr6\libm.a(fp_split3.o)
 .bss           0x0080068d        0x0 C:\WinAVR-20100110\avr\lib\avr6\libm.a(fp_trunc.o)
 .bss           0x0080068d        0x0 C:\WinAVR-20100110\avr\lib\avr6\libm.a(fp_zero.o)
 .bss           0x0080068d        0x0 C:\WinAVR-20100110\avr\lib\avr6\libm.a(gesf2.o)
 .bss           0x0080068d        0x0 C:\WinAVR-20100110\avr\lib\avr6\libm.a(inverse.o)
 .bss           0x0080068d        0x0 C:\WinAVR-20100110\avr\lib\avr6\libm.a(lround.o)
 .bss           0x0080068d        0x0 C:\WinAVR-20100110\avr\lib\avr6\libm.a(modf.o)
 .bss           0x0080068d        0x0 C:\WinAVR-20100110\avr\lib\avr6\libm.a(mulsf3.o)
 .bss           0x0080068d        0x0 C:\WinAVR-20100110\avr\lib\avr6\libm.a(mulsf3x.o)
 .bss           0x0080068d        0x0 C:\WinAVR-20100110\avr\lib\avr6\libm.a(round.o)
 .bss           0x0080068d        0x0 C:\WinAVR-20100110\avr\lib\avr6\libm.a(sqrt.o)
 .bss           0x0080068d        0x0 C:\WinAVR-20100110\avr\lib\avr6\libm.a(square.o)
 .bss           0x0080068d        0x0 C:\WinAVR-20100110\avr\lib\avr6\libm.a(trunc.o)
 .bss           0x0080068d        0x0 C:\WinAVR-20100110\avr\lib\avr6\libm.a(fp_norm2.o)
 .bss           0x0080068d        0x0 c:/winavr-20100110/bin/../lib/gcc/avr/4.3.3/avr6\libgcc.a(_mulsi3.o)
 .bss           0x0080068d        0x0 c:/winavr-20100110/bin/../lib/gcc/avr/4.3.3/avr6\libgcc.a(_divmodhi4.o)
 .bss           0x0080068d        0x0 c:/winavr-20100110/bin/../lib/gcc/avr/4.3.3/avr6\libgcc.a(_udivmodsi4.o)
 .bss           0x0080068d        0x0 c:/winavr-20100110/bin/../lib/gcc/avr/4.3.3/avr6\libgcc.a(_divmodsi4.o)
 .bss           0x0080068d        0x0 c:/winavr-20100110/bin/../lib/gcc/avr/4.3.3/avr6\libgcc.a(_exit.o)
 .bss           0x0080068d        0x0 c:/winavr-20100110/bin/../lib/gcc/avr/4.3.3/avr6\libgcc.a(_clear_bss.o)
 .bss           0x0080068d        0x0 c:/winavr-20100110/bin/../lib/gcc/avr/4.3.3/avr6\libgcc.a(_udivmodhi4.o)
 .bss           0x0080068d        0x0 C:\WinAVR-20100110\avr\lib\avr6\libc.a(rand.o)
 .bss           0x0080068d        0x0 C:\WinAVR-20100110\avr\lib\avr6\libc.a(strtod.o)
 .bss           0x0080068d        0x0 C:\WinAVR-20100110\avr\lib\avr6\libc.a(isspace.o)
 .bss           0x0080068d        0x0 C:\WinAVR-20100110\avr\lib\avr6\libc.a(strncasecmp_P.o)
 .bss           0x0080068d        0x0 C:\WinAVR-20100110\avr\lib\avr6\libc.a(errno.o)
 .bss           0x0080068d        0x0 C:\WinAVR-20100110\avr\lib\avr6\libc.a(cty_isfalse.o)
 *(.bss*)
 *(COMMON)
 COMMON         0x0080068d       0x26 settings.o
                0x0080068d                settings
 COMMON         0x008006b3        0x1 stepper.o
                0x008006b3                dir_bits
 COMMON         0x008006b4       0x42 usb.o
                0x008006b4                deviceTable
 COMMON         0x008006f6        0x2 C:\WinAVR-20100110\avr\lib\avr6\libc.a(errno.o)
                0x008006f6                errno
                0x008006f8                PROVIDE (__bss_end, .)
                0x0000635a                __data_load_start = LOADADDR (.data)
                0x00006360                __data_load_end = (__data_load_start + SIZEOF (.data))

.noinit         0x008006f8        0x0
                0x008006f8                PROVIDE (__noinit_start, .)
 *(.noinit*)
                0x008006f8                PROVIDE (__noinit_end, .)
                0x008006f8                _end = .
                0x008006f8                PROVIDE (__heap_start, .)

.eeprom         0x00810000        0x0
 *(.eeprom*)
                0x00810000                __eeprom_end = .

.fuse
 *(.fuse)
 *(.lfuse)
 *(.hfuse)
 *(.efuse)

.lock
 *(.lock*)

.signature
 *(.signature*)

.stab
 *(.stab)

.stabstr
 *(.stabstr)

.stab.excl
 *(.stab.excl)

.stab.exclstr
 *(.stab.exclstr)

.stab.index
 *(.stab.index)

.stab.indexstr
 *(.stab.indexstr)

.comment
 *(.comment)

.debug
 *(.debug)

.line
 *(.line)

.debug_srcinfo
 *(.debug_srcinfo)

.debug_sfnames
 *(.debug_sfnames)

.debug_aranges  0x00000000      0x688
 *(.debug_aranges)
 .debug_aranges
                0x00000000       0x28 coolant_control.o
 .debug_aranges
                0x00000028       0x38 eeprom.o
 .debug_aranges
                0x00000060       0x60 gcode.o
 .debug_aranges
                0x000000c0       0x20 main.o
 .debug_aranges
                0x000000e0       0x28 motion_control.o
 .debug_aranges
                0x00000108       0x90 planner.o
 .debug_aranges
                0x00000198       0x28 serial_protocol.o
 .debug_aranges
                0x000001c0       0x48 settings.o
 .debug_aranges
                0x00000208       0x38 spindle_control.o
 .debug_aranges
                0x00000240       0xb8 stepper.o
 .debug_aranges
                0x000002f8       0x80 wiring_serial.o
 .debug_aranges
                0x00000378       0x50 atc_control.o
 .debug_aranges
                0x000003c8       0x38 head_control.o
 .debug_aranges
                0x00000400       0x78 panel_control.o
 .debug_aranges
                0x00000478       0x50 vacuum_control.o
 .debug_aranges
                0x000004c8       0x38 tape_knock.o
 .debug_aranges
                0x00000500       0xd0 usb.o
 .debug_aranges
                0x000005d0       0x78 max3421e.o
 .debug_aranges
                0x00000648       0x40 SPI.o

.debug_pubnames
                0x00000000      0xccd
 *(.debug_pubnames)
 .debug_pubnames
                0x00000000       0x35 coolant_control.o
 .debug_pubnames
                0x00000035       0x82 eeprom.o
 .debug_pubnames
                0x000000b7       0x9d gcode.o
 .debug_pubnames
                0x00000154       0x1b main.o
 .debug_pubnames
                0x0000016f       0x2e motion_control.o
 .debug_pubnames
                0x0000019d      0x1c0 planner.o
 .debug_pubnames
                0x0000035d       0x2d serial_protocol.o
 .debug_pubnames
                0x0000038a       0x96 settings.o
 .debug_pubnames
                0x00000420       0x54 spindle_control.o
 .debug_pubnames
                0x00000474      0x17c stepper.o
 .debug_pubnames
                0x000005f0      0x113 wiring_serial.o
 .debug_pubnames
                0x00000703       0x77 atc_control.o
 .debug_pubnames
                0x0000077a       0x4e head_control.o
 .debug_pubnames
                0x000007c8       0xbc panel_control.o
 .debug_pubnames
                0x00000884       0x80 vacuum_control.o
 .debug_pubnames
                0x00000904       0x50 tape_knock.o
 .debug_pubnames
                0x00000954      0x1e6 usb.o
 .debug_pubnames
                0x00000b3a      0x127 max3421e.o
 .debug_pubnames
                0x00000c61       0x6c SPI.o

.debug_info     0x00000000     0x5488
 *(.debug_info)
 .debug_info    0x00000000       0xa5 coolant_control.o
 .debug_info    0x000000a5      0x1da eeprom.o
 .debug_info    0x0000027f      0x9bd gcode.o
 .debug_info    0x00000c3c       0xc6 main.o
 .debug_info    0x00000d02      0x15e motion_control.o
 .debug_info    0x00000e60      0x8ea planner.o
 .debug_info    0x0000174a      0x286 serial_protocol.o
 .debug_info    0x000019d0      0x522 settings.o
 .debug_info    0x00001ef2      0x22d spindle_control.o
 .debug_info    0x0000211f      0xadf stepper.o
 .debug_info    0x00002bfe      0x469 wiring_serial.o
 .debug_info    0x00003067      0x2da atc_control.o
 .debug_info    0x00003341      0x20a head_control.o
 .debug_info    0x0000354b      0x293 panel_control.o
 .debug_info    0x000037de      0x721 vacuum_control.o
 .debug_info    0x00003eff      0x347 tape_knock.o
 .debug_info    0x00004246      0xd10 usb.o
 .debug_info    0x00004f56      0x3f1 max3421e.o
 .debug_info    0x00005347      0x141 SPI.o
 *(.gnu.linkonce.wi.*)

.debug_abbrev   0x00000000     0x1bc3
 *(.debug_abbrev)
 .debug_abbrev  0x00000000       0x6c coolant_control.o
 .debug_abbrev  0x0000006c      0x109 eeprom.o
 .debug_abbrev  0x00000175      0x261 gcode.o
 .debug_abbrev  0x000003d6       0x87 main.o
 .debug_abbrev  0x0000045d       0xfd motion_control.o
 .debug_abbrev  0x0000055a      0x206 planner.o
 .debug_abbrev  0x00000760       0xfc serial_protocol.o
 .debug_abbrev  0x0000085c      0x10b settings.o
 .debug_abbrev  0x00000967      0x12d spindle_control.o
 .debug_abbrev  0x00000a94      0x361 stepper.o
 .debug_abbrev  0x00000df5      0x1d1 wiring_serial.o
 .debug_abbrev  0x00000fc6      0x16c atc_control.o
 .debug_abbrev  0x00001132      0x153 head_control.o
 .debug_abbrev  0x00001285       0xee panel_control.o
 .debug_abbrev  0x00001373      0x1d7 vacuum_control.o
 .debug_abbrev  0x0000154a      0x11a tape_knock.o
 .debug_abbrev  0x00001664      0x2b8 usb.o
 .debug_abbrev  0x0000191c      0x1b8 max3421e.o
 .debug_abbrev  0x00001ad4       0xef SPI.o

.debug_line     0x00000000     0x4d9f
 *(.debug_line)
 .debug_line    0x00000000       0xa2 coolant_control.o
 .debug_line    0x000000a2      0x2ad eeprom.o
 .debug_line    0x0000034f      0x872 gcode.o
 .debug_line    0x00000bc1       0xf5 main.o
 .debug_line    0x00000cb6      0x19d motion_control.o
 .debug_line    0x00000e53      0x714 planner.o
 .debug_line    0x00001567      0x1db serial_protocol.o
 .debug_line    0x00001742      0x3f0 settings.o
 .debug_line    0x00001b32      0x1e9 spindle_control.o
 .debug_line    0x00001d1b      0xba0 stepper.o
 .debug_line    0x000028bb      0x3cc wiring_serial.o
 .debug_line    0x00002c87      0x40b atc_control.o
 .debug_line    0x00003092      0x21c head_control.o
 .debug_line    0x000032ae      0x2f0 panel_control.o
 .debug_line    0x0000359e      0x542 vacuum_control.o
 .debug_line    0x00003ae0      0x2d1 tape_knock.o
 .debug_line    0x00003db1      0x9dd usb.o
 .debug_line    0x0000478e      0x49c max3421e.o
 .debug_line    0x00004c2a      0x175 SPI.o

.debug_frame    0x00000000      0xab0
 *(.debug_frame)
 .debug_frame   0x00000000       0x30 coolant_control.o
 .debug_frame   0x00000030       0x50 eeprom.o
 .debug_frame   0x00000080       0xa0 gcode.o
 .debug_frame   0x00000120       0x20 main.o
 .debug_frame   0x00000140       0x30 motion_control.o
 .debug_frame   0x00000170      0x100 planner.o
 .debug_frame   0x00000270       0x30 serial_protocol.o
 .debug_frame   0x000002a0       0x70 settings.o
 .debug_frame   0x00000310       0x50 spindle_control.o
 .debug_frame   0x00000360      0x150 stepper.o
 .debug_frame   0x000004b0       0xe0 wiring_serial.o
 .debug_frame   0x00000590       0x80 atc_control.o
 .debug_frame   0x00000610       0x50 head_control.o
 .debug_frame   0x00000660       0xd0 panel_control.o
 .debug_frame   0x00000730       0x80 vacuum_control.o
 .debug_frame   0x000007b0       0x50 tape_knock.o
 .debug_frame   0x00000800      0x180 usb.o
 .debug_frame   0x00000980       0xd0 max3421e.o
 .debug_frame   0x00000a50       0x60 SPI.o

.debug_str      0x00000000     0x1618
 *(.debug_str)
 .debug_str     0x00000000       0xaa coolant_control.o
                                 0xe5 (size before relaxing)
 .debug_str     0x000000aa       0xa7 eeprom.o
                                0x168 (size before relaxing)
 .debug_str     0x00000151      0x283 gcode.o
                                0x39a (size before relaxing)
 .debug_str     0x000003d4       0x17 main.o
                                 0xd1 (size before relaxing)
 .debug_str     0x000003eb       0x7a motion_control.o
                                0x12f (size before relaxing)
 .debug_str     0x00000465      0x403 planner.o
                                0x5f9 (size before relaxing)
 .debug_str     0x00000868       0x37 serial_protocol.o
                                0x11e (size before relaxing)
 .debug_str     0x0000089f       0x7f settings.o
                                0x1d4 (size before relaxing)
 .debug_str     0x0000091e       0x64 spindle_control.o
                                0x176 (size before relaxing)
 .debug_str     0x00000982      0x239 stepper.o
                                0x51f (size before relaxing)
 .debug_str     0x00000bbb      0x11b wiring_serial.o
                                0x1ed (size before relaxing)
 .debug_str     0x00000cd6       0x61 atc_control.o
                                0x188 (size before relaxing)
 .debug_str     0x00000d37       0x34 head_control.o
                                0x141 (size before relaxing)
 .debug_str     0x00000d6b       0x98 panel_control.o
                                0x158 (size before relaxing)
 .debug_str     0x00000e03       0x62 vacuum_control.o
                                0x196 (size before relaxing)
 .debug_str     0x00000e65       0x4c tape_knock.o
                                0x149 (size before relaxing)
 .debug_str     0x00000eb1      0x59e usb.o
                                0x6bf (size before relaxing)
 .debug_str     0x0000144f      0x12d max3421e.o
                                0x362 (size before relaxing)
 .debug_str     0x0000157c       0x9c SPI.o
                                0x161 (size before relaxing)

.debug_loc      0x00000000     0x359a
 *(.debug_loc)
 .debug_loc     0x00000000      0x1f7 eeprom.o
 .debug_loc     0x000001f7      0x99a gcode.o
 .debug_loc     0x00000b91       0xbc motion_control.o
 .debug_loc     0x00000c4d      0x825 planner.o
 .debug_loc     0x00001472       0xce serial_protocol.o
 .debug_loc     0x00001540      0x1bf settings.o
 .debug_loc     0x000016ff       0x3b spindle_control.o
 .debug_loc     0x0000173a      0x401 stepper.o
 .debug_loc     0x00001b3b      0x2dd wiring_serial.o
 .debug_loc     0x00001e18      0x140 atc_control.o
 .debug_loc     0x00001f58       0x78 head_control.o
 .debug_loc     0x00001fd0      0x389 vacuum_control.o
 .debug_loc     0x00002359      0x138 tape_knock.o
 .debug_loc     0x00002491      0xef5 usb.o
 .debug_loc     0x00003386      0x1f6 max3421e.o
 .debug_loc     0x0000357c       0x1e SPI.o

.debug_macinfo
 *(.debug_macinfo)
OUTPUT(grbl.elf elf32-avr)
LOAD linker stubs

.debug_ranges   0x00000000      0xbb8
 .debug_ranges  0x00000000       0x20 coolant_control.o
 .debug_ranges  0x00000020       0x60 eeprom.o
 .debug_ranges  0x00000080       0xa0 gcode.o
 .debug_ranges  0x00000120       0x18 main.o
 .debug_ranges  0x00000138       0x50 motion_control.o
 .debug_ranges  0x00000188       0xa0 planner.o
 .debug_ranges  0x00000228       0x40 serial_protocol.o
 .debug_ranges  0x00000268       0x40 settings.o
 .debug_ranges  0x000002a8       0xf0 spindle_control.o
 .debug_ranges  0x00000398      0x428 stepper.o
 .debug_ranges  0x000007c0       0xc8 wiring_serial.o
 .debug_ranges  0x00000888       0x48 atc_control.o
 .debug_ranges  0x000008d0       0x30 head_control.o
 .debug_ranges  0x00000900       0x70 panel_control.o
 .debug_ranges  0x00000970       0x90 vacuum_control.o
 .debug_ranges  0x00000a00       0x30 tape_knock.o
 .debug_ranges  0x00000a30       0xe0 usb.o
 .debug_ranges  0x00000b10       0x70 max3421e.o
 .debug_ranges  0x00000b80       0x38 SPI.o
