Archive member included because of file (symbol)

C:\WinAVR-20100110\avr\lib\avr6\libm.a(addsf3.o)
                              gcode.o (__subsf3)
C:\WinAVR-20100110\avr\lib\avr6\libm.a(addsf3x.o)
                              C:\WinAVR-20100110\avr\lib\avr6\libm.a(addsf3.o) (__addsf3x)
C:\WinAVR-20100110\avr\lib\avr6\libm.a(atan.o)
                              gcode.o (atan)
C:\WinAVR-20100110\avr\lib\avr6\libm.a(ceil.o)
                              planner.o (ceil)
C:\WinAVR-20100110\avr\lib\avr6\libm.a(cmpsf2.o)
                              settings.o (__nesf2)
C:\WinAVR-20100110\avr\lib\avr6\libm.a(divsf3.o)
                              gcode.o (__divsf3)
C:\WinAVR-20100110\avr\lib\avr6\libm.a(divsf3x.o)
                              C:\WinAVR-20100110\avr\lib\avr6\libm.a(divsf3.o) (__divsf3x)
C:\WinAVR-20100110\avr\lib\avr6\libm.a(fixsfsi.o)
                              gcode.o (__fixsfsi)
C:\WinAVR-20100110\avr\lib\avr6\libm.a(fixunssfsi.o)
                              gcode.o (__fixunssfsi)
C:\WinAVR-20100110\avr\lib\avr6\libm.a(floatsisf.o)
                              motion_control.o (__floatunsisf)
C:\WinAVR-20100110\avr\lib\avr6\libm.a(floor.o)
                              planner.o (floor)
C:\WinAVR-20100110\avr\lib\avr6\libm.a(fp_cmp.o)
                              C:\WinAVR-20100110\avr\lib\avr6\libm.a(cmpsf2.o) (__fp_cmp)
C:\WinAVR-20100110\avr\lib\avr6\libm.a(fp_inf.o)
                              C:\WinAVR-20100110\avr\lib\avr6\libm.a(addsf3x.o) (__fp_inf)
C:\WinAVR-20100110\avr\lib\avr6\libm.a(fp_mintl.o)
                              C:\WinAVR-20100110\avr\lib\avr6\libm.a(ceil.o) (__fp_mintl)
C:\WinAVR-20100110\avr\lib\avr6\libm.a(fp_mpack.o)
                              C:\WinAVR-20100110\avr\lib\avr6\libm.a(ceil.o) (__fp_mpack)
C:\WinAVR-20100110\avr\lib\avr6\libm.a(fp_nan.o)
                              C:\WinAVR-20100110\avr\lib\avr6\libm.a(addsf3x.o) (__fp_nan)
C:\WinAVR-20100110\avr\lib\avr6\libm.a(fp_powser.o)
                              C:\WinAVR-20100110\avr\lib\avr6\libm.a(atan.o) (__fp_powser)
C:\WinAVR-20100110\avr\lib\avr6\libm.a(fp_pscA.o)
                              C:\WinAVR-20100110\avr\lib\avr6\libm.a(addsf3x.o) (__fp_pscA)
C:\WinAVR-20100110\avr\lib\avr6\libm.a(fp_pscB.o)
                              C:\WinAVR-20100110\avr\lib\avr6\libm.a(addsf3x.o) (__fp_pscB)
C:\WinAVR-20100110\avr\lib\avr6\libm.a(fp_round.o)
                              C:\WinAVR-20100110\avr\lib\avr6\libm.a(addsf3.o) (__fp_round)
C:\WinAVR-20100110\avr\lib\avr6\libm.a(fp_split3.o)
                              C:\WinAVR-20100110\avr\lib\avr6\libm.a(addsf3x.o) (__fp_split3)
C:\WinAVR-20100110\avr\lib\avr6\libm.a(fp_trunc.o)
                              C:\WinAVR-20100110\avr\lib\avr6\libm.a(ceil.o) (__fp_trunc)
C:\WinAVR-20100110\avr\lib\avr6\libm.a(fp_zero.o)
                              C:\WinAVR-20100110\avr\lib\avr6\libm.a(addsf3x.o) (__fp_zero)
C:\WinAVR-20100110\avr\lib\avr6\libm.a(gesf2.o)
                              gcode.o (__gtsf2)
C:\WinAVR-20100110\avr\lib\avr6\libm.a(inverse.o)
                              C:\WinAVR-20100110\avr\lib\avr6\libm.a(atan.o) (inverse)
C:\WinAVR-20100110\avr\lib\avr6\libm.a(lround.o)
                              planner.o (lround)
C:\WinAVR-20100110\avr\lib\avr6\libm.a(modf.o)
                              wiring_serial.o (modf)
C:\WinAVR-20100110\avr\lib\avr6\libm.a(mulsf3.o)
                              gcode.o (__mulsf3)
C:\WinAVR-20100110\avr\lib\avr6\libm.a(mulsf3x.o)
                              C:\WinAVR-20100110\avr\lib\avr6\libm.a(atan.o) (__mulsf3x)
C:\WinAVR-20100110\avr\lib\avr6\libm.a(round.o)
                              settings.o (round)
C:\WinAVR-20100110\avr\lib\avr6\libm.a(sqrt.o)
                              planner.o (sqrt)
C:\WinAVR-20100110\avr\lib\avr6\libm.a(square.o)
                              planner.o (square)
C:\WinAVR-20100110\avr\lib\avr6\libm.a(trunc.o)
                              gcode.o (trunc)
C:\WinAVR-20100110\avr\lib\avr6\libm.a(fp_norm2.o)
                              C:\WinAVR-20100110\avr\lib\avr6\libm.a(sqrt.o) (__fp_norm2)
d:/winavr-20100110/bin/../lib/gcc/avr/4.3.3/avr6\libgcc.a(_mulsi3.o)
                              planner.o (__mulsi3)
d:/winavr-20100110/bin/../lib/gcc/avr/4.3.3/avr6\libgcc.a(_divmodhi4.o)
                              planner.o (__divmodhi4)
d:/winavr-20100110/bin/../lib/gcc/avr/4.3.3/avr6\libgcc.a(_udivmodsi4.o)
                              stepper.o (__udivmodsi4)
d:/winavr-20100110/bin/../lib/gcc/avr/4.3.3/avr6\libgcc.a(_divmodsi4.o)
                              wiring_serial.o (__divmodsi4)
d:/winavr-20100110/bin/../lib/gcc/avr/4.3.3/avr6\libgcc.a(_exit.o)
                              d:/winavr-20100110/bin/../lib/gcc/avr/4.3.3/../../../../avr/lib/avr6/crtm2560.o (exit)
d:/winavr-20100110/bin/../lib/gcc/avr/4.3.3/avr6\libgcc.a(_clear_bss.o)
                              gcode.o (__do_clear_bss)
d:/winavr-20100110/bin/../lib/gcc/avr/4.3.3/avr6\libgcc.a(_udivmodhi4.o)
                              d:/winavr-20100110/bin/../lib/gcc/avr/4.3.3/avr6\libgcc.a(_divmodhi4.o) (__udivmodhi4)
C:\WinAVR-20100110\avr\lib\avr6\libc.a(strtod.o)
                              gcode.o (strtod)
C:\WinAVR-20100110\avr\lib\avr6\libc.a(isspace.o)
                              C:\WinAVR-20100110\avr\lib\avr6\libc.a(strtod.o) (isspace)
C:\WinAVR-20100110\avr\lib\avr6\libc.a(strncasecmp_P.o)
                              C:\WinAVR-20100110\avr\lib\avr6\libc.a(strtod.o) (strncasecmp_P)
C:\WinAVR-20100110\avr\lib\avr6\libc.a(errno.o)
                              C:\WinAVR-20100110\avr\lib\avr6\libc.a(strtod.o) (errno)
C:\WinAVR-20100110\avr\lib\avr6\libc.a(cty_isfalse.o)
                              C:\WinAVR-20100110\avr\lib\avr6\libc.a(isspace.o) (__ctype_isfalse)

Allocating common symbols
Common symbol       size              file

errno               0x2               C:\WinAVR-20100110\avr\lib\avr6\libc.a(errno.o)
settings            0x26              settings.o
dir_bits            0x1               stepper.o

Memory Configuration

Name             Origin             Length             Attributes
text             0x00000000         0x00100000         xr
data             0x00800200         0x0000fe00         rw !x
eeprom           0x00810000         0x00010000         rw !x
fuse             0x00820000         0x00000400         rw !x
lock             0x00830000         0x00000400         rw !x
signature        0x00840000         0x00000400         rw !x
*default*        0x00000000         0xffffffff

Linker script and memory map

Address of section .data set to 0x800200
LOAD d:/winavr-20100110/bin/../lib/gcc/avr/4.3.3/../../../../avr/lib/avr6/crtm2560.o
LOAD coolant_control.o
LOAD eeprom.o
LOAD gcode.o
LOAD main.o
LOAD motion_control.o
LOAD planner.o
LOAD serial_protocol.o
LOAD settings.o
LOAD spindle_control.o
LOAD stepper.o
LOAD wiring_serial.o
LOAD atc_control.o
LOAD head_control.o
LOAD panel_control.o
LOAD vacuum_control.o
LOAD tape_knock.o
LOAD C:\WinAVR-20100110\avr\lib\avr6\libm.a
LOAD d:/winavr-20100110/bin/../lib/gcc/avr/4.3.3/avr6\libgcc.a
LOAD C:\WinAVR-20100110\avr\lib\avr6\libc.a
LOAD d:/winavr-20100110/bin/../lib/gcc/avr/4.3.3/avr6\libgcc.a

.hash
 *(.hash)

.dynsym
 *(.dynsym)

.dynstr
 *(.dynstr)

.gnu.version
 *(.gnu.version)

.gnu.version_d
 *(.gnu.version_d)

.gnu.version_r
 *(.gnu.version_r)

.rel.init
 *(.rel.init)

.rela.init
 *(.rela.init)

.rel.text
 *(.rel.text)
 *(.rel.text.*)
 *(.rel.gnu.linkonce.t*)

.rela.text
 *(.rela.text)
 *(.rela.text.*)
 *(.rela.gnu.linkonce.t*)

.rel.fini
 *(.rel.fini)

.rela.fini
 *(.rela.fini)

.rel.rodata
 *(.rel.rodata)
 *(.rel.rodata.*)
 *(.rel.gnu.linkonce.r*)

.rela.rodata
 *(.rela.rodata)
 *(.rela.rodata.*)
 *(.rela.gnu.linkonce.r*)

.rel.data
 *(.rel.data)
 *(.rel.data.*)
 *(.rel.gnu.linkonce.d*)

.rela.data
 *(.rela.data)
 *(.rela.data.*)
 *(.rela.gnu.linkonce.d*)

.rel.ctors
 *(.rel.ctors)

.rela.ctors
 *(.rela.ctors)

.rel.dtors
 *(.rel.dtors)

.rela.dtors
 *(.rela.dtors)

.rel.got
 *(.rel.got)

.rela.got
 *(.rela.got)

.rel.bss
 *(.rel.bss)

.rela.bss
 *(.rela.bss)

.rel.plt
 *(.rel.plt)

.rela.plt
 *(.rela.plt)

.text           0x00000000     0x45b8
 *(.vectors)
 .vectors       0x00000000       0xe4 d:/winavr-20100110/bin/../lib/gcc/avr/4.3.3/../../../../avr/lib/avr6/crtm2560.o
                0x00000000                __vectors
                0x00000000                __vector_default
 *(.vectors)
 *(.progmem.gcc*)
 .progmem.gcc_sw_table
                0x000000e4       0x7a gcode.o
 .progmem.gcc_fplib
                0x0000015e       0x2d C:\WinAVR-20100110\avr\lib\avr6\libm.a(atan.o)
 *(.progmem*)
 .progmem.data  0x0000018b       0xa5 gcode.o
 .progmem.data  0x00000230        0x5 main.o
 .progmem.data  0x00000235       0x97 serial_protocol.o
 .progmem.data  0x000002cc      0x1f5 settings.o
 .progmem.data  0x000004c1       0x22 stepper.o
 .progmem.data  0x000004e3       0x12 head_control.o
 .progmem.data  0x000004f5        0x8 vacuum_control.o
 .progmem.data  0x000004fd       0x3b C:\WinAVR-20100110\avr\lib\avr6\libc.a(strtod.o)
                0x00000538                . = ALIGN (0x2)
                0x00000538                __trampolines_start = .
 *(.trampolines)
 .trampolines   0x00000538        0x0 linker stubs
 *(.trampolines*)
                0x00000538                __trampolines_end = .
 *(.jumptables)
 *(.jumptables*)
 *(.lowtext)
 *(.lowtext*)
                0x00000538                __ctors_start = .
 *(.ctors)
                0x00000538                __ctors_end = .
                0x00000538                __dtors_start = .
 *(.dtors)
                0x00000538                __dtors_end = .
 SORT(*)(.ctors)
 SORT(*)(.dtors)
 *(.init0)
 .init0         0x00000538        0x0 d:/winavr-20100110/bin/../lib/gcc/avr/4.3.3/../../../../avr/lib/avr6/crtm2560.o
                0x00000538                __init
 *(.init0)
 *(.init1)
 *(.init1)
 *(.init2)
 .init2         0x00000538       0x10 d:/winavr-20100110/bin/../lib/gcc/avr/4.3.3/../../../../avr/lib/avr6/crtm2560.o
 *(.init2)
 *(.init3)
 *(.init3)
 *(.init4)
 .init4         0x00000548       0x1a d:/winavr-20100110/bin/../lib/gcc/avr/4.3.3/../../../../avr/lib/avr6/crtm2560.o
                0x00000548                __do_copy_data
 .init4         0x00000562       0x10 d:/winavr-20100110/bin/../lib/gcc/avr/4.3.3/avr6\libgcc.a(_clear_bss.o)
                0x00000562                __do_clear_bss
 *(.init4)
 *(.init5)
 *(.init5)
 *(.init6)
 *(.init6)
 *(.init7)
 *(.init7)
 *(.init8)
 *(.init8)
 *(.init9)
 .init9         0x00000572        0x8 d:/winavr-20100110/bin/../lib/gcc/avr/4.3.3/../../../../avr/lib/avr6/crtm2560.o
 *(.init9)
 *(.text)
 .text          0x0000057a        0x4 d:/winavr-20100110/bin/../lib/gcc/avr/4.3.3/../../../../avr/lib/avr6/crtm2560.o
                0x0000057a                __vector_38
                0x0000057a                __vector_22
                0x0000057a                __vector_28
                0x0000057a                __vector_1
                0x0000057a                __vector_32
                0x0000057a                __vector_34
                0x0000057a                __vector_24
                0x0000057a                __vector_12
                0x0000057a                __vector_55
                0x0000057a                __vector_46
                0x0000057a                __bad_interrupt
                0x0000057a                __vector_6
                0x0000057a                __vector_31
                0x0000057a                __vector_35
                0x0000057a                __vector_39
                0x0000057a                __vector_3
                0x0000057a                __vector_23
                0x0000057a                __vector_30
                0x0000057a                __vector_45
                0x0000057a                __vector_11
                0x0000057a                __vector_54
                0x0000057a                __vector_13
                0x0000057a                __vector_19
                0x0000057a                __vector_56
                0x0000057a                __vector_7
                0x0000057a                __vector_49
                0x0000057a                __vector_41
                0x0000057a                __vector_43
                0x0000057a                __vector_27
                0x0000057a                __vector_5
                0x0000057a                __vector_33
                0x0000057a                __vector_47
                0x0000057a                __vector_52
                0x0000057a                __vector_37
                0x0000057a                __vector_4
                0x0000057a                __vector_44
                0x0000057a                __vector_51
                0x0000057a                __vector_9
                0x0000057a                __vector_2
                0x0000057a                __vector_21
                0x0000057a                __vector_36
                0x0000057a                __vector_29
                0x0000057a                __vector_40
                0x0000057a                __vector_8
                0x0000057a                __vector_26
                0x0000057a                __vector_48
                0x0000057a                __vector_14
                0x0000057a                __vector_53
                0x0000057a                __vector_10
                0x0000057a                __vector_50
                0x0000057a                __vector_16
                0x0000057a                __vector_18
                0x0000057a                __vector_20
                0x0000057a                __vector_42
 .text          0x0000057e        0x0 coolant_control.o
 .text          0x0000057e        0x0 eeprom.o
 .text          0x0000057e        0x0 gcode.o
 .text          0x0000057e        0x0 main.o
 .text          0x0000057e        0x0 motion_control.o
 .text          0x0000057e        0x0 planner.o
 .text          0x0000057e        0x0 serial_protocol.o
 .text          0x0000057e        0x0 settings.o
 .text          0x0000057e        0x0 spindle_control.o
 .text          0x0000057e        0x0 stepper.o
 .text          0x0000057e        0x0 wiring_serial.o
 .text          0x0000057e        0x0 atc_control.o
 .text          0x0000057e        0x0 head_control.o
 .text          0x0000057e        0x0 panel_control.o
 .text          0x0000057e        0x0 vacuum_control.o
 .text          0x0000057e        0x0 tape_knock.o
 .text          0x0000057e        0x0 C:\WinAVR-20100110\avr\lib\avr6\libm.a(addsf3.o)
 .text          0x0000057e        0x0 C:\WinAVR-20100110\avr\lib\avr6\libm.a(addsf3x.o)
 .text          0x0000057e        0x0 C:\WinAVR-20100110\avr\lib\avr6\libm.a(atan.o)
 .text          0x0000057e        0x0 C:\WinAVR-20100110\avr\lib\avr6\libm.a(ceil.o)
 .text          0x0000057e        0x0 C:\WinAVR-20100110\avr\lib\avr6\libm.a(cmpsf2.o)
 .text          0x0000057e        0x0 C:\WinAVR-20100110\avr\lib\avr6\libm.a(divsf3.o)
 .text          0x0000057e        0x0 C:\WinAVR-20100110\avr\lib\avr6\libm.a(divsf3x.o)
 .text          0x0000057e        0x0 C:\WinAVR-20100110\avr\lib\avr6\libm.a(fixsfsi.o)
 .text          0x0000057e        0x0 C:\WinAVR-20100110\avr\lib\avr6\libm.a(fixunssfsi.o)
 .text          0x0000057e        0x0 C:\WinAVR-20100110\avr\lib\avr6\libm.a(floatsisf.o)
 .text          0x0000057e        0x0 C:\WinAVR-20100110\avr\lib\avr6\libm.a(floor.o)
 .text          0x0000057e        0x0 C:\WinAVR-20100110\avr\lib\avr6\libm.a(fp_cmp.o)
 .text          0x0000057e        0x0 C:\WinAVR-20100110\avr\lib\avr6\libm.a(fp_inf.o)
 .text          0x0000057e        0x0 C:\WinAVR-20100110\avr\lib\avr6\libm.a(fp_mintl.o)
 .text          0x0000057e        0x0 C:\WinAVR-20100110\avr\lib\avr6\libm.a(fp_mpack.o)
 .text          0x0000057e        0x0 C:\WinAVR-20100110\avr\lib\avr6\libm.a(fp_nan.o)
 .text          0x0000057e        0x0 C:\WinAVR-20100110\avr\lib\avr6\libm.a(fp_powser.o)
 .text          0x0000057e        0x0 C:\WinAVR-20100110\avr\lib\avr6\libm.a(fp_pscA.o)
 .text          0x0000057e        0x0 C:\WinAVR-20100110\avr\lib\avr6\libm.a(fp_pscB.o)
 .text          0x0000057e        0x0 C:\WinAVR-20100110\avr\lib\avr6\libm.a(fp_round.o)
 .text          0x0000057e        0x0 C:\WinAVR-20100110\avr\lib\avr6\libm.a(fp_split3.o)
 .text          0x0000057e        0x0 C:\WinAVR-20100110\avr\lib\avr6\libm.a(fp_trunc.o)
 .text          0x0000057e        0x0 C:\WinAVR-20100110\avr\lib\avr6\libm.a(fp_zero.o)
 .text          0x0000057e        0x0 C:\WinAVR-20100110\avr\lib\avr6\libm.a(gesf2.o)
 .text          0x0000057e        0x0 C:\WinAVR-20100110\avr\lib\avr6\libm.a(inverse.o)
 .text          0x0000057e        0x0 C:\WinAVR-20100110\avr\lib\avr6\libm.a(lround.o)
 .text          0x0000057e        0x0 C:\WinAVR-20100110\avr\lib\avr6\libm.a(modf.o)
 .text          0x0000057e        0x0 C:\WinAVR-20100110\avr\lib\avr6\libm.a(mulsf3.o)
 .text          0x0000057e        0x0 C:\WinAVR-20100110\avr\lib\avr6\libm.a(mulsf3x.o)
 .text          0x0000057e        0x0 C:\WinAVR-20100110\avr\lib\avr6\libm.a(round.o)
 .text          0x0000057e        0x0 C:\WinAVR-20100110\avr\lib\avr6\libm.a(sqrt.o)
 .text          0x0000057e        0x0 C:\WinAVR-20100110\avr\lib\avr6\libm.a(square.o)
 .text          0x0000057e        0x0 C:\WinAVR-20100110\avr\lib\avr6\libm.a(trunc.o)
 .text          0x0000057e        0x0 C:\WinAVR-20100110\avr\lib\avr6\libm.a(fp_norm2.o)
 .text          0x0000057e        0x0 d:/winavr-20100110/bin/../lib/gcc/avr/4.3.3/avr6\libgcc.a(_mulsi3.o)
 .text          0x0000057e        0x0 d:/winavr-20100110/bin/../lib/gcc/avr/4.3.3/avr6\libgcc.a(_divmodhi4.o)
 .text          0x0000057e        0x0 d:/winavr-20100110/bin/../lib/gcc/avr/4.3.3/avr6\libgcc.a(_udivmodsi4.o)
 .text          0x0000057e        0x0 d:/winavr-20100110/bin/../lib/gcc/avr/4.3.3/avr6\libgcc.a(_divmodsi4.o)
 .text          0x0000057e        0x0 d:/winavr-20100110/bin/../lib/gcc/avr/4.3.3/avr6\libgcc.a(_exit.o)
 .text          0x0000057e        0x0 d:/winavr-20100110/bin/../lib/gcc/avr/4.3.3/avr6\libgcc.a(_clear_bss.o)
 .text          0x0000057e        0x0 d:/winavr-20100110/bin/../lib/gcc/avr/4.3.3/avr6\libgcc.a(_udivmodhi4.o)
 .text          0x0000057e        0x0 C:\WinAVR-20100110\avr\lib\avr6\libc.a(strtod.o)
 .text          0x0000057e        0x0 C:\WinAVR-20100110\avr\lib\avr6\libc.a(isspace.o)
 .text          0x0000057e        0x0 C:\WinAVR-20100110\avr\lib\avr6\libc.a(strncasecmp_P.o)
 .text          0x0000057e        0x0 C:\WinAVR-20100110\avr\lib\avr6\libc.a(errno.o)
 .text          0x0000057e        0x0 C:\WinAVR-20100110\avr\lib\avr6\libc.a(cty_isfalse.o)
                0x0000057e                . = ALIGN (0x2)
 *(.text.*)
 .text.coolant_init
                0x0000057e        0x4 coolant_control.o
                0x0000057e                coolant_init
 .text.coolant_flood
                0x00000582        0xc coolant_control.o
                0x00000582                coolant_flood
 .text.eeprom_get_char
                0x0000058e       0x10 eeprom.o
                0x0000058e                eeprom_get_char
 .text.eeprom_put_char
                0x0000059e       0x36 eeprom.o
                0x0000059e                eeprom_put_char
 .text.memcpy_to_eeprom_with_checksum
                0x000005d4       0x94 eeprom.o
                0x000005d4                memcpy_to_eeprom_with_checksum
 .text.memcpy_from_eeprom_with_checksum
                0x00000668       0x6e eeprom.o
                0x00000668                memcpy_from_eeprom_with_checksum
 .text.select_plane
                0x000006d6        0xe gcode.o
                0x000006d6                select_plane
 .text.read_double
                0x000006e4       0x82 gcode.o
                0x000006e4                read_double
 .text.next_statement
                0x00000766       0x5e gcode.o
                0x00000766                next_statement
 .text.gc_init  0x000007c4       0x7c gcode.o
                0x000007c4                gc_init
 .text.gc_execute_line
                0x00000840      0x8d6 gcode.o
                0x00000840                gc_execute_line
 .text.theta    0x00001116       0x7e gcode.o
                0x00001116                theta
 .text.main     0x00001194       0x4c main.o
                0x00001194                main
 .text.mc_go_home
                0x000011e0        0x6 motion_control.o
                0x000011e0                mc_go_home
 .text.mc_dwell
                0x000011e6       0xaa motion_control.o
                0x000011e6                mc_dwell
 .text.factor_for_safe_speed
                0x00001290       0x20 planner.o
                0x00001290                factor_for_safe_speed
 .text.plan_is_acceleration_manager_enabled
                0x000012b0        0x8 planner.o
                0x000012b0                plan_is_acceleration_manager_enabled
 .text.plan_discard_current_block
                0x000012b8       0x32 planner.o
                0x000012b8                plan_discard_current_block
 .text.plan_get_current_block
                0x000012ea       0x3e planner.o
                0x000012ea                plan_get_current_block
 .text.planner_forward_pass_kernel
                0x00001328      0x10a planner.o
                0x00001328                planner_forward_pass_kernel
 .text.planner_forward_pass
                0x00001432       0x78 planner.o
                0x00001432                planner_forward_pass
 .text.plan_set_current
                0x000014aa      0x106 planner.o
                0x000014aa                plan_set_current
 .text.plan_set_acceleration_manager_enabled
                0x000015b0       0x34 planner.o
                0x000015b0                plan_set_acceleration_manager_enabled
 .text.plan_init
                0x000015e4       0x28 planner.o
                0x000015e4                plan_init
 .text.planner_reverse_pass_kernel
                0x0000160c      0x278 planner.o
                0x0000160c                planner_reverse_pass_kernel
 .text.planner_reverse_pass
                0x00001884       0x6e planner.o
                0x00001884                planner_reverse_pass
 .text.calculate_trapezoid_for_block
                0x000018f2      0x29e planner.o
                0x000018f2                calculate_trapezoid_for_block
 .text.planner_recalculate_trapezoids
                0x00001b90       0x9c planner.o
                0x00001b90                planner_recalculate_trapezoids
 .text.planner_recalculate
                0x00001c2c        0xe planner.o
                0x00001c2c                planner_recalculate
 .text.plan_buffer_line
                0x00001c3a      0x770 planner.o
                0x00001c3a                plan_buffer_line
 .text.sp_process
                0x000023aa       0xda serial_protocol.o
                0x000023aa                sp_process
 .text.sp_init  0x00002484        0xe serial_protocol.o
                0x00002484                sp_init
 .text.settings_reset
                0x00002492       0xd0 settings.o
                0x00002492                settings_reset
 .text.read_settings
                0x00002562       0x82 settings.o
                0x00002562                read_settings
 .text.write_settings
                0x000025e4       0x1c settings.o
                0x000025e4                write_settings
 .text.settings_store_setting
                0x00002600       0xf8 settings.o
                0x00002600                settings_store_setting
 .text.settings_dump
                0x000026f8      0x1a8 settings.o
                0x000026f8                settings_dump
 .text.settings_init
                0x000028a0       0x16 settings.o
                0x000028a0                settings_init
 .text.spindle_init
                0x000028b6       0x10 spindle_control.o
                0x000028b6                spindle_init
 .text.spindle_run
                0x000028c6       0x16 spindle_control.o
                0x000028c6                spindle_run
 .text.spindle_stop
                0x000028dc        0xc spindle_control.o
                0x000028dc                spindle_stop
 .text.rotate_head
                0x000028e8       0x22 spindle_control.o
                0x000028e8                rotate_head
 .text.st_wake_up
                0x0000290a        0xc stepper.o
                0x0000290a                st_wake_up
 .text.set_busy
                0x00002916        0xc stepper.o
                0x00002916                set_busy
 .text.__vector_15
                0x00002922       0x1e stepper.o
                0x00002922                __vector_15
 .text.st_enable
                0x00002940        0x4 stepper.o
                0x00002940                st_enable
 .text.st_disable
                0x00002944        0x4 stepper.o
                0x00002944                st_disable
 .text.st_is_enabled
                0x00002948       0x1c stepper.o
                0x00002948                st_is_enabled
 .text.config_step_timer
                0x00002964      0x11e stepper.o
                0x00002964                config_step_timer
 .text.set_step_events_per_minute
                0x00002a82       0x42 stepper.o
                0x00002a82                set_step_events_per_minute
 .text.st_init  0x00002ac4       0x80 stepper.o
                0x00002ac4                st_init
 .text.moveLeft
                0x00002b44       0x40 stepper.o
                0x00002b44                moveLeft
 .text.moveRight
                0x00002b84       0x42 stepper.o
                0x00002b84                moveRight
 .text.moveForward
                0x00002bc6       0x40 stepper.o
                0x00002bc6                moveForward
 .text.moveBack
                0x00002c06       0x42 stepper.o
                0x00002c06                moveBack
 .text.limits_init
                0x00002c48       0x52 stepper.o
                0x00002c48                limits_init
 .text.st_go_home
                0x00002c9a       0xe0 stepper.o
                0x00002c9a                st_go_home
 .text.st_synchronize
                0x00002d7a       0x1a stepper.o
                0x00002d7a                st_synchronize
 .text.__vector_17
                0x00002d94      0x550 stepper.o
                0x00002d94                __vector_17
 .text.beginSerial
                0x000032e4       0x78 wiring_serial.o
                0x000032e4                beginSerial
 .text.serialWrite
                0x0000335c       0x10 wiring_serial.o
                0x0000335c                serialWrite
 .text.serialAvailable
                0x0000336c       0x22 wiring_serial.o
                0x0000336c                serialAvailable
 .text.serialRead
                0x0000338e       0x3e wiring_serial.o
                0x0000338e                serialRead
 .text.serialFlush
                0x000033cc       0x12 wiring_serial.o
                0x000033cc                serialFlush
 .text.__vector_25
                0x000033de       0x82 wiring_serial.o
                0x000033de                __vector_25
 .text.printByte
                0x00003460       0x10 wiring_serial.o
                0x00003460                printByte
 .text.printString
                0x00003470       0x1a wiring_serial.o
                0x00003470                printString
 .text.printPgmString
                0x0000348a       0x1e wiring_serial.o
                0x0000348a                printPgmString
 .text.printIntegerInBase
                0x000034a8      0x11a wiring_serial.o
                0x000034a8                printIntegerInBase
 .text.printInteger
                0x000035c2       0x36 wiring_serial.o
                0x000035c2                printInteger
 .text.printBinary
                0x000035f8        0xe wiring_serial.o
                0x000035f8                printBinary
 .text.printFloat
                0x00003606       0x84 wiring_serial.o
                0x00003606                printFloat
 .text.atc_init
                0x0000368a       0x26 atc_control.o
                0x0000368a                atc_init
 .text.has_tool
                0x000036b0        0x4 atc_control.o
                0x000036b0                has_tool
 .text.atc_change
                0x000036b4      0x12a atc_control.o
                0x000036b4                atc_change
 .text.goto_vacpad
                0x000037de       0x12 atc_control.o
                0x000037de                goto_vacpad
 .text.check_for_tool
                0x000037f0       0x44 atc_control.o
                0x000037f0                check_for_tool
 .text.head_init
                0x00003834       0x1e head_control.o
                0x00003834                head_init
 .text.is_head_down
                0x00003852        0x6 head_control.o
                0x00003852                is_head_down
 .text.is_rotated
                0x00003858        0xc head_control.o
                0x00003858                is_rotated
 .text.head_down
                0x00003864       0x58 head_control.o
                0x00003864                head_down
 .text.panel_init
                0x000038bc       0x52 panel_control.o
                0x000038bc                panel_init
 .text.is_pleft
                0x0000390e        0xe panel_control.o
                0x0000390e                is_pleft
 .text.is_pright
                0x0000391c        0xe panel_control.o
                0x0000391c                is_pright
 .text.is_pback
                0x0000392a        0xc panel_control.o
                0x0000392a                is_pback
 .text.is_pforward
                0x00003936        0xc panel_control.o
                0x00003936                is_pforward
 .text.is_phead
                0x00003942        0xc panel_control.o
                0x00003942                is_phead
 .text.is_pvac  0x0000394e        0xa panel_control.o
                0x0000394e                is_pvac
 .text.is_pfast
                0x00003958        0xa panel_control.o
                0x00003958                is_pfast
 .text.is_phome
                0x00003962        0xe panel_control.o
                0x00003962                is_phome
 .text.is_pteach
                0x00003970        0xc panel_control.o
                0x00003970                is_pteach
 .text.vacuum_init
                0x0000397c       0x1a vacuum_control.o
                0x0000397c                vacuum_init
 .text.vacuum   0x00003996       0x2a vacuum_control.o
                0x00003996                vacuum
 .text.vacuum_state
                0x000039c0        0xc vacuum_control.o
                0x000039c0                vacuum_state
 .text.do_vacuum_test
                0x000039cc       0x14 vacuum_control.o
                0x000039cc                do_vacuum_test
 .text.tape_init
                0x000039e0        0xc tape_knock.o
                0x000039e0                tape_init
 .text.tape_knock
                0x000039ec       0x4a tape_knock.o
                0x000039ec                tape_knock
 .text.avr-libc.fplib
                0x00003a36        0xa C:\WinAVR-20100110\avr\lib\avr6\libm.a(addsf3.o)
                0x00003a36                __subsf3
                0x00003a38                __addsf3
 .text.avr-libc.fplib
                0x00003a40       0xc0 C:\WinAVR-20100110\avr\lib\avr6\libm.a(addsf3x.o)
                0x00003a5a                __addsf3x
 .text.avr-libc.fplib
                0x00003b00       0x50 C:\WinAVR-20100110\avr\lib\avr6\libm.a(atan.o)
                0x00003b00                atan
 .text.avr-libc.fplib
                0x00003b50       0x26 C:\WinAVR-20100110\avr\lib\avr6\libm.a(ceil.o)
                0x00003b50                ceil
 .text.avr-libc.fplib
                0x00003b76        0x8 C:\WinAVR-20100110\avr\lib\avr6\libm.a(cmpsf2.o)
                0x00003b76                __lesf2
                0x00003b76                __nesf2
                0x00003b76                __eqsf2
                0x00003b76                __cmpsf2
                0x00003b76                __ltsf2
 .text.avr-libc.fplib
                0x00003b7e        0x4 C:\WinAVR-20100110\avr\lib\avr6\libm.a(divsf3.o)
                0x00003b7e                __divsf3
 .text.avr-libc.fplib
                0x00003b82       0xcc C:\WinAVR-20100110\avr\lib\avr6\libm.a(divsf3x.o)
                0x00003b98                __divsf3x
                0x00003b9c                __divsf3_pse
 .text.avr-libc.fplib
                0x00003c4e        0xa C:\WinAVR-20100110\avr\lib\avr6\libm.a(fixsfsi.o)
                0x00003c4e                __fixsfsi
 .text.avr-libc.fplib
                0x00003c58       0x58 C:\WinAVR-20100110\avr\lib\avr6\libm.a(fixunssfsi.o)
                0x00003c58                __fixunssfsi
 .text.avr-libc.fplib
                0x00003cb0       0x7a C:\WinAVR-20100110\avr\lib\avr6\libm.a(floatsisf.o)
                0x00003cb4                __floatsisf
                0x00003cb0                __floatunsisf
 .text.avr-libc.fplib
                0x00003d2a       0x26 C:\WinAVR-20100110\avr\lib\avr6\libm.a(floor.o)
                0x00003d2a                floor
 .text.avr-libc.fplib
                0x00003d50       0x48 C:\WinAVR-20100110\avr\lib\avr6\libm.a(fp_cmp.o)
                0x00003d50                __fp_cmp
 .text.avr-libc.fplib
                0x00003d98        0xc C:\WinAVR-20100110\avr\lib\avr6\libm.a(fp_inf.o)
                0x00003d98                __fp_inf
 .text.avr-libc.fplib
                0x00003da4       0x36 C:\WinAVR-20100110\avr\lib\avr6\libm.a(fp_mintl.o)
                0x00003da4                __fp_mintl
 .text.avr-libc.fplib
                0x00003dda       0x1c C:\WinAVR-20100110\avr\lib\avr6\libm.a(fp_mpack.o)
                0x00003dde                __fp_mpack_finite
                0x00003dda                __fp_mpack
 .text.avr-libc.fplib
                0x00003df6        0x6 C:\WinAVR-20100110\avr\lib\avr6\libm.a(fp_nan.o)
                0x00003df6                __fp_nan
 .text.avr-libc.fplib
                0x00003dfc       0x4a C:\WinAVR-20100110\avr\lib\avr6\libm.a(fp_powser.o)
                0x00003dfc                __fp_powser
 .text.avr-libc.fplib
                0x00003e46        0xe C:\WinAVR-20100110\avr\lib\avr6\libm.a(fp_pscA.o)
                0x00003e46                __fp_pscA
 .text.avr-libc.fplib
                0x00003e54        0xe C:\WinAVR-20100110\avr\lib\avr6\libm.a(fp_pscB.o)
                0x00003e54                __fp_pscB
 .text.avr-libc.fplib
                0x00003e62       0x22 C:\WinAVR-20100110\avr\lib\avr6\libm.a(fp_round.o)
                0x00003e62                __fp_round
 .text.avr-libc.fplib
                0x00003e84       0x44 C:\WinAVR-20100110\avr\lib\avr6\libm.a(fp_split3.o)
                0x00003e84                __fp_split3
                0x00003e94                __fp_splitA
 .text.avr-libc.fplib
                0x00003ec8       0x2e C:\WinAVR-20100110\avr\lib\avr6\libm.a(fp_trunc.o)
                0x00003ec8                __fp_trunc
 .text.avr-libc.fplib
                0x00003ef6        0xe C:\WinAVR-20100110\avr\lib\avr6\libm.a(fp_zero.o)
                0x00003ef6                __fp_zero
                0x00003ef8                __fp_szero
 .text.avr-libc.fplib
                0x00003f04        0x8 C:\WinAVR-20100110\avr\lib\avr6\libm.a(gesf2.o)
                0x00003f04                __gtsf2
                0x00003f04                __gesf2
 .text.avr-libc.fplib
                0x00003f0c        0xe C:\WinAVR-20100110\avr\lib\avr6\libm.a(inverse.o)
                0x00003f0c                inverse
 .text.avr-libc.fplib
                0x00003f1a       0x60 C:\WinAVR-20100110\avr\lib\avr6\libm.a(lround.o)
                0x00003f1a                lround
 .text.avr-libc.fplib
                0x00003f7a       0x66 C:\WinAVR-20100110\avr\lib\avr6\libm.a(modf.o)
                0x00003f7a                modff
                0x00003f7a                modf
 .text.avr-libc.fplib
                0x00003fe0        0x4 C:\WinAVR-20100110\avr\lib\avr6\libm.a(mulsf3.o)
                0x00003fe0                __mulsf3
 .text.avr-libc.fplib
                0x00003fe4       0xc2 C:\WinAVR-20100110\avr\lib\avr6\libm.a(mulsf3x.o)
                0x00003ffc                __mulsf3_pse
                0x00003ff8                __mulsf3x
 .text.avr-libc.fplib
                0x000040a6       0x40 C:\WinAVR-20100110\avr\lib\avr6\libm.a(round.o)
                0x000040a6                round
 .text.avr-libc.fplib
                0x000040e6       0x84 C:\WinAVR-20100110\avr\lib\avr6\libm.a(sqrt.o)
                0x000040ee                sqrt
 .text.avr-libc.fplib
                0x0000416a        0x6 C:\WinAVR-20100110\avr\lib\avr6\libm.a(square.o)
                0x0000416a                square
 .text.avr-libc.fplib
                0x00004170        0xe C:\WinAVR-20100110\avr\lib\avr6\libm.a(trunc.o)
                0x00004170                trunc
 .text.avr-libc.fplib
                0x0000417e        0xe C:\WinAVR-20100110\avr\lib\avr6\libm.a(fp_norm2.o)
                0x0000417e                __fp_norm2
 .text.libgcc   0x0000418c       0x3e d:/winavr-20100110/bin/../lib/gcc/avr/4.3.3/avr6\libgcc.a(_mulsi3.o)
                0x0000418c                __mulsi3
 .text.libgcc   0x000041ca       0x26 d:/winavr-20100110/bin/../lib/gcc/avr/4.3.3/avr6\libgcc.a(_divmodhi4.o)
                0x000041ca                __divmodhi4
                0x000041ca                _div
 .text.libgcc   0x000041f0       0x44 d:/winavr-20100110/bin/../lib/gcc/avr/4.3.3/avr6\libgcc.a(_udivmodsi4.o)
                0x000041f0                __udivmodsi4
 .text.libgcc   0x00004234       0x36 d:/winavr-20100110/bin/../lib/gcc/avr/4.3.3/avr6\libgcc.a(_divmodsi4.o)
                0x00004234                __divmodsi4
 .text.libgcc   0x0000426a        0x0 d:/winavr-20100110/bin/../lib/gcc/avr/4.3.3/avr6\libgcc.a(_exit.o)
 .text.libgcc   0x0000426a        0x0 d:/winavr-20100110/bin/../lib/gcc/avr/4.3.3/avr6\libgcc.a(_clear_bss.o)
 .text.libgcc   0x0000426a       0x28 d:/winavr-20100110/bin/../lib/gcc/avr/4.3.3/avr6\libgcc.a(_udivmodhi4.o)
                0x0000426a                __udivmodhi4
 .text.avr-libc
                0x00004292      0x2dc C:\WinAVR-20100110\avr\lib\avr6\libc.a(strtod.o)
                0x00004292                strtod
 .text.avr-libc
                0x0000456e       0x10 C:\WinAVR-20100110\avr\lib\avr6\libc.a(isspace.o)
                0x0000456e                isspace
 .text.avr-libc
                0x0000457e       0x30 C:\WinAVR-20100110\avr\lib\avr6\libc.a(strncasecmp_P.o)
                0x0000457e                strncasecmp_P
 .text.avr-libc
                0x000045ae        0x6 C:\WinAVR-20100110\avr\lib\avr6\libc.a(cty_isfalse.o)
                0x000045b2                __ctype_istrue
                0x000045ae                __ctype_isfalse
                0x000045b4                . = ALIGN (0x2)
 *(.fini9)
 .fini9         0x000045b4        0x0 d:/winavr-20100110/bin/../lib/gcc/avr/4.3.3/avr6\libgcc.a(_exit.o)
                0x000045b4                exit
                0x000045b4                _exit
 *(.fini9)
 *(.fini8)
 *(.fini8)
 *(.fini7)
 *(.fini7)
 *(.fini6)
 *(.fini6)
 *(.fini5)
 *(.fini5)
 *(.fini4)
 *(.fini4)
 *(.fini3)
 *(.fini3)
 *(.fini2)
 *(.fini2)
 *(.fini1)
 *(.fini1)
 *(.fini0)
 .fini0         0x000045b4        0x4 d:/winavr-20100110/bin/../lib/gcc/avr/4.3.3/avr6\libgcc.a(_exit.o)
 *(.fini0)
                0x000045b8                _etext = .

.data           0x00800200        0x0 load address 0x000045b8
                0x00800200                PROVIDE (__data_start, .)
 *(.data)
 .data          0x00800200        0x0 d:/winavr-20100110/bin/../lib/gcc/avr/4.3.3/../../../../avr/lib/avr6/crtm2560.o
 .data          0x00800200        0x0 coolant_control.o
 .data          0x00800200        0x0 eeprom.o
 .data          0x00800200        0x0 gcode.o
 .data          0x00800200        0x0 main.o
 .data          0x00800200        0x0 motion_control.o
 .data          0x00800200        0x0 planner.o
 .data          0x00800200        0x0 serial_protocol.o
 .data          0x00800200        0x0 settings.o
 .data          0x00800200        0x0 spindle_control.o
 .data          0x00800200        0x0 stepper.o
 .data          0x00800200        0x0 wiring_serial.o
 .data          0x00800200        0x0 atc_control.o
 .data          0x00800200        0x0 head_control.o
 .data          0x00800200        0x0 panel_control.o
 .data          0x00800200        0x0 vacuum_control.o
 .data          0x00800200        0x0 tape_knock.o
 .data          0x00800200        0x0 C:\WinAVR-20100110\avr\lib\avr6\libm.a(addsf3.o)
 .data          0x00800200        0x0 C:\WinAVR-20100110\avr\lib\avr6\libm.a(addsf3x.o)
 .data          0x00800200        0x0 C:\WinAVR-20100110\avr\lib\avr6\libm.a(atan.o)
 .data          0x00800200        0x0 C:\WinAVR-20100110\avr\lib\avr6\libm.a(ceil.o)
 .data          0x00800200        0x0 C:\WinAVR-20100110\avr\lib\avr6\libm.a(cmpsf2.o)
 .data          0x00800200        0x0 C:\WinAVR-20100110\avr\lib\avr6\libm.a(divsf3.o)
 .data          0x00800200        0x0 C:\WinAVR-20100110\avr\lib\avr6\libm.a(divsf3x.o)
 .data          0x00800200        0x0 C:\WinAVR-20100110\avr\lib\avr6\libm.a(fixsfsi.o)
 .data          0x00800200        0x0 C:\WinAVR-20100110\avr\lib\avr6\libm.a(fixunssfsi.o)
 .data          0x00800200        0x0 C:\WinAVR-20100110\avr\lib\avr6\libm.a(floatsisf.o)
 .data          0x00800200        0x0 C:\WinAVR-20100110\avr\lib\avr6\libm.a(floor.o)
 .data          0x00800200        0x0 C:\WinAVR-20100110\avr\lib\avr6\libm.a(fp_cmp.o)
 .data          0x00800200        0x0 C:\WinAVR-20100110\avr\lib\avr6\libm.a(fp_inf.o)
 .data          0x00800200        0x0 C:\WinAVR-20100110\avr\lib\avr6\libm.a(fp_mintl.o)
 .data          0x00800200        0x0 C:\WinAVR-20100110\avr\lib\avr6\libm.a(fp_mpack.o)
 .data          0x00800200        0x0 C:\WinAVR-20100110\avr\lib\avr6\libm.a(fp_nan.o)
 .data          0x00800200        0x0 C:\WinAVR-20100110\avr\lib\avr6\libm.a(fp_powser.o)
 .data          0x00800200        0x0 C:\WinAVR-20100110\avr\lib\avr6\libm.a(fp_pscA.o)
 .data          0x00800200        0x0 C:\WinAVR-20100110\avr\lib\avr6\libm.a(fp_pscB.o)
 .data          0x00800200        0x0 C:\WinAVR-20100110\avr\lib\avr6\libm.a(fp_round.o)
 .data          0x00800200        0x0 C:\WinAVR-20100110\avr\lib\avr6\libm.a(fp_split3.o)
 .data          0x00800200        0x0 C:\WinAVR-20100110\avr\lib\avr6\libm.a(fp_trunc.o)
 .data          0x00800200        0x0 C:\WinAVR-20100110\avr\lib\avr6\libm.a(fp_zero.o)
 .data          0x00800200        0x0 C:\WinAVR-20100110\avr\lib\avr6\libm.a(gesf2.o)
 .data          0x00800200        0x0 C:\WinAVR-20100110\avr\lib\avr6\libm.a(inverse.o)
 .data          0x00800200        0x0 C:\WinAVR-20100110\avr\lib\avr6\libm.a(lround.o)
 .data          0x00800200        0x0 C:\WinAVR-20100110\avr\lib\avr6\libm.a(modf.o)
 .data          0x00800200        0x0 C:\WinAVR-20100110\avr\lib\avr6\libm.a(mulsf3.o)
 .data          0x00800200        0x0 C:\WinAVR-20100110\avr\lib\avr6\libm.a(mulsf3x.o)
 .data          0x00800200        0x0 C:\WinAVR-20100110\avr\lib\avr6\libm.a(round.o)
 .data          0x00800200        0x0 C:\WinAVR-20100110\avr\lib\avr6\libm.a(sqrt.o)
 .data          0x00800200        0x0 C:\WinAVR-20100110\avr\lib\avr6\libm.a(square.o)
 .data          0x00800200        0x0 C:\WinAVR-20100110\avr\lib\avr6\libm.a(trunc.o)
 .data          0x00800200        0x0 C:\WinAVR-20100110\avr\lib\avr6\libm.a(fp_norm2.o)
 .data          0x00800200        0x0 d:/winavr-20100110/bin/../lib/gcc/avr/4.3.3/avr6\libgcc.a(_mulsi3.o)
 .data          0x00800200        0x0 d:/winavr-20100110/bin/../lib/gcc/avr/4.3.3/avr6\libgcc.a(_divmodhi4.o)
 .data          0x00800200        0x0 d:/winavr-20100110/bin/../lib/gcc/avr/4.3.3/avr6\libgcc.a(_udivmodsi4.o)
 .data          0x00800200        0x0 d:/winavr-20100110/bin/../lib/gcc/avr/4.3.3/avr6\libgcc.a(_divmodsi4.o)
 .data          0x00800200        0x0 d:/winavr-20100110/bin/../lib/gcc/avr/4.3.3/avr6\libgcc.a(_exit.o)
 .data          0x00800200        0x0 d:/winavr-20100110/bin/../lib/gcc/avr/4.3.3/avr6\libgcc.a(_clear_bss.o)
 .data          0x00800200        0x0 d:/winavr-20100110/bin/../lib/gcc/avr/4.3.3/avr6\libgcc.a(_udivmodhi4.o)
 .data          0x00800200        0x0 C:\WinAVR-20100110\avr\lib\avr6\libc.a(strtod.o)
 .data          0x00800200        0x0 C:\WinAVR-20100110\avr\lib\avr6\libc.a(isspace.o)
 .data          0x00800200        0x0 C:\WinAVR-20100110\avr\lib\avr6\libc.a(strncasecmp_P.o)
 .data          0x00800200        0x0 C:\WinAVR-20100110\avr\lib\avr6\libc.a(errno.o)
 .data          0x00800200        0x0 C:\WinAVR-20100110\avr\lib\avr6\libc.a(cty_isfalse.o)
 *(.data*)
 *(.rodata)
 *(.rodata*)
 *(.gnu.linkonce.d*)
                0x00800200                . = ALIGN (0x2)
                0x00800200                _edata = .
                0x00800200                PROVIDE (__data_end, .)

.bss            0x00800200      0x49d
                0x00800200                PROVIDE (__bss_start, .)
 *(.bss)
 .bss           0x00800200        0x0 d:/winavr-20100110/bin/../lib/gcc/avr/4.3.3/../../../../avr/lib/avr6/crtm2560.o
 .bss           0x00800200        0x0 coolant_control.o
 .bss           0x00800200        0x0 eeprom.o
 .bss           0x00800200       0x28 gcode.o
 .bss           0x00800228        0x0 main.o
 .bss           0x00800228        0x0 motion_control.o
 .bss           0x00800228      0x2ef planner.o
 .bss           0x00800517       0x33 serial_protocol.o
 .bss           0x0080054a        0x0 settings.o
 .bss           0x0080054a        0x0 spindle_control.o
 .bss           0x0080054a       0x26 stepper.o
                0x0080054a                gHomed
 .bss           0x00800570      0x104 wiring_serial.o
                0x00800570                rx_buffer_head
                0x00800572                rx_buffer_tail
 .bss           0x00800674        0x0 atc_control.o
 .bss           0x00800674        0x0 head_control.o
 .bss           0x00800674        0x0 panel_control.o
 .bss           0x00800674        0x0 vacuum_control.o
 .bss           0x00800674        0x0 tape_knock.o
 .bss           0x00800674        0x0 C:\WinAVR-20100110\avr\lib\avr6\libm.a(addsf3.o)
 .bss           0x00800674        0x0 C:\WinAVR-20100110\avr\lib\avr6\libm.a(addsf3x.o)
 .bss           0x00800674        0x0 C:\WinAVR-20100110\avr\lib\avr6\libm.a(atan.o)
 .bss           0x00800674        0x0 C:\WinAVR-20100110\avr\lib\avr6\libm.a(ceil.o)
 .bss           0x00800674        0x0 C:\WinAVR-20100110\avr\lib\avr6\libm.a(cmpsf2.o)
 .bss           0x00800674        0x0 C:\WinAVR-20100110\avr\lib\avr6\libm.a(divsf3.o)
 .bss           0x00800674        0x0 C:\WinAVR-20100110\avr\lib\avr6\libm.a(divsf3x.o)
 .bss           0x00800674        0x0 C:\WinAVR-20100110\avr\lib\avr6\libm.a(fixsfsi.o)
 .bss           0x00800674        0x0 C:\WinAVR-20100110\avr\lib\avr6\libm.a(fixunssfsi.o)
 .bss           0x00800674        0x0 C:\WinAVR-20100110\avr\lib\avr6\libm.a(floatsisf.o)
 .bss           0x00800674        0x0 C:\WinAVR-20100110\avr\lib\avr6\libm.a(floor.o)
 .bss           0x00800674        0x0 C:\WinAVR-20100110\avr\lib\avr6\libm.a(fp_cmp.o)
 .bss           0x00800674        0x0 C:\WinAVR-20100110\avr\lib\avr6\libm.a(fp_inf.o)
 .bss           0x00800674        0x0 C:\WinAVR-20100110\avr\lib\avr6\libm.a(fp_mintl.o)
 .bss           0x00800674        0x0 C:\WinAVR-20100110\avr\lib\avr6\libm.a(fp_mpack.o)
 .bss           0x00800674        0x0 C:\WinAVR-20100110\avr\lib\avr6\libm.a(fp_nan.o)
 .bss           0x00800674        0x0 C:\WinAVR-20100110\avr\lib\avr6\libm.a(fp_powser.o)
 .bss           0x00800674        0x0 C:\WinAVR-20100110\avr\lib\avr6\libm.a(fp_pscA.o)
 .bss           0x00800674        0x0 C:\WinAVR-20100110\avr\lib\avr6\libm.a(fp_pscB.o)
 .bss           0x00800674        0x0 C:\WinAVR-20100110\avr\lib\avr6\libm.a(fp_round.o)
 .bss           0x00800674        0x0 C:\WinAVR-20100110\avr\lib\avr6\libm.a(fp_split3.o)
 .bss           0x00800674        0x0 C:\WinAVR-20100110\avr\lib\avr6\libm.a(fp_trunc.o)
 .bss           0x00800674        0x0 C:\WinAVR-20100110\avr\lib\avr6\libm.a(fp_zero.o)
 .bss           0x00800674        0x0 C:\WinAVR-20100110\avr\lib\avr6\libm.a(gesf2.o)
 .bss           0x00800674        0x0 C:\WinAVR-20100110\avr\lib\avr6\libm.a(inverse.o)
 .bss           0x00800674        0x0 C:\WinAVR-20100110\avr\lib\avr6\libm.a(lround.o)
 .bss           0x00800674        0x0 C:\WinAVR-20100110\avr\lib\avr6\libm.a(modf.o)
 .bss           0x00800674        0x0 C:\WinAVR-20100110\avr\lib\avr6\libm.a(mulsf3.o)
 .bss           0x00800674        0x0 C:\WinAVR-20100110\avr\lib\avr6\libm.a(mulsf3x.o)
 .bss           0x00800674        0x0 C:\WinAVR-20100110\avr\lib\avr6\libm.a(round.o)
 .bss           0x00800674        0x0 C:\WinAVR-20100110\avr\lib\avr6\libm.a(sqrt.o)
 .bss           0x00800674        0x0 C:\WinAVR-20100110\avr\lib\avr6\libm.a(square.o)
 .bss           0x00800674        0x0 C:\WinAVR-20100110\avr\lib\avr6\libm.a(trunc.o)
 .bss           0x00800674        0x0 C:\WinAVR-20100110\avr\lib\avr6\libm.a(fp_norm2.o)
 .bss           0x00800674        0x0 d:/winavr-20100110/bin/../lib/gcc/avr/4.3.3/avr6\libgcc.a(_mulsi3.o)
 .bss           0x00800674        0x0 d:/winavr-20100110/bin/../lib/gcc/avr/4.3.3/avr6\libgcc.a(_divmodhi4.o)
 .bss           0x00800674        0x0 d:/winavr-20100110/bin/../lib/gcc/avr/4.3.3/avr6\libgcc.a(_udivmodsi4.o)
 .bss           0x00800674        0x0 d:/winavr-20100110/bin/../lib/gcc/avr/4.3.3/avr6\libgcc.a(_divmodsi4.o)
 .bss           0x00800674        0x0 d:/winavr-20100110/bin/../lib/gcc/avr/4.3.3/avr6\libgcc.a(_exit.o)
 .bss           0x00800674        0x0 d:/winavr-20100110/bin/../lib/gcc/avr/4.3.3/avr6\libgcc.a(_clear_bss.o)
 .bss           0x00800674        0x0 d:/winavr-20100110/bin/../lib/gcc/avr/4.3.3/avr6\libgcc.a(_udivmodhi4.o)
 .bss           0x00800674        0x0 C:\WinAVR-20100110\avr\lib\avr6\libc.a(strtod.o)
 .bss           0x00800674        0x0 C:\WinAVR-20100110\avr\lib\avr6\libc.a(isspace.o)
 .bss           0x00800674        0x0 C:\WinAVR-20100110\avr\lib\avr6\libc.a(strncasecmp_P.o)
 .bss           0x00800674        0x0 C:\WinAVR-20100110\avr\lib\avr6\libc.a(errno.o)
 .bss           0x00800674        0x0 C:\WinAVR-20100110\avr\lib\avr6\libc.a(cty_isfalse.o)
 *(.bss*)
 *(COMMON)
 COMMON         0x00800674       0x26 settings.o
                0x00800674                settings
 COMMON         0x0080069a        0x1 stepper.o
                0x0080069a                dir_bits
 COMMON         0x0080069b        0x2 C:\WinAVR-20100110\avr\lib\avr6\libc.a(errno.o)
                0x0080069b                errno
                0x0080069d                PROVIDE (__bss_end, .)
                0x000045b8                __data_load_start = LOADADDR (.data)
                0x000045b8                __data_load_end = (__data_load_start + SIZEOF (.data))

.noinit         0x0080069d        0x0
                0x0080069d                PROVIDE (__noinit_start, .)
 *(.noinit*)
                0x0080069d                PROVIDE (__noinit_end, .)
                0x0080069d                _end = .
                0x0080069d                PROVIDE (__heap_start, .)

.eeprom         0x00810000        0x0
 *(.eeprom*)
                0x00810000                __eeprom_end = .

.fuse
 *(.fuse)
 *(.lfuse)
 *(.hfuse)
 *(.efuse)

.lock
 *(.lock*)

.signature
 *(.signature*)

.stab
 *(.stab)

.stabstr
 *(.stabstr)

.stab.excl
 *(.stab.excl)

.stab.exclstr
 *(.stab.exclstr)

.stab.index
 *(.stab.index)

.stab.indexstr
 *(.stab.indexstr)

.comment
 *(.comment)

.debug
 *(.debug)

.line
 *(.line)

.debug_srcinfo
 *(.debug_srcinfo)

.debug_sfnames
 *(.debug_sfnames)

.debug_aranges  0x00000000      0x488
 *(.debug_aranges)
 .debug_aranges
                0x00000000       0x28 coolant_control.o
 .debug_aranges
                0x00000028       0x38 eeprom.o
 .debug_aranges
                0x00000060       0x48 gcode.o
 .debug_aranges
                0x000000a8       0x20 main.o
 .debug_aranges
                0x000000c8       0x28 motion_control.o
 .debug_aranges
                0x000000f0       0x90 planner.o
 .debug_aranges
                0x00000180       0x28 serial_protocol.o
 .debug_aranges
                0x000001a8       0x48 settings.o
 .debug_aranges
                0x000001f0       0x38 spindle_control.o
 .debug_aranges
                0x00000228       0xa0 stepper.o
 .debug_aranges
                0x000002c8       0x80 wiring_serial.o
 .debug_aranges
                0x00000348       0x40 atc_control.o
 .debug_aranges
                0x00000388       0x38 head_control.o
 .debug_aranges
                0x000003c0       0x68 panel_control.o
 .debug_aranges
                0x00000428       0x38 vacuum_control.o
 .debug_aranges
                0x00000460       0x28 tape_knock.o

.debug_pubnames
                0x00000000      0x860
 *(.debug_pubnames)
 .debug_pubnames
                0x00000000       0x35 coolant_control.o
 .debug_pubnames
                0x00000035       0x82 eeprom.o
 .debug_pubnames
                0x000000b7       0x70 gcode.o
 .debug_pubnames
                0x00000127       0x1b main.o
 .debug_pubnames
                0x00000142       0x2e motion_control.o
 .debug_pubnames
                0x00000170      0x1c0 planner.o
 .debug_pubnames
                0x00000330       0x2d serial_protocol.o
 .debug_pubnames
                0x0000035d       0x96 settings.o
 .debug_pubnames
                0x000003f3       0x54 spindle_control.o
 .debug_pubnames
                0x00000447      0x140 stepper.o
 .debug_pubnames
                0x00000587      0x113 wiring_serial.o
 .debug_pubnames
                0x0000069a       0x5e atc_control.o
 .debug_pubnames
                0x000006f8       0x4e head_control.o
 .debug_pubnames
                0x00000746       0x9a panel_control.o
 .debug_pubnames
                0x000007e0       0x51 vacuum_control.o
 .debug_pubnames
                0x00000831       0x2f tape_knock.o

.debug_info     0x00000000     0x36af
 *(.debug_info)
 .debug_info    0x00000000       0xa5 coolant_control.o
 .debug_info    0x000000a5      0x1db eeprom.o
 .debug_info    0x00000280      0x7f6 gcode.o
 .debug_info    0x00000a76       0xb9 main.o
 .debug_info    0x00000b2f      0x169 motion_control.o
 .debug_info    0x00000c98      0x8d2 planner.o
 .debug_info    0x0000156a      0x25f serial_protocol.o
 .debug_info    0x000017c9      0x522 settings.o
 .debug_info    0x00001ceb      0x22d spindle_control.o
 .debug_info    0x00001f18      0xa65 stepper.o
 .debug_info    0x0000297d      0x467 wiring_serial.o
 .debug_info    0x00002de4      0x18f atc_control.o
 .debug_info    0x00002f73      0x1f9 head_control.o
 .debug_info    0x0000316c      0x1e6 panel_control.o
 .debug_info    0x00003352      0x1e0 vacuum_control.o
 .debug_info    0x00003532      0x17d tape_knock.o
 *(.gnu.linkonce.wi.*)

.debug_abbrev   0x00000000     0x13ee
 *(.debug_abbrev)
 .debug_abbrev  0x00000000       0x6c coolant_control.o
 .debug_abbrev  0x0000006c      0x10d eeprom.o
 .debug_abbrev  0x00000179      0x207 gcode.o
 .debug_abbrev  0x00000380       0x76 main.o
 .debug_abbrev  0x000003f6       0xfb motion_control.o
 .debug_abbrev  0x000004f1      0x1ff planner.o
 .debug_abbrev  0x000006f0       0xfc serial_protocol.o
 .debug_abbrev  0x000007ec      0x10b settings.o
 .debug_abbrev  0x000008f7      0x12d spindle_control.o
 .debug_abbrev  0x00000a24      0x31b stepper.o
 .debug_abbrev  0x00000d3f      0x1ac wiring_serial.o
 .debug_abbrev  0x00000eeb      0x10f atc_control.o
 .debug_abbrev  0x00000ffa      0x159 head_control.o
 .debug_abbrev  0x00001153       0x85 panel_control.o
 .debug_abbrev  0x000011d8      0x131 vacuum_control.o
 .debug_abbrev  0x00001309       0xe5 tape_knock.o

.debug_line     0x00000000     0x304e
 *(.debug_line)
 .debug_line    0x00000000       0xa2 coolant_control.o
 .debug_line    0x000000a2      0x203 eeprom.o
 .debug_line    0x000002a5      0x69d gcode.o
 .debug_line    0x00000942       0xd5 main.o
 .debug_line    0x00000a17      0x18b motion_control.o
 .debug_line    0x00000ba2      0x670 planner.o
 .debug_line    0x00001212      0x18b serial_protocol.o
 .debug_line    0x0000139d      0x36a settings.o
 .debug_line    0x00001707      0x1d9 spindle_control.o
 .debug_line    0x000018e0      0x9cd stepper.o
 .debug_line    0x000022ad      0x38e wiring_serial.o
 .debug_line    0x0000263b      0x2c6 atc_control.o
 .debug_line    0x00002901      0x1ee head_control.o
 .debug_line    0x00002aef      0x220 panel_control.o
 .debug_line    0x00002d0f      0x1bf vacuum_control.o
 .debug_line    0x00002ece      0x180 tape_knock.o

.debug_frame    0x00000000      0x710
 *(.debug_frame)
 .debug_frame   0x00000000       0x30 coolant_control.o
 .debug_frame   0x00000030       0x50 eeprom.o
 .debug_frame   0x00000080       0x70 gcode.o
 .debug_frame   0x000000f0       0x20 main.o
 .debug_frame   0x00000110       0x30 motion_control.o
 .debug_frame   0x00000140      0x100 planner.o
 .debug_frame   0x00000240       0x30 serial_protocol.o
 .debug_frame   0x00000270       0x70 settings.o
 .debug_frame   0x000002e0       0x50 spindle_control.o
 .debug_frame   0x00000330      0x120 stepper.o
 .debug_frame   0x00000450       0xe0 wiring_serial.o
 .debug_frame   0x00000530       0x60 atc_control.o
 .debug_frame   0x00000590       0x50 head_control.o
 .debug_frame   0x000005e0       0xb0 panel_control.o
 .debug_frame   0x00000690       0x50 vacuum_control.o
 .debug_frame   0x000006e0       0x30 tape_knock.o

.debug_str      0x00000000      0xdd8
 *(.debug_str)
 .debug_str     0x00000000       0xaa coolant_control.o
                                 0xe5 (size before relaxing)
 .debug_str     0x000000aa       0xac eeprom.o
                                0x168 (size before relaxing)
 .debug_str     0x00000156      0x248 gcode.o
                                0x35f (size before relaxing)
 .debug_str     0x0000039e        0xf main.o
                                 0xc9 (size before relaxing)
 .debug_str     0x000003ad       0x7a motion_control.o
                                0x12f (size before relaxing)
 .debug_str     0x00000427      0x403 planner.o
                                0x5ec (size before relaxing)
 .debug_str     0x0000082a       0x37 serial_protocol.o
                                0x11e (size before relaxing)
 .debug_str     0x00000861       0x7f settings.o
                                0x1d4 (size before relaxing)
 .debug_str     0x000008e0       0x64 spindle_control.o
                                0x176 (size before relaxing)
 .debug_str     0x00000944      0x221 stepper.o
                                0x4f3 (size before relaxing)
 .debug_str     0x00000b65      0x11b wiring_serial.o
                                0x1e6 (size before relaxing)
 .debug_str     0x00000c80       0x49 atc_control.o
                                0x13f (size before relaxing)
 .debug_str     0x00000cc9       0x34 head_control.o
                                0x13a (size before relaxing)
 .debug_str     0x00000cfd       0x73 panel_control.o
                                0x12e (size before relaxing)
 .debug_str     0x00000d70       0x43 vacuum_control.o
                                0x13f (size before relaxing)
 .debug_str     0x00000db3       0x25 tape_knock.o
                                0x116 (size before relaxing)

.debug_loc      0x00000000     0x1937
 *(.debug_loc)
 .debug_loc     0x00000000      0x16b eeprom.o
 .debug_loc     0x0000016b      0x770 gcode.o
 .debug_loc     0x000008db       0x94 motion_control.o
 .debug_loc     0x0000096f      0x68f planner.o
 .debug_loc     0x00000ffe       0x82 serial_protocol.o
 .debug_loc     0x00001080      0x121 settings.o
 .debug_loc     0x000011a1       0x2b spindle_control.o
 .debug_loc     0x000011cc      0x415 stepper.o
 .debug_loc     0x000015e1      0x23e wiring_serial.o
 .debug_loc     0x0000181f       0x28 atc_control.o
 .debug_loc     0x00001847       0x68 head_control.o
 .debug_loc     0x000018af       0x28 vacuum_control.o
 .debug_loc     0x000018d7       0x60 tape_knock.o

.debug_macinfo
 *(.debug_macinfo)
OUTPUT(grbl.elf elf32-avr)
LOAD linker stubs

.debug_ranges   0x00000000      0x810
 .debug_ranges  0x00000000       0x20 coolant_control.o
 .debug_ranges  0x00000020       0x30 eeprom.o
 .debug_ranges  0x00000050       0x40 gcode.o
 .debug_ranges  0x00000090       0x18 main.o
 .debug_ranges  0x000000a8       0x20 motion_control.o
 .debug_ranges  0x000000c8       0x88 planner.o
 .debug_ranges  0x00000150       0x38 serial_protocol.o
 .debug_ranges  0x00000188       0x40 settings.o
 .debug_ranges  0x000001c8       0xf0 spindle_control.o
 .debug_ranges  0x000002b8      0x398 stepper.o
 .debug_ranges  0x00000650       0xa8 wiring_serial.o
 .debug_ranges  0x000006f8       0x38 atc_control.o
 .debug_ranges  0x00000730       0x30 head_control.o
 .debug_ranges  0x00000760       0x60 panel_control.o
 .debug_ranges  0x000007c0       0x30 vacuum_control.o
 .debug_ranges  0x000007f0       0x20 tape_knock.o
