Archive member included because of file (symbol)

c:/winavr-20100110/bin/../lib/gcc/avr/4.3.3/avr51\libgcc.a(_udivmodhi4.o)
                              4bit_layer.o (__udivmodhi4)
c:/winavr-20100110/bin/../lib/gcc/avr/4.3.3/avr51\libgcc.a(_udivmodsi4.o)
                              4bit_layer.o (__udivmodsi4)
c:/winavr-20100110/bin/../lib/gcc/avr/4.3.3/avr51\libgcc.a(_divmodsi4.o)
                              4bit_layer.o (__divmodsi4)
c:/winavr-20100110/bin/../lib/gcc/avr/4.3.3/avr51\libgcc.a(_exit.o)
                              c:/winavr-20100110/bin/../lib/gcc/avr/4.3.3/../../../../avr/lib/avr51/crtm128.o (exit)
c:/winavr-20100110/bin/../lib/gcc/avr/4.3.3/avr51\libgcc.a(_clear_bss.o)
                              4bit_layer.o (__do_clear_bss)
c:/winavr-20100110/bin/../lib/gcc/avr/4.3.3/avr51\libgcc.a(_fixunssfsi.o)
                              4bit_layer.o (__fixunssfsi)
c:/winavr-20100110/bin/../lib/gcc/avr/4.3.3/avr51\libgcc.a(_addsub_sf.o)
                              c:/winavr-20100110/bin/../lib/gcc/avr/4.3.3/avr51\libgcc.a(_fixunssfsi.o) (__subsf3)
c:/winavr-20100110/bin/../lib/gcc/avr/4.3.3/avr51\libgcc.a(_mul_sf.o)
                              4bit_layer.o (__mulsf3)
c:/winavr-20100110/bin/../lib/gcc/avr/4.3.3/avr51\libgcc.a(_gt_sf.o)
                              4bit_layer.o (__gtsf2)
c:/winavr-20100110/bin/../lib/gcc/avr/4.3.3/avr51\libgcc.a(_ge_sf.o)
                              c:/winavr-20100110/bin/../lib/gcc/avr/4.3.3/avr51\libgcc.a(_fixunssfsi.o) (__gesf2)
c:/winavr-20100110/bin/../lib/gcc/avr/4.3.3/avr51\libgcc.a(_lt_sf.o)
                              4bit_layer.o (__ltsf2)
c:/winavr-20100110/bin/../lib/gcc/avr/4.3.3/avr51\libgcc.a(_sf_to_si.o)
                              c:/winavr-20100110/bin/../lib/gcc/avr/4.3.3/avr51\libgcc.a(_fixunssfsi.o) (__fixsfsi)
c:/winavr-20100110/bin/../lib/gcc/avr/4.3.3/avr51\libgcc.a(_thenan_sf.o)
                              c:/winavr-20100110/bin/../lib/gcc/avr/4.3.3/avr51\libgcc.a(_addsub_sf.o) (__thenan_sf)
c:/winavr-20100110/bin/../lib/gcc/avr/4.3.3/avr51\libgcc.a(_usi_to_sf.o)
                              4bit_layer.o (__floatunsisf)
c:/winavr-20100110/bin/../lib/gcc/avr/4.3.3/avr51\libgcc.a(_prologue.o)
                              c:/winavr-20100110/bin/../lib/gcc/avr/4.3.3/avr51\libgcc.a(_addsub_sf.o) (__prologue_saves__)
c:/winavr-20100110/bin/../lib/gcc/avr/4.3.3/avr51\libgcc.a(_epilogue.o)
                              c:/winavr-20100110/bin/../lib/gcc/avr/4.3.3/avr51\libgcc.a(_addsub_sf.o) (__epilogue_restores__)
c:/winavr-20100110/bin/../lib/gcc/avr/4.3.3/avr51\libgcc.a(_clzsi2.o)
                              c:/winavr-20100110/bin/../lib/gcc/avr/4.3.3/avr51\libgcc.a(_usi_to_sf.o) (__clzsi2)
c:/winavr-20100110/bin/../lib/gcc/avr/4.3.3/avr51\libgcc.a(_pack_sf.o)
                              c:/winavr-20100110/bin/../lib/gcc/avr/4.3.3/avr51\libgcc.a(_addsub_sf.o) (__pack_f)
c:/winavr-20100110/bin/../lib/gcc/avr/4.3.3/avr51\libgcc.a(_unpack_sf.o)
                              c:/winavr-20100110/bin/../lib/gcc/avr/4.3.3/avr51\libgcc.a(_addsub_sf.o) (__unpack_f)
c:/winavr-20100110/bin/../lib/gcc/avr/4.3.3/avr51\libgcc.a(_fpcmp_parts_sf.o)
                              c:/winavr-20100110/bin/../lib/gcc/avr/4.3.3/avr51\libgcc.a(_gt_sf.o) (__fpcmp_parts_f)
c:/winavr-20100110/bin/../lib/gcc/avr/4.3.3/avr51\libgcc.a(_clz.o)
                              c:/winavr-20100110/bin/../lib/gcc/avr/4.3.3/avr51\libgcc.a(_clzsi2.o) (__clz_tab)

Allocating common symbols
Common symbol       size              file

byte_ready          0x1               4bit_layer.o
num_bytes           0x1               4bit_layer.o
master_volume       0x1               4bit_layer.o
current_midi_note   0x1               4bit_layer.o
frequency           0x2               4bit_layer.o
byte_received       0x1               4bit_layer.o
num_ccs             0x1               4bit_layer.o
current_midi_pb_l   0x1               4bit_layer.o
current_midi_pb_h   0x1               4bit_layer.o
playing_midi_note   0x1               4bit_layer.o
amplitude           0x1               4bit_layer.o
current_midi_channel
                    0x1               4bit_layer.o
distance            0x2               4bit_layer.o
fine_pitch_bend     0x2               4bit_layer.o
fake_16_timer       0x2               4bit_layer.o
note_on_gate        0x1               4bit_layer.o
fivebit_counter     0x1               4bit_layer.o
current_midi_status
                    0x1               4bit_layer.o
current_midi_ccdata
                    0x1               4bit_layer.o
current_midi_pb     0x2               4bit_layer.o
sweep_direction     0x1               4bit_layer.o
num_pbs             0x1               4bit_layer.o
sweep_enabled       0x1               4bit_layer.o
midi_channel        0x1               4bit_layer.o
current_midi_cc     0x1               4bit_layer.o
sweep_amount        0x1               4bit_layer.o
sample              0x2               4bit_layer.o
sweep_loop_enabled  0x1               4bit_layer.o

Memory Configuration

Name             Origin             Length             Attributes
text             0x00000000         0x00020000         xr
data             0x00800060         0x0000ffa0         rw !x
eeprom           0x00810000         0x00010000         rw !x
fuse             0x00820000         0x00000400         rw !x
lock             0x00830000         0x00000400         rw !x
signature        0x00840000         0x00000400         rw !x
*default*        0x00000000         0xffffffff

Linker script and memory map

Address of section .data set to 0x800100
LOAD c:/winavr-20100110/bin/../lib/gcc/avr/4.3.3/../../../../avr/lib/avr51/crtm128.o
LOAD 4bit_layer.o
LOAD c:/winavr-20100110/bin/../lib/gcc/avr/4.3.3/avr51\libgcc.a
LOAD c:/winavr-20100110/bin/../lib/gcc/avr/4.3.3/../../../../avr/lib/avr51\libc.a
LOAD c:/winavr-20100110/bin/../lib/gcc/avr/4.3.3/avr51\libgcc.a

.hash
 *(.hash)

.dynsym
 *(.dynsym)

.dynstr
 *(.dynstr)

.gnu.version
 *(.gnu.version)

.gnu.version_d
 *(.gnu.version_d)

.gnu.version_r
 *(.gnu.version_r)

.rel.init
 *(.rel.init)

.rela.init
 *(.rela.init)

.rel.text
 *(.rel.text)
 *(.rel.text.*)
 *(.rel.gnu.linkonce.t*)

.rela.text
 *(.rela.text)
 *(.rela.text.*)
 *(.rela.gnu.linkonce.t*)

.rel.fini
 *(.rel.fini)

.rela.fini
 *(.rela.fini)

.rel.rodata
 *(.rel.rodata)
 *(.rel.rodata.*)
 *(.rel.gnu.linkonce.r*)

.rela.rodata
 *(.rela.rodata)
 *(.rela.rodata.*)
 *(.rela.gnu.linkonce.r*)

.rel.data
 *(.rel.data)
 *(.rel.data.*)
 *(.rel.gnu.linkonce.d*)

.rela.data
 *(.rela.data)
 *(.rela.data.*)
 *(.rela.gnu.linkonce.d*)

.rel.ctors
 *(.rel.ctors)

.rela.ctors
 *(.rela.ctors)

.rel.dtors
 *(.rel.dtors)

.rela.dtors
 *(.rela.dtors)

.rel.got
 *(.rel.got)

.rela.got
 *(.rela.got)

.rel.bss
 *(.rel.bss)

.rela.bss
 *(.rela.bss)

.rel.plt
 *(.rel.plt)

.rela.plt
 *(.rela.plt)

.text           0x00000000     0x2296
 *(.vectors)
 .vectors       0x00000000       0x8c c:/winavr-20100110/bin/../lib/gcc/avr/4.3.3/../../../../avr/lib/avr51/crtm128.o
                0x00000000                __vectors
                0x00000000                __vector_default
 *(.vectors)
 *(.progmem.gcc*)
 *(.progmem*)
 .progmem.data  0x0000008c      0x7ae 4bit_layer.o
                0x0000083a                . = ALIGN (0x2)
                0x0000083a                __trampolines_start = .
 *(.trampolines)
 .trampolines   0x0000083a        0x0 linker stubs
 *(.trampolines*)
                0x0000083a                __trampolines_end = .
 *(.jumptables)
 *(.jumptables*)
 *(.lowtext)
 *(.lowtext*)
                0x0000083a                __ctors_start = .
 *(.ctors)
                0x0000083a                __ctors_end = .
                0x0000083a                __dtors_start = .
 *(.dtors)
                0x0000083a                __dtors_end = .
 SORT(*)(.ctors)
 SORT(*)(.dtors)
 *(.init0)
 .init0         0x0000083a        0x0 c:/winavr-20100110/bin/../lib/gcc/avr/4.3.3/../../../../avr/lib/avr51/crtm128.o
                0x0000083a                __init
 *(.init0)
 *(.init1)
 *(.init1)
 *(.init2)
 .init2         0x0000083a        0xc c:/winavr-20100110/bin/../lib/gcc/avr/4.3.3/../../../../avr/lib/avr51/crtm128.o
 *(.init2)
 *(.init3)
 *(.init3)
 *(.init4)
 .init4         0x00000846       0x1a c:/winavr-20100110/bin/../lib/gcc/avr/4.3.3/../../../../avr/lib/avr51/crtm128.o
                0x00000846                __do_copy_data
 .init4         0x00000860       0x10 c:/winavr-20100110/bin/../lib/gcc/avr/4.3.3/avr51\libgcc.a(_clear_bss.o)
                0x00000860                __do_clear_bss
 *(.init4)
 *(.init5)
 *(.init5)
 *(.init6)
 *(.init6)
 *(.init7)
 *(.init7)
 *(.init8)
 *(.init8)
 *(.init9)
 .init9         0x00000870        0x8 c:/winavr-20100110/bin/../lib/gcc/avr/4.3.3/../../../../avr/lib/avr51/crtm128.o
 *(.init9)
 *(.text)
 .text          0x00000878        0x4 c:/winavr-20100110/bin/../lib/gcc/avr/4.3.3/../../../../avr/lib/avr51/crtm128.o
                0x00000878                __vector_22
                0x00000878                __vector_28
                0x00000878                __vector_1
                0x00000878                __vector_32
                0x00000878                __vector_34
                0x00000878                __vector_24
                0x00000878                __bad_interrupt
                0x00000878                __vector_6
                0x00000878                __vector_31
                0x00000878                __vector_3
                0x00000878                __vector_23
                0x00000878                __vector_30
                0x00000878                __vector_25
                0x00000878                __vector_11
                0x00000878                __vector_13
                0x00000878                __vector_17
                0x00000878                __vector_19
                0x00000878                __vector_7
                0x00000878                __vector_27
                0x00000878                __vector_5
                0x00000878                __vector_33
                0x00000878                __vector_4
                0x00000878                __vector_9
                0x00000878                __vector_2
                0x00000878                __vector_21
                0x00000878                __vector_15
                0x00000878                __vector_29
                0x00000878                __vector_8
                0x00000878                __vector_10
                0x00000878                __vector_16
                0x00000878                __vector_20
 .text          0x0000087c      0xcc2 4bit_layer.o
                0x0000087c                read_adc
                0x00000d0c                check_byte_received
                0x000012a6                SetRC
                0x00000af2                disable_USART_interrupts
                0x0000094e                __vector_12
                0x00000e7e                check_channel_set
                0x00000e78                clear_byte_received
                0x000008f8                init_timers
                0x00000c26                update_frequency
                0x000013ee                scrollLEDS
                0x00000aec                enable_USART_interrupts
                0x00000af6                note_on
                0x00000e8a                play
                0x00000b30                note_off
                0x00000e84                pgm_read_byte1
                0x00000916                init_adc
                0x00000b3a                process_cc
                0x00001470                main
                0x000008cc                init_interrupts
                0x000008e4                init_io
                0x00001246                __vector_26
                0x000009be                __vector_14
                0x00000c38                bend_pitch
                0x00000920                __vector_18
 .text          0x0000153e        0x0 c:/winavr-20100110/bin/../lib/gcc/avr/4.3.3/avr51\libgcc.a(_udivmodhi4.o)
 .text          0x0000153e        0x0 c:/winavr-20100110/bin/../lib/gcc/avr/4.3.3/avr51\libgcc.a(_udivmodsi4.o)
 .text          0x0000153e        0x0 c:/winavr-20100110/bin/../lib/gcc/avr/4.3.3/avr51\libgcc.a(_divmodsi4.o)
 .text          0x0000153e        0x0 c:/winavr-20100110/bin/../lib/gcc/avr/4.3.3/avr51\libgcc.a(_exit.o)
 .text          0x0000153e        0x0 c:/winavr-20100110/bin/../lib/gcc/avr/4.3.3/avr51\libgcc.a(_clear_bss.o)
 .text          0x0000153e       0x58 c:/winavr-20100110/bin/../lib/gcc/avr/4.3.3/avr51\libgcc.a(_fixunssfsi.o)
                0x0000153e                __fixunssfsi
 .text          0x00001596      0x354 c:/winavr-20100110/bin/../lib/gcc/avr/4.3.3/avr51\libgcc.a(_addsub_sf.o)
                0x0000182e                __subsf3
                0x00001890                __addsf3
 .text          0x000018ea      0x1f4 c:/winavr-20100110/bin/../lib/gcc/avr/4.3.3/avr51\libgcc.a(_mul_sf.o)
                0x000018ea                __mulsf3
 .text          0x00001ade       0x60 c:/winavr-20100110/bin/../lib/gcc/avr/4.3.3/avr51\libgcc.a(_gt_sf.o)
                0x00001ade                __gtsf2
 .text          0x00001b3e       0x60 c:/winavr-20100110/bin/../lib/gcc/avr/4.3.3/avr51\libgcc.a(_ge_sf.o)
                0x00001b3e                __gesf2
 .text          0x00001b9e       0x60 c:/winavr-20100110/bin/../lib/gcc/avr/4.3.3/avr51\libgcc.a(_lt_sf.o)
                0x00001b9e                __ltsf2
 .text          0x00001bfe       0xa8 c:/winavr-20100110/bin/../lib/gcc/avr/4.3.3/avr51\libgcc.a(_sf_to_si.o)
                0x00001bfe                __fixsfsi
 .text          0x00001ca6        0x0 c:/winavr-20100110/bin/../lib/gcc/avr/4.3.3/avr51\libgcc.a(_thenan_sf.o)
 .text          0x00001ca6       0xf2 c:/winavr-20100110/bin/../lib/gcc/avr/4.3.3/avr51\libgcc.a(_usi_to_sf.o)
                0x00001ca6                __floatunsisf
 .text          0x00001d98        0x0 c:/winavr-20100110/bin/../lib/gcc/avr/4.3.3/avr51\libgcc.a(_prologue.o)
 .text          0x00001d98        0x0 c:/winavr-20100110/bin/../lib/gcc/avr/4.3.3/avr51\libgcc.a(_epilogue.o)
 .text          0x00001d98       0x9e c:/winavr-20100110/bin/../lib/gcc/avr/4.3.3/avr51\libgcc.a(_clzsi2.o)
                0x00001d98                __clzsi2
 .text          0x00001e36      0x1aa c:/winavr-20100110/bin/../lib/gcc/avr/4.3.3/avr51\libgcc.a(_pack_sf.o)
                0x00001e36                __pack_f
 .text          0x00001fe0       0xf0 c:/winavr-20100110/bin/../lib/gcc/avr/4.3.3/avr51\libgcc.a(_unpack_sf.o)
                0x00001fe0                __unpack_f
 .text          0x000020d0       0xb2 c:/winavr-20100110/bin/../lib/gcc/avr/4.3.3/avr51\libgcc.a(_fpcmp_parts_sf.o)
                0x000020d0                __fpcmp_parts_f
 .text          0x00002182        0x0 c:/winavr-20100110/bin/../lib/gcc/avr/4.3.3/avr51\libgcc.a(_clz.o)
                0x00002182                . = ALIGN (0x2)
 *(.text.*)
 .text.libgcc   0x00002182       0x28 c:/winavr-20100110/bin/../lib/gcc/avr/4.3.3/avr51\libgcc.a(_udivmodhi4.o)
                0x00002182                __udivmodhi4
 .text.libgcc   0x000021aa       0x44 c:/winavr-20100110/bin/../lib/gcc/avr/4.3.3/avr51\libgcc.a(_udivmodsi4.o)
                0x000021aa                __udivmodsi4
 .text.libgcc   0x000021ee       0x36 c:/winavr-20100110/bin/../lib/gcc/avr/4.3.3/avr51\libgcc.a(_divmodsi4.o)
                0x000021ee                __divmodsi4
 .text.libgcc   0x00002224        0x0 c:/winavr-20100110/bin/../lib/gcc/avr/4.3.3/avr51\libgcc.a(_exit.o)
 .text.libgcc   0x00002224        0x0 c:/winavr-20100110/bin/../lib/gcc/avr/4.3.3/avr51\libgcc.a(_clear_bss.o)
 .text.libgcc   0x00002224       0x38 c:/winavr-20100110/bin/../lib/gcc/avr/4.3.3/avr51\libgcc.a(_prologue.o)
                0x00002224                __prologue_saves__
 .text.libgcc   0x0000225c       0x36 c:/winavr-20100110/bin/../lib/gcc/avr/4.3.3/avr51\libgcc.a(_epilogue.o)
                0x0000225c                __epilogue_restores__
                0x00002292                . = ALIGN (0x2)
 *(.fini9)
 .fini9         0x00002292        0x0 c:/winavr-20100110/bin/../lib/gcc/avr/4.3.3/avr51\libgcc.a(_exit.o)
                0x00002292                exit
                0x00002292                _exit
 *(.fini9)
 *(.fini8)
 *(.fini8)
 *(.fini7)
 *(.fini7)
 *(.fini6)
 *(.fini6)
 *(.fini5)
 *(.fini5)
 *(.fini4)
 *(.fini4)
 *(.fini3)
 *(.fini3)
 *(.fini2)
 *(.fini2)
 *(.fini1)
 *(.fini1)
 *(.fini0)
 .fini0         0x00002292        0x4 c:/winavr-20100110/bin/../lib/gcc/avr/4.3.3/avr51\libgcc.a(_exit.o)
 *(.fini0)
                0x00002296                _etext = .

.data           0x00800100      0x410 load address 0x00002296
                0x00800100                PROVIDE (__data_start, .)
 *(.data)
 .data          0x00800100        0x0 c:/winavr-20100110/bin/../lib/gcc/avr/4.3.3/../../../../avr/lib/avr51/crtm128.o
 .data          0x00800100      0x307 4bit_layer.o
                0x00800200                note_tablex
                0x00800307                sine
                0x00800300                selfPlay
                0x00800305                counter
                0x00800100                note_table
                0x00800301                songs
 .data          0x00800407        0x0 c:/winavr-20100110/bin/../lib/gcc/avr/4.3.3/avr51\libgcc.a(_udivmodhi4.o)
 .data          0x00800407        0x0 c:/winavr-20100110/bin/../lib/gcc/avr/4.3.3/avr51\libgcc.a(_udivmodsi4.o)
 .data          0x00800407        0x0 c:/winavr-20100110/bin/../lib/gcc/avr/4.3.3/avr51\libgcc.a(_divmodsi4.o)
 .data          0x00800407        0x0 c:/winavr-20100110/bin/../lib/gcc/avr/4.3.3/avr51\libgcc.a(_exit.o)
 .data          0x00800407        0x0 c:/winavr-20100110/bin/../lib/gcc/avr/4.3.3/avr51\libgcc.a(_clear_bss.o)
 .data          0x00800407        0x0 c:/winavr-20100110/bin/../lib/gcc/avr/4.3.3/avr51\libgcc.a(_fixunssfsi.o)
 .data          0x00800407        0x0 c:/winavr-20100110/bin/../lib/gcc/avr/4.3.3/avr51\libgcc.a(_addsub_sf.o)
 .data          0x00800407        0x0 c:/winavr-20100110/bin/../lib/gcc/avr/4.3.3/avr51\libgcc.a(_mul_sf.o)
 .data          0x00800407        0x0 c:/winavr-20100110/bin/../lib/gcc/avr/4.3.3/avr51\libgcc.a(_gt_sf.o)
 .data          0x00800407        0x0 c:/winavr-20100110/bin/../lib/gcc/avr/4.3.3/avr51\libgcc.a(_ge_sf.o)
 .data          0x00800407        0x0 c:/winavr-20100110/bin/../lib/gcc/avr/4.3.3/avr51\libgcc.a(_lt_sf.o)
 .data          0x00800407        0x0 c:/winavr-20100110/bin/../lib/gcc/avr/4.3.3/avr51\libgcc.a(_sf_to_si.o)
 .data          0x00800407        0x8 c:/winavr-20100110/bin/../lib/gcc/avr/4.3.3/avr51\libgcc.a(_thenan_sf.o)
                0x00800407                __thenan_sf
 .data          0x0080040f        0x0 c:/winavr-20100110/bin/../lib/gcc/avr/4.3.3/avr51\libgcc.a(_usi_to_sf.o)
 .data          0x0080040f        0x0 c:/winavr-20100110/bin/../lib/gcc/avr/4.3.3/avr51\libgcc.a(_prologue.o)
 .data          0x0080040f        0x0 c:/winavr-20100110/bin/../lib/gcc/avr/4.3.3/avr51\libgcc.a(_epilogue.o)
 .data          0x0080040f        0x0 c:/winavr-20100110/bin/../lib/gcc/avr/4.3.3/avr51\libgcc.a(_clzsi2.o)
 .data          0x0080040f        0x0 c:/winavr-20100110/bin/../lib/gcc/avr/4.3.3/avr51\libgcc.a(_pack_sf.o)
 .data          0x0080040f        0x0 c:/winavr-20100110/bin/../lib/gcc/avr/4.3.3/avr51\libgcc.a(_unpack_sf.o)
 .data          0x0080040f        0x0 c:/winavr-20100110/bin/../lib/gcc/avr/4.3.3/avr51\libgcc.a(_fpcmp_parts_sf.o)
 .data          0x0080040f      0x100 c:/winavr-20100110/bin/../lib/gcc/avr/4.3.3/avr51\libgcc.a(_clz.o)
                0x0080040f                __clz_tab
 *(.data*)
 *(.rodata)
 *(.rodata*)
 *(.gnu.linkonce.d*)
                0x00800510                . = ALIGN (0x2)
 *fill*         0x0080050f        0x1 00
                0x00800510                _edata = .
                0x00800510                PROVIDE (__data_end, .)

.bss            0x00800510       0x64
                0x00800510                PROVIDE (__bss_start, .)
 *(.bss)
 .bss           0x00800510        0x0 c:/winavr-20100110/bin/../lib/gcc/avr/4.3.3/../../../../avr/lib/avr51/crtm128.o
 .bss           0x00800510       0x42 4bit_layer.o
                0x00800549                accumulator
                0x00800547                daftIndex
                0x0080054b                indexi
                0x00800511                knobs
                0x00800510                adctimer
 .bss           0x00800552        0x0 c:/winavr-20100110/bin/../lib/gcc/avr/4.3.3/avr51\libgcc.a(_udivmodhi4.o)
 .bss           0x00800552        0x0 c:/winavr-20100110/bin/../lib/gcc/avr/4.3.3/avr51\libgcc.a(_udivmodsi4.o)
 .bss           0x00800552        0x0 c:/winavr-20100110/bin/../lib/gcc/avr/4.3.3/avr51\libgcc.a(_divmodsi4.o)
 .bss           0x00800552        0x0 c:/winavr-20100110/bin/../lib/gcc/avr/4.3.3/avr51\libgcc.a(_exit.o)
 .bss           0x00800552        0x0 c:/winavr-20100110/bin/../lib/gcc/avr/4.3.3/avr51\libgcc.a(_clear_bss.o)
 .bss           0x00800552        0x0 c:/winavr-20100110/bin/../lib/gcc/avr/4.3.3/avr51\libgcc.a(_fixunssfsi.o)
 .bss           0x00800552        0x0 c:/winavr-20100110/bin/../lib/gcc/avr/4.3.3/avr51\libgcc.a(_addsub_sf.o)
 .bss           0x00800552        0x0 c:/winavr-20100110/bin/../lib/gcc/avr/4.3.3/avr51\libgcc.a(_mul_sf.o)
 .bss           0x00800552        0x0 c:/winavr-20100110/bin/../lib/gcc/avr/4.3.3/avr51\libgcc.a(_gt_sf.o)
 .bss           0x00800552        0x0 c:/winavr-20100110/bin/../lib/gcc/avr/4.3.3/avr51\libgcc.a(_ge_sf.o)
 .bss           0x00800552        0x0 c:/winavr-20100110/bin/../lib/gcc/avr/4.3.3/avr51\libgcc.a(_lt_sf.o)
 .bss           0x00800552        0x0 c:/winavr-20100110/bin/../lib/gcc/avr/4.3.3/avr51\libgcc.a(_sf_to_si.o)
 .bss           0x00800552        0x0 c:/winavr-20100110/bin/../lib/gcc/avr/4.3.3/avr51\libgcc.a(_thenan_sf.o)
 .bss           0x00800552        0x0 c:/winavr-20100110/bin/../lib/gcc/avr/4.3.3/avr51\libgcc.a(_usi_to_sf.o)
 .bss           0x00800552        0x0 c:/winavr-20100110/bin/../lib/gcc/avr/4.3.3/avr51\libgcc.a(_prologue.o)
 .bss           0x00800552        0x0 c:/winavr-20100110/bin/../lib/gcc/avr/4.3.3/avr51\libgcc.a(_epilogue.o)
 .bss           0x00800552        0x0 c:/winavr-20100110/bin/../lib/gcc/avr/4.3.3/avr51\libgcc.a(_clzsi2.o)
 .bss           0x00800552        0x0 c:/winavr-20100110/bin/../lib/gcc/avr/4.3.3/avr51\libgcc.a(_pack_sf.o)
 .bss           0x00800552        0x0 c:/winavr-20100110/bin/../lib/gcc/avr/4.3.3/avr51\libgcc.a(_unpack_sf.o)
 .bss           0x00800552        0x0 c:/winavr-20100110/bin/../lib/gcc/avr/4.3.3/avr51\libgcc.a(_fpcmp_parts_sf.o)
 .bss           0x00800552        0x0 c:/winavr-20100110/bin/../lib/gcc/avr/4.3.3/avr51\libgcc.a(_clz.o)
 *(.bss*)
 *(COMMON)
 COMMON         0x00800552       0x22 4bit_layer.o
                0x00800552                byte_ready
                0x00800553                num_bytes
                0x00800554                master_volume
                0x00800555                current_midi_note
                0x00800556                frequency
                0x00800558                byte_received
                0x00800559                num_ccs
                0x0080055a                current_midi_pb_l
                0x0080055b                current_midi_pb_h
                0x0080055c                playing_midi_note
                0x0080055d                amplitude
                0x0080055e                current_midi_channel
                0x0080055f                distance
                0x00800561                fine_pitch_bend
                0x00800563                fake_16_timer
                0x00800565                note_on_gate
                0x00800566                fivebit_counter
                0x00800567                current_midi_status
                0x00800568                current_midi_ccdata
                0x00800569                current_midi_pb
                0x0080056b                sweep_direction
                0x0080056c                num_pbs
                0x0080056d                sweep_enabled
                0x0080056e                midi_channel
                0x0080056f                current_midi_cc
                0x00800570                sweep_amount
                0x00800571                sample
                0x00800573                sweep_loop_enabled
                0x00800574                PROVIDE (__bss_end, .)
                0x00002296                __data_load_start = LOADADDR (.data)
                0x000026a6                __data_load_end = (__data_load_start + SIZEOF (.data))

.noinit         0x00800574        0x0
                0x00800574                PROVIDE (__noinit_start, .)
 *(.noinit*)
                0x00800574                PROVIDE (__noinit_end, .)
                0x00800574                _end = .
                0x00800574                PROVIDE (__heap_start, .)

.eeprom         0x00810000        0x0
 *(.eeprom*)
                0x00810000                __eeprom_end = .

.fuse
 *(.fuse)
 *(.lfuse)
 *(.hfuse)
 *(.efuse)

.lock
 *(.lock*)

.signature
 *(.signature*)

.stab
 *(.stab)

.stabstr
 *(.stabstr)

.stab.excl
 *(.stab.excl)

.stab.exclstr
 *(.stab.exclstr)

.stab.index
 *(.stab.index)

.stab.indexstr
 *(.stab.indexstr)

.comment
 *(.comment)

.debug
 *(.debug)

.line
 *(.line)

.debug_srcinfo
 *(.debug_srcinfo)

.debug_sfnames
 *(.debug_sfnames)

.debug_aranges  0x00000000      0x1a0
 *(.debug_aranges)
 .debug_aranges
                0x00000000       0x20 4bit_layer.o
 .debug_aranges
                0x00000020       0x20 c:/winavr-20100110/bin/../lib/gcc/avr/4.3.3/avr51\libgcc.a(_fixunssfsi.o)
 .debug_aranges
                0x00000040       0x20 c:/winavr-20100110/bin/../lib/gcc/avr/4.3.3/avr51\libgcc.a(_addsub_sf.o)
 .debug_aranges
                0x00000060       0x20 c:/winavr-20100110/bin/../lib/gcc/avr/4.3.3/avr51\libgcc.a(_mul_sf.o)
 .debug_aranges
                0x00000080       0x20 c:/winavr-20100110/bin/../lib/gcc/avr/4.3.3/avr51\libgcc.a(_gt_sf.o)
 .debug_aranges
                0x000000a0       0x20 c:/winavr-20100110/bin/../lib/gcc/avr/4.3.3/avr51\libgcc.a(_ge_sf.o)
 .debug_aranges
                0x000000c0       0x20 c:/winavr-20100110/bin/../lib/gcc/avr/4.3.3/avr51\libgcc.a(_lt_sf.o)
 .debug_aranges
                0x000000e0       0x20 c:/winavr-20100110/bin/../lib/gcc/avr/4.3.3/avr51\libgcc.a(_sf_to_si.o)
 .debug_aranges
                0x00000100       0x20 c:/winavr-20100110/bin/../lib/gcc/avr/4.3.3/avr51\libgcc.a(_usi_to_sf.o)
 .debug_aranges
                0x00000120       0x20 c:/winavr-20100110/bin/../lib/gcc/avr/4.3.3/avr51\libgcc.a(_clzsi2.o)
 .debug_aranges
                0x00000140       0x20 c:/winavr-20100110/bin/../lib/gcc/avr/4.3.3/avr51\libgcc.a(_pack_sf.o)
 .debug_aranges
                0x00000160       0x20 c:/winavr-20100110/bin/../lib/gcc/avr/4.3.3/avr51\libgcc.a(_unpack_sf.o)
 .debug_aranges
                0x00000180       0x20 c:/winavr-20100110/bin/../lib/gcc/avr/4.3.3/avr51\libgcc.a(_fpcmp_parts_sf.o)

.debug_pubnames
                0x00000000      0x603
 *(.debug_pubnames)
 .debug_pubnames
                0x00000000      0x430 4bit_layer.o
 .debug_pubnames
                0x00000430       0x23 c:/winavr-20100110/bin/../lib/gcc/avr/4.3.3/avr51\libgcc.a(_fixunssfsi.o)
 .debug_pubnames
                0x00000453       0x2c c:/winavr-20100110/bin/../lib/gcc/avr/4.3.3/avr51\libgcc.a(_addsub_sf.o)
 .debug_pubnames
                0x0000047f       0x1f c:/winavr-20100110/bin/../lib/gcc/avr/4.3.3/avr51\libgcc.a(_mul_sf.o)
 .debug_pubnames
                0x0000049e       0x1e c:/winavr-20100110/bin/../lib/gcc/avr/4.3.3/avr51\libgcc.a(_gt_sf.o)
 .debug_pubnames
                0x000004bc       0x1e c:/winavr-20100110/bin/../lib/gcc/avr/4.3.3/avr51\libgcc.a(_ge_sf.o)
 .debug_pubnames
                0x000004da       0x1e c:/winavr-20100110/bin/../lib/gcc/avr/4.3.3/avr51\libgcc.a(_lt_sf.o)
 .debug_pubnames
                0x000004f8       0x20 c:/winavr-20100110/bin/../lib/gcc/avr/4.3.3/avr51\libgcc.a(_sf_to_si.o)
 .debug_pubnames
                0x00000518       0x22 c:/winavr-20100110/bin/../lib/gcc/avr/4.3.3/avr51\libgcc.a(_thenan_sf.o)
 .debug_pubnames
                0x0000053a       0x24 c:/winavr-20100110/bin/../lib/gcc/avr/4.3.3/avr51\libgcc.a(_usi_to_sf.o)
 .debug_pubnames
                0x0000055e       0x1f c:/winavr-20100110/bin/../lib/gcc/avr/4.3.3/avr51\libgcc.a(_clzsi2.o)
 .debug_pubnames
                0x0000057d       0x1f c:/winavr-20100110/bin/../lib/gcc/avr/4.3.3/avr51\libgcc.a(_pack_sf.o)
 .debug_pubnames
                0x0000059c       0x21 c:/winavr-20100110/bin/../lib/gcc/avr/4.3.3/avr51\libgcc.a(_unpack_sf.o)
 .debug_pubnames
                0x000005bd       0x26 c:/winavr-20100110/bin/../lib/gcc/avr/4.3.3/avr51\libgcc.a(_fpcmp_parts_sf.o)
 .debug_pubnames
                0x000005e3       0x20 c:/winavr-20100110/bin/../lib/gcc/avr/4.3.3/avr51\libgcc.a(_clz.o)

.debug_info     0x00000000     0x2bd7
 *(.debug_info)
 .debug_info    0x00000000      0xbc8 4bit_layer.o
 .debug_info    0x00000bc8       0xb1 c:/winavr-20100110/bin/../lib/gcc/avr/4.3.3/avr51\libgcc.a(_fixunssfsi.o)
 .debug_info    0x00000c79      0x47a c:/winavr-20100110/bin/../lib/gcc/avr/4.3.3/avr51\libgcc.a(_addsub_sf.o)
 .debug_info    0x000010f3      0x485 c:/winavr-20100110/bin/../lib/gcc/avr/4.3.3/avr51\libgcc.a(_mul_sf.o)
 .debug_info    0x00001578      0x27f c:/winavr-20100110/bin/../lib/gcc/avr/4.3.3/avr51\libgcc.a(_gt_sf.o)
 .debug_info    0x000017f7      0x27f c:/winavr-20100110/bin/../lib/gcc/avr/4.3.3/avr51\libgcc.a(_ge_sf.o)
 .debug_info    0x00001a76      0x27f c:/winavr-20100110/bin/../lib/gcc/avr/4.3.3/avr51\libgcc.a(_lt_sf.o)
 .debug_info    0x00001cf5      0x2b0 c:/winavr-20100110/bin/../lib/gcc/avr/4.3.3/avr51\libgcc.a(_sf_to_si.o)
 .debug_info    0x00001fa5      0x12c c:/winavr-20100110/bin/../lib/gcc/avr/4.3.3/avr51\libgcc.a(_thenan_sf.o)
 .debug_info    0x000020d1      0x206 c:/winavr-20100110/bin/../lib/gcc/avr/4.3.3/avr51\libgcc.a(_usi_to_sf.o)
 .debug_info    0x000022d7      0x117 c:/winavr-20100110/bin/../lib/gcc/avr/4.3.3/avr51\libgcc.a(_clzsi2.o)
 .debug_info    0x000023ee      0x2df c:/winavr-20100110/bin/../lib/gcc/avr/4.3.3/avr51\libgcc.a(_pack_sf.o)
 .debug_info    0x000026cd      0x251 c:/winavr-20100110/bin/../lib/gcc/avr/4.3.3/avr51\libgcc.a(_unpack_sf.o)
 .debug_info    0x0000291e      0x210 c:/winavr-20100110/bin/../lib/gcc/avr/4.3.3/avr51\libgcc.a(_fpcmp_parts_sf.o)
 .debug_info    0x00002b2e       0xa9 c:/winavr-20100110/bin/../lib/gcc/avr/4.3.3/avr51\libgcc.a(_clz.o)
 *(.gnu.linkonce.wi.*)

.debug_abbrev   0x00000000     0x14b5
 *(.debug_abbrev)
 .debug_abbrev  0x00000000      0x345 4bit_layer.o
 .debug_abbrev  0x00000345       0x5d c:/winavr-20100110/bin/../lib/gcc/avr/4.3.3/avr51\libgcc.a(_fixunssfsi.o)
 .debug_abbrev  0x000003a2      0x1ea c:/winavr-20100110/bin/../lib/gcc/avr/4.3.3/avr51\libgcc.a(_addsub_sf.o)
 .debug_abbrev  0x0000058c      0x21b c:/winavr-20100110/bin/../lib/gcc/avr/4.3.3/avr51\libgcc.a(_mul_sf.o)
 .debug_abbrev  0x000007a7      0x15a c:/winavr-20100110/bin/../lib/gcc/avr/4.3.3/avr51\libgcc.a(_gt_sf.o)
 .debug_abbrev  0x00000901      0x15a c:/winavr-20100110/bin/../lib/gcc/avr/4.3.3/avr51\libgcc.a(_ge_sf.o)
 .debug_abbrev  0x00000a5b      0x15a c:/winavr-20100110/bin/../lib/gcc/avr/4.3.3/avr51\libgcc.a(_lt_sf.o)
 .debug_abbrev  0x00000bb5      0x17f c:/winavr-20100110/bin/../lib/gcc/avr/4.3.3/avr51\libgcc.a(_sf_to_si.o)
 .debug_abbrev  0x00000d34       0xad c:/winavr-20100110/bin/../lib/gcc/avr/4.3.3/avr51\libgcc.a(_thenan_sf.o)
 .debug_abbrev  0x00000de1      0x157 c:/winavr-20100110/bin/../lib/gcc/avr/4.3.3/avr51\libgcc.a(_usi_to_sf.o)
 .debug_abbrev  0x00000f38       0xc4 c:/winavr-20100110/bin/../lib/gcc/avr/4.3.3/avr51\libgcc.a(_clzsi2.o)
 .debug_abbrev  0x00000ffc      0x1c0 c:/winavr-20100110/bin/../lib/gcc/avr/4.3.3/avr51\libgcc.a(_pack_sf.o)
 .debug_abbrev  0x000011bc      0x154 c:/winavr-20100110/bin/../lib/gcc/avr/4.3.3/avr51\libgcc.a(_unpack_sf.o)
 .debug_abbrev  0x00001310      0x13b c:/winavr-20100110/bin/../lib/gcc/avr/4.3.3/avr51\libgcc.a(_fpcmp_parts_sf.o)
 .debug_abbrev  0x0000144b       0x6a c:/winavr-20100110/bin/../lib/gcc/avr/4.3.3/avr51\libgcc.a(_clz.o)

.debug_line     0x00000000     0x1bf0
 *(.debug_line)
 .debug_line    0x00000000      0xbef 4bit_layer.o
 .debug_line    0x00000bef       0xa7 c:/winavr-20100110/bin/../lib/gcc/avr/4.3.3/avr51\libgcc.a(_fixunssfsi.o)
 .debug_line    0x00000c96      0x2af c:/winavr-20100110/bin/../lib/gcc/avr/4.3.3/avr51\libgcc.a(_addsub_sf.o)
 .debug_line    0x00000f45      0x239 c:/winavr-20100110/bin/../lib/gcc/avr/4.3.3/avr51\libgcc.a(_mul_sf.o)
 .debug_line    0x0000117e       0xd3 c:/winavr-20100110/bin/../lib/gcc/avr/4.3.3/avr51\libgcc.a(_gt_sf.o)
 .debug_line    0x00001251       0xd3 c:/winavr-20100110/bin/../lib/gcc/avr/4.3.3/avr51\libgcc.a(_ge_sf.o)
 .debug_line    0x00001324       0xd3 c:/winavr-20100110/bin/../lib/gcc/avr/4.3.3/avr51\libgcc.a(_lt_sf.o)
 .debug_line    0x000013f7      0x109 c:/winavr-20100110/bin/../lib/gcc/avr/4.3.3/avr51\libgcc.a(_sf_to_si.o)
 .debug_line    0x00001500       0x90 c:/winavr-20100110/bin/../lib/gcc/avr/4.3.3/avr51\libgcc.a(_thenan_sf.o)
 .debug_line    0x00001590      0x133 c:/winavr-20100110/bin/../lib/gcc/avr/4.3.3/avr51\libgcc.a(_usi_to_sf.o)
 .debug_line    0x000016c3       0xa5 c:/winavr-20100110/bin/../lib/gcc/avr/4.3.3/avr51\libgcc.a(_clzsi2.o)
 .debug_line    0x00001768      0x18a c:/winavr-20100110/bin/../lib/gcc/avr/4.3.3/avr51\libgcc.a(_pack_sf.o)
 .debug_line    0x000018f2      0x14b c:/winavr-20100110/bin/../lib/gcc/avr/4.3.3/avr51\libgcc.a(_unpack_sf.o)
 .debug_line    0x00001a3d      0x137 c:/winavr-20100110/bin/../lib/gcc/avr/4.3.3/avr51\libgcc.a(_fpcmp_parts_sf.o)
 .debug_line    0x00001b74       0x7c c:/winavr-20100110/bin/../lib/gcc/avr/4.3.3/avr51\libgcc.a(_clz.o)

.debug_frame    0x00000000      0x330
 *(.debug_frame)
 .debug_frame   0x00000000      0x190 4bit_layer.o
 .debug_frame   0x00000190       0x20 c:/winavr-20100110/bin/../lib/gcc/avr/4.3.3/avr51\libgcc.a(_fixunssfsi.o)
 .debug_frame   0x000001b0       0x40 c:/winavr-20100110/bin/../lib/gcc/avr/4.3.3/avr51\libgcc.a(_addsub_sf.o)
 .debug_frame   0x000001f0       0x20 c:/winavr-20100110/bin/../lib/gcc/avr/4.3.3/avr51\libgcc.a(_mul_sf.o)
 .debug_frame   0x00000210       0x20 c:/winavr-20100110/bin/../lib/gcc/avr/4.3.3/avr51\libgcc.a(_gt_sf.o)
 .debug_frame   0x00000230       0x20 c:/winavr-20100110/bin/../lib/gcc/avr/4.3.3/avr51\libgcc.a(_ge_sf.o)
 .debug_frame   0x00000250       0x20 c:/winavr-20100110/bin/../lib/gcc/avr/4.3.3/avr51\libgcc.a(_lt_sf.o)
 .debug_frame   0x00000270       0x20 c:/winavr-20100110/bin/../lib/gcc/avr/4.3.3/avr51\libgcc.a(_sf_to_si.o)
 .debug_frame   0x00000290       0x20 c:/winavr-20100110/bin/../lib/gcc/avr/4.3.3/avr51\libgcc.a(_usi_to_sf.o)
 .debug_frame   0x000002b0       0x20 c:/winavr-20100110/bin/../lib/gcc/avr/4.3.3/avr51\libgcc.a(_clzsi2.o)
 .debug_frame   0x000002d0       0x20 c:/winavr-20100110/bin/../lib/gcc/avr/4.3.3/avr51\libgcc.a(_pack_sf.o)
 .debug_frame   0x000002f0       0x20 c:/winavr-20100110/bin/../lib/gcc/avr/4.3.3/avr51\libgcc.a(_unpack_sf.o)
 .debug_frame   0x00000310       0x20 c:/winavr-20100110/bin/../lib/gcc/avr/4.3.3/avr51\libgcc.a(_fpcmp_parts_sf.o)

.debug_str      0x00000000      0x7e0
 *(.debug_str)
 .debug_str     0x00000000      0x55d 4bit_layer.o
                                0x5c9 (size before relaxing)
 .debug_str     0x0000055d       0x81 c:/winavr-20100110/bin/../lib/gcc/avr/4.3.3/avr51\libgcc.a(_fixunssfsi.o)
                                 0xff (size before relaxing)
 .debug_str     0x000005de      0x14d c:/winavr-20100110/bin/../lib/gcc/avr/4.3.3/avr51\libgcc.a(_addsub_sf.o)
                                0x207 (size before relaxing)
 .debug_str     0x0000072b       0x27 c:/winavr-20100110/bin/../lib/gcc/avr/4.3.3/avr51\libgcc.a(_mul_sf.o)
                                0x1c0 (size before relaxing)
 .debug_str     0x00000752        0x8 c:/winavr-20100110/bin/../lib/gcc/avr/4.3.3/avr51\libgcc.a(_gt_sf.o)
                                0x196 (size before relaxing)
 .debug_str     0x0000075a        0x8 c:/winavr-20100110/bin/../lib/gcc/avr/4.3.3/avr51\libgcc.a(_ge_sf.o)
                                0x196 (size before relaxing)
 .debug_str     0x00000762        0x8 c:/winavr-20100110/bin/../lib/gcc/avr/4.3.3/avr51\libgcc.a(_lt_sf.o)
                                0x196 (size before relaxing)
 .debug_str     0x0000076a        0xa c:/winavr-20100110/bin/../lib/gcc/avr/4.3.3/avr51\libgcc.a(_sf_to_si.o)
                                0x19f (size before relaxing)
 .debug_str     0x00000000      0x104 c:/winavr-20100110/bin/../lib/gcc/avr/4.3.3/avr51\libgcc.a(_thenan_sf.o)
 .debug_str     0x00000774       0x21 c:/winavr-20100110/bin/../lib/gcc/avr/4.3.3/avr51\libgcc.a(_usi_to_sf.o)
                                0x178 (size before relaxing)
 .debug_str     0x00000795       0x20 c:/winavr-20100110/bin/../lib/gcc/avr/4.3.3/avr51\libgcc.a(_clzsi2.o)
                                0x112 (size before relaxing)
 .debug_str     0x000007b5       0x10 c:/winavr-20100110/bin/../lib/gcc/avr/4.3.3/avr51\libgcc.a(_pack_sf.o)
                                0x19e (size before relaxing)
 .debug_str     0x000007c5        0xb c:/winavr-20100110/bin/../lib/gcc/avr/4.3.3/avr51\libgcc.a(_unpack_sf.o)
                                0x180 (size before relaxing)
 .debug_str     0x000007d0       0x10 c:/winavr-20100110/bin/../lib/gcc/avr/4.3.3/avr51\libgcc.a(_fpcmp_parts_sf.o)
                                0x164 (size before relaxing)
 .debug_str     0x00000000       0xf5 c:/winavr-20100110/bin/../lib/gcc/avr/4.3.3/avr51\libgcc.a(_clz.o)

.debug_loc      0x00000000      0xe17
 *(.debug_loc)
 .debug_loc     0x00000000      0x569 4bit_layer.o
 .debug_loc     0x00000569       0x34 c:/winavr-20100110/bin/../lib/gcc/avr/4.3.3/avr51\libgcc.a(_fixunssfsi.o)
 .debug_loc     0x0000059d      0x32a c:/winavr-20100110/bin/../lib/gcc/avr/4.3.3/avr51\libgcc.a(_addsub_sf.o)
 .debug_loc     0x000008c7      0x104 c:/winavr-20100110/bin/../lib/gcc/avr/4.3.3/avr51\libgcc.a(_mul_sf.o)
 .debug_loc     0x000009cb       0x3c c:/winavr-20100110/bin/../lib/gcc/avr/4.3.3/avr51\libgcc.a(_gt_sf.o)
 .debug_loc     0x00000a07       0x3c c:/winavr-20100110/bin/../lib/gcc/avr/4.3.3/avr51\libgcc.a(_ge_sf.o)
 .debug_loc     0x00000a43       0x3c c:/winavr-20100110/bin/../lib/gcc/avr/4.3.3/avr51\libgcc.a(_lt_sf.o)
 .debug_loc     0x00000a7f       0x7e c:/winavr-20100110/bin/../lib/gcc/avr/4.3.3/avr51\libgcc.a(_sf_to_si.o)
 .debug_loc     0x00000afd       0x4c c:/winavr-20100110/bin/../lib/gcc/avr/4.3.3/avr51\libgcc.a(_usi_to_sf.o)
 .debug_loc     0x00000b49       0x94 c:/winavr-20100110/bin/../lib/gcc/avr/4.3.3/avr51\libgcc.a(_clzsi2.o)
 .debug_loc     0x00000bdd      0x13e c:/winavr-20100110/bin/../lib/gcc/avr/4.3.3/avr51\libgcc.a(_pack_sf.o)
 .debug_loc     0x00000d1b       0xac c:/winavr-20100110/bin/../lib/gcc/avr/4.3.3/avr51\libgcc.a(_unpack_sf.o)
 .debug_loc     0x00000dc7       0x50 c:/winavr-20100110/bin/../lib/gcc/avr/4.3.3/avr51\libgcc.a(_fpcmp_parts_sf.o)

.debug_macinfo
 *(.debug_macinfo)
OUTPUT(4bit_layer.elf elf32-avr)
LOAD linker stubs

.debug_ranges   0x00000000       0x50
 .debug_ranges  0x00000000       0x50 c:/winavr-20100110/bin/../lib/gcc/avr/4.3.3/avr51\libgcc.a(_mul_sf.o)
