Archive member included because of file (symbol)

c:/program files (x86)/atmel/atmel studio 6.0/extensions/atmel/avrgcc/3.4.0.65/avrtoolchain/bin/../lib/gcc/avr32/4.4.3/ucr3\libgcc.a(_udivdi3.o)
                              src/asf/avr32/drivers/scif/scif_uc3l.o (__avr32_udiv64)

Discarded input sections

 .text          0x00000000        0x0 src/asf/avr32/boards/uc3l_ek/init.o
 .data          0x00000000        0x0 src/asf/avr32/boards/uc3l_ek/init.o
 .bss           0x00000000        0x0 src/asf/avr32/boards/uc3l_ek/init.o
 .debug_abbrev  0x00000000       0x4c src/asf/avr32/boards/uc3l_ek/init.o
 .debug_info    0x00000000       0xa8 src/asf/avr32/boards/uc3l_ek/init.o
 .debug_line    0x00000000      0x734 src/asf/avr32/boards/uc3l_ek/init.o
 .debug_macinfo
                0x00000000    0xacf6c src/asf/avr32/boards/uc3l_ek/init.o
 .text.board_init
                0x00000000       0x30 src/asf/avr32/boards/uc3l_ek/init.o
 .debug_frame   0x00000000       0x28 src/asf/avr32/boards/uc3l_ek/init.o
 .debug_loc     0x00000000       0x1f src/asf/avr32/boards/uc3l_ek/init.o
 .debug_pubnames
                0x00000000       0x21 src/asf/avr32/boards/uc3l_ek/init.o
 .debug_aranges
                0x00000000       0x20 src/asf/avr32/boards/uc3l_ek/init.o
 .debug_ranges  0x00000000       0x18 src/asf/avr32/boards/uc3l_ek/init.o
 .debug_str     0x00000000      0x112 src/asf/avr32/boards/uc3l_ek/init.o
 .comment       0x00000000       0x31 src/asf/avr32/boards/uc3l_ek/init.o
 .text          0x00000000        0x0 src/asf/avr32/drivers/flashcdw/flashcdw.o
 .data          0x00000000        0x0 src/asf/avr32/drivers/flashcdw/flashcdw.o
 .bss           0x00000000        0x0 src/asf/avr32/drivers/flashcdw/flashcdw.o
 .text.flashcdw_get_flash_size
                0x00000000       0x80 src/asf/avr32/drivers/flashcdw/flashcdw.o
 .text.flashcdw_get_wait_state
                0x00000000        0xc src/asf/avr32/drivers/flashcdw/flashcdw.o
 .text.flashcdw_set_wait_state
                0x00000000        0xe src/asf/avr32/drivers/flashcdw/flashcdw.o
 .text.flashcdw_is_ready_int_enabled
                0x00000000        0xc src/asf/avr32/drivers/flashcdw/flashcdw.o
 .text.flashcdw_enable_ready_int
                0x00000000        0xe src/asf/avr32/drivers/flashcdw/flashcdw.o
 .text.flashcdw_is_lock_error_int_enabled
                0x00000000        0xc src/asf/avr32/drivers/flashcdw/flashcdw.o
 .text.flashcdw_enable_lock_error_int
                0x00000000        0xe src/asf/avr32/drivers/flashcdw/flashcdw.o
 .text.flashcdw_is_prog_error_int_enabled
                0x00000000        0xc src/asf/avr32/drivers/flashcdw/flashcdw.o
 .text.flashcdw_enable_prog_error_int
                0x00000000        0xe src/asf/avr32/drivers/flashcdw/flashcdw.o
 .text.flashcdw_is_ready
                0x00000000        0xc src/asf/avr32/drivers/flashcdw/flashcdw.o
 .text.flashcdw_is_lock_error
                0x00000000       0x10 src/asf/avr32/drivers/flashcdw/flashcdw.o
 .text.flashcdw_is_programming_error
                0x00000000       0x10 src/asf/avr32/drivers/flashcdw/flashcdw.o
 .text.flashcdw_is_high_speed_enabled
                0x00000000        0xc src/asf/avr32/drivers/flashcdw/flashcdw.o
 .text.flashcdw_get_command
                0x00000000        0xc src/asf/avr32/drivers/flashcdw/flashcdw.o
 .text.flashcdw_get_page_number
                0x00000000        0xc src/asf/avr32/drivers/flashcdw/flashcdw.o
 .text.flashcdw_issue_command
                0x00000000       0x48 src/asf/avr32/drivers/flashcdw/flashcdw.o
 .text.flashcdw_is_security_bit_active
                0x00000000        0xc src/asf/avr32/drivers/flashcdw/flashcdw.o
 .text.flashcdw_get_bootloader_protected_size
                0x00000000       0x6c src/asf/avr32/drivers/flashcdw/flashcdw.o
 .text.flashcdw_is_external_privileged_fetch_locked
                0x00000000       0x26 src/asf/avr32/drivers/flashcdw/flashcdw.o
 .text.flashcdw_is_jtag_user_protection_enabled
                0x00000000       0x26 src/asf/avr32/drivers/flashcdw/flashcdw.o
 .text.flashcdw_is_secure_state_enabled
                0x00000000       0x6c src/asf/avr32/drivers/flashcdw/flashcdw.o
 .text.flashcdw_is_secure_state_debug_enabled
                0x00000000       0x5e src/asf/avr32/drivers/flashcdw/flashcdw.o
 .text.flashcdw_is_region_locked
                0x00000000       0x18 src/asf/avr32/drivers/flashcdw/flashcdw.o
 .text.flashcdw_read_gp_fuse_bit
                0x00000000       0x4c src/asf/avr32/drivers/flashcdw/flashcdw.o
 .text.flashcdw_read_gp_fuse_bitfield
                0x00000000       0x80 src/asf/avr32/drivers/flashcdw/flashcdw.o
 .text.flashcdw_read_gp_fuse_byte
                0x00000000       0x4a src/asf/avr32/drivers/flashcdw/flashcdw.o
 .text.flashcdw_read_all_gp_fuses
                0x00000000       0x26 src/asf/avr32/drivers/flashcdw/flashcdw.o
 .text.flashcdw_is_page_erased
                0x00000000        0xc src/asf/avr32/drivers/flashcdw/flashcdw.o
 .text.flashcdw_get_page_count
                0x00000000       0x80 src/asf/avr32/drivers/flashcdw/flashcdw.o
 .text.flashcdw_get_page_count_per_region
                0x00000000       0x80 src/asf/avr32/drivers/flashcdw/flashcdw.o
 .text.flashcdw_get_page_region
                0x00000000       0x96 src/asf/avr32/drivers/flashcdw/flashcdw.o
 .text.flashcdw_is_page_region_locked
                0x00000000       0xa6 src/asf/avr32/drivers/flashcdw/flashcdw.o
 .text.flashcdw_get_region_first_page_number
                0x00000000       0x84 src/asf/avr32/drivers/flashcdw/flashcdw.o
 .text.flashcdw_erase_all
                0x00000000       0x38 src/asf/avr32/drivers/flashcdw/flashcdw.o
 .text.flashcdw_activate_security_bit
                0x00000000       0x38 src/asf/avr32/drivers/flashcdw/flashcdw.o
 .text.flashcdw_lock_page_region
                0x00000000       0x50 src/asf/avr32/drivers/flashcdw/flashcdw.o
 .text.flashcdw_erase_gp_fuse_bit
                0x00000000       0x84 src/asf/avr32/drivers/flashcdw/flashcdw.o
 .text.flashcdw_erase_all_gp_fuses
                0x00000000       0x58 src/asf/avr32/drivers/flashcdw/flashcdw.o
 .text.flashcdw_write_gp_fuse_byte
                0x00000000       0x4c src/asf/avr32/drivers/flashcdw/flashcdw.o
 .text.flashcdw_clear_page_buffer
                0x00000000       0x38 src/asf/avr32/drivers/flashcdw/flashcdw.o
 .text.flashcdw_quick_page_read
                0x00000000       0x4c src/asf/avr32/drivers/flashcdw/flashcdw.o
 .text.flashcdw_erase_page
                0x00000000       0x80 src/asf/avr32/drivers/flashcdw/flashcdw.o
 .text.flashcdw_write_page
                0x00000000       0x48 src/asf/avr32/drivers/flashcdw/flashcdw.o
 .text.flashcdw_quick_user_page_read
                0x00000000       0x40 src/asf/avr32/drivers/flashcdw/flashcdw.o
 .text.flashcdw_write_user_page
                0x00000000       0x38 src/asf/avr32/drivers/flashcdw/flashcdw.o
 .text.flashcdw_no_operation
                0x00000000       0x38 src/asf/avr32/drivers/flashcdw/flashcdw.o
 .text.flashcdw_erase_gp_fuse_bitfield
                0x00000000      0x124 src/asf/avr32/drivers/flashcdw/flashcdw.o
 .text.flashcdw_write_gp_fuse_bit
                0x00000000       0x4c src/asf/avr32/drivers/flashcdw/flashcdw.o
 .text.flashcdw_write_gp_fuse_bitfield
                0x00000000       0x84 src/asf/avr32/drivers/flashcdw/flashcdw.o
 .text.flashcdw_lock_region
                0x00000000       0xc4 src/asf/avr32/drivers/flashcdw/flashcdw.o
 .text.flashcdw_enable_secure_state_with_debug
                0x00000000       0x78 src/asf/avr32/drivers/flashcdw/flashcdw.o
 .text.flashcdw_write_all_gp_fuses
                0x00000000      0x214 src/asf/avr32/drivers/flashcdw/flashcdw.o
 .text.flashcdw_enable_secure_state_no_debug
                0x00000000       0x90 src/asf/avr32/drivers/flashcdw/flashcdw.o
 .text.flashcdw_lock_all_regions
                0x00000000      0x218 src/asf/avr32/drivers/flashcdw/flashcdw.o
 .text.flashcdw_erase_gp_fuse_byte
                0x00000000      0x358 src/asf/avr32/drivers/flashcdw/flashcdw.o
 .text.flashcdw_set_gp_fuse_bit
                0x00000000       0x5c src/asf/avr32/drivers/flashcdw/flashcdw.o
 .text.flashcdw_erase_user_page
                0x00000000       0x68 src/asf/avr32/drivers/flashcdw/flashcdw.o
 .text.flashcdw_memcpy
                0x00000000      0x2b8 src/asf/avr32/drivers/flashcdw/flashcdw.o
 .text.flashcdw_erase_all_pages
                0x00000000      0x148 src/asf/avr32/drivers/flashcdw/flashcdw.o
 .text.flashcdw_set_all_gp_fuses
                0x00000000      0x3fc src/asf/avr32/drivers/flashcdw/flashcdw.o
 .text.flashcdw_set_gp_fuse_bitfield
                0x00000000       0x9c src/asf/avr32/drivers/flashcdw/flashcdw.o
 .text.flashcdw_set_bootloader_protected_size
                0x00000000      0x138 src/asf/avr32/drivers/flashcdw/flashcdw.o
 .text.flashcdw_memset64
                0x00000000      0x3b4 src/asf/avr32/drivers/flashcdw/flashcdw.o
 .text.flashcdw_memset32
                0x00000000       0x24 src/asf/avr32/drivers/flashcdw/flashcdw.o
 .text.flashcdw_memset16
                0x00000000       0x28 src/asf/avr32/drivers/flashcdw/flashcdw.o
 .text.flashcdw_memset8
                0x00000000       0x2c src/asf/avr32/drivers/flashcdw/flashcdw.o
 .text.flashcdw_set_gp_fuse_byte
                0x00000000      0x654 src/asf/avr32/drivers/flashcdw/flashcdw.o
 .text.flashcdw_enable_jtag_user_protection
                0x00000000       0x40 src/asf/avr32/drivers/flashcdw/flashcdw.o
 .text.flashcdw_lock_external_privileged_fetch
                0x00000000       0x54 src/asf/avr32/drivers/flashcdw/flashcdw.o
 .text.flashcdw_disable_jtag_user_protection
                0x00000000       0x40 src/asf/avr32/drivers/flashcdw/flashcdw.o
 .text          0x00000000        0x0 src/asf/avr32/drivers/gpio/gpio.o
 .data          0x00000000        0x0 src/asf/avr32/drivers/gpio/gpio.o
 .bss           0x00000000        0x0 src/asf/avr32/drivers/gpio/gpio.o
 .text.gpio_enable_module
                0x00000000       0x30 src/asf/avr32/drivers/gpio/gpio.o
 .text.gpio_enable_gpio
                0x00000000       0x2a src/asf/avr32/drivers/gpio/gpio.o
 .text.gpio_enable_gpio_pin
                0x00000000       0x16 src/asf/avr32/drivers/gpio/gpio.o
 .text.gpio_enable_pin_pull_up
                0x00000000       0x14 src/asf/avr32/drivers/gpio/gpio.o
 .text.gpio_disable_pin_pull_up
                0x00000000       0x14 src/asf/avr32/drivers/gpio/gpio.o
 .text.gpio_configure_pin
                0x00000000       0x80 src/asf/avr32/drivers/gpio/gpio.o
 .text.gpio_configure_group
                0x00000000       0x6e src/asf/avr32/drivers/gpio/gpio.o
 .text.gpio_get_pin_value
                0x00000000       0x16 src/asf/avr32/drivers/gpio/gpio.o
 .text.gpio_get_gpio_pin_output_value
                0x00000000       0x16 src/asf/avr32/drivers/gpio/gpio.o
 .text.gpio_get_gpio_open_drain_pin_output_value
                0x00000000       0x1a src/asf/avr32/drivers/gpio/gpio.o
 .text.gpio_set_gpio_pin
                0x00000000       0x1a src/asf/avr32/drivers/gpio/gpio.o
 .text.gpio_set_pin_high
                0x00000000       0x14 src/asf/avr32/drivers/gpio/gpio.o
 .text.gpio_set_group_high
                0x00000000        0xc src/asf/avr32/drivers/gpio/gpio.o
 .text.gpio_set_pin_low
                0x00000000       0x14 src/asf/avr32/drivers/gpio/gpio.o
 .text.gpio_clr_gpio_pin
                0x00000000       0x1a src/asf/avr32/drivers/gpio/gpio.o
 .text.gpio_set_group_low
                0x00000000        0xc src/asf/avr32/drivers/gpio/gpio.o
 .text.gpio_tgl_gpio_pin
                0x00000000       0x1a src/asf/avr32/drivers/gpio/gpio.o
 .text.gpio_toggle_pin
                0x00000000       0x14 src/asf/avr32/drivers/gpio/gpio.o
 .text.gpio_toggle_group
                0x00000000        0xc src/asf/avr32/drivers/gpio/gpio.o
 .text.gpio_set_gpio_open_drain_pin
                0x00000000       0x16 src/asf/avr32/drivers/gpio/gpio.o
 .text.gpio_clr_gpio_open_drain_pin
                0x00000000       0x1a src/asf/avr32/drivers/gpio/gpio.o
 .text.gpio_tgl_gpio_open_drain_pin
                0x00000000       0x1a src/asf/avr32/drivers/gpio/gpio.o
 .text.gpio_enable_pin_glitch_filter
                0x00000000       0x14 src/asf/avr32/drivers/gpio/gpio.o
 .text.gpio_disable_pin_glitch_filter
                0x00000000       0x14 src/asf/avr32/drivers/gpio/gpio.o
 .text.gpio_enable_pin_interrupt
                0x00000000       0x4a src/asf/avr32/drivers/gpio/gpio.o
 .text.gpio_disable_pin_interrupt
                0x00000000       0x14 src/asf/avr32/drivers/gpio/gpio.o
 .text.gpio_get_pin_interrupt_flag
                0x00000000       0x18 src/asf/avr32/drivers/gpio/gpio.o
 .text.gpio_clear_pin_interrupt_flag
                0x00000000       0x22 src/asf/avr32/drivers/gpio/gpio.o
 .text.gpio_configure_pin_periph_event_mode
                0x00000000       0x4c src/asf/avr32/drivers/gpio/gpio.o
 .text          0x00000000        0x0 src/asf/avr32/drivers/intc/exception.o
 .data          0x00000000        0x0 src/asf/avr32/drivers/intc/exception.o
 .bss           0x00000000        0x0 src/asf/avr32/drivers/intc/exception.o
 .text          0x00000000        0x0 src/asf/avr32/drivers/intc/intc.o
 .data          0x00000000        0x0 src/asf/avr32/drivers/intc/intc.o
 .bss           0x00000000        0x0 src/asf/avr32/drivers/intc/intc.o
 .text._unhandled_interrupt
                0x00000000        0x2 src/asf/avr32/drivers/intc/intc.o
 .text.INTC_register_interrupt
                0x00000000       0x88 src/asf/avr32/drivers/intc/intc.o
 .text.INTC_init_interrupts
                0x00000000       0x4c src/asf/avr32/drivers/intc/intc.o
 .text          0x00000000        0x0 src/asf/avr32/drivers/pm/pm_uc3l.o
 .data          0x00000000        0x0 src/asf/avr32/drivers/pm/pm_uc3l.o
 .bss           0x00000000        0x0 src/asf/avr32/drivers/pm/pm_uc3l.o
 .text.pm_wait_for_clk_ready
                0x00000000       0x1e src/asf/avr32/drivers/pm/pm_uc3l.o
 .text.pm_disable_module
                0x00000000       0x38 src/asf/avr32/drivers/pm/pm_uc3l.o
 .text.pm_enable_module
                0x00000000       0x3a src/asf/avr32/drivers/pm/pm_uc3l.o
 .text.pm_disable_clk_domain_div
                0x00000000       0x42 src/asf/avr32/drivers/pm/pm_uc3l.o
 .text.pm_set_clk_domain_div
                0x00000000       0x48 src/asf/avr32/drivers/pm/pm_uc3l.o
 .text.pm_config_mainclk_safety
                0x00000000       0x3c src/asf/avr32/drivers/pm/pm_uc3l.o
 .text          0x00000000        0x0 src/asf/avr32/drivers/pm/power_clocks_lib.o
 .data          0x00000000        0x0 src/asf/avr32/drivers/pm/power_clocks_lib.o
 .bss           0x00000000        0x0 src/asf/avr32/drivers/pm/power_clocks_lib.o
 .text.pcl_configure_usb_clock
                0x00000000        0x6 src/asf/avr32/drivers/pm/power_clocks_lib.o
 .text.pcl_switch_to_osc
                0x00000000       0x50 src/asf/avr32/drivers/pm/power_clocks_lib.o
 .text.pcl_configure_clocks_dfll0
                0x00000000       0x44 src/asf/avr32/drivers/pm/power_clocks_lib.o
 .text.pcl_configure_clocks_rcsys
                0x00000000       0x30 src/asf/avr32/drivers/pm/power_clocks_lib.o
 .text          0x00000000        0x0 src/asf/avr32/drivers/pwma/pwma.o
 .data          0x00000000        0x0 src/asf/avr32/drivers/pwma/pwma.o
 .bss           0x00000000        0x0 src/asf/avr32/drivers/pwma/pwma.o
 .text.pwma_set_multiple_values
                0x00000000       0x9a src/asf/avr32/drivers/pwma/pwma.o
 .text.pwma_disable
                0x00000000        0x8 src/asf/avr32/drivers/pwma/pwma.o
 .text          0x00000000        0x0 src/asf/avr32/drivers/scif/scif_uc3l.o
 .data          0x00000000        0x0 src/asf/avr32/drivers/scif/scif_uc3l.o
 .bss           0x00000000        0x0 src/asf/avr32/drivers/scif/scif_uc3l.o
 .text.scif_is_osc_ready
                0x00000000        0xc src/asf/avr32/drivers/scif/scif_uc3l.o
 .text.scif_stop_osc32
                0x00000000       0x16 src/asf/avr32/drivers/scif/scif_uc3l.o
 .text.scif_start_gclk
                0x00000000       0x3e src/asf/avr32/drivers/scif/scif_uc3l.o
 .text.scif_stop_gclk
                0x00000000       0x2e src/asf/avr32/drivers/scif/scif_uc3l.o
 .text.scif_pclksr_statushigh_wait
                0x00000000       0x1c src/asf/avr32/drivers/scif/scif_uc3l.o
 .text.scif_disable_rc32out
                0x00000000       0x2a src/asf/avr32/drivers/scif/scif_uc3l.o
 .text.scif_stop_rc32k
                0x00000000       0x24 src/asf/avr32/drivers/scif/scif_uc3l.o
 .text.scif_stop_rc120M
                0x00000000       0x24 src/asf/avr32/drivers/scif/scif_uc3l.o
 .text.scif_dfll0_ssg_enable
                0x00000000       0x38 src/asf/avr32/drivers/scif/scif_uc3l.o
 .text.scif_dfll0_openloop_stop
                0x00000000       0x98 src/asf/avr32/drivers/scif/scif_uc3l.o
 .text.scif_dfll0_openloop_updatefreq
                0x00000000       0x64 src/asf/avr32/drivers/scif/scif_uc3l.o
 .text.scif_dfll0_openloop_start
                0x00000000       0xc0 src/asf/avr32/drivers/scif/scif_uc3l.o
 .text.scif_dfll0_openloop_start_auto
                0x00000000       0x5c src/asf/avr32/drivers/scif/scif_uc3l.o
 .text.scif_configure_osc_extmode
                0x00000000       0x28 src/asf/avr32/drivers/scif/scif_uc3l.o
 .text.scif_stop_osc
                0x00000000       0x22 src/asf/avr32/drivers/scif/scif_uc3l.o
 .text.scif_start_osc
                0x00000000       0x5c src/asf/avr32/drivers/scif/scif_uc3l.o
 .text.scif_start_osc32
                0x00000000       0x96 src/asf/avr32/drivers/scif/scif_uc3l.o
 .text          0x00000000        0x0 src/asf/avr32/utils/startup/startup_uc3.o
 .data          0x00000000        0x0 src/asf/avr32/utils/startup/startup_uc3.o
 .bss           0x00000000        0x0 src/asf/avr32/utils/startup/startup_uc3.o
 .reset         0x00000000        0x8 src/asf/avr32/utils/startup/startup_uc3.o
 .text          0x00000000        0x0 src/asf/avr32/utils/startup/trampoline_uc3.o
 .data          0x00000000        0x0 src/asf/avr32/utils/startup/trampoline_uc3.o
 .bss           0x00000000        0x0 src/asf/avr32/utils/startup/trampoline_uc3.o
 .text          0x00000000        0x0 src/asf/common/services/clock/uc3l/dfll.o
 .data          0x00000000        0x0 src/asf/common/services/clock/uc3l/dfll.o
 .bss           0x00000000        0x0 src/asf/common/services/clock/uc3l/dfll.o
 .debug_abbrev  0x00000000      0x26b src/asf/common/services/clock/uc3l/dfll.o
 .debug_info    0x00000000     0x1ee6 src/asf/common/services/clock/uc3l/dfll.o
 .debug_line    0x00000000      0xa98 src/asf/common/services/clock/uc3l/dfll.o
 .debug_macinfo
                0x00000000    0xad983 src/asf/common/services/clock/uc3l/dfll.o
 .text.dfll_disable_closed_loop
                0x00000000       0x58 src/asf/common/services/clock/uc3l/dfll.o
 .text.dfll_enable_closed_loop
                0x00000000       0xc2 src/asf/common/services/clock/uc3l/dfll.o
 .text.dfll_enable_config_defaults
                0x00000000       0x34 src/asf/common/services/clock/uc3l/dfll.o
 .text.dfll_disable_open_loop
                0x00000000       0x52 src/asf/common/services/clock/uc3l/dfll.o
 .text.dfll_enable_open_loop
                0x00000000       0x6a src/asf/common/services/clock/uc3l/dfll.o
 .debug_frame   0x00000000       0x6c src/asf/common/services/clock/uc3l/dfll.o
 .debug_loc     0x00000000       0x64 src/asf/common/services/clock/uc3l/dfll.o
 .debug_pubnames
                0x00000000       0xa0 src/asf/common/services/clock/uc3l/dfll.o
 .debug_aranges
                0x00000000       0x40 src/asf/common/services/clock/uc3l/dfll.o
 .debug_ranges  0x00000000       0x38 src/asf/common/services/clock/uc3l/dfll.o
 .debug_str     0x00000000      0xa74 src/asf/common/services/clock/uc3l/dfll.o
 .comment       0x00000000       0x31 src/asf/common/services/clock/uc3l/dfll.o
 .text          0x00000000        0x0 src/asf/common/services/clock/uc3l/osc.o
 .data          0x00000000        0x0 src/asf/common/services/clock/uc3l/osc.o
 .bss           0x00000000        0x0 src/asf/common/services/clock/uc3l/osc.o
 .debug_abbrev  0x00000000      0x1a1 src/asf/common/services/clock/uc3l/osc.o
 .debug_info    0x00000000     0x1b2c src/asf/common/services/clock/uc3l/osc.o
 .debug_line    0x00000000      0x8fe src/asf/common/services/clock/uc3l/osc.o
 .debug_macinfo
                0x00000000    0xad4ed src/asf/common/services/clock/uc3l/osc.o
 .text.osc_priv_disable_rc120m
                0x00000000       0x1e src/asf/common/services/clock/uc3l/osc.o
 .text.osc_priv_enable_rc120m
                0x00000000       0x1e src/asf/common/services/clock/uc3l/osc.o
 .text.osc_priv_disable_rc32k
                0x00000000       0x1e src/asf/common/services/clock/uc3l/osc.o
 .text.osc_priv_enable_rc32k
                0x00000000       0x1e src/asf/common/services/clock/uc3l/osc.o
 .text.osc_priv_disable_osc32
                0x00000000       0x1c src/asf/common/services/clock/uc3l/osc.o
 .text.osc_priv_enable_osc32
                0x00000000       0x1e src/asf/common/services/clock/uc3l/osc.o
 .debug_frame   0x00000000       0x70 src/asf/common/services/clock/uc3l/osc.o
 .debug_pubnames
                0x00000000       0xb3 src/asf/common/services/clock/uc3l/osc.o
 .debug_aranges
                0x00000000       0x48 src/asf/common/services/clock/uc3l/osc.o
 .debug_ranges  0x00000000       0x40 src/asf/common/services/clock/uc3l/osc.o
 .debug_str     0x00000000      0x98d src/asf/common/services/clock/uc3l/osc.o
 .comment       0x00000000       0x31 src/asf/common/services/clock/uc3l/osc.o
 .text          0x00000000        0x0 src/asf/common/services/clock/uc3l/sysclk.o
 .data          0x00000000        0x0 src/asf/common/services/clock/uc3l/sysclk.o
 .bss           0x00000000        0x0 src/asf/common/services/clock/uc3l/sysclk.o
 .debug_abbrev  0x00000000      0x2b2 src/asf/common/services/clock/uc3l/sysclk.o
 .debug_info    0x00000000     0x2bc2 src/asf/common/services/clock/uc3l/sysclk.o
 .debug_line    0x00000000      0xc04 src/asf/common/services/clock/uc3l/sysclk.o
 .debug_macinfo
                0x00000000    0xae2a6 src/asf/common/services/clock/uc3l/sysclk.o
 .text.sysclk_set_source
                0x00000000       0x1a src/asf/common/services/clock/uc3l/sysclk.o
 .text.sysclk_set_prescalers
                0x00000000       0x4e src/asf/common/services/clock/uc3l/sysclk.o
 .text.sysclk_priv_disable_module
                0x00000000       0x34 src/asf/common/services/clock/uc3l/sysclk.o
 .text.sysclk_priv_enable_module
                0x00000000       0x32 src/asf/common/services/clock/uc3l/sysclk.o
 .text.sysclk_init
                0x00000000       0xc0 src/asf/common/services/clock/uc3l/sysclk.o
 .text.sysclk_enable_pbb_module
                0x00000000       0x70 src/asf/common/services/clock/uc3l/sysclk.o
 .text.sysclk_disable_pbb_module
                0x00000000       0x68 src/asf/common/services/clock/uc3l/sysclk.o
 .bss.sysclk_pbb_refcount
                0x00000000        0x1 src/asf/common/services/clock/uc3l/sysclk.o
 .debug_frame   0x00000000       0xb4 src/asf/common/services/clock/uc3l/sysclk.o
 .debug_loc     0x00000000      0x242 src/asf/common/services/clock/uc3l/sysclk.o
 .debug_pubnames
                0x00000000       0xca src/asf/common/services/clock/uc3l/sysclk.o
 .debug_aranges
                0x00000000       0x50 src/asf/common/services/clock/uc3l/sysclk.o
 .debug_ranges  0x00000000       0x48 src/asf/common/services/clock/uc3l/sysclk.o
 .debug_str     0x00000000      0xd48 src/asf/common/services/clock/uc3l/sysclk.o
 .comment       0x00000000       0x31 src/asf/common/services/clock/uc3l/sysclk.o
 .text          0x00000000        0x0 src/hexa.o
 .data          0x00000000        0x0 src/hexa.o
 .bss           0x00000000        0x0 src/hexa.o
 .bss.duty_cycles_per_led
                0x00000000        0x4 src/hexa.o
 .data          0x00000000        0x0 c:/program files (x86)/atmel/atmel studio 6.0/extensions/atmel/avrgcc/3.4.0.65/avrtoolchain/bin/../lib/gcc/avr32/4.4.3/ucr3\libgcc.a(_udivdi3.o)
 .bss           0x00000000        0x0 c:/program files (x86)/atmel/atmel studio 6.0/extensions/atmel/avrgcc/3.4.0.65/avrtoolchain/bin/../lib/gcc/avr32/4.4.3/ucr3\libgcc.a(_udivdi3.o)

Memory Configuration

Name             Origin             Length             Attributes
FLASH            0x80000000         0x00010000         axrl !w
INTRAM           0x00000004         0x00003ffc         axw !rl
USERPAGE_RESERVED 0x80800000         0x00000008         r
USERPAGE         0x80800008         0x000000f8
*default*        0x00000000         0xffffffff

Linker script and memory map

                0x00001000                _stack_size = 0x1000
LOAD src/asf/avr32/boards/uc3l_ek/init.o
LOAD src/asf/avr32/drivers/flashcdw/flashcdw.o
LOAD src/asf/avr32/drivers/gpio/gpio.o
LOAD src/asf/avr32/drivers/intc/exception.o
LOAD src/asf/avr32/drivers/intc/intc.o
LOAD src/asf/avr32/drivers/pm/pm_uc3l.o
LOAD src/asf/avr32/drivers/pm/power_clocks_lib.o
LOAD src/asf/avr32/drivers/pwma/pwma.o
LOAD src/asf/avr32/drivers/scif/scif_uc3l.o
LOAD src/asf/avr32/utils/startup/startup_uc3.o
LOAD src/asf/avr32/utils/startup/trampoline_uc3.o
LOAD src/asf/common/services/clock/uc3l/dfll.o
LOAD src/asf/common/services/clock/uc3l/osc.o
LOAD src/asf/common/services/clock/uc3l/sysclk.o
LOAD src/hexa.o
START GROUP
LOAD c:/program files (x86)/atmel/atmel studio 6.0/extensions/atmel/avrgcc/3.4.0.65/avrtoolchain/bin/../lib/gcc/avr32/4.4.3/../../../../avr32/lib/ucr3\libm.a
END GROUP
LOAD c:/program files (x86)/atmel/atmel studio 6.0/extensions/atmel/avrgcc/3.4.0.65/avrtoolchain/bin/../lib/gcc/avr32/4.4.3/ucr3\libgcc.a
LOAD c:/program files (x86)/atmel/atmel studio 6.0/extensions/atmel/avrgcc/3.4.0.65/avrtoolchain/bin/../lib/gcc/avr32/4.4.3/../../../../avr32/lib/ucr3\libc.a
LOAD c:/program files (x86)/atmel/atmel studio 6.0/extensions/atmel/avrgcc/3.4.0.65/avrtoolchain/bin/../lib/gcc/avr32/4.4.3/ucr3\libgcc.a
                0xffffffff                __max_heap_size__ = 0xffffffff
                [0xffffffff]                __heap_size__ = DEFINED (__heap_size__)?__heap_size__:__max_heap_size__
                [0x00001000]                __stack_size__ = DEFINED (__stack_size__)?__stack_size__:0x1000
                0x80000000                PROVIDE (__executable_start, 0x80000000)
                0x80000000                . = 0x80000000

.interp
 *(.interp)

.reset          0x80000000     0x2004
 *(.reset)
 .reset         0x80000000     0x2004 src/asf/avr32/utils/startup/trampoline_uc3.o
                               0x2008 (size before relaxing)
                0x80000000                _trampoline

.hash
 *(.hash)

.dynsym
 *(.dynsym)

.dynstr
 *(.dynstr)

.gnu.version
 *(.gnu.version)

.gnu.version_d
 *(.gnu.version_d)

.gnu.version_r
 *(.gnu.version_r)

.rel.init
 *(.rel.init)

.rela.init
 *(.rela.init)

.rel.text
 *(.rel.text .rel.text.* .rel.gnu.linkonce.t.*)

.rela.text
 *(.rela.text .rela.text.* .rela.gnu.linkonce.t.*)

.rel.fini
 *(.rel.fini)

.rela.fini
 *(.rela.fini)

.rel.rodata
 *(.rel.rodata .rel.rodata.* .rel.gnu.linkonce.r.*)

.rela.rodata
 *(.rela.rodata .rela.rodata.* .rela.gnu.linkonce.r.*)

.rel.data.rel.ro
 *(.rel.data.rel.ro*)

.rela.data.rel.ro
 *(.rel.data.rel.ro*)

.rel.data
 *(.rel.data .rel.data.* .rel.gnu.linkonce.d.*)

.rela.data
 *(.rela.data .rela.data.* .rela.gnu.linkonce.d.*)

.rel.tdata
 *(.rel.tdata .rel.tdata.* .rel.gnu.linkonce.td.*)

.rela.tdata
 *(.rela.tdata .rela.tdata.* .rela.gnu.linkonce.td.*)

.rel.tbss
 *(.rel.tbss .rel.tbss.* .rel.gnu.linkonce.tb.*)

.rela.tbss
 *(.rela.tbss .rela.tbss.* .rela.gnu.linkonce.tb.*)

.rel.ctors
 *(.rel.ctors)

.rela.ctors
 *(.rela.ctors)

.rel.dtors
 *(.rel.dtors)

.rela.dtors
 *(.rela.dtors)

.rel.got
 *(.rel.got)

.rela.got       0x80002004        0x0
 *(.rela.got)
 .rela.got      0x80002004        0x0 src/asf/avr32/drivers/flashcdw/flashcdw.o

.rel.bss
 *(.rel.bss .rel.bss.* .rel.gnu.linkonce.b.*)

.rela.bss
 *(.rela.bss .rela.bss.* .rela.gnu.linkonce.b.*)

.rel.plt
 *(.rel.plt)

.rela.plt
 *(.rela.plt)

.init
 *(.init)

.plt
 *(.plt)

.text           0x80002004      0xf7e
 *(.text .stub .text.* .gnu.linkonce.t.*)
 .text.flashcdw_default_wait_until_ready
                0x80002004       0x14 src/asf/avr32/drivers/flashcdw/flashcdw.o
                0x80002004                flashcdw_default_wait_until_ready
 .text.flashcdw_set_flash_waitstate_and_readmode
                0x80002018       0x7c src/asf/avr32/drivers/flashcdw/flashcdw.o
                                 0x84 (size before relaxing)
                0x80002018                flashcdw_set_flash_waitstate_and_readmode
 .text.gpio_enable_module_pin
                0x80002094       0x9c src/asf/avr32/drivers/gpio/gpio.o
                0x80002094                gpio_enable_module_pin
 .text._get_interrupt_handler
                0x80002130       0x34 src/asf/avr32/drivers/intc/intc.o
                                 0x38 (size before relaxing)
                0x80002130                _get_interrupt_handler
 .text.pm_set_mclk_source
                0x80002164       0x1e src/asf/avr32/drivers/pm/pm_uc3l.o
                0x80002164                pm_set_mclk_source
 .text.pm_set_all_cksel
                0x80002182      0x1ea src/asf/avr32/drivers/pm/pm_uc3l.o
                0x80002182                pm_set_all_cksel
 .text.pcl_configure_clocks_rc120m
                0x8000236c       0x24 src/asf/avr32/drivers/pm/power_clocks_lib.o
                                 0x3c (size before relaxing)
                0x8000236c                pcl_configure_clocks_rc120m
 .text.pcl_configure_clocks_osc0
                0x80002390       0x30 src/asf/avr32/drivers/pm/power_clocks_lib.o
                                 0x4c (size before relaxing)
                0x80002390                pcl_configure_clocks_osc0
 .text.pcl_configure_clocks
                0x800023c0       0x5c src/asf/avr32/drivers/pm/power_clocks_lib.o
                                 0x88 (size before relaxing)
                0x800023c0                pcl_configure_clocks
 .text.pwma_config_and_enable
                0x8000241c       0x2c src/asf/avr32/drivers/pwma/pwma.o
                0x8000241c                pwma_config_and_enable
 .text.pwma_set_channels_value
                0x80002448       0x24 src/asf/avr32/drivers/pwma/pwma.o
                0x80002448                pwma_set_channels_value
 .text.scif_gc_setup
                0x8000246c       0x92 src/asf/avr32/drivers/scif/scif_uc3l.o
                0x8000246c                scif_gc_setup
 .text.scif_gc_enable
                0x800024fe       0x1c src/asf/avr32/drivers/scif/scif_uc3l.o
                0x800024fe                scif_gc_enable
 .text.scif_start_rc32k
                0x8000251a       0x22 src/asf/avr32/drivers/scif/scif_uc3l.o
                0x8000251a                scif_start_rc32k
 .text.scif_start_rc120M
                0x8000253c       0x22 src/asf/avr32/drivers/scif/scif_uc3l.o
                0x8000253c                scif_start_rc120M
 .text.scif_dfll0_closedloop_start
                0x8000255e      0x124 src/asf/avr32/drivers/scif/scif_uc3l.o
                0x8000255e                scif_dfll0_closedloop_start
 *fill*         0x80002682        0x2 d703d703
 .text.scif_dfll0_closedloop_configure_and_start
                0x80002684      0x130 src/asf/avr32/drivers/scif/scif_uc3l.o
                                0x13c (size before relaxing)
                0x80002684                scif_dfll0_closedloop_configure_and_start
 .text.scif_enable_osc
                0x800027b4       0x48 src/asf/avr32/drivers/scif/scif_uc3l.o
                0x800027b4                scif_enable_osc
 .text.scif_configure_osc_crystalmode
                0x800027fc       0x5e src/asf/avr32/drivers/scif/scif_uc3l.o
                0x800027fc                scif_configure_osc_crystalmode
 *fill*         0x8000285a        0x2 d703d703
 .text._stext   0x8000285c       0x3c src/asf/avr32/utils/startup/startup_uc3.o
                                 0x50 (size before relaxing)
                0x8000285c                _stext
 .text.main     0x80002898      0x458 src/hexa.o
                                0x478 (size before relaxing)
                0x80002898                main
 .text          0x80002cf0      0x292 c:/program files (x86)/atmel/atmel studio 6.0/extensions/atmel/avrgcc/3.4.0.65/avrtoolchain/bin/../lib/gcc/avr32/4.4.3/ucr3\libgcc.a(_udivdi3.o)
                0x80002cf0                __avr32_udiv64
                0x80002cf0                __udivdi3
 *(.text.*personality*)
 *(.gnu.warning)

.exception      0x80003000      0x200
 .exception     0x80003000      0x200 src/asf/avr32/drivers/intc/exception.o
                0x80003000                _evba
                0x80003104                _int0
                0x80003112                _int1
                0x80003120                _int2
                0x8000312e                _int3

.fini
 *(.fini)
                0x80003200                PROVIDE (__etext, .)
                0x80003200                PROVIDE (_etext, .)
                0x80003200                PROVIDE (etext, .)

.rodata         0x80003200      0x118
 *(.rodata .rodata.* .gnu.linkonce.r.*)
 .rodata.gpio_enable_module_pin
                0x80003200       0x20 src/asf/avr32/drivers/gpio/gpio.o
 .rodata._int_handler_table
                0x80003220       0xf8 src/asf/avr32/drivers/intc/intc.o

.rodata1
 *(.rodata1)

.eh_frame_hdr
 *(.eh_frame_hdr)

.eh_frame
 *(.eh_frame)

.gcc_except_table
 *(.gcc_except_table)
 *(.gcc_except_table.*)

.lalign         0x80003318        0x0
                0x80003318                . = ALIGN (0x8)
                0x80003318                PROVIDE (_data_lma, .)
                0x00000004                . = ORIGIN (INTRAM)

.dalign         0x00000004        0x4
                0x00000008                . = ALIGN (0x8)
 *fill*         0x00000004        0x4 00
                0x00000008                PROVIDE (_data, .)

.eh_frame
 *(.eh_frame)

.gcc_except_table
 *(.gcc_except_table)
 *(.gcc_except_table.*)

.tdata
 *(.tdata .tdata.* .gnu.linkonce.td.*)

.tbss
 *(.tbss .tbss.* .gnu.linkonce.tb.*)
 *(.tcommon)
                0x00000008                PROVIDE (__preinit_array_start, ALIGN (0x4))

.preinit_array
 *(.preinit_array)
                0x00000008                PROVIDE (__preinit_array_end, .)
                0x00000008                PROVIDE (__init_array_start, .)

.init_array
 *(.init_array)
                0x00000008                PROVIDE (__init_array_end, .)
                0x00000008                PROVIDE (__fini_array_start, .)

.fini_array
 *(.fini_array)
                0x00000008                PROVIDE (__fini_array_end, .)

.ctors
 *crtbegin*.o(.ctors)
 *(EXCLUDE_FILE(*crtend*.o) .ctors)
 *(SORT(.ctors.*))
 *(.ctors)

.dtors
 *crtbegin*.o(.dtors)
 *(EXCLUDE_FILE(*crtend*.o) .dtors)
 *(SORT(.dtors.*))
 *(.dtors)

.jcr
 *(.jcr)

.data.rel.ro
 *(.data.rel.ro.local)
 *(.data.rel.ro*)

.dynamic
 *(.dynamic)

.got
 *(.got.plt)
 *(.got)

.ramtext
 *(.ramtext .ramtext.*)

.ddalign        0x00000008        0x0 load address 0x80003318
                0x00000008                . = ALIGN (0x8)

.data           0x00000008       0x28 load address 0x80003318
 *(.data .data.* .gnu.linkonce.d.*)
 .data.flashcdw_wait_until_ready
                0x00000008        0x4 src/asf/avr32/drivers/flashcdw/flashcdw.o
                0x00000008                flashcdw_wait_until_ready
 .data.pcl_dfll_freq_param
                0x0000000c       0x24 src/hexa.o
 *(.gnu.linkonce.d.*personality*)

.data1
 *(.data1)

.balign         0x00000030        0x0 load address 0x80003340
                0x00000030                . = ALIGN (0x8)
                0x00000030                PROVIDE (_edata, .)
                0x00000030                PROVIDE (edata, .)
                0x00000030                __bss_start = .

.bss            0x00000030       0xf8
 *(.dynbss)
 *(.bss .bss.* .gnu.linkonce.b.*)
 .bss.flashcdw_error_status
                0x00000030        0x4 src/asf/avr32/drivers/flashcdw/flashcdw.o
 .bss._int_line_handler_table_0
                0x00000034        0x4 src/asf/avr32/drivers/intc/intc.o
 .bss._int_line_handler_table_1
                0x00000038        0x8 src/asf/avr32/drivers/intc/intc.o
 .bss._int_line_handler_table_2
                0x00000040        0x4 src/asf/avr32/drivers/intc/intc.o
 .bss._int_line_handler_table_21
                0x00000044        0x4 src/asf/avr32/drivers/intc/intc.o
 .bss._int_line_handler_table_22
                0x00000048        0x4 src/asf/avr32/drivers/intc/intc.o
 .bss._int_line_handler_table_23
                0x0000004c        0x4 src/asf/avr32/drivers/intc/intc.o
 .bss._int_line_handler_table_16
                0x00000050        0x4 src/asf/avr32/drivers/intc/intc.o
 .bss._int_line_handler_table_10
                0x00000054       0x10 src/asf/avr32/drivers/intc/intc.o
 .bss._int_line_handler_table_11
                0x00000064       0x10 src/asf/avr32/drivers/intc/intc.o
 .bss._int_line_handler_table_12
                0x00000074        0x4 src/asf/avr32/drivers/intc/intc.o
 .bss._int_line_handler_table_13
                0x00000078        0x4 src/asf/avr32/drivers/intc/intc.o
 .bss._int_line_handler_table_14
                0x0000007c       0x18 src/asf/avr32/drivers/intc/intc.o
 .bss._int_line_handler_table_15
                0x00000094        0x4 src/asf/avr32/drivers/intc/intc.o
 .bss._int_line_handler_table_20
                0x00000098        0x4 src/asf/avr32/drivers/intc/intc.o
 .bss._int_line_handler_table_17
                0x0000009c        0x4 src/asf/avr32/drivers/intc/intc.o
 .bss._int_line_handler_table_18
                0x000000a0        0x4 src/asf/avr32/drivers/intc/intc.o
 .bss._int_line_handler_table_19
                0x000000a4        0x4 src/asf/avr32/drivers/intc/intc.o
 .bss._int_line_handler_table_3
                0x000000a8        0x4 src/asf/avr32/drivers/intc/intc.o
 .bss._int_line_handler_table_4
                0x000000ac       0x10 src/asf/avr32/drivers/intc/intc.o
 .bss._int_line_handler_table_5
                0x000000bc       0x10 src/asf/avr32/drivers/intc/intc.o
 .bss._int_line_handler_table_6
                0x000000cc       0x10 src/asf/avr32/drivers/intc/intc.o
 .bss._int_line_handler_table_7
                0x000000dc        0x4 src/asf/avr32/drivers/intc/intc.o
 .bss._int_line_handler_table_8
                0x000000e0        0x4 src/asf/avr32/drivers/intc/intc.o
 .bss._int_line_handler_table_9
                0x000000e4        0x4 src/asf/avr32/drivers/intc/intc.o
 .bss._int_line_handler_table_24
                0x000000e8        0x4 src/asf/avr32/drivers/intc/intc.o
 .bss._int_line_handler_table_26
                0x000000ec        0xc src/asf/avr32/drivers/intc/intc.o
 .bss._int_line_handler_table_25
                0x000000f8        0xc src/asf/avr32/drivers/intc/intc.o
 .bss._int_line_handler_table_27
                0x00000104        0x4 src/asf/avr32/drivers/intc/intc.o
 .bss._int_line_handler_table_28
                0x00000108        0x4 src/asf/avr32/drivers/intc/intc.o
 .bss._int_line_handler_table_29
                0x0000010c        0x4 src/asf/avr32/drivers/intc/intc.o
 .bss._int_line_handler_table_30
                0x00000110        0x4 src/asf/avr32/drivers/intc/intc.o
 .bss.gc_dfllif_ref_opt
                0x00000114       0x10 src/hexa.o
 *(COMMON)
                0x00000128                . = ALIGN (0x8)
 *fill*         0x00000124        0x4 00
                0x00000128                . = ALIGN (0x8)
                0x00000128                _end = .
                0x00000128                PROVIDE (end, .)
                0x00000128                __heap_start__ = ALIGN (0x8)

.heap           0x00000128     0x2ed8
 *(.heap)
                0x00002ed8                . = (__heap_size__ == __max_heap_size__)?(((ORIGIN (INTRAM) + 0x3ffc) - __stack_size__) - ABSOLUTE (.)):__heap_size__
 *fill*         0x00000128     0x2ed8 00
                0x00003000                __heap_end__ = .

.stab
 *(.stab)

.stabstr
 *(.stabstr)

.stab.excl
 *(.stab.excl)

.stab.exclstr
 *(.stab.exclstr)

.stab.index
 *(.stab.index)

.stab.indexstr
 *(.stab.indexstr)

.comment        0x00000000       0x30
 *(.comment)
 .comment       0x00000000       0x30 src/asf/avr32/drivers/flashcdw/flashcdw.o
                                 0x31 (size before relaxing)
 .comment       0x00000000       0x31 src/asf/avr32/drivers/gpio/gpio.o
 .comment       0x00000000       0x31 src/asf/avr32/drivers/intc/intc.o
 .comment       0x00000000       0x31 src/asf/avr32/drivers/pm/pm_uc3l.o
 .comment       0x00000000       0x31 src/asf/avr32/drivers/pm/power_clocks_lib.o
 .comment       0x00000000       0x31 src/asf/avr32/drivers/pwma/pwma.o
 .comment       0x00000000       0x31 src/asf/avr32/drivers/scif/scif_uc3l.o
 .comment       0x00000000       0x31 src/hexa.o
 .comment       0x00000000       0x31 c:/program files (x86)/atmel/atmel studio 6.0/extensions/atmel/avrgcc/3.4.0.65/avrtoolchain/bin/../lib/gcc/avr32/4.4.3/ucr3\libgcc.a(_udivdi3.o)

.debug
 *(.debug)

.line
 *(.line)

.debug_srcinfo
 *(.debug_srcinfo)

.debug_sfnames
 *(.debug_sfnames)

.debug_aranges  0x00000000      0x600
 *(.debug_aranges)
 .debug_aranges
                0x00000000      0x258 src/asf/avr32/drivers/flashcdw/flashcdw.o
 .debug_aranges
                0x00000258      0x108 src/asf/avr32/drivers/gpio/gpio.o
 .debug_aranges
                0x00000360       0x20 src/asf/avr32/drivers/intc/exception.o
 .debug_aranges
                0x00000380       0x38 src/asf/avr32/drivers/intc/intc.o
 .debug_aranges
                0x000003b8       0x58 src/asf/avr32/drivers/pm/pm_uc3l.o
 .debug_aranges
                0x00000410       0x50 src/asf/avr32/drivers/pm/power_clocks_lib.o
 .debug_aranges
                0x00000460       0x38 src/asf/avr32/drivers/pwma/pwma.o
 .debug_aranges
                0x00000498       0xe0 src/asf/avr32/drivers/scif/scif_uc3l.o
 .debug_aranges
                0x00000578       0x28 src/asf/avr32/utils/startup/startup_uc3.o
 .debug_aranges
                0x000005a0       0x20 src/asf/avr32/utils/startup/trampoline_uc3.o
 .debug_aranges
                0x000005c0       0x20 src/hexa.o
 .debug_aranges
                0x000005e0       0x20 c:/program files (x86)/atmel/atmel studio 6.0/extensions/atmel/avrgcc/3.4.0.65/avrtoolchain/bin/../lib/gcc/avr32/4.4.3/ucr3\libgcc.a(_udivdi3.o)

.debug_pubnames
                0x00000000     0x1214
 *(.debug_pubnames)
 .debug_pubnames
                0x00000000      0x950 src/asf/avr32/drivers/flashcdw/flashcdw.o
 .debug_pubnames
                0x00000950      0x359 src/asf/avr32/drivers/gpio/gpio.o
 .debug_pubnames
                0x00000ca9       0x62 src/asf/avr32/drivers/intc/intc.o
 .debug_pubnames
                0x00000d0b       0xd8 src/asf/avr32/drivers/pm/pm_uc3l.o
 .debug_pubnames
                0x00000de3       0xd9 src/asf/avr32/drivers/pm/power_clocks_lib.o
 .debug_pubnames
                0x00000ebc       0x77 src/asf/avr32/drivers/pwma/pwma.o
 .debug_pubnames
                0x00000f33      0x28e src/asf/avr32/drivers/scif/scif_uc3l.o
 .debug_pubnames
                0x000011c1       0x33 src/hexa.o
 .debug_pubnames
                0x000011f4       0x20 c:/program files (x86)/atmel/atmel studio 6.0/extensions/atmel/avrgcc/3.4.0.65/avrtoolchain/bin/../lib/gcc/avr32/4.4.3/ucr3\libgcc.a(_udivdi3.o)

.debug_info     0x00000000     0xb3e9
 *(.debug_info .gnu.linkonce.wi.*)
 .debug_info    0x00000000     0x3cfd src/asf/avr32/drivers/flashcdw/flashcdw.o
 .debug_info    0x00003cfd      0xf3f src/asf/avr32/drivers/gpio/gpio.o
 .debug_info    0x00004c3c       0x88 src/asf/avr32/drivers/intc/exception.o
 .debug_info    0x00004cc4      0x6a0 src/asf/avr32/drivers/intc/intc.o
 .debug_info    0x00005364     0x11d2 src/asf/avr32/drivers/pm/pm_uc3l.o
 .debug_info    0x00006536      0x59b src/asf/avr32/drivers/pm/power_clocks_lib.o
 .debug_info    0x00006ad1      0x784 src/asf/avr32/drivers/pwma/pwma.o
 .debug_info    0x00007255     0x3251 src/asf/avr32/drivers/scif/scif_uc3l.o
 .debug_info    0x0000a4a6       0x87 src/asf/avr32/utils/startup/startup_uc3.o
 .debug_info    0x0000a52d       0x8e src/asf/avr32/utils/startup/trampoline_uc3.o
 .debug_info    0x0000a5bb      0x8bb src/hexa.o
 .debug_info    0x0000ae76      0x573 c:/program files (x86)/atmel/atmel studio 6.0/extensions/atmel/avrgcc/3.4.0.65/avrtoolchain/bin/../lib/gcc/avr32/4.4.3/ucr3\libgcc.a(_udivdi3.o)

.debug_abbrev   0x00000000     0x1758
 *(.debug_abbrev)
 .debug_abbrev  0x00000000      0x49d src/asf/avr32/drivers/flashcdw/flashcdw.o
 .debug_abbrev  0x0000049d      0x360 src/asf/avr32/drivers/gpio/gpio.o
 .debug_abbrev  0x000007fd       0x14 src/asf/avr32/drivers/intc/exception.o
 .debug_abbrev  0x00000811      0x1f2 src/asf/avr32/drivers/intc/intc.o
 .debug_abbrev  0x00000a03      0x2c4 src/asf/avr32/drivers/pm/pm_uc3l.o
 .debug_abbrev  0x00000cc7      0x1f4 src/asf/avr32/drivers/pm/power_clocks_lib.o
 .debug_abbrev  0x00000ebb      0x1cf src/asf/avr32/drivers/pwma/pwma.o
 .debug_abbrev  0x0000108a      0x390 src/asf/avr32/drivers/scif/scif_uc3l.o
 .debug_abbrev  0x0000141a       0x12 src/asf/avr32/utils/startup/startup_uc3.o
 .debug_abbrev  0x0000142c       0x14 src/asf/avr32/utils/startup/trampoline_uc3.o
 .debug_abbrev  0x00001440      0x1c7 src/hexa.o
 .debug_abbrev  0x00001607      0x151 c:/program files (x86)/atmel/atmel studio 6.0/extensions/atmel/avrgcc/3.4.0.65/avrtoolchain/bin/../lib/gcc/avr32/4.4.3/ucr3\libgcc.a(_udivdi3.o)

.debug_line     0x00000000     0x8d30
 *(.debug_line)
 .debug_line    0x00000000     0x3d5b src/asf/avr32/drivers/flashcdw/flashcdw.o
 .debug_line    0x00003d5b      0xdcd src/asf/avr32/drivers/gpio/gpio.o
 .debug_line    0x00004b28      0x109 src/asf/avr32/drivers/intc/exception.o
 .debug_line    0x00004c31      0x740 src/asf/avr32/drivers/intc/intc.o
 .debug_line    0x00005371      0xa94 src/asf/avr32/drivers/pm/pm_uc3l.o
 .debug_line    0x00005e05      0x8b8 src/asf/avr32/drivers/pm/power_clocks_lib.o
 .debug_line    0x000066bd      0x78a src/asf/avr32/drivers/pwma/pwma.o
 .debug_line    0x00006e47     0x10cc src/asf/avr32/drivers/scif/scif_uc3l.o
 .debug_line    0x00007f13       0xf2 src/asf/avr32/utils/startup/startup_uc3.o
 .debug_line    0x00008005       0x67 src/asf/avr32/utils/startup/trampoline_uc3.o
 .debug_line    0x0000806c      0xadf src/hexa.o
 .debug_line    0x00008b4b      0x1e5 c:/program files (x86)/atmel/atmel studio 6.0/extensions/atmel/avrgcc/3.4.0.65/avrtoolchain/bin/../lib/gcc/avr32/4.4.3/ucr3\libgcc.a(_udivdi3.o)

.debug_frame    0x00000000      0xf74
 *(.debug_frame)
 .debug_frame   0x00000000      0x8a8 src/asf/avr32/drivers/flashcdw/flashcdw.o
 .debug_frame   0x000008a8      0x20c src/asf/avr32/drivers/gpio/gpio.o
 .debug_frame   0x00000ab4       0x5c src/asf/avr32/drivers/intc/intc.o
 .debug_frame   0x00000b10       0xac src/asf/avr32/drivers/pm/pm_uc3l.o
 .debug_frame   0x00000bbc       0xd0 src/asf/avr32/drivers/pm/power_clocks_lib.o
 .debug_frame   0x00000c8c       0x68 src/asf/avr32/drivers/pwma/pwma.o
 .debug_frame   0x00000cf4      0x214 src/asf/avr32/drivers/scif/scif_uc3l.o
 .debug_frame   0x00000f08       0x28 src/hexa.o
 .debug_frame   0x00000f30       0x44 c:/program files (x86)/atmel/atmel studio 6.0/extensions/atmel/avrgcc/3.4.0.65/avrtoolchain/bin/../lib/gcc/avr32/4.4.3/ucr3\libgcc.a(_udivdi3.o)

.debug_str      0x00000000     0x31ac
 *(.debug_str)
 .debug_str     0x00000000      0xd53 src/asf/avr32/drivers/flashcdw/flashcdw.o
                                0xe5f (size before relaxing)
 .debug_str     0x00000d53      0x56c src/asf/avr32/drivers/gpio/gpio.o
                                0x69f (size before relaxing)
 .debug_str     0x000012bf      0x4a6 src/asf/avr32/drivers/intc/intc.o
                                0x5a3 (size before relaxing)
 .debug_str     0x00001765      0x5dc src/asf/avr32/drivers/pm/pm_uc3l.o
                                0x74c (size before relaxing)
 .debug_str     0x00001d41      0x3d8 src/asf/avr32/drivers/pm/power_clocks_lib.o
                                0x529 (size before relaxing)
 .debug_str     0x00002119      0x25c src/asf/avr32/drivers/pwma/pwma.o
                                0x375 (size before relaxing)
 .debug_str     0x00002375      0xc6e src/asf/avr32/drivers/scif/scif_uc3l.o
                               0x12af (size before relaxing)
 .debug_str     0x00002fe3       0xa3 src/hexa.o
                                0x5a6 (size before relaxing)
 .debug_str     0x00003086      0x126 c:/program files (x86)/atmel/atmel studio 6.0/extensions/atmel/avrgcc/3.4.0.65/avrtoolchain/bin/../lib/gcc/avr32/4.4.3/ucr3\libgcc.a(_udivdi3.o)
                                0x1db (size before relaxing)

.debug_loc      0x00000000     0x37a2
 *(.debug_loc)
 .debug_loc     0x00000000     0x20c3 src/asf/avr32/drivers/flashcdw/flashcdw.o
 .debug_loc     0x000020c3      0x3f7 src/asf/avr32/drivers/gpio/gpio.o
 .debug_loc     0x000024ba       0x89 src/asf/avr32/drivers/intc/intc.o
 .debug_loc     0x00002543      0x2d0 src/asf/avr32/drivers/pm/pm_uc3l.o
 .debug_loc     0x00002813      0x221 src/asf/avr32/drivers/pm/power_clocks_lib.o
 .debug_loc     0x00002a34       0x8f src/asf/avr32/drivers/pwma/pwma.o
 .debug_loc     0x00002ac3      0x5e7 src/asf/avr32/drivers/scif/scif_uc3l.o
 .debug_loc     0x000030aa       0x1f src/hexa.o
 .debug_loc     0x000030c9      0x6d9 c:/program files (x86)/atmel/atmel studio 6.0/extensions/atmel/avrgcc/3.4.0.65/avrtoolchain/bin/../lib/gcc/avr32/4.4.3/ucr3\libgcc.a(_udivdi3.o)

.debug_macinfo  0x00000000   0x558b1a
 *(.debug_macinfo)
 .debug_macinfo
                0x00000000    0xaa6f5 src/asf/avr32/drivers/flashcdw/flashcdw.o
 .debug_macinfo
                0x000aa6f5    0xaa82e src/asf/avr32/drivers/gpio/gpio.o
 .debug_macinfo
                0x00154f23    0xaa85c src/asf/avr32/drivers/intc/intc.o
 .debug_macinfo
                0x001ff77f    0xaa6a1 src/asf/avr32/drivers/pm/pm_uc3l.o
 .debug_macinfo
                0x002a9e20    0xaad5c src/asf/avr32/drivers/pm/power_clocks_lib.o
 .debug_macinfo
                0x00354b7c    0xaa5aa src/asf/avr32/drivers/pwma/pwma.o
 .debug_macinfo
                0x003ff126    0xaab2c src/asf/avr32/drivers/scif/scif_uc3l.o
 .debug_macinfo
                0x004a9c52    0xaeec8 src/hexa.o

.debug_weaknames
 *(.debug_weaknames)

.debug_funcnames
 *(.debug_funcnames)

.debug_typenames
 *(.debug_typenames)

.debug_varnames
 *(.debug_varnames)

.stack          0x00003000     0x1000
                0x00003000                _stack = .
 *(.stack)
                0x00001000                . = __stack_size__
 *fill*         0x00003000     0x1000 00
                0x00004000                _estack = .

.userpage
 *(.userpage .userpage.*)

/DISCARD/
 *(.note.GNU-stack)
OUTPUT(Hexa.elf elf32-avr32)

.debug_ranges   0x00000000     0x29b8
 .debug_ranges  0x00000000     0x1ea8 src/asf/avr32/drivers/flashcdw/flashcdw.o
 .debug_ranges  0x00001ea8      0x1b0 src/asf/avr32/drivers/gpio/gpio.o
 .debug_ranges  0x00002058       0x30 src/asf/avr32/drivers/intc/intc.o
 .debug_ranges  0x00002088      0x140 src/asf/avr32/drivers/pm/pm_uc3l.o
 .debug_ranges  0x000021c8       0x60 src/asf/avr32/drivers/pm/power_clocks_lib.o
 .debug_ranges  0x00002228       0x30 src/asf/avr32/drivers/pwma/pwma.o
 .debug_ranges  0x00002258      0x658 src/asf/avr32/drivers/scif/scif_uc3l.o
 .debug_ranges  0x000028b0       0x20 src/asf/avr32/utils/startup/startup_uc3.o
 .debug_ranges  0x000028d0       0x18 src/hexa.o
 .debug_ranges  0x000028e8       0xd0 c:/program files (x86)/atmel/atmel studio 6.0/extensions/atmel/avrgcc/3.4.0.65/avrtoolchain/bin/../lib/gcc/avr32/4.4.3/ucr3\libgcc.a(_udivdi3.o)
